<html>
<body>
<pre>
<h1>µVision Build Log</h1>
<h2>Tool Versions:</h2>
IDE-Version: ¦ÌVision V5.39.0.0
Copyright (C) 2023 ARM Ltd and ARM Germany GmbH. All rights reserved.
License Information: 1 2544405535@qq.com, 1, LIC=EXJT4-FFSPD-ARHXW-QW781-D0AQ7-R9NR5
 
Tool Versions:
Toolchain:       MDK-ARM Plus  Version: 5.39.0.0
Toolchain Path:  D:\Keil_V5\ARM\ARMCLANG\Bin
C Compiler:      ArmClang.exe V6.21
Assembler:       Armasm.exe V6.21
Linker/Locator:  ArmLink.exe V6.21
Library Manager: ArmAr.exe V6.21
Hex Converter:   FromElf.exe V6.21
CPU DLL:         SARMCM3.DLL V5.39.0.0
Dialog DLL:      DCM.DLL V1.17.5.0
Target DLL:      CMSIS_AGDI.dll V1.33.16.0
Dialog DLL:      TCM.DLL V1.56.4.0
 
<h2>Project:</h2>
D:\Download\SG_GIMBAL_C_2025_2_7-main (1)\SG_GIMBAL_C_2025_2_7-main\MDK-ARM\SG_GIMBAL_C_2025_2_7.uvprojx
Project File Date:  06/22/2025

<h2>Output:</h2>
*** Using Compiler 'V6.21', folder: 'D:\Keil_V5\ARM\ARMCLANG\Bin'
Build target 'SG_GIMBAL_C_2025_2_7'
assembling startup_stm32f407xx.s...
compiling dma.c...
compiling tim.c...
compiling can.c...
compiling stm32f4xx_it.c...
compiling stm32f4xx_hal_msp.c...
compiling freertos.c...
compiling gpio.c...
compiling stm32f4xx_hal_timebase_tim.c...
compiling main.c...
compiling usart.c...
compiling stm32f4xx_hal_pcd_ex.c...
compiling stm32f4xx_hal_pcd.c...
compiling stm32f4xx_hal_tim_ex.c...
compiling stm32f4xx_hal_flash.c...
compiling stm32f4xx_hal_rcc_ex.c...
compiling stm32f4xx_hal_rcc.c...
compiling stm32f4xx_hal_flash_ramfunc.c...
compiling stm32f4xx_hal_gpio.c...
compiling stm32f4xx_hal_flash_ex.c...
compiling stm32f4xx_hal_pwr.c...
compiling stm32f4xx_ll_usb.c...
compiling stm32f4xx_hal_pwr_ex.c...
compiling stm32f4xx_hal_dma_ex.c...
compiling stm32f4xx_hal_dma.c...
compiling stm32f4xx_hal_cortex.c...
compiling croutine.c...
compiling stm32f4xx_hal.c...
compiling stm32f4xx_hal_exti.c...
compiling system_stm32f4xx.c...
compiling list.c...
compiling event_groups.c...
compiling stm32f4xx_hal_tim.c...
compiling stm32f4xx_hal_can.c...
compiling HAL.cpp...
compiling heap_4.c...
compiling port.c...
compiling stream_buffer.c...
compiling My_HAL.cpp...
compiling timers.c...
compiling queue.c...
compiling stm32f4xx_hal_uart.c...
compiling tasks.c...
compiling cmsis_os2.c...
compiling Init.cpp...
compiling HI12H3_IMU.cpp...
compiling Tools.cpp...
compiling KeyBroad.cpp...
compiling PID.cpp...
compiling usb_device.c...
compiling Dbus.cpp...
compiling Mini.cpp...
compiling Adrc.cpp...
compiling usbd_desc.c...
compiling usbd_cdc_if.c...
compiling usbd_conf.c...
compiling usbd_ioreq.c...
compiling usbd_core.c...
compiling Heat_Detector.cpp...
compiling usbd_ctlreq.c...
compiling usbd_cdc.c...
compiling crc.cpp...
compiling Variable.cpp...
compiling Buzzer.cpp...
compiling LED.cpp...
compiling CallBack.cpp...
compiling CommunicationTask.cpp...
compiling GimbalTask.cpp...
compiling EvenTask.cpp...
compiling RemoteSwitchTask.cpp...
compiling ShootTask.cpp...
compiling DWT.cpp...
linking...
Program Size: Code=56288 RO-data=1340 RW-data=372 ZI-data=32612  
FromELF: creating hex file...
"SG_GIMBAL_C_2025_2_7\SG_GIMBAL_C_2025_2_7.axf" - 0 Error(s), 0 Warning(s).

<h2>Software Packages used:</h2>

Package Vendor: ARM
                http://www.keil.com/pack/ARM.CMSIS.5.9.0.pack
                ARM::CMSIS@5.9.0
                CMSIS (Common Microcontroller Software Interface Standard)
   * Component: CORE Version: 5.6.0

Package Vendor: Keil
                https://www.keil.com/pack/Keil.STM32F4xx_DFP.3.0.0.pack
                Keil::STM32F4xx_DFP@3.0.0
                STMicroelectronics STM32F4 Series Device Support

<h2>Collection of Component include folders:</h2>
  ./RTE/_SG_GIMBAL_C_2025_2_7
  D:/Keil_V5/Pack/ARM/CMSIS/5.9.0/CMSIS/Core/Include

<h2>Collection of Component Files used:</h2>

   * Component: ARM::CMSIS:CORE@5.6.0
      Include file:  CMSIS/Core/Include/tz_context.h
Build Time Elapsed:  00:00:03
</pre>
</body>
</html>
