Component: Arm Compiler for Embedded 6.21 Tool: armlink [5ec1fa00]

==============================================================================

Section Cross References

    startup_stm32f407xx.o(STACK) refers (Special) to heapauxi.o(.text) for __use_two_region_memory
    startup_stm32f407xx.o(HEAP) refers (Special) to heapauxi.o(.text) for __use_two_region_memory
    startup_stm32f407xx.o(RESET) refers (Special) to heapauxi.o(.text) for __use_two_region_memory
    startup_stm32f407xx.o(RESET) refers to startup_stm32f407xx.o(STACK) for __initial_sp
    startup_stm32f407xx.o(RESET) refers to startup_stm32f407xx.o(.text) for Reset_Handler
    startup_stm32f407xx.o(RESET) refers to stm32f4xx_it.o(.text.NMI_Handler) for NMI_Handler
    startup_stm32f407xx.o(RESET) refers to stm32f4xx_it.o(.text.HardFault_Handler) for HardFault_Handler
    startup_stm32f407xx.o(RESET) refers to stm32f4xx_it.o(.text.MemManage_Handler) for MemManage_Handler
    startup_stm32f407xx.o(RESET) refers to stm32f4xx_it.o(.text.BusFault_Handler) for BusFault_Handler
    startup_stm32f407xx.o(RESET) refers to stm32f4xx_it.o(.text.UsageFault_Handler) for UsageFault_Handler
    startup_stm32f407xx.o(RESET) refers to port.o(.text.SVC_Handler) for SVC_Handler
    startup_stm32f407xx.o(RESET) refers to stm32f4xx_it.o(.text.DebugMon_Handler) for DebugMon_Handler
    startup_stm32f407xx.o(RESET) refers to port.o(.text.PendSV_Handler) for PendSV_Handler
    startup_stm32f407xx.o(RESET) refers to cmsis_os2.o(.text.SysTick_Handler) for SysTick_Handler
    startup_stm32f407xx.o(RESET) refers to stm32f4xx_it.o(.text.DMA1_Stream1_IRQHandler) for DMA1_Stream1_IRQHandler
    startup_stm32f407xx.o(RESET) refers to stm32f4xx_it.o(.text.DMA1_Stream3_IRQHandler) for DMA1_Stream3_IRQHandler
    startup_stm32f407xx.o(RESET) refers to stm32f4xx_it.o(.text.CAN1_RX0_IRQHandler) for CAN1_RX0_IRQHandler
    startup_stm32f407xx.o(RESET) refers to stm32f4xx_it.o(.text.CAN1_RX1_IRQHandler) for CAN1_RX1_IRQHandler
    startup_stm32f407xx.o(RESET) refers to stm32f4xx_it.o(.text.USART1_IRQHandler) for USART1_IRQHandler
    startup_stm32f407xx.o(RESET) refers to stm32f4xx_it.o(.text.USART3_IRQHandler) for USART3_IRQHandler
    startup_stm32f407xx.o(RESET) refers to stm32f4xx_it.o(.text.TIM6_DAC_IRQHandler) for TIM6_DAC_IRQHandler
    startup_stm32f407xx.o(RESET) refers to stm32f4xx_it.o(.text.TIM7_IRQHandler) for TIM7_IRQHandler
    startup_stm32f407xx.o(RESET) refers to stm32f4xx_it.o(.text.DMA2_Stream1_IRQHandler) for DMA2_Stream1_IRQHandler
    startup_stm32f407xx.o(RESET) refers to stm32f4xx_it.o(.text.DMA2_Stream2_IRQHandler) for DMA2_Stream2_IRQHandler
    startup_stm32f407xx.o(RESET) refers to stm32f4xx_it.o(.text.CAN2_RX0_IRQHandler) for CAN2_RX0_IRQHandler
    startup_stm32f407xx.o(RESET) refers to stm32f4xx_it.o(.text.CAN2_RX1_IRQHandler) for CAN2_RX1_IRQHandler
    startup_stm32f407xx.o(RESET) refers to stm32f4xx_it.o(.text.OTG_FS_IRQHandler) for OTG_FS_IRQHandler
    startup_stm32f407xx.o(RESET) refers to stm32f4xx_it.o(.text.DMA2_Stream6_IRQHandler) for DMA2_Stream6_IRQHandler
    startup_stm32f407xx.o(RESET) refers to stm32f4xx_it.o(.text.DMA2_Stream7_IRQHandler) for DMA2_Stream7_IRQHandler
    startup_stm32f407xx.o(RESET) refers to stm32f4xx_it.o(.text.USART6_IRQHandler) for USART6_IRQHandler
    startup_stm32f407xx.o(.text) refers (Special) to heapauxi.o(.text) for __use_two_region_memory
    startup_stm32f407xx.o(.text) refers to system_stm32f4xx.o(.text.SystemInit) for SystemInit
    startup_stm32f407xx.o(.text) refers to __main.o(!!!main) for __main
    startup_stm32f407xx.o(.text) refers to startup_stm32f407xx.o(HEAP) for Heap_Mem
    startup_stm32f407xx.o(.text) refers to startup_stm32f407xx.o(STACK) for Stack_Mem
    main.o(.text.main) refers to stm32f4xx_hal.o(.text.HAL_Init) for HAL_Init
    main.o(.text.main) refers to main.o(.text.SystemClock_Config) for SystemClock_Config
    main.o(.text.main) refers to gpio.o(.text.MX_GPIO_Init) for MX_GPIO_Init
    main.o(.text.main) refers to dma.o(.text.MX_DMA_Init) for MX_DMA_Init
    main.o(.text.main) refers to can.o(.text.MX_CAN1_Init) for MX_CAN1_Init
    main.o(.text.main) refers to can.o(.text.MX_CAN2_Init) for MX_CAN2_Init
    main.o(.text.main) refers to usart.o(.text.MX_USART1_UART_Init) for MX_USART1_UART_Init
    main.o(.text.main) refers to usart.o(.text.MX_USART3_UART_Init) for MX_USART3_UART_Init
    main.o(.text.main) refers to usart.o(.text.MX_USART6_UART_Init) for MX_USART6_UART_Init
    main.o(.text.main) refers to tim.o(.text.MX_TIM4_Init) for MX_TIM4_Init
    main.o(.text.main) refers to tim.o(.text.MX_TIM5_Init) for MX_TIM5_Init
    main.o(.text.main) refers to tim.o(.text.MX_TIM7_Init) for MX_TIM7_Init
    main.o(.text.main) refers to init.o(.text.Init) for Init
    main.o(.text.main) refers to cmsis_os2.o(.text.osKernelInitialize) for osKernelInitialize
    main.o(.text.main) refers to freertos.o(.text.MX_FREERTOS_Init) for MX_FREERTOS_Init
[...]
    0x08000ebc   0x08000ebc   0x00000242   Code   RO         1158    .text.HAL_CAN_IRQHandler  stm32f4xx_hal_can.o
    0x080010fe   0x080010fe   0x00000002   PAD
    0x08001100   0x08001100   0x000000ea   Code   RO         1120    .text.HAL_CAN_Init  stm32f4xx_hal_can.o
    0x080011ea   0x080011ea   0x00000002   PAD
    0x080011ec   0x080011ec   0x0000014e   Code   RO           64    .text.HAL_CAN_MspInit  can.o
    0x0800133a   0x0800133a   0x00000002   PAD
    0x0800133c   0x0800133c   0x00000002   Code   RO         1172    .text.HAL_CAN_RxFifo0FullCallback  stm32f4xx_hal_can.o
    0x0800133e   0x0800133e   0x00000002   PAD
    0x08001340   0x08001340   0x00000144   Code   RO         2326    .text.HAL_CAN_RxFifo0MsgPendingCallback  callback.o
    0x08001484   0x08001484   0x00000002   Code   RO         1176    .text.HAL_CAN_RxFifo1FullCallback  stm32f4xx_hal_can.o
    0x08001486   0x08001486   0x00000002   PAD
    0x08001488   0x08001488   0x000000a8   Code   RO         2328    .text.HAL_CAN_RxFifo1MsgPendingCallback  callback.o
    0x08001530   0x08001530   0x00000002   Code   RO         1180    .text.HAL_CAN_SleepCallback  stm32f4xx_hal_can.o
    0x08001532   0x08001532   0x00000002   PAD
    0x08001534   0x08001534   0x00000054   Code   RO         1132    .text.HAL_CAN_Start  stm32f4xx_hal_can.o
    0x08001588   0x08001588   0x00000002   Code   RO         1162    .text.HAL_CAN_TxMailbox0AbortCallback  stm32f4xx_hal_can.o
    0x0800158a   0x0800158a   0x00000002   PAD
    0x0800158c   0x0800158c   0x00000002   Code   RO         1160    .text.HAL_CAN_TxMailbox0CompleteCallback  stm32f4xx_hal_can.o
    0x0800158e   0x0800158e   0x00000002   PAD
    0x08001590   0x08001590   0x00000002   Code   RO         1166    .text.HAL_CAN_TxMailbox1AbortCallback  stm32f4xx_hal_can.o
    0x08001592   0x08001592   0x00000002   PAD
    0x08001594   0x08001594   0x00000002   Code   RO         1164    .text.HAL_CAN_TxMailbox1CompleteCallback  stm32f4xx_hal_can.o
    0x08001596   0x08001596   0x00000002   PAD
    0x08001598   0x08001598   0x00000002   Code   RO         1170    .text.HAL_CAN_TxMailbox2AbortCallback  stm32f4xx_hal_can.o
    0x0800159a   0x0800159a   0x00000002   PAD
    0x0800159c   0x0800159c   0x00000002   Code   RO         1168    .text.HAL_CAN_TxMailbox2CompleteCallback  stm32f4xx_hal_can.o
    0x0800159e   0x0800159e   0x00000002   PAD
    0x080015a0   0x080015a0   0x00000002   Code   RO         1182    .text.HAL_CAN_WakeUpFromRxMsgCallback  stm32f4xx_hal_can.o
    0x080015a2   0x080015a2   0x00000002   PAD
    0x080015a4   0x080015a4   0x00000076   Code   RO          890    .text.HAL_DMA_Abort  stm32f4xx_hal_dma.o
    0x0800161a   0x0800161a   0x00000002   PAD
    0x0800161c   0x0800161c   0x00000020   Code   RO          892    .text.HAL_DMA_Abort_IT  stm32f4xx_hal_dma.o
    0x0800163c   0x0800163c   0x0000017a   Code   RO          896    .text.HAL_DMA_IRQHandler  stm32f4xx_hal_dma.o
    0x080017b6   0x080017b6   0x00000002   PAD
    0x080017b8   0x080017b8   0x00000138   Code   RO          882    .text.HAL_DMA_Init  stm32f4xx_hal_dma.o
    0x080018f0   0x080018f0   0x0000009e   Code   RO          888    .text.HAL_DMA_Start_IT  stm32f4xx_hal_dma.o
    0x0800198e   0x0800198e   0x00000002   PAD
    0x08001990   0x08001990   0x00000028   Code   RO         1049    .text.HAL_Delay     stm32f4xx_hal.o
    0x080019b8   0x080019b8   0x00000198   Code   RO          844    .text.HAL_GPIO_Init  stm32f4xx_hal_gpio.o
    0x08001b50   0x08001b50   0x0000000c   Code   RO         1041    .text.HAL_GetTick   stm32f4xx_hal.o
    0x08001b5c   0x08001b5c   0x0000001a   Code   RO         1039    .text.HAL_IncTick   stm32f4xx_hal.o
    0x08001b76   0x08001b76   0x00000002   PAD
    0x08001b78   0x08001b78   0x00000036   Code   RO         1029    .text.HAL_Init      stm32f4xx_hal.o
    0x08001bae   0x08001bae   0x00000002   PAD
    0x08001bb0   0x08001bb0   0x000000b0   Code   RO          202    .text.HAL_InitTick  stm32f4xx_hal_timebase_tim.o
    0x08001c60   0x08001c60   0x00000042   Code   RO          193    .text.HAL_MspInit   stm32f4xx_hal_msp.o
    0x08001ca2   0x08001ca2   0x00000002   PAD
    0x08001ca4   0x08001ca4   0x00000020   Code   RO          981    .text.HAL_NVIC_EnableIRQ  stm32f4xx_hal_cortex.o
    0x08001cc4   0x08001cc4   0x00000056   Code   RO          979    .text.HAL_NVIC_SetPriority  stm32f4xx_hal_cortex.o
    0x08001d1a   0x08001d1a   0x00000002   PAD
    0x08001d1c   0x08001d1c   0x00000020   Code   RO          977    .text.HAL_NVIC_SetPriorityGrouping  stm32f4xx_hal_cortex.o
    0x08001d3c   0x08001d3c   0x00000002   Code   RO          618    .text.HAL_PCDEx_LPM_Callback  stm32f4xx_hal_pcd_ex.o
    0x08001d3e   0x08001d3e   0x00000002   PAD
    0x08001d40   0x08001d40   0x00000008   Code   RO          616    .text.HAL_PCDEx_SetRxFiFo  stm32f4xx_hal_pcd_ex.o
    0x08001d48   0x08001d48   0x0000004e   Code   RO          614    .text.HAL_PCDEx_SetTxFiFo  stm32f4xx_hal_pcd_ex.o
    0x08001d96   0x08001d96   0x00000002   PAD
    0x08001d98   0x08001d98   0x00000008   Code   RO         2617    .text.HAL_PCD_ConnectCallback  usbd_conf.o
    0x08001da0   0x08001da0   0x00000014   Code   RO         2603    .text.HAL_PCD_DataInStageCallback  usbd_conf.o
    0x08001db4   0x08001db4   0x00000016   Code   RO         2601    .text.HAL_PCD_DataOutStageCallback  usbd_conf.o
    0x08001dca   0x08001dca   0x00000002   PAD
    0x08001dcc   0x08001dcc   0x00000008   Code   RO         2619    .text.HAL_PCD_DisconnectCallback  usbd_conf.o
    0x08001dd4   0x08001dd4   0x0000004e   Code   RO          584    .text.HAL_PCD_EP_Close  stm32f4xx_hal_pcd.o
    0x08001e22   0x08001e22   0x00000002   PAD
    0x08001e24   0x08001e24   0x00000064   Code   RO          594    .text.HAL_PCD_EP_ClrStall  stm32f4xx_hal_pcd.o
    0x08001e88   0x08001e88   0x00000012   Code   RO          588    .text.HAL_PCD_EP_GetRxCount  stm32f4xx_hal_pcd.o
    0x08001e9a   0x08001e9a   0x00000002   PAD
    0x08001e9c   0x08001e9c   0x0000006c   Code   RO          582    .text.HAL_PCD_EP_Open  stm32f4xx_hal_pcd.o
    0x08001f08   0x08001f08   0x00000044   Code   RO          586    .text.HAL_PCD_EP_Receive  stm32f4xx_hal_pcd.o
    0x08001f4c   0x08001f4c   0x00000070   Code   RO          592    .text.HAL_PCD_EP_SetStall  stm32f4xx_hal_pcd.o
    0x08001fbc   0x08001fbc   0x00000042   Code   RO          590    .text.HAL_PCD_EP_Transmit  stm32f4xx_hal_pcd.o
    0x08001ffe   0x08001ffe   0x00000002   PAD
    0x08002000   0x08002000   0x000007c6   Code   RO          548    .text.HAL_PCD_IRQHandler  stm32f4xx_hal_pcd.o
    0x080027c6   0x080027c6   0x00000002   PAD
    0x080027c8   0x080027c8   0x00000008   Code   RO         2615    .text.HAL_PCD_ISOINIncompleteCallback  usbd_conf.o
    0x080027d0   0x080027d0   0x00000008   Code   RO         2613    .text.HAL_PCD_ISOOUTIncompleteCallback  usbd_conf.o
    0x080027d8   0x080027d8   0x000000d2   Code   RO          536    .text.HAL_PCD_Init  stm32f4xx_hal_pcd.o
    0x080028aa   0x080028aa   0x00000002   PAD
    0x080028ac   0x080028ac   0x00000088   Code   RO         2595    .text.HAL_PCD_MspInit  usbd_conf.o
    0x08002934   0x08002934   0x00000026   Code   RO         2607    .text.HAL_PCD_ResetCallback  usbd_conf.o
    0x0800295a   0x0800295a   0x00000002   PAD
    0x0800295c   0x0800295c   0x00000008   Code   RO         2611    .text.HAL_PCD_ResumeCallback  usbd_conf.o
    0x08002964   0x08002964   0x00000008   Code   RO         2605    .text.HAL_PCD_SOFCallback  usbd_conf.o
    0x0800296c   0x0800296c   0x00000026   Code   RO          580    .text.HAL_PCD_SetAddress  stm32f4xx_hal_pcd.o
    0x08002992   0x08002992   0x00000002   PAD
    0x08002994   0x08002994   0x0000000e   Code   RO         2599    .text.HAL_PCD_SetupStageCallback  usbd_conf.o
    0x080029a2   0x080029a2   0x00000002   PAD
    0x080029a4   0x080029a4   0x0000003e   Code   RO          544    .text.HAL_PCD_Start  stm32f4xx_hal_pcd.o
    0x080029e2   0x080029e2   0x00000002   PAD
    0x080029e4   0x080029e4   0x00000034   Code   RO         2609    .text.HAL_PCD_SuspendCallback  usbd_conf.o
    0x08002a18   0x08002a18   0x00000160   Code   RO          738    .text.HAL_RCC_ClockConfig  stm32f4xx_hal_rcc.o
    0x08002b78   0x08002b78   0x0000003e   Code   RO          756    .text.HAL_RCC_GetClockConfig  stm32f4xx_hal_rcc.o
    0x08002bb6   0x08002bb6   0x00000002   PAD
    0x08002bb8   0x08002bb8   0x0000000c   Code   RO          748    .text.HAL_RCC_GetHCLKFreq  stm32f4xx_hal_rcc.o
    0x08002bc4   0x08002bc4   0x00000026   Code   RO          750    .text.HAL_RCC_GetPCLK1Freq  stm32f4xx_hal_rcc.o
    0x08002bea   0x08002bea   0x00000002   PAD
    0x08002bec   0x08002bec   0x00000026   Code   RO          752    .text.HAL_RCC_GetPCLK2Freq  stm32f4xx_hal_rcc.o
    0x08002c12   0x08002c12   0x00000002   PAD
    0x08002c14   0x08002c14   0x00000068   Code   RO          740    .text.HAL_RCC_GetSysClockFreq  stm32f4xx_hal_rcc.o
    0x08002c7c   0x08002c7c   0x00000354   Code   RO          736    .text.HAL_RCC_OscConfig  stm32f4xx_hal_rcc.o
    0x08002fd0   0x08002fd0   0x00000002   Code   RO          522    .text.HAL_TIMEx_BreakCallback  stm32f4xx_hal_tim_ex.o
    0x08002fd2   0x08002fd2   0x00000002   PAD
    0x08002fd4   0x08002fd4   0x00000002   Code   RO          518    .text.HAL_TIMEx_CommutCallback  stm32f4xx_hal_tim_ex.o
    0x08002fd6   0x08002fd6   0x00000002   PAD
    0x08002fd8   0x08002fd8   0x000000b2   Code   RO          512    .text.HAL_TIMEx_MasterConfigSynchronization  stm32f4xx_hal_tim_ex.o
    0x0800308a   0x0800308a   0x00000002   PAD
    0x0800308c   0x0800308c   0x00000040   Code   RO          217    .text.HAL_TIM_Base_Init  stm32f4xx_hal_tim.o
    0x080030cc   0x080030cc   0x00000074   Code   RO           98    .text.HAL_TIM_Base_MspInit  tim.o
    0x08003140   0x08003140   0x0000009c   Code   RO          227    .text.HAL_TIM_Base_Start  stm32f4xx_hal_tim.o
    0x080031dc   0x080031dc   0x000000a4   Code   RO          231    .text.HAL_TIM_Base_Start_IT  stm32f4xx_hal_tim.o
    0x08003280   0x08003280   0x00000196   Code   RO          397    .text.HAL_TIM_ConfigClockSource  stm32f4xx_hal_tim.o
    0x08003416   0x08003416   0x00000002   PAD
    0x08003418   0x08003418   0x00000002   Code   RO          353    .text.HAL_TIM_IC_CaptureCallback  stm32f4xx_hal_tim.o
    0x0800341a   0x0800341a   0x00000002   PAD
    0x0800341c   0x0800341c   0x0000014a   Code   RO          351    .text.HAL_TIM_IRQHandler  stm32f4xx_hal_tim.o
    0x08003566   0x08003566   0x00000002   PAD
    0x08003568   0x08003568   0x0000009e   Code   RO           90    .text.HAL_TIM_MspPostInit  tim.o
    0x08003606   0x08003606   0x00000002   PAD
    0x08003608   0x08003608   0x00000002   Code   RO          355    .text.HAL_TIM_OC_DelayElapsedCallback  stm32f4xx_hal_tim.o
    0x0800360a   0x0800360a   0x00000002   PAD
    0x0800360c   0x0800360c   0x00000210   Code   RO          371    .text.HAL_TIM_PWM_ConfigChannel  stm32f4xx_hal_tim.o
    0x0800381c   0x0800381c   0x00000040   Code   RO          271    .text.HAL_TIM_PWM_Init  stm32f4xx_hal_tim.o
    0x0800385c   0x0800385c   0x00000034   Code   RO           96    .text.HAL_TIM_PWM_MspInit  tim.o
    0x08003890   0x08003890   0x00000002   Code   RO          357    .text.HAL_TIM_PWM_PulseFinishedCallback  stm32f4xx_hal_tim.o
    0x08003892   0x08003892   0x00000002   PAD
    0x08003894   0x08003894   0x00000124   Code   RO          279    .text.HAL_TIM_PWM_Start  stm32f4xx_hal_tim.o
    0x080039b8   0x080039b8   0x00000014   Code   RO           17    .text.HAL_TIM_PeriodElapsedCallback  main.o
    0x080039cc   0x080039cc   0x00000002   Code   RO          361    .text.HAL_TIM_TriggerCallback  stm32f4xx_hal_tim.o
    0x080039ce   0x080039ce   0x00000002   PAD
    0x080039d0   0x080039d0   0x000000e8   Code   RO         1248    .text.HAL_UARTEx_ReceiveToIdle_DMA  stm32f4xx_hal_uart.o
    0x08003ab8   0x08003ab8   0x00000056   Code   RO         2330    .text.HAL_UARTEx_RxEventCallback  callback.o
    0x08003b0e   0x08003b0e   0x00000002   PAD
    0x08003b10   0x08003b10   0x00000002   Code   RO         1284    .text.HAL_UART_ErrorCallback  stm32f4xx_hal_uart.o
    0x08003b12   0x08003b12   0x00000002   PAD
    0x08003b14   0x08003b14   0x000002f6   Code   RO         1278    .text.HAL_UART_IRQHandler  stm32f4xx_hal_uart.o
    0x08003e0a   0x08003e0a   0x00000002   PAD
    0x08003e0c   0x08003e0c   0x00000056   Code   RO         1200    .text.HAL_UART_Init  stm32f4xx_hal_uart.o
    0x08003e62   0x08003e62   0x00000002   PAD
    0x08003e64   0x08003e64   0x00000302   Code   RO          121    .text.HAL_UART_MspInit  usart.o
    0x08004166   0x08004166   0x00000002   PAD
    0x08004168   0x08004168   0x000000b2   Code   RO         1234    .text.HAL_UART_Receive_DMA  stm32f4xx_hal_uart.o
    0x0800421a   0x0800421a   0x00000002   PAD
    0x0800421c   0x0800421c   0x00000002   Code   RO         1292    .text.HAL_UART_RxCpltCallback  stm32f4xx_hal_uart.o
    0x0800421e   0x0800421e   0x00000002   PAD
    0x08004220   0x08004220   0x00000002   Code   RO         1294    .text.HAL_UART_RxHalfCpltCallback  stm32f4xx_hal_uart.o
    0x08004222   0x08004222   0x00000002   PAD
    0x08004224   0x08004224   0x00000078   Code   RO         1226    .text.HAL_UART_Transmit_DMA  stm32f4xx_hal_uart.o
    0x0800429c   0x0800429c   0x00000002   Code   RO         1288    .text.HAL_UART_TxCpltCallback  stm32f4xx_hal_uart.o
    0x0800429e   0x0800429e   0x00000002   PAD
    0x080042a0   0x080042a0   0x00000002   Code   RO         1290    .text.HAL_UART_TxHalfCpltCallback  stm32f4xx_hal_uart.o
    0x080042a2   0x080042a2   0x00000002   PAD
    0x080042a4   0x080042a4   0x00000002   Code   RO          144    .text.HardFault_Handler  stm32f4xx_it.o
    0x080042a6   0x080042a6   0x00000002   PAD
    0x080042a8   0x080042a8   0x000000d6   Code   RO         1968    .text.Init          init.o
    0x0800437e   0x0800437e   0x00000002   PAD
    0x08004380   0x08004380   0x00000048   Code   RO           60    .text.MX_CAN1_Init  can.o
    0x080043c8   0x080043c8   0x00000048   Code   RO           62    .text.MX_CAN2_Init  can.o
    0x08004410   0x08004410   0x0000009c   Code   RO           79    .text.MX_DMA_Init   dma.o
    0x080044ac   0x080044ac   0x000000c4   Code   RO           36    .text.MX_FREERTOS_Init  freertos.o
    0x08004570   0x08004570   0x00000088   Code   RO           28    .text.MX_GPIO_Init  gpio.o
    0x080045f8   0x080045f8   0x00000092   Code   RO           88    .text.MX_TIM4_Init  tim.o
    0x0800468a   0x0800468a   0x00000002   PAD
    0x0800468c   0x0800468c   0x000000fe   Code   RO           92    .text.MX_TIM5_Init  tim.o
    0x0800478a   0x0800478a   0x00000002   PAD
    0x0800478c   0x0800478c   0x00000052   Code   RO           94    .text.MX_TIM7_Init  tim.o
    0x080047de   0x080047de   0x00000002   PAD
    0x080047e0   0x080047e0   0x0000003c   Code   RO          115    .text.MX_USART1_UART_Init  usart.o
    0x0800481c   0x0800481c   0x00000048   Code   RO          117    .text.MX_USART3_UART_Init  usart.o
    0x08004864   0x08004864   0x0000003c   Code   RO          119    .text.MX_USART6_UART_Init  usart.o
    0x080048a0   0x080048a0   0x00000072   Code   RO         2536    .text.MX_USB_DEVICE_Init  usb_device.o
    0x08004912   0x08004912   0x00000002   PAD
    0x08004914   0x08004914   0x00000002   Code   RO          146    .text.MemManage_Handler  stm32f4xx_it.o
    0x08004916   0x08004916   0x00000002   PAD
    0x08004918   0x08004918   0x00000002   Code   RO          142    .text.NMI_Handler   stm32f4xx_it.o
    0x0800491a   0x0800491a   0x00000002   PAD
    0x0800491c   0x0800491c   0x0000000c   Code   RO          178    .text.OTG_FS_IRQHandler  stm32f4xx_it.o
    0x08004928   0x08004928   0x00000008   PAD
    0x08004930   0x08004930   0x00000064   Code   RO         1922    .text.PendSV_Handler  port.o
    0x08004994   0x08004994   0x000000d2   Code   RO         2472    .text.RemoteSwitchTask  remoteswitchtask.o
    0x08004a66   0x08004a66   0x0000000a   PAD
    0x08004a70   0x08004a70   0x00000024   Code   RO         1906    .text.SVC_Handler   port.o
    0x08004a94   0x08004a94   0x00000004   PAD
    0x08004a98   0x08004a98   0x00000068   Code   RO         2426    .text.ShootTask     shoottask.o
    0x08004b00   0x08004b00   0x0000000c   Code   RO           38    .text.StartDefaultTask  freertos.o
    0x08004b0c   0x08004b0c   0x0000001e   Code   RO         1711    .text.SysTick_Handler  cmsis_os2.o
    0x08004b2a   0x08004b2a   0x00000002   PAD
    0x08004b2c   0x08004b2c   0x000000aa   Code   RO           13    .text.SystemClock_Config  main.o
    0x08004bd6   0x08004bd6   0x00000002   PAD
    0x08004bd8   0x08004bd8   0x00000012   Code   RO         1322    .text.SystemInit    system_stm32f4xx.o
    0x08004bea   0x08004bea   0x00000002   PAD
    0x08004bec   0x08004bec   0x0000000c   Code   RO          166    .text.TIM6_DAC_IRQHandler  stm32f4xx_it.o
    0x08004bf8   0x08004bf8   0x0000000c   Code   RO          168    .text.TIM7_IRQHandler  stm32f4xx_it.o
    0x08004c04   0x08004c04   0x00000134   Code   RO          221    .text.TIM_Base_SetConfig  stm32f4xx_hal_tim.o
    0x08004d38   0x08004d38   0x0000000c   Code   RO         1282    .text.UART_DMAAbortOnError  stm32f4xx_hal_uart.o
    0x08004d44   0x08004d44   0x0000009c   Code   RO         1232    .text.UART_DMAError  stm32f4xx_hal_uart.o
    0x08004de0   0x08004de0   0x00000080   Code   RO         1310    .text.UART_DMAReceiveCplt  stm32f4xx_hal_uart.o
    0x08004e60   0x08004e60   0x00000018   Code   RO         1312    .text.UART_DMARxHalfCplt  stm32f4xx_hal_uart.o
    0x08004e78   0x08004e78   0x0000003e   Code   RO         1228    .text.UART_DMATransmitCplt  stm32f4xx_hal_uart.o
    0x08004eb6   0x08004eb6   0x00000002   PAD
    0x08004eb8   0x08004eb8   0x00000006   Code   RO         1230    .text.UART_DMATxHalfCplt  stm32f4xx_hal_uart.o
    0x08004ebe   0x08004ebe   0x00000002   PAD
    0x08004ec0   0x08004ec0   0x000000ba   Code   RO         1280    .text.UART_Receive_IT  stm32f4xx_hal_uart.o
    0x08004f7a   0x08004f7a   0x00000002   PAD
    0x08004f7c   0x08004f7c   0x000000e8   Code   RO         1204    .text.UART_SetConfig  stm32f4xx_hal_uart.o
    0x08005064   0x08005064   0x0000000c   Code   RO          162    .text.USART1_IRQHandler  stm32f4xx_it.o
    0x08005070   0x08005070   0x0000000c   Code   RO          164    .text.USART3_IRQHandler  stm32f4xx_it.o
    0x0800507c   0x0800507c   0x0000000c   Code   RO          184    .text.USART6_IRQHandler  stm32f4xx_it.o
    0x08005088   0x08005088   0x00000078   Code   RO         2775    .text.USBD_CDC_DataIn  usbd_cdc.o
    0x08005100   0x08005100   0x0000003c   Code   RO         2777    .text.USBD_CDC_DataOut  usbd_cdc.o
    0x0800513c   0x0800513c   0x0000005a   Code   RO         2769    .text.USBD_CDC_DeInit  usbd_cdc.o
    0x08005196   0x08005196   0x00000002   PAD
    0x08005198   0x08005198   0x00000036   Code   RO         2773    .text.USBD_CDC_EP0_RxReady  usbd_cdc.o
    0x080051ce   0x080051ce   0x00000002   PAD
    0x080051d0   0x080051d0   0x00000010   Code   RO         2785    .text.USBD_CDC_GetDeviceQualifierDescriptor  usbd_cdc.o
    0x080051e0   0x080051e0   0x00000052   Code   RO         2781    .text.USBD_CDC_GetFSCfgDesc  usbd_cdc.o
    0x08005232   0x08005232   0x00000002   PAD
    0x08005234   0x08005234   0x00000056   Code   RO         2779    .text.USBD_CDC_GetHSCfgDesc  usbd_cdc.o
    0x0800528a   0x0800528a   0x00000002   PAD
    0x0800528c   0x0800528c   0x00000052   Code   RO         2783    .text.USBD_CDC_GetOtherSpeedCfgDesc  usbd_cdc.o
    0x080052de   0x080052de   0x00000002   PAD
    0x080052e0   0x080052e0   0x000000c8   Code   RO         2767    .text.USBD_CDC_Init  usbd_cdc.o
    0x080053a8   0x080053a8   0x00000034   Code   RO         2795    .text.USBD_CDC_ReceivePacket  usbd_cdc.o
    0x080053dc   0x080053dc   0x00000018   Code   RO         2787    .text.USBD_CDC_RegisterInterface  usbd_cdc.o
    0x080053f4   0x080053f4   0x0000001a   Code   RO         2791    .text.USBD_CDC_SetRxBuffer  usbd_cdc.o
    0x0800540e   0x0800540e   0x00000002   PAD
    0x08005410   0x08005410   0x0000001e   Code   RO         2789    .text.USBD_CDC_SetTxBuffer  usbd_cdc.o
    0x0800542e   0x0800542e   0x00000002   PAD
    0x08005430   0x08005430   0x000000da   Code   RO         2771    .text.USBD_CDC_Setup  usbd_cdc.o
    0x0800550a   0x0800550a   0x00000002   PAD
    0x0800550c   0x0800550c   0x00000044   Code   RO         2793    .text.USBD_CDC_TransmitPacket  usbd_cdc.o
    0x08005550   0x08005550   0x00000012   Code   RO         2682    .text.USBD_ClrClassConfig  usbd_core.o
    0x08005562   0x08005562   0x00000002   PAD
    0x08005564   0x08005564   0x00000004   Code   RO         2690    .text.USBD_CoreFindEP  usbd_core.o
    0x08005568   0x08005568   0x00000004   Code   RO         2688    .text.USBD_CoreFindIF  usbd_core.o
    0x0800556c   0x0800556c   0x00000010   Code   RO         2751    .text.USBD_CtlContinueRx  usbd_ioreq.o
    0x0800557c   0x0800557c   0x00000010   Code   RO         2747    .text.USBD_CtlContinueSendData  usbd_ioreq.o
    0x0800558c   0x0800558c   0x00000016   Code   RO         2726    .text.USBD_CtlError  usbd_ctlreq.o
    0x080055a2   0x080055a2   0x00000002   PAD
    0x080055a4   0x080055a4   0x0000001a   Code   RO         2749    .text.USBD_CtlPrepareRx  usbd_ioreq.o
    0x080055be   0x080055be   0x00000002   PAD
    0x080055c0   0x080055c0   0x00000016   Code   RO         2755    .text.USBD_CtlReceiveStatus  usbd_ioreq.o
    0x080055d6   0x080055d6   0x00000002   PAD
    0x080055d8   0x080055d8   0x0000001a   Code   RO         2745    .text.USBD_CtlSendData  usbd_ioreq.o
    0x080055f2   0x080055f2   0x00000002   PAD
    0x080055f4   0x080055f4   0x00000016   Code   RO         2753    .text.USBD_CtlSendStatus  usbd_ioreq.o
    0x0800560a   0x0800560a   0x00000002   PAD
    0x0800560c   0x0800560c   0x00000024   Code   RO         2555    .text.USBD_FS_ConfigStrDescriptor  usbd_desc.o
    0x08005630   0x08005630   0x0000000e   Code   RO         2545    .text.USBD_FS_DeviceDescriptor  usbd_desc.o
    0x0800563e   0x0800563e   0x00000002   PAD
    0x08005640   0x08005640   0x00000028   Code   RO         2557    .text.USBD_FS_InterfaceStrDescriptor  usbd_desc.o
    0x08005668   0x08005668   0x0000000e   Code   RO         2547    .text.USBD_FS_LangIDStrDescriptor  usbd_desc.o
    0x08005676   0x08005676   0x00000002   PAD
    0x08005678   0x08005678   0x0000002c   Code   RO         2549    .text.USBD_FS_ManufacturerStrDescriptor  usbd_desc.o
    0x080056a4   0x080056a4   0x00000030   Code   RO         2551    .text.USBD_FS_ProductStrDescriptor  usbd_desc.o
    0x080056d4   0x080056d4   0x00000088   Code   RO         2553    .text.USBD_FS_SerialStrDescriptor  usbd_desc.o
    0x0800575c   0x0800575c   0x00000036   Code   RO         2712    .text.USBD_GetEpDesc  usbd_core.o
    0x08005792   0x08005792   0x00000002   PAD
    0x08005794   0x08005794   0x0000007e   Code   RO         2734    .text.USBD_GetString  usbd_ctlreq.o
    0x08005812   0x08005812   0x00000002   PAD
    0x08005814   0x08005814   0x0000002a   Code   RO         2668    .text.USBD_Init     usbd_core.o
    0x0800583e   0x0800583e   0x00000002   PAD
    0x08005840   0x08005840   0x0000001e   Code   RO         2639    .text.USBD_LL_ClearStallEP  usbd_conf.o
    0x0800585e   0x0800585e   0x00000002   PAD
    0x08005860   0x08005860   0x0000001e   Code   RO         2633    .text.USBD_LL_CloseEP  usbd_conf.o
    0x0800587e   0x0800587e   0x00000002   PAD
    0x08005880   0x08005880   0x000000b4   Code   RO         2692    .text.USBD_LL_DataInStage  usbd_core.o
    0x08005934   0x08005934   0x0000007a   Code   RO         2686    .text.USBD_LL_DataOutStage  usbd_core.o
    0x080059ae   0x080059ae   0x00000002   PAD
    0x080059b0   0x080059b0   0x00000004   Code   RO         2708    .text.USBD_LL_DevConnected  usbd_core.o
    0x080059b4   0x080059b4   0x00000022   Code   RO         2710    .text.USBD_LL_DevDisconnected  usbd_core.o
    0x080059d6   0x080059d6   0x00000002   PAD
    0x080059d8   0x080059d8   0x00000008   Code   RO         2649    .text.USBD_LL_GetRxDataSize  usbd_conf.o
    0x080059e0   0x080059e0   0x0000006e   Code   RO         2621    .text.USBD_LL_Init  usbd_conf.o
    0x08005a4e   0x08005a4e   0x00000002   PAD
    0x08005a50   0x08005a50   0x00000022   Code   RO         2641    .text.USBD_LL_IsStallEP  usbd_conf.o
    0x08005a72   0x08005a72   0x00000002   PAD
    0x08005a74   0x08005a74   0x0000002c   Code   RO         2704    .text.USBD_LL_IsoINIncomplete  usbd_core.o
    0x08005aa0   0x08005aa0   0x0000002c   Code   RO         2706    .text.USBD_LL_IsoOUTIncomplete  usbd_core.o
    0x08005acc   0x08005acc   0x00000024   Code   RO         2631    .text.USBD_LL_OpenEP  usbd_conf.o
    0x08005af0   0x08005af0   0x0000001e   Code   RO         2647    .text.USBD_LL_PrepareReceive  usbd_conf.o
    0x08005b0e   0x08005b0e   0x00000002   PAD
    0x08005b10   0x08005b10   0x00000060   Code   RO         2694    .text.USBD_LL_Reset  usbd_core.o
    0x08005b70   0x08005b70   0x00000014   Code   RO         2700    .text.USBD_LL_Resume  usbd_core.o
    0x08005b84   0x08005b84   0x0000001e   Code   RO         2702    .text.USBD_LL_SOF   usbd_core.o
    0x08005ba2   0x08005ba2   0x00000002   PAD
    0x08005ba4   0x08005ba4   0x00000008   Code   RO         2696    .text.USBD_LL_SetSpeed  usbd_core.o
    0x08005bac   0x08005bac   0x0000001e   Code   RO         2643    .text.USBD_LL_SetUSBAddress  usbd_conf.o
    0x08005bca   0x08005bca   0x00000002   PAD
    0x08005bcc   0x08005bcc   0x00000060   Code   RO         2684    .text.USBD_LL_SetupStage  usbd_core.o
    0x08005c2c   0x08005c2c   0x0000001e   Code   RO         2637    .text.USBD_LL_StallEP  usbd_conf.o
    0x08005c4a   0x08005c4a   0x00000002   PAD
    0x08005c4c   0x08005c4c   0x0000001e   Code   RO         2627    .text.USBD_LL_Start  usbd_conf.o
    0x08005c6a   0x08005c6a   0x00000002   PAD
    0x08005c6c   0x08005c6c   0x0000001c   Code   RO         2698    .text.USBD_LL_Suspend  usbd_core.o
    0x08005c88   0x08005c88   0x0000001e   Code   RO         2645    .text.USBD_LL_Transmit  usbd_conf.o
    0x08005ca6   0x08005ca6   0x00000002   PAD
    0x08005ca8   0x08005ca8   0x00000016   Code   RO         2732    .text.USBD_ParseSetupRequest  usbd_ctlreq.o
    0x08005cbe   0x08005cbe   0x00000002   PAD
    0x08005cc0   0x08005cc0   0x00000042   Code   RO         2672    .text.USBD_RegisterClass  usbd_core.o
    0x08005d02   0x08005d02   0x00000002   PAD
    0x08005d04   0x08005d04   0x00000014   Code   RO         2680    .text.USBD_SetClassConfig  usbd_core.o
    0x08005d18   0x08005d18   0x00000004   Code   RO         2674    .text.USBD_Start    usbd_core.o
    0x08005d1c   0x08005d1c   0x0000032c   Code   RO         2724    .text.USBD_StdDevReq  usbd_ctlreq.o
    0x08006048   0x08006048   0x00000154   Code   RO         2730    .text.USBD_StdEPReq  usbd_ctlreq.o
    0x0800619c   0x0800619c   0x00000078   Code   RO         2728    .text.USBD_StdItfReq  usbd_ctlreq.o
    0x08006214   0x08006214   0x00000002   Code   RO         2653    .text.USBD_static_free  usbd_conf.o
    0x08006216   0x08006216   0x00000002   PAD
    0x08006218   0x08006218   0x0000000a   Code   RO         2651    .text.USBD_static_malloc  usbd_conf.o
    0x08006222   0x08006222   0x00000002   PAD
    0x08006224   0x08006224   0x00000080   Code   RO          652    .text.USB_ActivateEndpoint  stm32f4xx_ll_usb.o
    0x080062a4   0x080062a4   0x00000020   Code   RO          694    .text.USB_ActivateSetup  stm32f4xx_ll_usb.o
    0x080062c4   0x080062c4   0x00000106   Code   RO          630    .text.USB_CoreInit  stm32f4xx_ll_usb.o
    0x080063ca   0x080063ca   0x00000002   PAD
    0x080063cc   0x080063cc   0x00000086   Code   RO          656    .text.USB_DeactivateEndpoint  stm32f4xx_ll_usb.o
    0x08006452   0x08006452   0x00000002   PAD
    0x08006454   0x08006454   0x0000001e   Code   RO          676    .text.USB_DevConnect  stm32f4xx_ll_usb.o
    0x08006472   0x08006472   0x00000002   PAD
    0x08006474   0x08006474   0x0000001e   Code   RO          678    .text.USB_DevDisconnect  stm32f4xx_ll_usb.o
    0x08006492   0x08006492   0x00000002   PAD
    0x08006494   0x08006494   0x000001f6   Code   RO          642    .text.USB_DevInit   stm32f4xx_ll_usb.o
    0x0800668a   0x0800668a   0x00000002   PAD
    0x0800668c   0x0800668c   0x0000000e   Code   RO          636    .text.USB_DisableGlobalInt  stm32f4xx_ll_usb.o
    0x0800669a   0x0800669a   0x00000002   PAD
    0x0800669c   0x0800669c   0x0000005a   Code   RO          696    .text.USB_EP0_OutStart  stm32f4xx_ll_usb.o
    0x080066f6   0x080066f6   0x00000002   PAD
    0x080066f8   0x080066f8   0x00000050   Code   RO          670    .text.USB_EPClearStall  stm32f4xx_ll_usb.o
    0x08006748   0x08006748   0x0000003c   Code   RO          668    .text.USB_EPSetStall  stm32f4xx_ll_usb.o
    0x08006784   0x08006784   0x000001ec   Code   RO          660    .text.USB_EPStartXfer  stm32f4xx_ll_usb.o
    0x08006970   0x08006970   0x0000008a   Code   RO          664    .text.USB_EPStopXfer  stm32f4xx_ll_usb.o
    0x080069fa   0x080069fa   0x00000002   PAD
    0x080069fc   0x080069fc   0x0000000e   Code   RO          634    .text.USB_EnableGlobalInt  stm32f4xx_ll_usb.o
    0x08006a0a   0x08006a0a   0x00000002   PAD
    0x08006a0c   0x08006a0c   0x00000048   Code   RO          646    .text.USB_FlushTxFifo  stm32f4xx_ll_usb.o
    0x08006a54   0x08006a54   0x0000001a   Code   RO          650    .text.USB_GetDevSpeed  stm32f4xx_ll_usb.o
    0x08006a6e   0x08006a6e   0x00000002   PAD
    0x08006a70   0x08006a70   0x00000008   Code   RO          640    .text.USB_GetMode   stm32f4xx_ll_usb.o
    0x08006a78   0x08006a78   0x0000000e   Code   RO          686    .text.USB_ReadDevAllInEpInterrupt  stm32f4xx_ll_usb.o
    0x08006a86   0x08006a86   0x00000002   PAD
    0x08006a88   0x08006a88   0x0000000e   Code   RO          684    .text.USB_ReadDevAllOutEpInterrupt  stm32f4xx_ll_usb.o
    0x08006a96   0x08006a96   0x00000002   PAD
    0x08006a98   0x08006a98   0x00000024   Code   RO          690    .text.USB_ReadDevInEPInterrupt  stm32f4xx_ll_usb.o
    0x08006abc   0x08006abc   0x00000010   Code   RO          688    .text.USB_ReadDevOutEPInterrupt  stm32f4xx_ll_usb.o
    0x08006acc   0x08006acc   0x00000008   Code   RO          680    .text.USB_ReadInterrupts  stm32f4xx_ll_usb.o
    0x08006ad4   0x08006ad4   0x0000004a   Code   RO          666    .text.USB_ReadPacket  stm32f4xx_ll_usb.o
    0x08006b1e   0x08006b1e   0x00000002   PAD
    0x08006b20   0x08006b20   0x00000064   Code   RO          638    .text.USB_SetCurrentMode  stm32f4xx_ll_usb.o
    0x08006b84   0x08006b84   0x00000022   Code   RO          674    .text.USB_SetDevAddress  stm32f4xx_ll_usb.o
    0x08006ba6   0x08006ba6   0x00000002   PAD
    0x08006ba8   0x08006ba8   0x00000110   Code   RO          632    .text.USB_SetTurnaroundTime  stm32f4xx_ll_usb.o
    0x08006cb8   0x08006cb8   0x0000003a   Code   RO          662    .text.USB_WritePacket  stm32f4xx_ll_usb.o
    0x08006cf2   0x08006cf2   0x00000002   PAD
    0x08006cf4   0x08006cf4   0x00000002   Code   RO          150    .text.UsageFault_Handler  stm32f4xx_it.o
    0x08006cf6   0x08006cf6   0x00000002   PAD
    0x08006cf8   0x08006cf8   0x000000dc   Code   RO         2393    .text._GLOBAL__sub_I_EvenTask.cpp  eventask.o
    0x08006dd4   0x08006dd4   0x000000de   Code   RO         2478    .text._Z13GimbalUpStatev  remoteswitchtask.o
    0x08006eb2   0x08006eb2   0x00000002   PAD
    0x08006eb4   0x08006eb4   0x00000188   Code   RO         2476    .text._Z14BoosterUpStatev  remoteswitchtask.o
    0x0800703c   0x0800703c   0x000005e0   Code   RO         2474    .text._Z14keyBoradUpdatav  remoteswitchtask.o
    0x0800761c   0x0800761c   0x00000250   Code   RO         2164    .text._ZN10Communicat17Gimbal_to_Chassis9Data_sendEv  communicationtask.o
    0x0800786c   0x0800786c   0x00000004   PAD
    0x08007870   0x08007870   0x0000014c   Code   RO         2162    .text._ZN10Communicat6Vision11dataReceiveEv  communicationtask.o
    0x080079bc   0x080079bc   0x00000062   Code   RO         2168    .text._ZN10Communicat6Vision9time_demoEv  communicationtask.o
    0x08007a1e   0x08007a1e   0x00000002   PAD
    0x08007a20   0x08007a20   0x0000004a   Code   RO         2506    .text._ZN2TD4CalcEf  pid.o
    0x08007a6a   0x08007a6a   0x00000002   PAD
    0x08007a6c   0x08007a6c   0x00000244   Code   RO         2122    .text._ZN3APP13Heat_Detector20Class_FSM_Heat_Limit6UpDataEv  heat_detector.o
    0x08007cb0   0x08007cb0   0x00000016   Code   RO         2138    .text._ZN3APP3Key8KeyBroad11getKeyClickENS1_7KeyTypeE  keybroad.o
    0x08007cc6   0x08007cc6   0x00000002   PAD
    0x08007cc8   0x08007cc8   0x00000016   Code   RO         2142    .text._ZN3APP3Key8KeyBroad12getKeyToggleENS1_7KeyTypeE  keybroad.o
    0x08007cde   0x08007cde   0x00000002   PAD
    0x08007ce0   0x08007ce0   0x00000016   Code   RO         2146    .text._ZN3APP3Key8KeyBroad14getFallingEdgeENS1_7KeyTypeE  keybroad.o
    0x08007cf6   0x08007cf6   0x00000002   PAD
    0x08007cf8   0x08007cf8   0x0000011e   Code   RO         2134    .text._ZN3APP3Key8KeyBroad6UpdateERKN3BSP6Remote8KeyboardE  keybroad.o
    0x08007e16   0x08007e16   0x00000002   PAD
    0x08007e18   0x08007e18   0x00000014   Code   RO         2148    .text._ZN3APP3Key8KeyBroad8getPressENS1_7KeyTypeE  keybroad.o
    0x08007e2c   0x08007e2c   0x0000011e   Code   RO         2526    .text._ZN3Alg5LADRC4Adrc6UpDataEf  adrc.o
    0x08007f4a   0x08007f4a   0x00000002   PAD
    0x08007f4c   0x08007f4c   0x00000010   Code   RO         1941    .text._ZN3BSP3IMU4HI124InitEv  hi12h3_imu.o
    0x08007f5c   0x08007f5c   0x00000054   Code   RO         1953    .text._ZN3BSP3IMU4HI125ISDirEv  hi12h3_imu.o
    0x08007fb0   0x08007fb0   0x00000026   Code   RO         1949    .text._ZN3BSP3IMU4HI125ParseEP20__UART_HandleTypeDefi  hi12h3_imu.o
    0x08007fd6   0x08007fd6   0x00000002   PAD
    0x08007fd8   0x08007fd8   0x000000f8   Code   RO         1947    .text._ZN3BSP3IMU4HI128AddCacluERNS1_7AddDataEf  hi12h3_imu.o
    0x080080d0   0x080080d0   0x00000108   Code   RO         1943    .text._ZN3BSP3IMU4HI129ParseDataEv  hi12h3_imu.o
    0x080081d8   0x080081d8   0x00000198   Code   RO         2372    .text._ZN3BSP5Motor2DM11DMMotorBaseILh1EE10ctrl_MotorEP17CAN_HandleTypeDefhfffff  gimbaltask.o
    0x08008370   0x08008370   0x00000090   Code   RO         2301    .text._ZN3BSP5Motor2DM11DMMotorBaseILh1EE5ParseE19CAN_RxHeaderTypeDefPKh  communicationtask.o
    0x08008400   0x08008400   0x000001f0   Code   RO         2303    .text._ZN3BSP5Motor2DM11DMMotorBaseILh1EE9ConfigureEj  communicationtask.o
    0x080085f0   0x080085f0   0x00000050   Code   RO         2305    .text._ZN3BSP5Motor3Dji12DjiMotorBaseILh1EE5ParseE19CAN_RxHeaderTypeDefPKh  communicationtask.o
    0x08008640   0x08008640   0x000001e0   Code   RO         2307    .text._ZN3BSP5Motor3Dji12DjiMotorBaseILh1EE9ConfigureEj  communicationtask.o
    0x08008820   0x08008820   0x00000072   Code   RO         2309    .text._ZN3BSP5Motor3Dji12DjiMotorBaseILh2EE5ParseE19CAN_RxHeaderTypeDefPKh  communicationtask.o
    0x08008892   0x08008892   0x00000006   PAD
    0x08008898   0x08008898   0x000001e0   Code   RO         2311    .text._ZN3BSP5Motor3Dji12DjiMotorBaseILh2EE9ConfigureEj  communicationtask.o
    0x08008a78   0x08008a78   0x00000138   Code   RO         2010    .text._ZN3BSP6Remote4Dr1612UpdateStatusEv  dbus.o
    0x08008bb0   0x08008bb0   0x00000010   Code   RO         2006    .text._ZN3BSP6Remote4Dr164InitEv  dbus.o
    0x08008bc0   0x08008bc0   0x00000170   Code   RO         2016    .text._ZN3BSP6Remote4Dr165ISDirEv  dbus.o
    0x08008d30   0x08008d30   0x0000005a   Code   RO         2012    .text._ZN3BSP6Remote4Dr165ParseEP20__UART_HandleTypeDefi  dbus.o
    0x08008d8a   0x08008d8a   0x00000002   PAD
    0x08008d8c   0x08008d8c   0x00000062   Code   RO         2835    .text._ZN3BSP7DWTimer9GetDeltaTEPj  dwt.o
    0x08008dee   0x08008dee   0x00000002   PAD
    0x08008df0   0x08008df0   0x00000062   Code   RO         2831    .text._ZN3BSP7DWTimerC2Ej  dwt.o
    0x08008e52   0x08008e52   0x00000002   PAD
    0x08008e54   0x08008e54   0x00000022   Code   RO         2412    .text._ZN3Dir6AttachEP9IObserver  eventask.o
    0x08008e76   0x08008e76   0x00000002   PAD
    0x08008e78   0x08008e78   0x00000012   Code   RO         2414    .text._ZN3Dir6DetachEP9IObserver  eventask.o
    0x08008e8a   0x08008e8a   0x00000002   PAD
    0x08008e8c   0x08008e8c   0x0000001a   Code   RO         2416    .text._ZN3Dir6NotifyEv  eventask.o
    0x08008ea6   0x08008ea6   0x00000002   PAD
    0x08008ea8   0x08008ea8   0x00000086   Code   RO         2387    .text._ZN3Dir9Dir_PitchEv  eventask.o
    0x08008f2e   0x08008f2e   0x00000002   PAD
    0x08008f30   0x08008f30   0x00000174   Code   RO         2067    .text._ZN3LED12Normal_StateEv  led.o
    0x080090a4   0x080090a4   0x00000048   Code   RO         2063    .text._ZN3LED6UpdateEv  led.o
    0x080090ec   0x080090ec   0x00000006   Code   RO         2079    .text._ZN3LEDD0Ev   led.o
    0x080090f2   0x080090f2   0x00000006   PAD
    0x080090f8   0x080090f8   0x00000210   Code   RO         2508    .text._ZN3PID9GetPidPosE6Kpid_tdd  pid.o
    0x08009308   0x08009308   0x00000002   Code   RO         2257    .text._ZN4Mode17IRemoteControllerD2Ev  communicationtask.o
    0x0800930a   0x0800930a   0x00000002   PAD
    0x0800930c   0x0800930c   0x000000be   Code   RO         2211    .text._ZN4Mode17RemoteModeManager8InstanceEv  communicationtask.o
    0x080093ca   0x080093ca   0x00000002   PAD
    0x080093cc   0x080093cc   0x0000001c   Code   RO         2213    .text._ZN4Mode17RemoteModeManagerD2Ev  communicationtask.o
    0x080093e8   0x080093e8   0x00000002   Code   RO         2255    .text._ZN4Mode20DR16RemoteController6updateEv  communicationtask.o
    0x080093ea   0x080093ea   0x00000002   PAD
    0x080093ec   0x080093ec   0x00000006   Code   RO         2215    .text._ZN4Mode20DR16RemoteControllerD0Ev  communicationtask.o
    0x080093f2   0x080093f2   0x00000002   PAD
    0x080093f4   0x080093f4   0x000001ae   Code   RO         2299    .text._ZN4Mode20MiniRemoteController6updateEv  communicationtask.o
    0x080095a2   0x080095a2   0x00000002   PAD
    0x080095a4   0x080095a4   0x00000006   Code   RO         2259    .text._ZN4Mode20MiniRemoteControllerD0Ev  communicationtask.o
    0x080095aa   0x080095aa   0x00000006   PAD
    0x080095b0   0x080095b0   0x00000168   Code   RO         2428    .text._ZN4TASK5Shoot14Class_ShootFSM7ControlEv  shoottask.o
    0x08009718   0x08009718   0x000000c8   Code   RO         2440    .text._ZN4TASK5Shoot14Class_ShootFSM7JammingEff  shoottask.o
    0x080097e0   0x080097e0   0x0000026c   Code   RO         2434    .text._ZN4TASK5Shoot14Class_ShootFSM7UpStateEv  shoottask.o
    0x08009a4c   0x08009a4c   0x000000c8   Code   RO         2442    .text._ZN4TASK5Shoot14Class_ShootFSM8CAN_SendEv  shoottask.o
    0x08009b14   0x08009b14   0x00000166   Code   RO         2430    .text._ZN4TASK5Shoot14Class_ShootFSMC2Ev  shoottask.o
    0x08009c7a   0x08009c7a   0x00000006   PAD
    0x08009c80   0x08009c80   0x00000110   Code   RO         2352    .text._ZN4TASK6GIMBAL6Gimbal10yawControlEv  gimbaltask.o
    0x08009d90   0x08009d90   0x00000080   Code   RO         2346    .text._ZN4TASK6GIMBAL6Gimbal6upDateEv  gimbaltask.o
    0x08009e10   0x08009e10   0x00000264   Code   RO         2350    .text._ZN4TASK6GIMBAL6Gimbal7UpStateEv  gimbaltask.o
    0x0800a074   0x0800a074   0x000000c2   Code   RO         2356    .text._ZN4TASK6GIMBAL6Gimbal7sendCanEv  gimbaltask.o
    0x0800a136   0x0800a136   0x00000002   PAD
    0x0800a138   0x0800a138   0x0000009a   Code   RO         2348    .text._ZN4TASK6GIMBAL6GimbalC2Ev  gimbaltask.o
    0x0800a1d2   0x0800a1d2   0x00000002   PAD
    0x0800a1d4   0x0800a1d4   0x000000ac   Code   RO         2030    .text._ZN6Buzzer6UpdateEv  buzzer.o
    0x0800a280   0x0800a280   0x00000006   Code   RO         2060    .text._ZN6BuzzerD0Ev  buzzer.o
    0x0800a286   0x0800a286   0x00000002   PAD
    0x0800a288   0x0800a288   0x00000078   Code   RO         2084    .text._ZN7Tools_t24Zero_crossing_processingEfff  tools.o
    0x0800a300   0x0800a300   0x0000001e   Code   RO         2092    .text._ZN7Tools_t5clampEfff  tools.o
    0x0800a31e   0x0800a31e   0x00000002   PAD
    0x0800a320   0x0800a320   0x00000042   Code   RO         2406    .text._ZN8ISubjectD2Ev  eventask.o
    0x0800a362   0x0800a362   0x00000002   PAD
    0x0800a364   0x0800a364   0x00000002   Code   RO         2420    .text._ZN9IObserverD0Ev  eventask.o
    0x0800a366   0x0800a366   0x00000002   PAD
    0x0800a368   0x0800a368   0x00000002   Code   RO         2058    .text._ZN9IObserverD2Ev  buzzer.o
    0x0800a36a   0x0800a36a   0x00000002   PAD
    0x0800a36c   0x0800a36c   0x0000002a   Code   RO         2227    .text._ZNK4Mode20DR16RemoteController10isStopModeEv  communicationtask.o
    0x0800a396   0x0800a396   0x00000002   PAD
    0x0800a398   0x0800a398   0x0000000e   Code   RO         2247    .text._ZNK4Mode20DR16RemoteController11getKeybroadEv  communicationtask.o
    0x0800a3a6   0x0800a3a6   0x00000002   PAD
    0x0800a3a8   0x0800a3a8   0x0000000c   Code   RO         2217    .text._ZNK4Mode20DR16RemoteController11isConnectedEv  communicationtask.o
    0x0800a3b4   0x0800a3b4   0x0000001c   Code   RO         2243    .text._ZNK4Mode20DR16RemoteController12getMouseVelXEv  communicationtask.o
    0x0800a3d0   0x0800a3d0   0x0000001c   Code   RO         2245    .text._ZNK4Mode20DR16RemoteController12getMouseVelYEv  communicationtask.o
    0x0800a3ec   0x0800a3ec   0x00000020   Code   RO         2231    .text._ZNK4Mode20DR16RemoteController12isFollowModeEv  communicationtask.o
    0x0800a40c   0x0800a40c   0x00000014   Code   RO         2221    .text._ZNK4Mode20DR16RemoteController12isLaunchModeEv  communicationtask.o
    0x0800a420   0x0800a420   0x00000022   Code   RO         2219    .text._ZNK4Mode20DR16RemoteController12isVisionModeEv  communicationtask.o
    0x0800a442   0x0800a442   0x00000002   PAD
    0x0800a444   0x0800a444   0x0000001e   Code   RO         2223    .text._ZNK4Mode20DR16RemoteController14isKeyboardModeEv  communicationtask.o
    0x0800a462   0x0800a462   0x00000002   PAD
    0x0800a464   0x0800a464   0x00000020   Code   RO         2233    .text._ZNK4Mode20DR16RemoteController14isRotatingModeEv  communicationtask.o
    0x0800a484   0x0800a484   0x00000012   Code   RO         2249    .text._ZNK4Mode20DR16RemoteController15getMouseKeyLeftEv  communicationtask.o
    0x0800a496   0x0800a496   0x00000002   PAD
    0x0800a498   0x0800a498   0x00000014   Code   RO         2229    .text._ZNK4Mode20DR16RemoteController15isUniversalModeEv  communicationtask.o
    0x0800a4ac   0x0800a4ac   0x00000012   Code   RO         2251    .text._ZNK4Mode20DR16RemoteController16getMouseKeyRightEv  communicationtask.o
    0x0800a4be   0x0800a4be   0x00000002   PAD
    0x0800a4c0   0x0800a4c0   0x0000001a   Code   RO         2225    .text._ZNK4Mode20DR16RemoteController16isVisionFireModeEv  communicationtask.o
    0x0800a4da   0x0800a4da   0x00000002   PAD
    0x0800a4dc   0x0800a4dc   0x0000001c   Code   RO         2253    .text._ZNK4Mode20DR16RemoteController5getSwEv  communicationtask.o
    0x0800a4f8   0x0800a4f8   0x0000001c   Code   RO         2235    .text._ZNK4Mode20DR16RemoteController8getLeftXEv  communicationtask.o
    0x0800a514   0x0800a514   0x0000001c   Code   RO         2237    .text._ZNK4Mode20DR16RemoteController8getLeftYEv  communicationtask.o
    0x0800a530   0x0800a530   0x0000001c   Code   RO         2239    .text._ZNK4Mode20DR16RemoteController9getRightXEv  communicationtask.o
    0x0800a54c   0x0800a54c   0x0000001c   Code   RO         2241    .text._ZNK4Mode20DR16RemoteController9getRightYEv  communicationtask.o
    0x0800a568   0x0800a568   0x00000028   Code   RO         2271    .text._ZNK4Mode20MiniRemoteController10isStopModeEv  communicationtask.o
    0x0800a590   0x0800a590   0x00000032   Code   RO         2291    .text._ZNK4Mode20MiniRemoteController11getKeybroadEv  communicationtask.o
    0x0800a5c2   0x0800a5c2   0x00000002   PAD
    0x0800a5c4   0x0800a5c4   0x00000032   Code   RO         2261    .text._ZNK4Mode20MiniRemoteController11isConnectedEv  communicationtask.o
    0x0800a5f6   0x0800a5f6   0x00000002   PAD
    0x0800a5f8   0x0800a5f8   0x0000003e   Code   RO         2287    .text._ZNK4Mode20MiniRemoteController12getMouseVelXEv  communicationtask.o
    0x0800a636   0x0800a636   0x00000002   PAD
    0x0800a638   0x0800a638   0x0000003e   Code   RO         2289    .text._ZNK4Mode20MiniRemoteController12getMouseVelYEv  communicationtask.o
    0x0800a676   0x0800a676   0x00000002   PAD
    0x0800a678   0x0800a678   0x0000003a   Code   RO         2275    .text._ZNK4Mode20MiniRemoteController12isFollowModeEv  communicationtask.o
    0x0800a6b2   0x0800a6b2   0x00000002   PAD
    0x0800a6b4   0x0800a6b4   0x00000004   Code   RO         2265    .text._ZNK4Mode20MiniRemoteController12isLaunchModeEv  communicationtask.o
    0x0800a6b8   0x0800a6b8   0x00000040   Code   RO         2263    .text._ZNK4Mode20MiniRemoteController12isVisionModeEv  communicationtask.o
    0x0800a6f8   0x0800a6f8   0x0000003a   Code   RO         2267    .text._ZNK4Mode20MiniRemoteController14isKeyboardModeEv  communicationtask.o
    0x0800a732   0x0800a732   0x00000002   PAD
    0x0800a734   0x0800a734   0x0000003a   Code   RO         2277    .text._ZNK4Mode20MiniRemoteController14isRotatingModeEv  communicationtask.o
    0x0800a76e   0x0800a76e   0x00000002   PAD
    0x0800a770   0x0800a770   0x00000036   Code   RO         2293    .text._ZNK4Mode20MiniRemoteController15getMouseKeyLeftEv  communicationtask.o
    0x0800a7a6   0x0800a7a6   0x00000002   PAD
    0x0800a7a8   0x0800a7a8   0x00000038   Code   RO         2273    .text._ZNK4Mode20MiniRemoteController15isUniversalModeEv  communicationtask.o
    0x0800a7e0   0x0800a7e0   0x00000036   Code   RO         2295    .text._ZNK4Mode20MiniRemoteController16getMouseKeyRightEv  communicationtask.o
    0x0800a816   0x0800a816   0x00000002   PAD
    0x0800a818   0x0800a818   0x0000003e   Code   RO         2269    .text._ZNK4Mode20MiniRemoteController16isVisionFireModeEv  communicationtask.o
    0x0800a856   0x0800a856   0x00000002   PAD
    0x0800a858   0x0800a858   0x0000003e   Code   RO         2297    .text._ZNK4Mode20MiniRemoteController5getSwEv  communicationtask.o
    0x0800a896   0x0800a896   0x00000002   PAD
    0x0800a898   0x0800a898   0x0000003e   Code   RO         2279    .text._ZNK4Mode20MiniRemoteController8getLeftXEv  communicationtask.o
    0x0800a8d6   0x0800a8d6   0x00000002   PAD
    0x0800a8d8   0x0800a8d8   0x0000003e   Code   RO         2281    .text._ZNK4Mode20MiniRemoteController8getLeftYEv  communicationtask.o
    0x0800a916   0x0800a916   0x00000002   PAD
    0x0800a918   0x0800a918   0x0000003e   Code   RO         2283    .text._ZNK4Mode20MiniRemoteController9getRightXEv  communicationtask.o
    0x0800a956   0x0800a956   0x00000002   PAD
    0x0800a958   0x0800a958   0x0000003e   Code   RO         2285    .text._ZNK4Mode20MiniRemoteController9getRightYEv  communicationtask.o
    0x0800a996   0x0800a996   0x00000002   PAD
    0x0800a998   0x0800a998   0x00000016   Code   RO         2408    .text._ZNSt3__210unique_ptrI3LEDNS_14default_deleteIS1_EEED2B7v180000Ev  eventask.o
    0x0800a9ae   0x0800a9ae   0x00000002   PAD
    0x0800a9b0   0x0800a9b0   0x00000016   Code   RO         2410    .text._ZNSt3__210unique_ptrI6BuzzerNS_14default_deleteIS1_EEED2B7v180000Ev  eventask.o
    0x0800a9c6   0x0800a9c6   0x00000002   PAD
    0x0800a9c8   0x0800a9c8   0x000000c8   Code   RO         2418    .text._ZNSt3__24listIP9IObserverNS_9allocatorIS2_EEE6removeERKS2_  eventask.o
    0x0800aa90   0x0800aa90   0x0000000c   Code   RO         3157    .text._ZSt15get_new_handlerv  libcppabi_wnu.l(cxa_handlers.cpp.o)
    0x0800aa9c   0x0800aa9c   0x00000004   Code   RO         2933    .text._ZdlPv        libcpp_wnu.l(new.cpp.o)
    0x0800aaa0   0x0800aaa0   0x00000004   Code   RO         2937    .text._ZdlPvj       libcpp_wnu.l(new.cpp.o)
    0x0800aaa4   0x0800aaa4   0x00000026   Code   RO         2925    .text._Znwj         libcpp_wnu.l(new.cpp.o)
    0x0800aaca   0x0800aaca   0x00000002   PAD
    0x0800aacc   0x0800aacc   0x00000028   Code   RO         2976    .text.__cxa_pure_virtual  libcppabi_wnu.l(cxa_virtual.cpp.o)
    0x0800aaf4   0x0800aaf4   0x00000044   Code   RO         1962    .text.__cxx_global_var_init  hi12h3_imu.o
    0x0800ab38   0x0800ab38   0x0000004a   Code   RO         1978    .text.__cxx_global_var_init  init.o
    0x0800ab82   0x0800ab82   0x00000002   PAD
    0x0800ab84   0x0800ab84   0x00000042   Code   RO         2490    .text.__cxx_global_var_init.1  remoteswitchtask.o
    0x0800abc6   0x0800abc6   0x00000002   PAD
    0x0800abc8   0x0800abc8   0x000000ac   Code   RO         2191    .text.__cxx_global_var_init.2  communicationtask.o
    0x0800ac74   0x0800ac74   0x00000042   Code   RO         2495    .text.__cxx_global_var_init.2  remoteswitchtask.o
    0x0800acb6   0x0800acb6   0x00000002   PAD
    0x0800acb8   0x0800acb8   0x000000ec   Code   RO         2196    .text.__cxx_global_var_init.3  communicationtask.o
    0x0800ada4   0x0800ada4   0x000000d8   Code   RO         2201    .text.__cxx_global_var_init.4  communicationtask.o
    0x0800ae7c   0x0800ae7c   0x000000e4   Code   RO         2206    .text.__cxx_global_var_init.5  communicationtask.o
    0x0800af60   0x0800af60   0x00000004   Code   RO         3141    .text.abort_message  libcppabi_wnu.l(abort_message.cpp.o)
    0x0800af64   0x0800af64   0x00000042   Code   RO           11    .text.main          main.o
    0x0800afa6   0x0800afa6   0x00000002   PAD
    0x0800afa8   0x0800afa8   0x00000020   Code   RO         1771    .text.osDelay       cmsis_os2.o
    0x0800afc8   0x0800afc8   0x00000028   Code   RO         1713    .text.osKernelInitialize  cmsis_os2.o
    0x0800aff0   0x0800aff0   0x0000003c   Code   RO         1719    .text.osKernelStart  cmsis_os2.o
    0x0800b02c   0x0800b02c   0x000000be   Code   RO         1735    .text.osThreadNew   cmsis_os2.o
    0x0800b0ea   0x0800b0ea   0x00000002   PAD
    0x0800b0ec   0x0800b0ec   0x00000084   Code   RO         1529    .text.prvAddCurrentTaskToDelayedList  tasks.o
    0x0800b170   0x0800b170   0x0000011c   Code   RO         1519    .text.prvAddNewTaskToReadyList  tasks.o
    0x0800b28c   0x0800b28c   0x0000007c   Code   RO         1656    .text.prvCheckForValidListAndQueue  timers.o
    0x0800b308   0x0800b308   0x00000096   Code   RO         1553    .text.prvIdleTask   tasks.o
    0x0800b39e   0x0800b39e   0x00000002   PAD
    0x0800b3a0   0x0800b3a0   0x00000028   Code   RO         1914    .text.prvPortStartFirstTask  port.o
    0x0800b3c8   0x0800b3c8   0x000000ea   Code   RO         1692    .text.prvSampleTimeNow  timers.o
    0x0800b4b2   0x0800b4b2   0x00000002   PAD
    0x0800b4b4   0x0800b4b4   0x00000032   Code   RO         1904    .text.prvTaskExitError  port.o
    0x0800b4e6   0x0800b4e6   0x00000002   PAD
    0x0800b4e8   0x0800b4e8   0x000002b6   Code   RO         1658    .text.prvTimerTask  timers.o
    0x0800b79e   0x0800b79e   0x00000002   PAD
    0x0800b7a0   0x0800b7a0   0x00000074   Code   RO         1418    .text.prvUnlockQueue  queue.o
    0x0800b814   0x0800b814   0x0000019c   Code   RO         1874    .text.pvPortMalloc  heap_4.o
    0x0800b9b0   0x0800b9b0   0x00000024   Code   RO         1902    .text.pxPortInitialiseStack  port.o
    0x0800b9d4   0x0800b9d4   0x0000002c   Code   RO         2967    .text.unlikely.__cxa_guard_acquire  libcppabi_wnu.l(cxa_guard.cpp.o)
    0x0800ba00   0x0800ba00   0x00000008   Code   RO         2969    .text.unlikely.__cxa_guard_release  libcppabi_wnu.l(cxa_guard.cpp.o)
    0x0800ba08   0x0800ba08   0x00000024   Code   RO         1382    .text.uxListRemove  list.o
    0x0800ba2c   0x0800ba2c   0x0000001a   Code   RO         1857    .text.vApplicationGetIdleTaskMemory  cmsis_os2.o
    0x0800ba46   0x0800ba46   0x00000002   PAD
    0x0800ba48   0x0800ba48   0x0000001c   Code   RO         1859    .text.vApplicationGetTimerTaskMemory  cmsis_os2.o
    0x0800ba64   0x0800ba64   0x00000016   Code   RO         1374    .text.vListInitialise  list.o
    0x0800ba7a   0x0800ba7a   0x00000002   PAD
    0x0800ba7c   0x0800ba7c   0x00000006   Code   RO         1376    .text.vListInitialiseItem  list.o
    0x0800ba82   0x0800ba82   0x00000002   PAD
    0x0800ba84   0x0800ba84   0x0000003a   Code   RO         1380    .text.vListInsert   list.o
    0x0800babe   0x0800babe   0x00000002   PAD
    0x0800bac0   0x0800bac0   0x0000001c   Code   RO         1378    .text.vListInsertEnd  list.o
    0x0800badc   0x0800badc   0x00000014   Code   RO         1912    .text.vPortEnableVFP  port.o
    0x0800baf0   0x0800baf0   0x00000046   Code   RO         1918    .text.vPortEnterCritical  port.o
    0x0800bb36   0x0800bb36   0x00000002   PAD
    0x0800bb38   0x0800bb38   0x0000002e   Code   RO         1920    .text.vPortExitCritical  port.o
    0x0800bb66   0x0800bb66   0x00000002   PAD
    0x0800bb68   0x0800bb68   0x000000d2   Code   RO         1876    .text.vPortFree     heap_4.o
    0x0800bc3a   0x0800bc3a   0x00000002   PAD
    0x0800bc3c   0x0800bc3c   0x00000034   Code   RO         1910    .text.vPortSetupTimerInterrupt  port.o
    0x0800bc70   0x0800bc70   0x00000028   Code   RO         1452    .text.vQueueAddToRegistry  queue.o
    0x0800bc98   0x0800bc98   0x00000046   Code   RO         1456    .text.vQueueWaitForMessageRestricted  queue.o
    0x0800bcde   0x0800bcde   0x00000002   PAD
    0x0800bce0   0x0800bce0   0x000000a6   Code   RO         1533    .text.vTaskDelay    tasks.o
    0x0800bd86   0x0800bd86   0x00000002   PAD
    0x0800bd88   0x0800bd88   0x0000001a   Code   RO         1583    .text.vTaskInternalSetTimeOutState  tasks.o
    0x0800bda2   0x0800bda2   0x00000002   PAD
    0x0800bda4   0x0800bda4   0x0000000e   Code   RO         1587    .text.vTaskMissedYield  tasks.o
    0x0800bdb2   0x0800bdb2   0x00000002   PAD
    0x0800bdb4   0x0800bdb4   0x00000036   Code   RO         1571    .text.vTaskPlaceOnEventList  tasks.o
    0x0800bdea   0x0800bdea   0x00000002   PAD
    0x0800bdec   0x0800bdec   0x0000003e   Code   RO         1575    .text.vTaskPlaceOnEventListRestricted  tasks.o
    0x0800be2a   0x0800be2a   0x00000002   PAD
    0x0800be2c   0x0800be2c   0x000000a4   Code   RO         1551    .text.vTaskStartScheduler  tasks.o
    0x0800bed0   0x0800bed0   0x00000010   Code   RO         1527    .text.vTaskSuspendAll  tasks.o
    0x0800bee0   0x0800bee0   0x0000009a   Code   RO         1545    .text.vTaskSwitchContext  tasks.o
    0x0800bf7a   0x0800bf7a   0x00000002   PAD
    0x0800bf7c   0x0800bf7c   0x00000132   Code   RO         1908    .text.xPortStartScheduler  port.o
    0x0800c0ae   0x0800c0ae   0x00000002   PAD
    0x0800c0b0   0x0800c0b0   0x0000002e   Code   RO         1924    .text.xPortSysTickHandler  port.o
    0x0800c0de   0x0800c0de   0x00000002   PAD
    0x0800c0e0   0x0800c0e0   0x000000da   Code   RO         1394    .text.xQueueGenericCreateStatic  queue.o
    0x0800c1ba   0x0800c1ba   0x00000002   PAD
    0x0800c1bc   0x0800c1bc   0x00000212   Code   RO         1408    .text.xQueueGenericSend  queue.o
    0x0800c3ce   0x0800c3ce   0x00000002   PAD
    0x0800c3d0   0x0800c3d0   0x000001a8   Code   RO         1424    .text.xQueueReceive  queue.o
    0x0800c578   0x0800c578   0x0000008c   Code   RO         1585    .text.xTaskCheckForTimeOut  tasks.o
    0x0800c604   0x0800c604   0x000000dc   Code   RO         1521    .text.xTaskCreate   tasks.o
    0x0800c6e0   0x0800c6e0   0x000000e8   Code   RO         1517    .text.xTaskCreateStatic  tasks.o
    0x0800c7c8   0x0800c7c8   0x00000026   Code   RO         1599    .text.xTaskGetSchedulerState  tasks.o
    0x0800c7ee   0x0800c7ee   0x00000002   PAD
    0x0800c7f0   0x0800c7f0   0x0000000c   Code   RO         1559    .text.xTaskGetTickCount  tasks.o
    0x0800c7fc   0x0800c7fc   0x0000016e   Code   RO         1557    .text.xTaskIncrementTick  tasks.o
    0x0800c96a   0x0800c96a   0x00000002   PAD
    0x0800c96c   0x0800c96c   0x00000092   Code   RO         1603    .text.xTaskPriorityDisinherit  tasks.o
    0x0800c9fe   0x0800c9fe   0x00000002   PAD
    0x0800ca00   0x0800ca00   0x0000008e   Code   RO         1577    .text.xTaskRemoveFromEventList  tasks.o
    0x0800ca8e   0x0800ca8e   0x00000002   PAD
    0x0800ca90   0x0800ca90   0x00000134   Code   RO         1531    .text.xTaskResumeAll  tasks.o
    0x0800cbc4   0x0800cbc4   0x00000074   Code   RO         1654    .text.xTimerCreateTimerTask  timers.o
    0x0800cc38   0x0800cc38   0x00000026   Code   RO         3160    i.__ARM_fpclassifyf  m_wm.l(fpclassifyf.o)
    0x0800cc5e   0x0800cc5e   0x000000b0   Code   RO         2981    i.__hardfp_fmodf    m_wm.l(fmodf.o)
    0x0800cd0e   0x0800cd0e   0x00000002   PAD
    0x0800cd10   0x0800cd10   0x00000190   Code   RO         2987    i.__hardfp_sinf     m_wm.l(sinf.o)
    0x0800cea0   0x0800cea0   0x00000006   Code   RO         3163    i.__mathlib_flt_infnan  m_wm.l(funder.o)
    0x0800cea6   0x0800cea6   0x00000002   PAD
    0x0800cea8   0x0800cea8   0x00000010   Code   RO         3165    i.__mathlib_flt_invalid  m_wm.l(funder.o)
    0x0800ceb8   0x0800ceb8   0x00000010   Code   RO         3168    i.__mathlib_flt_underflow  m_wm.l(funder.o)
    0x0800cec8   0x0800cec8   0x00000154   Code   RO         3176    i.__mathlib_rredf2  m_wm.l(rredf.o)
    0x0800d01c   0x0800d01c   0x00000062   Code   RO         2890    x$fpl$d2f           fz_wm.l(d2f.o)
    0x0800d07e   0x0800d07e   0x00000002   PAD
    0x0800d080   0x0800d080   0x00000150   Code   RO         2892    x$fpl$dadd          fz_wm.l(daddsub_clz.o)
    0x0800d1d0   0x0800d1d0   0x00000018   Code   RO         3240    x$fpl$dcmpinf       fz_wm.l(dcmpi.o)
    0x0800d1e8   0x0800d1e8   0x000002b4   Code   RO         2901    x$fpl$ddiv          fz_wm.l(ddiv.o)
    0x0800d49c   0x0800d49c   0x00000078   Code   RO         3123    x$fpl$deqf          fz_wm.l(deqf.o)
    0x0800d514   0x0800d514   0x0000002e   Code   RO         2909    x$fpl$dflt          fz_wm.l(dflt_clz.o)
    0x0800d542   0x0800d542   0x00000026   Code   RO         2908    x$fpl$dfltu         fz_wm.l(dflt_clz.o)
    0x0800d568   0x0800d568   0x00000078   Code   RO         3125    x$fpl$dgeqf         fz_wm.l(dgeqf.o)
    0x0800d5e0   0x0800d5e0   0x00000078   Code   RO         3127    x$fpl$dleqf         fz_wm.l(dleqf.o)
    0x0800d658   0x0800d658   0x00000154   Code   RO         2914    x$fpl$dmul          fz_wm.l(dmul.o)
    0x0800d7ac   0x0800d7ac   0x0000009c   Code   RO         3129    x$fpl$dnaninf       fz_wm.l(dnaninf.o)
    0x0800d848   0x0800d848   0x0000000c   Code   RO         3131    x$fpl$dretinf       fz_wm.l(dretinf.o)
    0x0800d854   0x0800d854   0x000001dc   Code   RO         2894    x$fpl$dsub          fz_wm.l(daddsub_clz.o)
    0x0800da30   0x0800da30   0x00000056   Code   RO         2916    x$fpl$f2d           fz_wm.l(f2d.o)
    0x0800da86   0x0800da86   0x00000054   Code   RO         2898    x$fpl$fcmp          fz_wm.l(dcmp.o)
    0x0800dada   0x0800dada   0x00000060   Code   RO         2922    x$fpl$ffltll        fz_wm.l(ffltll_clz.o)
    0x0800db3a   0x0800db3a   0x0000008c   Code   RO         3133    x$fpl$fnaninf       fz_wm.l(fnaninf.o)
    0x0800dbc6   0x0800dbc6   0x0000001a   Code   RO         3242    x$fpl$fpinit        fz_wm.l(fpinit.o)
    0x0800dbe0   0x0800dbe0   0x000000f4   Code   RO         3135    x$fpl$frem          fz_wm.l(frem_clz.o)
    0x0800dcd4   0x0800dcd4   0x0000000a   Code   RO         3137    x$fpl$fretinf       fz_wm.l(fretinf.o)
    0x0800dcde   0x0800dcde   0x00000002   PAD
    0x0800dce0   0x0800dce0   0x00000086   Code   RO         2918    x$fpl$llsfromf      fz_wm.l(ffixll.o)
    0x0800dd66   0x0800dd66   0x00000000   Code   RO         3139    x$fpl$usenofp       fz_wm.l(usenofp.o)
    0x0800dd66   0x0800dd66   0x00000002   PAD
    0x0800dd68   0x0800dd68   0x00000020   Data   RO         3177    .constdata          m_wm.l(rredf.o)
    0x0800dd88   0x0800dd88   0x00000010   Data   RO         1327    .rodata.AHBPrescTable  system_stm32f4xx.o
    0x0800dd98   0x0800dd98   0x00000008   Data   RO         1328    .rodata.APBPrescTable  system_stm32f4xx.o
    0x0800dda0   0x0800dda0   0x00000014   Data   RO         2422    .rodata._ZTV3Dir    eventask.o
    0x0800ddb4   0x0800ddb4   0x00000014   Data   RO         2071    .rodata._ZTV3LED    led.o
    0x0800ddc8   0x0800ddc8   0x00000014   Data   RO         2050    .rodata._ZTV6Buzzer  buzzer.o
    0x0800dddc   0x0800dddc   0x00000014   Data   RO         2423    .rodata._ZTV8ISubject  eventask.o
    0x0800ddf0   0x0800ddf0   0x00000014   Data   RO         2424    .rodata._ZTV9IObserver  eventask.o
    0x0800de04   0x0800de04   0x0000000c   Data   RO         2318    .rodata._ZTVN3BSP5Motor2DM5J4310ILh1EEE  communicationtask.o
    0x0800de10   0x0800de10   0x0000000c   Data   RO         2323    .rodata._ZTVN3BSP5Motor3Dji12DjiMotorBaseILh2EEE  communicationtask.o
    0x0800de1c   0x0800de1c   0x0000000c   Data   RO         2320    .rodata._ZTVN3BSP5Motor3Dji6GM2006ILh1EEE  communicationtask.o
    0x0800de28   0x0800de28   0x0000000c   Data   RO         2322    .rodata._ZTVN3BSP5Motor3Dji6GM3508ILh2EEE  communicationtask.o
    0x0800de34   0x0800de34   0x0000000c   Data   RO         2324    .rodata._ZTVN3BSP5Motor3Dji6GM6020ILh1EEE  communicationtask.o
    0x0800de40   0x0800de40   0x0000000c   Data   RO         2468    .rodata._ZTVN3BSP5Motor9MotorBaseILh2EEE  shoottask.o
    0x0800de4c   0x0800de4c   0x00000060   Data   RO         2316    .rodata._ZTVN4Mode20DR16RemoteControllerE  communicationtask.o
    0x0800deac   0x0800deac   0x00000060   Data   RO         2317    .rodata._ZTVN4Mode20MiniRemoteControllerE  communicationtask.o
    0x0800df0c   0x0800df0c   0x00000024   Data   RO           43    .rodata.communicationTa_attributes  freertos.o
    0x0800df30   0x0800df30   0x00000010   Data   RO         2659    .rodata.cst16       usbd_conf.o
    0x0800df40   0x0800df40   0x00000008   Data   RO          906    .rodata.cst8        stm32f4xx_hal_dma.o
    0x0800df48   0x0800df48   0x00000024   Data   RO           41    .rodata.defaultTask_attributes  freertos.o
    0x0800df6c   0x0800df6c   0x00000024   Data   RO           44    .rodata.eventTask_attributes  freertos.o
    0x0800df90   0x0800df90   0x00000024   Data   RO           42    .rodata.gimbalTask_attributes  freertos.o
    0x0800dfb4   0x0800dfb4   0x00000024   Data   RO           46    .rodata.remoteSwitch_attributes  freertos.o
    0x0800dfd8   0x0800dfd8   0x00000024   Data   RO           45    .rodata.shootTask_attributes  freertos.o
    0x0800dffc   0x0800dffc   0x00000048   Data   RO           40    .rodata.str1.1      freertos.o
    0x0800e044   0x0800e044   0x00000093   Data   RO         2973    .rodata.str1.1      libcppabi_wnu.l(cxa_guard.cpp.o)
    0x0800e0d7   0x0800e0d7   0x00000001   PAD
    0x0800e0d8   0x0800e0d8   0x00000020   Data   RO         3372    Region$$Table       anon$$obj.o
    0x0800e0f8   0x0800e0f8   0x00000004   Data   RO         1966    .init_array         hi12h3_imu.o
    0x0800e0fc   0x0800e0f8   0x00000004   Data   RO         1982    .init_array         init.o
    0x0800e100   0x0800e0f8   0x00000004   Data   RO         2195    .init_array         communicationtask.o
    0x0800e104   0x0800e0f8   0x00000004   Data   RO         2200    .init_array         communicationtask.o
    0x0800e108   0x0800e0f8   0x00000004   Data   RO         2205    .init_array         communicationtask.o
    0x0800e10c   0x0800e0f8   0x00000004   Data   RO         2210    .init_array         communicationtask.o
    0x0800e110   0x0800e0f8   0x00000004   Data   RO         2398    .init_array         eventask.o
    0x0800e114   0x0800e0f8   0x00000004   Data   RO         2494    .init_array         remoteswitchtask.o
    0x0800e118   0x0800e0f8   0x00000004   Data   RO         2499    .init_array         remoteswitchtask.o
    0x0800e11c   0x0800e0f8   0x00000000   Data   RO         2885    .init_array         c_wu.l(init_aeabi.o)


    Execution Region RW_IRAM1 (Exec base: 0x20000000, Load base: 0x0800e120, Size: 0x000080d8, Max: 0x0001c000, ABSOLUTE, COMPRESSED[0x000000e8])

    Exec Addr    Load Addr    Size         Type   Attr      Idx    E Section Name        Object

    0x20000000   COMPRESSED   0x0000001c   Data   RW         2559    .data.FS_Desc       usbd_desc.o
    0x2000001c   COMPRESSED   0x00000038   Data   RW         2174    .data.Gimbal_to_Chassis_Data  communicationtask.o
    0x20000054   COMPRESSED   0x00000004   Data   RW         1326    .data.SystemCoreClock  system_stm32f4xx.o
    0x20000058   COMPRESSED   0x00000038   Data   RW         2797    .data.USBD_CDC      usbd_cdc.o
    0x20000090   COMPRESSED   0x00000043   Data   RW         2799    .data.USBD_CDC_CfgDesc  usbd_cdc.o
    0x200000d3   COMPRESSED   0x00000001   PAD
    0x200000d4   COMPRESSED   0x0000000a   Data   RW         2798    .data.USBD_CDC_DeviceQualifierDesc  usbd_cdc.o
    0x200000de   COMPRESSED   0x00000002   PAD
    0x200000e0   COMPRESSED   0x00000012   Data   RW         2560    .data.USBD_FS_DeviceDesc  usbd_desc.o
    0x200000f2   COMPRESSED   0x00000002   PAD
    0x200000f4   COMPRESSED   0x00000014   Data   RW         2584    .data.USBD_Interface_fops_FS  usbd_cdc_if.o
    0x20000108   COMPRESSED   0x00000004   Data   RW         2561    .data.USBD_LangIDDesc  usbd_desc.o
    0x2000010c   COMPRESSED   0x0000001a   Data   RW         2562    .data.USBD_StringSerial  usbd_desc.o
    0x20000126   COMPRESSED   0x00000001   Data   RW         2481    .data._ZZ14keyBoradUpdatavE11vision_mode  remoteswitchtask.o
    0x20000127   COMPRESSED   0x00000001   PAD
    0x20000128   COMPRESSED   0x00000004   Data   RW         2177    .data.int_time      communicationtask.o
    0x2000012c   COMPRESSED   0x0000001c   Data   RW         2103    .data.tar_pitch     variable.o
    0x20000148   COMPRESSED   0x0000001c   Data   RW         2104    .data.tar_yaw       variable.o
    0x20000164   COMPRESSED   0x00000004   Data   RW         2175    .data.time_kp       communicationtask.o
    0x20000168   COMPRESSED   0x00000004   Data   RW         1084    .data.uwTickFreq    stm32f4xx_hal.o
    0x2000016c   COMPRESSED   0x00000004   Data   RW         1083    .data.uwTickPrio    stm32f4xx_hal.o
    0x20000170   COMPRESSED   0x00000004   Data   RW         1930    .data.uxCriticalNesting  port.o
    0x20000174   COMPRESSED   0x00000004   PAD
    0x20000178        -       0x00000060   Zero   RW         3264    .bss                c_wu.l(libspace.o)
    0x200001d8        -       0x00000004   Zero   RW         2397    .bss.Buzzer_Event   eventask.o
    0x200001dc        -       0x0000001c   Zero   RW         2332    .bss.CAN1_RxHeader  callback.o
    0x200001f8        -       0x00000008   Zero   RW         2333    .bss.CAN1_RxHeaderData  callback.o
    0x20000200        -       0x0000001c   Zero   RW         2334    .bss.CAN2_RxHeader  callback.o
    0x2000021c        -       0x00000008   Zero   RW         2335    .bss.CAN2_RxHeaderData  callback.o
    0x20000224        -       0x00000018   Zero   RW         2395    .bss.Dir_Event      eventask.o
    0x2000023c        -       0x00000004   Zero   RW           70    .bss.HAL_RCC_CAN1_CLK_ENABLED  can.o
    0x20000240        -       0x00000001   Zero   RW         1970    .bss.InitFlag       init.o
    0x20000241   COMPRESSED   0x00000003   PAD
    0x20000244        -       0x00000004   Zero   RW         1861    .bss.KernelState    cmsis_os2.o
    0x20000248        -       0x00000004   Zero   RW         2396    .bss.LED_Event      eventask.o
    0x2000024c        -       0x00000040   Zero   RW         2094    .bss.Tools          tools.o
    0x2000028c        -       0x00000001   Zero   RW         2736    .bss.USBD_SetConfig.cfgidx  usbd_ctlreq.o
    0x2000028d   COMPRESSED   0x00000003   PAD
    0x20000290        -       0x00000200   Zero   RW         2563    .bss.USBD_StrDesc   usbd_desc.o
    0x20000490        -       0x00000220   Zero   RW         2658    .bss.USBD_static_malloc.mem  usbd_conf.o
    0x200006b0        -       0x00000800   Zero   RW         2585    .bss.UserRxBufferFS  usbd_cdc_if.o
    0x20000eb0        -       0x00000800   Zero   RW         2586    .bss.UserTxBufferFS  usbd_cdc_if.o
    0x200016b0        -       0x00000004   Zero   RW         1965    .bss._ZGVN3BSP3IMU3imuE  hi12h3_imu.o
    0x200016b4        -       0x00000004   Zero   RW         2194    .bss._ZGVN3BSP5Motor2DM9Motor4310E  communicationtask.o
    0x200016b8        -       0x00000004   Zero   RW         2199    .bss._ZGVN3BSP5Motor3Dji9Motor2006E  communicationtask.o
    0x200016bc        -       0x00000004   Zero   RW         2204    .bss._ZGVN3BSP5Motor3Dji9Motor3508E  communicationtask.o
    0x200016c0        -       0x00000004   Zero   RW         2209    .bss._ZGVN3BSP5Motor3Dji9Motor6020E  communicationtask.o
    0x200016c4        -       0x00000004   Zero   RW         1981    .bss._ZGVN3BSP6Remote4dr16E  init.o
    0x200016c8        -       0x00000004   Zero   RW         2498    .bss._ZGVN4TASK5Shoot9shoot_fsmE  remoteswitchtask.o
    0x200016cc        -       0x00000004   Zero   RW         2493    .bss._ZGVN4TASK6GIMBAL6gimbalE  remoteswitchtask.o
    0x200016d0        -       0x00000004   Zero   RW         2504    .bss._ZGVZN3APP3Key8KeyBroad8InstanceEvE8instance  remoteswitchtask.o
    0x200016d4        -       0x00000004   Zero   RW         2132    .bss._ZGVZN3BSP7DWTimer11GetInstanceEjE8instance  heat_detector.o
    0x200016d8        -       0x00000004   Zero   RW         2502    .bss._ZGVZN4Mode17RemoteModeManager8InstanceEvE8instance  remoteswitchtask.o
    0x200016dc        -       0x00000060   Zero   RW         2500    .bss._ZN10Communicat6visionE  remoteswitchtask.o
    0x2000173c        -       0x00000004   Zero   RW         2182    .bss._ZN10Communicat9send_timeE  communicationtask.o
    0x20001740        -       0x00000008   Zero   RW         2375    .bss._ZN3APP4Data11gimbal_dataE  gimbaltask.o
    0x20001748        -       0x000000b8   Zero   RW         1964    .bss._ZN3BSP3IMU3imuE  hi12h3_imu.o
    0x20001800        -       0x000000a8   Zero   RW         2193    .bss._ZN3BSP5Motor2DM9Motor4310E  communicationtask.o
    0x200018a8        -       0x000000d0   Zero   RW         2198    .bss._ZN3BSP5Motor3Dji9Motor2006E  communicationtask.o
    0x20001978        -       0x00000130   Zero   RW         2203    .bss._ZN3BSP5Motor3Dji9Motor3508E  communicationtask.o
    0x20001aa8        -       0x000000d0   Zero   RW         2208    .bss._ZN3BSP5Motor3Dji9Motor6020E  communicationtask.o
    0x20001b78        -       0x00000004   Zero   RW         1997    .bss._ZN3BSP6Remote4Mini9instance_E  mini.o
    0x20001b7c   COMPRESSED   0x00000004   PAD
    0x20001b80        -       0x00000080   Zero   RW         1980    .bss._ZN3BSP6Remote4dr16E  init.o
    0x20001c00        -       0x00000548   Zero   RW         2497    .bss._ZN4TASK5Shoot9shoot_fsmE  remoteswitchtask.o
    0x20002148        -       0x000001a0   Zero   RW         2492    .bss._ZN4TASK6GIMBAL6gimbalE  remoteswitchtask.o
    0x200022e8        -       0x00000001   Zero   RW         2482    .bss._ZZ14BoosterUpStatevE15booster_enabled  remoteswitchtask.o
    0x200022e9   COMPRESSED   0x00000003   PAD
    0x200022ec        -       0x00000100   Zero   RW         2503    .bss._ZZN3APP3Key8KeyBroad8InstanceEvE8instance  remoteswitchtask.o
    0x200023ec   COMPRESSED   0x00000004   PAD
    0x200023f0        -       0x00000028   Zero   RW         2131    .bss._ZZN3BSP7DWTimer11GetInstanceEjE8instance  heat_detector.o
    0x20002418        -       0x00000010   Zero   RW         2501    .bss._ZZN4Mode17RemoteModeManager8InstanceEvE8instance  remoteswitchtask.o
    0x20002428        -       0x00000001   Zero   RW         2451    .bss._ZZN4TASK5Shoot14Class_ShootFSM7JammingEffE13blocking_flag  shoottask.o
    0x20002429   COMPRESSED   0x00000003   PAD
    0x2000242c        -       0x00000004   Zero   RW         2452    .bss._ZZN4TASK5Shoot14Class_ShootFSM7JammingEffE13blocking_time  shoottask.o
    0x20002430        -       0x00000008   Zero   RW         2454    .bss._ZZN4TASK5Shoot14Class_ShootFSM7JammingEffE14angle_sum_prev  shoottask.o
    0x20002438        -       0x00000004   Zero   RW         2453    .bss._ZZN4TASK5Shoot14Class_ShootFSM7JammingEffE9time_tick  shoottask.o
    0x2000243c        -       0x00000001   Zero   RW         2450    .bss._ZZN4TASK5Shoot14Class_ShootFSM7UpStateEvE5fired  shoottask.o
    0x2000243d   COMPRESSED   0x00000003   PAD
    0x20002440        -       0x00000004   Zero   RW         3253    .bss.__cxa_new_handler  libcppabi_wnu.l(cxa_default_handlers.cpp.o)
    0x20002444        -       0x00000004   Zero   RW           49    .bss.communicationTaHandle  freertos.o
    0x20002448        -       0x00000004   Zero   RW           47    .bss.defaultTaskHandle  freertos.o
    0x2000244c        -       0x00000004   Zero   RW         2178    .bss.demo_time      communicationtask.o
    0x20002450        -       0x00000004   Zero   RW           50    .bss.eventTaskHandle  freertos.o
    0x20002454        -       0x00000004   Zero   RW           48    .bss.gimbalTaskHandle  freertos.o
    0x20002458        -       0x000002dc   Zero   RW         2538    .bss.hUsbDeviceFS   usb_device.o
    0x20002734        -       0x00000038   Zero   RW           68    .bss.hcan1          can.o
    0x2000276c        -       0x00000038   Zero   RW           69    .bss.hcan2          can.o
    0x200027a4        -       0x00000064   Zero   RW          129    .bss.hdma_usart1_rx  usart.o
    0x20002808        -       0x00000064   Zero   RW          128    .bss.hdma_usart1_tx  usart.o
    0x2000286c        -       0x00000064   Zero   RW          130    .bss.hdma_usart3_rx  usart.o
    0x200028d0        -       0x00000064   Zero   RW          131    .bss.hdma_usart3_tx  usart.o
    0x20002934        -       0x00000064   Zero   RW          133    .bss.hdma_usart6_rx  usart.o
    0x20002998        -       0x00000064   Zero   RW          132    .bss.hdma_usart6_tx  usart.o
    0x200029fc        -       0x000004e8   Zero   RW         2657    .bss.hpcd_USB_OTG_FS  usbd_conf.o
    0x20002ee4        -       0x00000068   Zero   RW          104    .bss.htim4          tim.o
    0x20002f4c        -       0x00000068   Zero   RW          105    .bss.htim5          tim.o
    0x20002fb4        -       0x00000068   Zero   RW          208    .bss.htim6          stm32f4xx_hal_timebase_tim.o
    0x2000301c        -       0x00000068   Zero   RW          106    .bss.htim7          tim.o
    0x20003084        -       0x00000050   Zero   RW          125    .bss.huart1         usart.o
    0x200030d4        -       0x00000050   Zero   RW          126    .bss.huart3         usart.o
    0x20003124        -       0x00000050   Zero   RW          127    .bss.huart6         usart.o
    0x20003174        -       0x00000004   Zero   RW         2446    .bss.hz_send        shoottask.o
    0x20003178        -       0x000000a0   Zero   RW         1702    .bss.prvCheckForValidListAndQueue.ucStaticTimerQueueStorage  timers.o
    0x20003218        -       0x00000050   Zero   RW         1701    .bss.prvCheckForValidListAndQueue.xStaticTimerQueue  timers.o
    0x20003268        -       0x00000004   Zero   RW         1698    .bss.prvSampleTimeNow.xLastTime  timers.o
    0x2000326c        -       0x00000004   Zero   RW         1625    .bss.pxCurrentTCB   tasks.o
    0x20003270        -       0x00000004   Zero   RW         1696    .bss.pxCurrentTimerList  timers.o
    0x20003274        -       0x00000004   Zero   RW         1633    .bss.pxDelayedTaskList  tasks.o
    0x20003278        -       0x00000004   Zero   RW         1886    .bss.pxEnd          heap_4.o
    0x2000327c        -       0x00000004   Zero   RW         1634    .bss.pxOverflowDelayedTaskList  tasks.o
    0x20003280        -       0x00000004   Zero   RW         1697    .bss.pxOverflowTimerList  timers.o
    0x20003284        -       0x00000460   Zero   RW         1636    .bss.pxReadyTasksLists  tasks.o
    0x200036e4        -       0x00000004   Zero   RW           52    .bss.remoteSwitchHandle  freertos.o
    0x200036e8        -       0x00000001   Zero   RW         2480    .bss.shift          remoteswitchtask.o
    0x200036e9   COMPRESSED   0x00000003   PAD
    0x200036ec        -       0x00000004   Zero   RW           51    .bss.shootTaskHandle  freertos.o
    0x200036f0        -       0x00000004   Zero   RW         2176    .bss.time_out       communicationtask.o
    0x200036f4        -       0x00003c00   Zero   RW         1893    .bss.ucHeap         heap_4.o
    0x200072f4        -       0x00000001   Zero   RW         1928    .bss.ucMaxSysCallPriority  port.o
    0x200072f5   COMPRESSED   0x00000003   PAD
    0x200072f8        -       0x00000004   Zero   RW         1929    .bss.ulMaxPRIGROUPValue  port.o
    0x200072fc        -       0x00000004   Zero   RW         1085    .bss.uwTick         stm32f4xx_hal.o
    0x20007300        -       0x00000004   Zero   RW         1629    .bss.uxCurrentNumberOfTasks  tasks.o
    0x20007304        -       0x00000004   Zero   RW         1628    .bss.uxDeletedTasksWaitingCleanUp  tasks.o
    0x20007308        -       0x00000004   Zero   RW         1631    .bss.uxSchedulerSuspended  tasks.o
    0x2000730c        -       0x00000004   Zero   RW         1626    .bss.uxTaskNumber   tasks.o
    0x20007310        -       0x00000004   Zero   RW         1637    .bss.uxTopReadyPriority  tasks.o
    0x20007314        -       0x00000200   Zero   RW         1863    .bss.vApplicationGetIdleTaskMemory.Idle_Stack  cmsis_os2.o
    0x20007514        -       0x0000005c   Zero   RW         1862    .bss.vApplicationGetIdleTaskMemory.Idle_TCB  cmsis_os2.o
    0x20007570        -       0x00000400   Zero   RW         1865    .bss.vApplicationGetTimerTaskMemory.Timer_Stack  cmsis_os2.o
    0x20007970        -       0x0000005c   Zero   RW         1864    .bss.vApplicationGetTimerTaskMemory.Timer_TCB  cmsis_os2.o
    0x200079cc        -       0x00000014   Zero   RW         1699    .bss.xActiveTimerList1  timers.o
    0x200079e0        -       0x00000014   Zero   RW         1700    .bss.xActiveTimerList2  timers.o
    0x200079f4        -       0x00000001   Zero   RW         1887    .bss.xBlockAllocatedBit  heap_4.o
    0x200079f5   COMPRESSED   0x00000003   PAD
    0x200079f8        -       0x00000014   Zero   RW         1644    .bss.xDelayedTaskList1  tasks.o
    0x20007a0c        -       0x00000014   Zero   RW         1645    .bss.xDelayedTaskList2  tasks.o
    0x20007a20        -       0x00000004   Zero   RW         1888    .bss.xFreeBytesRemaining  heap_4.o
    0x20007a24        -       0x00000004   Zero   RW         1639    .bss.xIdleTaskHandle  tasks.o
    0x20007a28        -       0x00000004   Zero   RW         1890    .bss.xMinimumEverFreeBytesRemaining  heap_4.o
    0x20007a2c        -       0x00000004   Zero   RW         1640    .bss.xNextTaskUnblockTime  tasks.o
    0x20007a30        -       0x00000004   Zero   RW         1643    .bss.xNumOfOverflows  tasks.o
    0x20007a34        -       0x00000004   Zero   RW         1891    .bss.xNumberOfSuccessfulAllocations  heap_4.o
    0x20007a38        -       0x00000004   Zero   RW         1892    .bss.xNumberOfSuccessfulFrees  heap_4.o
    0x20007a3c        -       0x00000004   Zero   RW         1642    .bss.xPendedTicks   tasks.o
    0x20007a40        -       0x00000014   Zero   RW         1638    .bss.xPendingReadyList  tasks.o
    0x20007a54        -       0x00000040   Zero   RW         1458    .bss.xQueueRegistry  queue.o
    0x20007a94        -       0x00000004   Zero   RW         1630    .bss.xSchedulerRunning  tasks.o
    0x20007a98        -       0x00000008   Zero   RW         1889    .bss.xStart         heap_4.o
    0x20007aa0        -       0x00000014   Zero   RW         1635    .bss.xSuspendedTaskList  tasks.o
    0x20007ab4        -       0x00000014   Zero   RW         1627    .bss.xTasksWaitingTermination  tasks.o
    0x20007ac8        -       0x00000004   Zero   RW         1632    .bss.xTickCount     tasks.o
    0x20007acc        -       0x00000004   Zero   RW         1694    .bss.xTimerQueue    timers.o
    0x20007ad0        -       0x00000004   Zero   RW         1695    .bss.xTimerTaskHandle  timers.o
    0x20007ad4        -       0x00000004   Zero   RW         1641    .bss.xYieldPending  tasks.o
    0x20007ad8        -       0x00000200   Zero   RW            2    HEAP                startup_stm32f407xx.o
    0x20007cd8        -       0x00000400   Zero   RW            1    STACK               startup_stm32f407xx.o


    Execution Region RW_IRAM2 (Exec base: 0x2001c000, Load base: 0x0800e208, Size: 0x00000000, Max: 0x00004000, ABSOLUTE)

    **** No section assigned to this execution region ****


==============================================================================

Image component sizes


      Code (inc. data)   RO Data    RW Data    ZI Data      Debug   Object Name

       286          0          0          0          0      18310   adrc.o
       180          0         20          0          0      33289   buzzer.o
       578          0          0          0         72      53007   callback.o
       478          0          0          0        116       6621   can.o
       406          0          0          0       1724      41311   cmsis_os2.o
      6244        152        268         64        916      83136   communicationtask.o
       786         40          0          0          0      28439   dbus.o
       156          0          0          0          0       3525   dma.o
       196          0          0          0          0      42635   dwt.o
       868          0         64          0         32      97834   eventask.o
       208          0        288          0         24       3366   freertos.o
      1790         48          0          0          8      91459   gimbaltask.o
       136          0          0          0          0       1557   gpio.o
       622          0          0          0      15389       5065   heap_4.o
       580         12          0          0         44      27451   heat_detector.o
       718         32          4          0        188      23628   hi12h3_imu.o
       288          0          4          0        133      21300   init.o
       372          0          0          0          0      21995   keybroad.o
       450          4         20          0          0      29131   led.o
       150          0          0          0          0       2237   list.o
       262          0          0          0          0       6216   main.o
         0          0          0          0          4      29157   mini.o
       602          8          0          0          0      15654   pid.o
       802         16          0          4          5       4097   port.o
      1398          0          0          0         64      24177   queue.o
      2460         24          8          1       2154      67207   remoteswitchtask.o
      1842         32         12          0         22      93665   shoottask.o
        64         26        392          0       1536        868   startup_stm32f407xx.o
       132          0          0          8          4       7292   stm32f4xx_hal.o
      1638          6          0          0          0      13957   stm32f4xx_hal_can.o
       150          0          0          0          0      10756   stm32f4xx_hal_cortex.o
       998          4          8          0          0       9907   stm32f4xx_hal_dma.o
       408          0          0          0          0       5094   stm32f4xx_hal_gpio.o
        66          0          0          0          0       3546   stm32f4xx_hal_msp.o
      2850          0          0          0          0      16627   stm32f4xx_hal_pcd.o
        88          0          0          0          0       4440   stm32f4xx_hal_pcd_ex.o
      1458          0          0          0          0       7310   stm32f4xx_hal_rcc.o
      2320          4          0          0          0      56161   stm32f4xx_hal_tim.o
       182          0          0          0          0      21639   stm32f4xx_hal_tim_ex.o
       176          0          0          0        104       7211   stm32f4xx_hal_timebase_tim.o
      2190          0          0          0          0      27078   stm32f4xx_hal_uart.o
       204          0          0          0          0      10486   stm32f4xx_it.o
      2738          0          0          0          0      27320   stm32f4xx_ll_usb.o
        18          0         24          4          0       2667   system_stm32f4xx.o
      2826          8          0          0       1280      37416   tasks.o
       808          0          0          0        312       9343   tim.o
      1168         26          0          0        300      17069   timers.o
       150          8          0          0         64      18453   tools.o
       962          0          0          0        840       8108   usart.o
       114          0          0          0        732       3211   usb_device.o
      1208         12          0        133          0      11291   usbd_cdc.o
       138          0          0         20       4096       4909   usbd_cdc_if.o
       740          0         16          0       1800      18602   usbd_conf.o
       918          0          0          0          0      10632   usbd_core.o
      1442         24          0          0          1       9752   usbd_ctlreq.o
       332         72          0         76        512       3640   usbd_desc.o
       128          0          0          0          0       4736   usbd_ioreq.o
         0          0          0         56          0      27898   variable.o

    ----------------------------------------------------------------------
     49944        566       1160        372      32512    1292888   Object Totals
         0          0         32          0          0          0   (incl. Generated)
       472          8          0          6         36          0   (incl. Padding)

    ----------------------------------------------------------------------

      Code (inc. data)   RO Data    RW Data    ZI Data      Debug   Library Member Name

        58          0          0          0          0          0   __dczerorl.o
         8          0          0          0          0         68   __main.o
         0          0          0          0          0          0   __rtentry.o
        12          0          0          0          0          0   __rtentry2.o
         6          0          0          0          0          0   __rtentry4.o
        94          8          0          0          0          0   __scatter.o
        28          0          0          0          0          0   __scatter_zi.o
        22          0          0          0          0        100   _rserrno.o
        22          0          0          0          0         80   abort.o
        46          0          0          0          0         84   aeabi_atexit.o
        16          0          0          0          0         68   aeabi_memset4.o
        10          0          0          0          0         68   cxa_atexit.o
        66          0          0          0          0         84   cxa_finalize.o
        48         34          0          0          0         76   defsig_abrt_inner.o
        14          0          0          0          0         80   defsig_abrt_outer.o
        10          0          0          0          0         68   defsig_exit.o
        50          0          0          0          0         88   defsig_general.o
        80         58          0          0          0         76   defsig_rtmem_inner.o
        14          0          0          0          0         80   defsig_rtmem_outer.o
        18          0          0          0          0         80   exit.o
        94          0          0          0          0         80   h1_alloc.o
        52          0          0          0          0         68   h1_extend.o
        78          0          0          0          0         80   h1_free.o
        12          0          0          0          0         84   h1_init.o
         6          0          0          0          0        152   heapauxi.o
         4          0          0          0          0        136   hguard.o
         0          0          0          0          0          0   indicate_semi.o
        44          8          0          0          0         80   init_aeabi.o
       138          0          0          0          0        168   init_alloc.o
         2          0          0          0          0          0   libinit.o
        18          0          0          0          0          0   libinit2.o
         2          0          0          0          0          0   libshutdown.o
         8          0          0          0          0          0   libshutdown2.o
         8          4          0          0         96         68   libspace.o
       240          0          0          0          0        100   lludivv7m.o
         0          0          0          0          0          0   maybetermalloc1.o
         8          4          0          0          0         68   rt_ddtor_pointer_addr_intlibspace.o
         8          4          0          0          0         68   rt_errno_addr_intlibspace.o
         8          4          0          0          0         68   rt_heap_descriptor_intlibspace.o
        78          0          0          0          0         80   rt_memclr_w.o
       138          0          0          0          0         68   rt_memcpy_v6.o
       100          0          0          0          0         80   rt_memcpy_w.o
         2          0          0          0          0          0   rtexit.o
        10          0          0          0          0          0   rtexit2.o
        12          4          0          0          0         68   sys_exit.o
        74          0          0          0          0         80   sys_stackheap_outer.o
        14          0          0          0          0         76   sys_wrch.o
         2          0          0          0          0         68   use_no_semi.o
        98          4          0          0          0        140   d2f.o
       812         16          0          0          0        392   daddsub_clz.o
        84          0          0          0          0        244   dcmp.o
        24          0          0          0          0        116   dcmpi.o
       692        140          0          0          0        264   ddiv.o
       120          4          0          0          0        140   deqf.o
        84          0          0          0          0        232   dflt_clz.o
       120          4          0          0          0        140   dgeqf.o
       120          4          0          0          0        140   dleqf.o
       340         12          0          0          0        152   dmul.o
       156          4          0          0          0        140   dnaninf.o
        12          0          0          0          0        116   dretinf.o
        86          4          0          0          0        132   f2d.o
       134          4          0          0          0        132   ffixll.o
        96          0          0          0          0        132   ffltll_clz.o
       140          4          0          0          0        132   fnaninf.o
        26          0          0          0          0        116   fpinit.o
       244          8          0          0          0        132   frem_clz.o
        10          0          0          0          0        116   fretinf.o
         0          0          0          0          0          0   usenofp.o
        46          0          0          0          0        364   new.cpp.o
         4          0          0          0          0         36   abort_message.cpp.o
         0          0          0          0          4          0   cxa_default_handlers.cpp.o
        52          0        147          0          0         76   cxa_guard.cpp.o
        12          0          0          0          0        132   cxa_handlers.cpp.o
        40         32          0          0          0         52   cxa_virtual.cpp.o
       176          0          0          0          0        168   fmodf.o
        38          0          0          0          0        116   fpclassifyf.o
        38         12          0          0          0        348   funder.o
       340         24         32          0          0        160   rredf.o
       400         56          0          0          0        212   sinf.o

    ----------------------------------------------------------------------
      6344        460        180          0        100       7612   Library Totals
        18          0          1          0          0          0   (incl. Padding)

    ----------------------------------------------------------------------

      Code (inc. data)   RO Data    RW Data    ZI Data      Debug   Library Name

      1782        128          0          0         96       2840   c_wu.l
      3398        208          0          0          0       3108   fz_wm.l
        46          0          0          0          0        364   libcpp_wnu.l
       108         32        147          0          4        296   libcppabi_wnu.l
       992         92         32          0          0       1004   m_wm.l

    ----------------------------------------------------------------------
      6344        460        180          0        100       7612   Library Totals

    ----------------------------------------------------------------------

==============================================================================


      Code (inc. data)   RO Data    RW Data    ZI Data      Debug   

     56288       1026       1340        372      32612    1295176   Grand Totals
     56288       1026       1340        232      32612    1295176   ELF Image Totals (compressed)
     56288       1026       1340        232          0          0   ROM Totals

==============================================================================

    Total RO  Size (Code + RO Data)                57628 (  56.28kB)
    Total RW  Size (RW Data + ZI Data)             32984 (  32.21kB)
    Total ROM Size (Code + RO Data + RW Data)      57860 (  56.50kB)

==============================================================================

