<html>
<body>
<pre>
<h1>µVision Build Log</h1>
<h2>Tool Versions:</h2>
IDE-Version: ¦ÌVision V5.42.0.0
Copyright (C) 2025 ARM Ltd and ARM Germany GmbH. All rights reserved.
License Information: sk Langyu, skks, LIC=Q7GU5-GDNGL-24QSS-L9LNR-Z6PJ9-SKQGK
 
Tool Versions:
Toolchain:       MDK-ARM Professional  Version: 5.42.0.0
Toolchain Path:  D:\Program Files\Keil\ARM\ARMCLANG\Bin
C Compiler:      ArmClang.exe V6.23
Assembler:       Armasm.exe V6.23
Linker/Locator:  ArmLink.exe V6.23
Library Manager: ArmAr.exe V6.23
Hex Converter:   FromElf.exe V6.23
CPU DLL:         SARMCM3.DLL V5.42.0.0
Dialog DLL:      DCM.DLL V1.17.5.0
Target DLL:      CMSIS_AGDI.dll V1.33.22.0
Dialog DLL:      TCM.DLL V1.56.6.0
 
<h2>Project:</h2>
D:\rm\Control\ÑÐ·¢´úÂë\Robot\2026Engineer_Chassis_BoardA_FreeRTOS\MDK-ARM\2026Engineer_Chassis_BoardA_FreeRTOS.uvprojx
Project File Date:  01/29/2026

<h2>Output:</h2>
*** Using Compiler 'V6.23', folder: 'D:\Program Files\Keil\ARM\ARMCLANG\Bin'
Build target '2026Engineer_Chassis_BoardA_FreeRTOS'
assembling startup_stm32f427xx.s...
compiling freertos.c...
compiling main.c...
compiling stm32f4xx_hal_flash.c...
compiling stm32f4xx_hal_msp.c...
compiling stm32f4xx_hal_rcc_ex.c...
compiling croutine.c...
compiling stm32f4xx_hal_dma_ex.c...
compiling stm32f4xx_hal_exti.c...
compiling gpio.c...
compiling stm32f4xx_hal_pwr_ex.c...
compiling stm32f4xx_hal_flash_ramfunc.c...
compiling stm32f4xx_hal.c...
compiling event_groups.c...
compiling can.c...
compiling stm32f4xx_hal_rcc.c...
compiling stm32f4xx_hal_flash_ex.c...
compiling list.c...
compiling dma.c...
compiling stm32f4xx_hal_timebase_tim.c...
compiling stm32f4xx_it.c...
compiling usart.c...
compiling stm32f4xx_hal_gpio.c...
compiling stm32f4xx_hal_cortex.c...
compiling system_stm32f4xx.c...
compiling queue.c...
compiling stm32f4xx_hal_pwr.c...
compiling stm32f4xx_hal_can.c...
compiling stm32f4xx_hal_dma.c...
compiling stm32f4xx_hal_tim_ex.c...
compiling stm32f4xx_hal_uart.c...
compiling stm32f4xx_hal_tim.c...
compiling stream_buffer.c...
compiling tasks.c...
compiling heap_4.c...
compiling port.c...
compiling timers.c...
compiling Feedforward.cpp...
compiling cmsis_os2.c...
compiling state_watch.cpp...
compiling DT7.cpp...
compiling pid.cpp...
compiling can_bus.cpp...
compiling can_device.cpp...
compiling can_bus_impl.cpp...
compiling uart_bus_impl.cpp...
compiling Callback.cpp...
compiling uart_bus.cpp...
compiling ChassisTask.cpp...
compiling can_device_impl.cpp...
compiling uart_device_impl.cpp...
compiling MotorTask.cpp...
compiling RemoteTask.cpp...
linking...
Program Size: Code=61152 RO-data=2220 RW-data=36 ZI-data=22748  
FromELF: creating hex file...
"2026Engineer_Chassis_BoardA_FreeRTOS\2026Engineer_Chassis_BoardA_FreeRTOS.axf" - 0 Error(s), 0 Warning(s).

<h2>Software Packages used:</h2>

Package Vendor: ARM
                https://www.keil.com/pack/ARM.CMSIS.6.1.0.pack
                ARM::CMSIS@6.1.0
                CMSIS (Common Microcontroller Software Interface Standard)
   * Component: CORE Version: 6.1.0

Package Vendor: Keil
                https://www.keil.com/pack/Keil.STM32F4xx_DFP.3.1.1.pack
                Keil::STM32F4xx_DFP@3.1.1
                STMicroelectronics STM32F4 Series Device Support

<h2>Collection of Component include folders:</h2>
  ./RTE/_2026Engineer_Chassis_BoardA_FreeRTOS
  D:/Program Files/Keil/Packs/ARM/CMSIS/6.1.0/CMSIS/Core/Include

<h2>Collection of Component Files used:</h2>

   * Component: ARM::CMSIS:CORE@6.1.0
      Include file:  CMSIS/Core/Include/tz_context.h
Build Time Elapsed:  00:00:03
</pre>
</body>
</html>
