<!doctype html public "-//w3c//dtd html 4.0 transitional//en">
<html><head>
<title>Static Call Graph - [./build/SG_CHASSIS_C_2024_11_5/SG_CHASSIS_C_2024_11_5.axf]</title></head>
<body><HR>
<H1>Static Call Graph for image ./build/SG_CHASSIS_C_2024_11_5/SG_CHASSIS_C_2024_11_5.axf</H1><HR>
<BR><P>#&#060CALLGRAPH&#062# ARM Linker, 6140101: Last Updated: Wed Jul 16 12:02:21 2025
<BR><P>
<H3>Maximum Stack Usage =       2528 bytes + Unknown(Functions without stacksize, Cycles, Untraceable Function Pointers)</H3><H3>
Call chain for Maximum Stack Depth:</H3>
Chassis_Task::updateState() &rArr; operator new(unsigned) &rArr; __cxa_throw &rArr; _ZN10__cxxabiv1L12failed_throwEPNS_15__cxa_exceptionE &rArr; __cxa_begin_catch &rArr; std::terminate() &rArr; std::__terminate(void(*)()) &rArr;  __cxa_begin_catch (Cycle)
<P>
<H3>
Functions with no stack information
</H3><UL>
 <LI><a href="#[11f]">__user_initial_stackheap</a>
 <LI><a href="#[1d7]">__unw_getcontext</a>
 <LI><a href="#[3d3]">unw_getcontext</a>
 <LI><a href="#[30a]">libunwind::Registers_arm::saveVFPWithFSTMD(void*)</a>
 <LI><a href="#[308]">libunwind::Registers_arm::saveVFPWithFSTMX(void*)</a>
 <LI><a href="#[309]">libunwind::Registers_arm::saveVFPv3(void*)</a>
 <LI><a href="#[310]">libunwind::Registers_arm::restoreCoreAndJumpTo()</a>
 <LI><a href="#[312]">libunwind::Registers_arm::restoreVFPWithFLDMD(void*)</a>
 <LI><a href="#[311]">libunwind::Registers_arm::restoreVFPWithFLDMX(void*)</a>
 <LI><a href="#[313]">libunwind::Registers_arm::restoreVFPv3(void*)</a>
</UL>
</UL>
<P>
<H3>
Mutually Recursive functions
</H3> <LI><a href="#[1c]">ADC_IRQHandler</a>&nbsp;&nbsp;&nbsp;&rArr;&nbsp;&nbsp;&nbsp;<a href="#[1c]">ADC_IRQHandler</a><BR>
 <LI><a href="#[324]">__clang_call_terminate</a>&nbsp;&nbsp;&nbsp;&rArr;&nbsp;&nbsp;&nbsp;<a href="#[20d]">__cxa_begin_catch</a><BR>
 <LI><a href="#[333]">__cxa_call_unexpected</a>&nbsp;&nbsp;&nbsp;&rArr;&nbsp;&nbsp;&nbsp;<a href="#[32c]">__cxa_end_catch</a><BR>
 <LI><a href="#[31a]">__cxa_allocate_exception</a>&nbsp;&nbsp;&nbsp;&rArr;&nbsp;&nbsp;&nbsp;<a href="#[e6]">std::terminate()</a><BR>
 <LI><a href="#[20a]">_ZN10__cxxabiv1L14call_terminateEbP21_Unwind_Control_Block</a>&nbsp;&nbsp;&nbsp;&rArr;&nbsp;&nbsp;&nbsp;<a href="#[20d]">__cxa_begin_catch</a><BR>
 <LI><a href="#[338]">__cxa_rethrow</a>&nbsp;&nbsp;&nbsp;&rArr;&nbsp;&nbsp;&nbsp;<a href="#[20d]">__cxa_begin_catch</a><BR>
 <LI><a href="#[20e]">std::__terminate(void(*)())</a>&nbsp;&nbsp;&nbsp;&rArr;&nbsp;&nbsp;&nbsp;<a href="#[20d]">__cxa_begin_catch</a><BR>
</UL>
<P>
<H3>
Function Pointers
</H3><UL>
 <LI><a href="#[1c]">ADC_IRQHandler</a> from startup_stm32f407xx.o(.text) referenced from startup_stm32f407xx.o(RESET)
 <LI><a href="#[4]">BusFault_Handler</a> from stm32f4xx_it.o(.text.BusFault_Handler) referenced from startup_stm32f407xx.o(RESET)
 <LI><a href="#[1e]">CAN1_RX0_IRQHandler</a> from stm32f4xx_it.o(.text.CAN1_RX0_IRQHandler) referenced from startup_stm32f407xx.o(RESET)
 <LI><a href="#[1f]">CAN1_RX1_IRQHandler</a> from stm32f4xx_it.o(.text.CAN1_RX1_IRQHandler) referenced from startup_stm32f407xx.o(RESET)
 <LI><a href="#[20]">CAN1_SCE_IRQHandler</a> from startup_stm32f407xx.o(.text) referenced from startup_stm32f407xx.o(RESET)
 <LI><a href="#[1d]">CAN1_TX_IRQHandler</a> from startup_stm32f407xx.o(.text) referenced from startup_stm32f407xx.o(RESET)
 <LI><a href="#[4a]">CAN2_RX0_IRQHandler</a> from stm32f4xx_it.o(.text.CAN2_RX0_IRQHandler) referenced from startup_stm32f407xx.o(RESET)
 <LI><a href="#[4b]">CAN2_RX1_IRQHandler</a> from stm32f4xx_it.o(.text.CAN2_RX1_IRQHandler) referenced from startup_stm32f407xx.o(RESET)
 <LI><a href="#[4c]">CAN2_SCE_IRQHandler</a> from startup_stm32f407xx.o(.text) referenced from startup_stm32f407xx.o(RESET)
 <LI><a href="#[49]">CAN2_TX_IRQHandler</a> from startup_stm32f407xx.o(.text) referenced from startup_stm32f407xx.o(RESET)
 <LI><a href="#[62]">ChassisTask</a> from ChassisTask.o(.text.ChassisTask) referenced 2 times from freertos.o(.text.MX_FREERTOS_Init)
 <LI><a href="#[63]">CommunicationTask</a> from CommunicationTask.o(.text.CommunicationTask) referenced 2 times from freertos.o(.text.MX_FREERTOS_Init)
 <LI><a href="#[58]">DCMI_IRQHandler</a> from startup_stm32f407xx.o(.text) referenced from startup_stm32f407xx.o(RESET)
 <LI><a href="#[15]">DMA1_Stream0_IRQHandler</a> from startup_stm32f407xx.o(.text) referenced from startup_stm32f407xx.o(RESET)
 <LI><a href="#[16]">DMA1_Stream1_IRQHandler</a> from stm32f4xx_it.o(.text.DMA1_Stream1_IRQHandler) referenced from startup_stm32f407xx.o(RESET)
 <LI><a href="#[17]">DMA1_Stream2_IRQHandler</a> from startup_stm32f407xx.o(.text) referenced from startup_stm32f407xx.o(RESET)
 <LI><a href="#[18]">DMA1_Stream3_IRQHandler</a> from stm32f4xx_it.o(.text.DMA1_Stream3_IRQHandler) referenced from startup_stm32f407xx.o(RESET)
 <LI><a href="#[19]">DMA1_Stream4_IRQHandler</a> from startup_stm32f407xx.o(.text) referenced from startup_stm32f407xx.o(RESET)
 <LI><a href="#[1a]">DMA1_Stream5_IRQHandler</a> from startup_stm32f407xx.o(.text) referenced from startup_stm32f407xx.o(RESET)
 <LI><a href="#[1b]">DMA1_Stream6_IRQHandler</a> from startup_stm32f407xx.o(.text) referenced from startup_stm32f407xx.o(RESET)
 <LI><a href="#[39]">DMA1_Stream7_IRQHandler</a> from startup_stm32f407xx.o(.text) referenced from startup_stm32f407xx.o(RESET)
 <LI><a href="#[42]">DMA2_Stream0_IRQHandler</a> from startup_stm32f407xx.o(.text) referenced from startup_stm32f407xx.o(RESET)
 <LI><a href="#[43]">DMA2_Stream1_IRQHandler</a> from stm32f4xx_it.o(.text.DMA2_Stream1_IRQHandler) referenced from startup_stm32f407xx.o(RESET)
 <LI><a href="#[44]">DMA2_Stream2_IRQHandler</a> from stm32f4xx_it.o(.text.DMA2_Stream2_IRQHandler) referenced from startup_stm32f407xx.o(RESET)
 <LI><a href="#[45]">DMA2_Stream3_IRQHandler</a> from startup_stm32f407xx.o(.text) referenced from startup_stm32f407xx.o(RESET)
 <LI><a href="#[46]">DMA2_Stream4_IRQHandler</a> from startup_stm32f407xx.o(.text) referenced from startup_stm32f407xx.o(RESET)
 <LI><a href="#[4e]">DMA2_Stream5_IRQHandler</a> from startup_stm32f407xx.o(.text) referenced from startup_stm32f407xx.o(RESET)
 <LI><a href="#[4f]">DMA2_Stream6_IRQHandler</a> from stm32f4xx_it.o(.text.DMA2_Stream6_IRQHandler) referenced from startup_stm32f407xx.o(RESET)
 <LI><a href="#[50]">DMA2_Stream7_IRQHandler</a> from stm32f4xx_it.o(.text.DMA2_Stream7_IRQHandler) referenced from startup_stm32f407xx.o(RESET)
 <LI><a href="#[7]">DebugMon_Handler</a> from stm32f4xx_it.o(.text.DebugMon_Handler) referenced from startup_stm32f407xx.o(RESET)
 <LI><a href="#[47]">ETH_IRQHandler</a> from startup_stm32f407xx.o(.text) referenced from startup_stm32f407xx.o(RESET)
 <LI><a href="#[48]">ETH_WKUP_IRQHandler</a> from startup_stm32f407xx.o(.text) referenced from startup_stm32f407xx.o(RESET)
 <LI><a href="#[10]">EXTI0_IRQHandler</a> from startup_stm32f407xx.o(.text) referenced from startup_stm32f407xx.o(RESET)
 <LI><a href="#[32]">EXTI15_10_IRQHandler</a> from startup_stm32f407xx.o(.text) referenced from startup_stm32f407xx.o(RESET)
 <LI><a href="#[11]">EXTI1_IRQHandler</a> from startup_stm32f407xx.o(.text) referenced from startup_stm32f407xx.o(RESET)
 <LI><a href="#[12]">EXTI2_IRQHandler</a> from startup_stm32f407xx.o(.text) referenced from startup_stm32f407xx.o(RESET)
 <LI><a href="#[13]">EXTI3_IRQHandler</a> from startup_stm32f407xx.o(.text) referenced from startup_stm32f407xx.o(RESET)
 <LI><a href="#[14]">EXTI4_IRQHandler</a> from startup_stm32f407xx.o(.text) referenced from startup_stm32f407xx.o(RESET)
 <LI><a href="#[21]">EXTI9_5_IRQHandler</a> from startup_stm32f407xx.o(.text) referenced from startup_stm32f407xx.o(RESET)
 <LI><a href="#[66]">EventTask</a> from EvenTask.o(.text.EventTask) referenced 2 times from freertos.o(.text.MX_FREERTOS_Init)
 <LI><a href="#[e]">FLASH_IRQHandler</a> from startup_stm32f407xx.o(.text) referenced from startup_stm32f407xx.o(RESET)
 <LI><a href="#[3a]">FMC_IRQHandler</a> from startup_stm32f407xx.o(.text) referenced from startup_stm32f407xx.o(RESET)
 <LI><a href="#[5a]">FPU_IRQHandler</a> from startup_stm32f407xx.o(.text) referenced from startup_stm32f407xx.o(RESET)
 <LI><a href="#[59]">HASH_RNG_IRQHandler</a> from startup_stm32f407xx.o(.text) referenced from startup_stm32f407xx.o(RESET)
 <LI><a href="#[2]">HardFault_Handler</a> from stm32f4xx_it.o(.text.HardFault_Handler) referenced from startup_stm32f407xx.o(RESET)
 <LI><a href="#[2a]">I2C1_ER_IRQHandler</a> from startup_stm32f407xx.o(.text) referenced from startup_stm32f407xx.o(RESET)
 <LI><a href="#[29]">I2C1_EV_IRQHandler</a> from startup_stm32f407xx.o(.text) referenced from startup_stm32f407xx.o(RESET)
 <LI><a href="#[2c]">I2C2_ER_IRQHandler</a> from startup_stm32f407xx.o(.text) referenced from startup_stm32f407xx.o(RESET)
 <LI><a href="#[2b]">I2C2_EV_IRQHandler</a> from startup_stm32f407xx.o(.text) referenced from startup_stm32f407xx.o(RESET)
 <LI><a href="#[53]">I2C3_ER_IRQHandler</a> from startup_stm32f407xx.o(.text) referenced from startup_stm32f407xx.o(RESET)
 <LI><a href="#[52]">I2C3_EV_IRQHandler</a> from startup_stm32f407xx.o(.text) referenced from startup_stm32f407xx.o(RESET)
 <LI><a href="#[3]">MemManage_Handler</a> from stm32f4xx_it.o(.text.MemManage_Handler) referenced from startup_stm32f407xx.o(RESET)
 <LI><a href="#[1]">NMI_Handler</a> from stm32f4xx_it.o(.text.NMI_Handler) referenced from startup_stm32f407xx.o(RESET)
 <LI><a href="#[4d]">OTG_FS_IRQHandler</a> from startup_stm32f407xx.o(.text) referenced from startup_stm32f407xx.o(RESET)
 <LI><a href="#[34]">OTG_FS_WKUP_IRQHandler</a> from startup_stm32f407xx.o(.text) referenced from startup_stm32f407xx.o(RESET)
 <LI><a href="#[55]">OTG_HS_EP1_IN_IRQHandler</a> from startup_stm32f407xx.o(.text) referenced from startup_stm32f407xx.o(RESET)
 <LI><a href="#[54]">OTG_HS_EP1_OUT_IRQHandler</a> from startup_stm32f407xx.o(.text) referenced from startup_stm32f407xx.o(RESET)
 <LI><a href="#[57]">OTG_HS_IRQHandler</a> from startup_stm32f407xx.o(.text) referenced from startup_stm32f407xx.o(RESET)
 <LI><a href="#[56]">OTG_HS_WKUP_IRQHandler</a> from startup_stm32f407xx.o(.text) referenced from startup_stm32f407xx.o(RESET)
 <LI><a href="#[b]">PVD_IRQHandler</a> from startup_stm32f407xx.o(.text) referenced from startup_stm32f407xx.o(RESET)
 <LI><a href="#[8]">PendSV_Handler</a> from port.o(.text.PendSV_Handler) referenced from startup_stm32f407xx.o(RESET)
 <LI><a href="#[f]">RCC_IRQHandler</a> from startup_stm32f407xx.o(.text) referenced from startup_stm32f407xx.o(RESET)
 <LI><a href="#[65]">RLSTask</a> from PowerTask.o(.text.RLSTask) referenced 2 times from freertos.o(.text.MX_FREERTOS_Init)
 <LI><a href="#[33]">RTC_Alarm_IRQHandler</a> from startup_stm32f407xx.o(.text) referenced from startup_stm32f407xx.o(RESET)
 <LI><a href="#[d]">RTC_WKUP_IRQHandler</a> from startup_stm32f407xx.o(.text) referenced from startup_stm32f407xx.o(RESET)
 <LI><a href="#[64]">RefeeTask</a> from RefeeTask.o(.text.RefeeTask) referenced 2 times from freertos.o(.text.MX_FREERTOS_Init)
 <LI><a href="#[0]">Reset_Handler</a> from startup_stm32f407xx.o(.text) referenced from startup_stm32f407xx.o(RESET)
 <LI><a href="#[3b]">SDIO_IRQHandler</a> from startup_stm32f407xx.o(.text) referenced from startup_stm32f407xx.o(RESET)
 <LI><a href="#[2d]">SPI1_IRQHandler</a> from startup_stm32f407xx.o(.text) referenced from startup_stm32f407xx.o(RESET)
 <LI><a href="#[2e]">SPI2_IRQHandler</a> from startup_stm32f407xx.o(.text) referenced from startup_stm32f407xx.o(RESET)
 <LI><a href="#[3d]">SPI3_IRQHandler</a> from startup_stm32f407xx.o(.text) referenced from startup_stm32f407xx.o(RESET)
 <LI><a href="#[6]">SVC_Handler</a> from port.o(.text.SVC_Handler) referenced from startup_stm32f407xx.o(RESET)
 <LI><a href="#[61]">StartDefaultTask</a> from freertos.o(.text.StartDefaultTask) referenced 2 times from freertos.o(.text.MX_FREERTOS_Init)
 <LI><a href="#[9]">SysTick_Handler</a> from cmsis_os2.o(.text.SysTick_Handler) referenced from startup_stm32f407xx.o(RESET)
 <LI><a href="#[5b]">SystemInit</a> from system_stm32f4xx.o(.text.SystemInit) referenced from startup_stm32f407xx.o(.text)
 <LI><a href="#[c]">TAMP_STAMP_IRQHandler</a> from startup_stm32f407xx.o(.text) referenced from startup_stm32f407xx.o(RESET)
 <LI><a href="#[22]">TIM1_BRK_TIM9_IRQHandler</a> from startup_stm32f407xx.o(.text) referenced from startup_stm32f407xx.o(RESET)
 <LI><a href="#[25]">TIM1_CC_IRQHandler</a> from startup_stm32f407xx.o(.text) referenced from startup_stm32f407xx.o(RESET)
 <LI><a href="#[24]">TIM1_TRG_COM_TIM11_IRQHandler</a> from startup_stm32f407xx.o(.text) referenced from startup_stm32f407xx.o(RESET)
 <LI><a href="#[23]">TIM1_UP_TIM10_IRQHandler</a> from startup_stm32f407xx.o(.text) referenced from startup_stm32f407xx.o(RESET)
 <LI><a href="#[26]">TIM2_IRQHandler</a> from startup_stm32f407xx.o(.text) referenced from startup_stm32f407xx.o(RESET)
 <LI><a href="#[27]">TIM3_IRQHandler</a> from startup_stm32f407xx.o(.text) referenced from startup_stm32f407xx.o(RESET)
 <LI><a href="#[28]">TIM4_IRQHandler</a> from startup_stm32f407xx.o(.text) referenced from startup_stm32f407xx.o(RESET)
 <LI><a href="#[3c]">TIM5_IRQHandler</a> from startup_stm32f407xx.o(.text) referenced from startup_stm32f407xx.o(RESET)
 <LI><a href="#[40]">TIM6_DAC_IRQHandler</a> from stm32f4xx_it.o(.text.TIM6_DAC_IRQHandler) referenced from startup_stm32f407xx.o(RESET)
 <LI><a href="#[41]">TIM7_IRQHandler</a> from stm32f4xx_it.o(.text.TIM7_IRQHandler) referenced from startup_stm32f407xx.o(RESET)
 <LI><a href="#[35]">TIM8_BRK_TIM12_IRQHandler</a> from startup_stm32f407xx.o(.text) referenced from startup_stm32f407xx.o(RESET)
 <LI><a href="#[38]">TIM8_CC_IRQHandler</a> from startup_stm32f407xx.o(.text) referenced from startup_stm32f407xx.o(RESET)
 <LI><a href="#[37]">TIM8_TRG_COM_TIM14_IRQHandler</a> from startup_stm32f407xx.o(.text) referenced from startup_stm32f407xx.o(RESET)
 <LI><a href="#[36]">TIM8_UP_TIM13_IRQHandler</a> from startup_stm32f407xx.o(.text) referenced from startup_stm32f407xx.o(RESET)
 <LI><a href="#[3e]">UART4_IRQHandler</a> from startup_stm32f407xx.o(.text) referenced from startup_stm32f407xx.o(RESET)
 <LI><a href="#[3f]">UART5_IRQHandler</a> from startup_stm32f407xx.o(.text) referenced from startup_stm32f407xx.o(RESET)
 <LI><a href="#[5d]">UART_DMAAbortOnError</a> from stm32f4xx_hal_uart.o(.text.UART_DMAAbortOnError) referenced 2 times from stm32f4xx_hal_uart.o(.text.HAL_UART_IRQHandler)
 <LI><a href="#[60]">UART_DMAError</a> from stm32f4xx_hal_uart.o(.text.UART_DMAError) referenced 2 times from stm32f4xx_hal_uart.o(.text.HAL_UART_Transmit_DMA)
 <LI><a href="#[60]">UART_DMAError</a> from stm32f4xx_hal_uart.o(.text.UART_DMAError) referenced 2 times from stm32f4xx_hal_uart.o(.text.UART_Start_Receive_DMA)
 <LI><a href="#[67]">UART_DMAReceiveCplt</a> from stm32f4xx_hal_uart.o(.text.UART_DMAReceiveCplt) referenced 2 times from stm32f4xx_hal_uart.o(.text.UART_Start_Receive_DMA)
 <LI><a href="#[68]">UART_DMARxHalfCplt</a> from stm32f4xx_hal_uart.o(.text.UART_DMARxHalfCplt) referenced 2 times from stm32f4xx_hal_uart.o(.text.UART_Start_Receive_DMA)
 <LI><a href="#[5e]">UART_DMATransmitCplt</a> from stm32f4xx_hal_uart.o(.text.UART_DMATransmitCplt) referenced 2 times from stm32f4xx_hal_uart.o(.text.HAL_UART_Transmit_DMA)
 <LI><a href="#[5f]">UART_DMATxHalfCplt</a> from stm32f4xx_hal_uart.o(.text.UART_DMATxHalfCplt) referenced 2 times from stm32f4xx_hal_uart.o(.text.HAL_UART_Transmit_DMA)
 <LI><a href="#[2f]">USART1_IRQHandler</a> from stm32f4xx_it.o(.text.USART1_IRQHandler) referenced from startup_stm32f407xx.o(RESET)
 <LI><a href="#[30]">USART2_IRQHandler</a> from startup_stm32f407xx.o(.text) referenced from startup_stm32f407xx.o(RESET)
 <LI><a href="#[31]">USART3_IRQHandler</a> from stm32f4xx_it.o(.text.USART3_IRQHandler) referenced from startup_stm32f407xx.o(RESET)
 <LI><a href="#[51]">USART6_IRQHandler</a> from stm32f4xx_it.o(.text.USART6_IRQHandler) referenced from startup_stm32f407xx.o(RESET)
 <LI><a href="#[5]">UsageFault_Handler</a> from stm32f4xx_it.o(.text.UsageFault_Handler) referenced from startup_stm32f407xx.o(RESET)
 <LI><a href="#[a]">WWDG_IRQHandler</a> from startup_stm32f407xx.o(.text) referenced from startup_stm32f407xx.o(RESET)
 <LI><a href="#[e1]">_GLOBAL__sub_I_ChassisTask.cpp</a> from ChassisTask.o(.text._GLOBAL__sub_I_ChassisTask.cpp) referenced from ChassisTask.o(.init_array)
 <LI><a href="#[e2]">_GLOBAL__sub_I_CommunicationTask.cpp</a> from CommunicationTask.o(.text._GLOBAL__sub_I_CommunicationTask.cpp) referenced from CommunicationTask.o(.init_array)
 <LI><a href="#[e0]">_GLOBAL__sub_I_Dbus.cpp</a> from Dbus.o(.text._GLOBAL__sub_I_Dbus.cpp) referenced from Dbus.o(.init_array)
 <LI><a href="#[e3]">_GLOBAL__sub_I_EvenTask.cpp</a> from EvenTask.o(.text._GLOBAL__sub_I_EvenTask.cpp) referenced from EvenTask.o(.init_array)
 <LI><a href="#[e4]">_GLOBAL__sub_I_PowerTask.cpp</a> from PowerTask.o(.text._GLOBAL__sub_I_PowerTask.cpp) referenced from PowerTask.o(.init_array)
 <LI><a href="#[df]">_GLOBAL__sub_I_Variable.cpp</a> from Variable.o(.text._GLOBAL__sub_I_Variable.cpp) referenced from Variable.o(.init_array)
 <LI><a href="#[a6]">PowerMeter::Meter::ISDir()</a> from PowerMeter.o(.text._ZN10PowerMeter5Meter5ISDirEv) referenced from PowerMeter.o(.rodata._ZTVN10PowerMeter5MeterE)
 <LI><a href="#[a7]">PowerMeter::Meter::Parse(CAN_RxHeaderTypeDef, unsigned char*)</a> from PowerMeter.o(.text._ZN10PowerMeter5Meter5ParseE19CAN_RxHeaderTypeDefPh) referenced from PowerMeter.o(.rodata._ZTVN10PowerMeter5MeterE)
 <LI><a href="#[a8]">__cxxabiv1::__shim_type_info::~__shim_type_info__sub_object()</a> from private_typeinfo.cpp.o(.text._ZN10__cxxabiv116__shim_type_infoD2Ev) referenced from private_typeinfo.cpp.o(.rodata._ZTVN10__cxxabiv117__class_type_infoE)
 <LI><a href="#[a8]">__cxxabiv1::__shim_type_info::~__shim_type_info__sub_object()</a> from private_typeinfo.cpp.o(.text._ZN10__cxxabiv116__shim_type_infoD2Ev) referenced from private_typeinfo.cpp.o(.rodata._ZTVN10__cxxabiv120__si_class_type_infoE)
 <LI><a href="#[a9]">__cxxabiv1::__class_type_info::~__class_type_info__deallocating()</a> from private_typeinfo.cpp.o(.text._ZN10__cxxabiv117__class_type_infoD0Ev) referenced from private_typeinfo.cpp.o(.rodata._ZTVN10__cxxabiv117__class_type_infoE)
 <LI><a href="#[b0]">__cxxabiv1::__si_class_type_info::~__si_class_type_info__deallocating()</a> from private_typeinfo.cpp.o(.text._ZN10__cxxabiv120__si_class_type_infoD0Ev) referenced from private_typeinfo.cpp.o(.rodata._ZTVN10__cxxabiv120__si_class_type_infoE)
 <LI><a href="#[6f]">_ZN10__cxxabiv1L22exception_cleanup_funcE19_Unwind_Reason_CodeP21_Unwind_Control_Block</a> from cxa_exception.cpp.o(.text._ZN10__cxxabiv1L22exception_cleanup_funcE19_Unwind_Reason_CodeP21_Unwind_Control_Block) referenced 2 times from cxa_exception.cpp.o(.text.__cxa_throw)
 <LI><a href="#[70]">TaskManager::~TaskManager__sub_object()</a> from ChassisTask.o(.text._ZN11TaskManagerD2Ev) referenced 2 times from ChassisTask.o(.text.__cxx_global_var_init.2)
 <LI><a href="#[b6]">Chassis_Task::StopHandler::handle()</a> from ChassisTask.o(.text._ZN12Chassis_Task11StopHandler6handleEv) referenced from ChassisTask.o(.rodata._ZTVN12Chassis_Task11StopHandlerE)
 <LI><a href="#[b5]">Chassis_Task::StopHandler::~StopHandler__deallocating()</a> from ChassisTask.o(.text._ZN12Chassis_Task11StopHandlerD0Ev) referenced from ChassisTask.o(.rodata._ZTVN12Chassis_Task11StopHandlerE)
 <LI><a href="#[b4]">Chassis_Task::StopHandler::~StopHandler__sub_object()</a> from ChassisTask.o(.text._ZN12Chassis_Task11StopHandlerD2Ev) referenced from ChassisTask.o(.rodata._ZTVN12Chassis_Task11StopHandlerE)
 <LI><a href="#[7d]">Chassis_Task::updateState()</a> from ChassisTask.o(.text._ZN12Chassis_Task11updateStateEv) referenced from ChassisTask.o(.rodata._ZTV12Chassis_Task)
 <LI><a href="#[7c]">Chassis_Task::executeState()</a> from ChassisTask.o(.text._ZN12Chassis_Task12executeStateEv) referenced from ChassisTask.o(.rodata._ZTV12Chassis_Task)
 <LI><a href="#[b9]">Chassis_Task::FollowHandler::handle()</a> from ChassisTask.o(.text._ZN12Chassis_Task13FollowHandler6handleEv) referenced from ChassisTask.o(.rodata._ZTVN12Chassis_Task13FollowHandlerE)
 <LI><a href="#[b8]">Chassis_Task::FollowHandler::~FollowHandler__deallocating()</a> from ChassisTask.o(.text._ZN12Chassis_Task13FollowHandlerD0Ev) referenced from ChassisTask.o(.rodata._ZTVN12Chassis_Task13FollowHandlerE)
 <LI><a href="#[b7]">Chassis_Task::FollowHandler::~FollowHandler__sub_object()</a> from ChassisTask.o(.text._ZN12Chassis_Task13FollowHandlerD2Ev) referenced from ChassisTask.o(.rodata._ZTVN12Chassis_Task13FollowHandlerE)
 <LI><a href="#[bc]">Chassis_Task::KeyBoardHandler::handle()</a> from ChassisTask.o(.text._ZN12Chassis_Task15KeyBoardHandler6handleEv) referenced from ChassisTask.o(.rodata._ZTVN12Chassis_Task15KeyBoardHandlerE)
 <LI><a href="#[bb]">Chassis_Task::KeyBoardHandler::~KeyBoardHandler__deallocating()</a> from ChassisTask.o(.text._ZN12Chassis_Task15KeyBoardHandlerD0Ev) referenced from ChassisTask.o(.rodata._ZTVN12Chassis_Task15KeyBoardHandlerE)
 <LI><a href="#[ba]">Chassis_Task::KeyBoardHandler::~KeyBoardHandler__sub_object()</a> from ChassisTask.o(.text._ZN12Chassis_Task15KeyBoardHandlerD2Ev) referenced from ChassisTask.o(.rodata._ZTVN12Chassis_Task15KeyBoardHandlerE)
 <LI><a href="#[bf]">Chassis_Task::RotatingHandler::handle()</a> from ChassisTask.o(.text._ZN12Chassis_Task15RotatingHandler6handleEv) referenced from ChassisTask.o(.rodata._ZTVN12Chassis_Task15RotatingHandlerE)
 <LI><a href="#[be]">Chassis_Task::RotatingHandler::~RotatingHandler__deallocating()</a> from ChassisTask.o(.text._ZN12Chassis_Task15RotatingHandlerD0Ev) referenced from ChassisTask.o(.rodata._ZTVN12Chassis_Task15RotatingHandlerE)
 <LI><a href="#[bd]">Chassis_Task::RotatingHandler::~RotatingHandler__sub_object()</a> from ChassisTask.o(.text._ZN12Chassis_Task15RotatingHandlerD2Ev) referenced from ChassisTask.o(.rodata._ZTVN12Chassis_Task15RotatingHandlerE)
 <LI><a href="#[c2]">Chassis_Task::UniversalHandler::handle()</a> from ChassisTask.o(.text._ZN12Chassis_Task16UniversalHandler6handleEv) referenced from ChassisTask.o(.rodata._ZTVN12Chassis_Task16UniversalHandlerE)
 <LI><a href="#[c1]">Chassis_Task::UniversalHandler::~UniversalHandler__deallocating()</a> from ChassisTask.o(.text._ZN12Chassis_Task16UniversalHandlerD0Ev) referenced from ChassisTask.o(.rodata._ZTVN12Chassis_Task16UniversalHandlerE)
 <LI><a href="#[c0]">Chassis_Task::UniversalHandler::~UniversalHandler__sub_object()</a> from ChassisTask.o(.text._ZN12Chassis_Task16UniversalHandlerD2Ev) referenced from ChassisTask.o(.rodata._ZTVN12Chassis_Task16UniversalHandlerE)
 <LI><a href="#[7b]">Chassis_Task::~Chassis_Task__deallocating()</a> from ChassisTask.o(.text._ZN12Chassis_TaskD0Ev) referenced from ChassisTask.o(.rodata._ZTV12Chassis_Task)
 <LI><a href="#[7a]">Chassis_Task::~Chassis_Task__sub_object()</a> from ChassisTask.o(.text._ZN12Chassis_TaskD2Ev) referenced from ChassisTask.o(.rodata._ZTV12Chassis_Task)
 <LI><a href="#[7f]">StateHandler::~StateHandler__deallocating()</a> from ChassisTask.o(.text._ZN12StateHandlerD0Ev) referenced from ChassisTask.o(.rodata._ZTV12StateHandler)
 <LI><a href="#[7e]">StateHandler::~StateHandler__sub_object()</a> from ChassisTask.o(.text._ZN12StateHandlerD2Ev) referenced from ChassisTask.o(.rodata._ZTV12StateHandler)
 <LI><a href="#[72]">SGPowerControl::PowerTask_t::~PowerTask_t__sub_object()</a> from PowerTask.o(.text._ZN14SGPowerControl11PowerTask_tD2Ev) referenced 2 times from PowerTask.o(.text.__cxx_global_var_init.2)
 <LI><a href="#[80]">SG::UpDate(float, float, float, float)</a> from Wheel.o(.text._ZN2SG6UpDateEffff) referenced from Wheel.o(.rodata._ZTV2SG)
 <LI><a href="#[81]">Dir::Attach(IObserver*)</a> from EvenTask.o(.text._ZN3Dir6AttachEP9IObserver) referenced from EvenTask.o(.rodata._ZTV3Dir)
 <LI><a href="#[82]">Dir::Detach(IObserver*)</a> from EvenTask.o(.text._ZN3Dir6DetachEP9IObserver) referenced from EvenTask.o(.rodata._ZTV3Dir)
 <LI><a href="#[83]">Dir::Notify()</a> from EvenTask.o(.text._ZN3Dir6NotifyEv) referenced from EvenTask.o(.rodata._ZTV3Dir)
 <LI><a href="#[71]">Dir::~Dir__sub_object()</a> from EvenTask.o(.text._ZN3DirD2Ev) referenced 2 times from EvenTask.o(.text.__cxx_global_var_init.2)
 <LI><a href="#[91]">HAL::_floatEqual(float, float)</a> from HAL.o(.text._ZN3HAL11_floatEqualEff) referenced from HAL.o(.rodata._ZTV3HAL)
 <LI><a href="#[91]">HAL::_floatEqual(float, float)</a> from HAL.o(.text._ZN3HAL11_floatEqualEff) referenced from My_HAL.o(.rodata._ZTV6My_hal)
 <LI><a href="#[8a]">HAL::_Can_SendDATA(CAN_HandleTypeDef*, unsigned, unsigned char*, unsigned)</a> from HAL.o(.text._ZN3HAL13_Can_SendDATAEP17CAN_HandleTypeDefjPhj) referenced from HAL.o(.rodata._ZTV3HAL)
 <LI><a href="#[89]">HAL::_Can_SendREMOTE(CAN_HandleTypeDef*, unsigned, unsigned char*, unsigned)</a> from HAL.o(.text._ZN3HAL15_Can_SendREMOTEEP17CAN_HandleTypeDefjPhj) referenced from HAL.o(.rodata._ZTV3HAL)
 <LI><a href="#[90]">HAL::_sgn(float)</a> from HAL.o(.text._ZN3HAL4_sgnEf) referenced from HAL.o(.rodata._ZTV3HAL)
 <LI><a href="#[90]">HAL::_sgn(float)</a> from HAL.o(.text._ZN3HAL4_sgnEf) referenced from My_HAL.o(.rodata._ZTV6My_hal)
 <LI><a href="#[86]">HAL::init()</a> from HAL.o(.text._ZN3HAL4initEv) referenced from HAL.o(.rodata._ZTV3HAL)
 <LI><a href="#[8d]">HAL::_cosf(float)</a> from HAL.o(.text._ZN3HAL5_cosfEf) referenced from HAL.o(.rodata._ZTV3HAL)
 <LI><a href="#[8d]">HAL::_cosf(float)</a> from HAL.o(.text._ZN3HAL5_cosfEf) referenced from My_HAL.o(.rodata._ZTV6My_hal)
 <LI><a href="#[8c]">HAL::_sinf(float)</a> from HAL.o(.text._ZN3HAL5_sinfEf) referenced from HAL.o(.rodata._ZTV3HAL)
 <LI><a href="#[8c]">HAL::_sinf(float)</a> from HAL.o(.text._ZN3HAL5_sinfEf) referenced from My_HAL.o(.rodata._ZTV6My_hal)
 <LI><a href="#[8e]">HAL::_sqrt(float, float)</a> from HAL.o(.text._ZN3HAL5_sqrtEff) referenced from HAL.o(.rodata._ZTV3HAL)
 <LI><a href="#[8e]">HAL::_sqrt(float, float)</a> from HAL.o(.text._ZN3HAL5_sqrtEff) referenced from My_HAL.o(.rodata._ZTV6My_hal)
 <LI><a href="#[8f]">HAL::_atan2(float, float)</a> from HAL.o(.text._ZN3HAL6_atan2Eff) referenced from HAL.o(.rodata._ZTV3HAL)
 <LI><a href="#[8f]">HAL::_atan2(float, float)</a> from HAL.o(.text._ZN3HAL6_atan2Eff) referenced from My_HAL.o(.rodata._ZTV6My_hal)
 <LI><a href="#[87]">HAL::_delay(unsigned long)</a> from HAL.o(.text._ZN3HAL6_delayEm) referenced from HAL.o(.rodata._ZTV3HAL)
 <LI><a href="#[8b]">HAL::_GetTick()</a> from HAL.o(.text._ZN3HAL8_GetTickEv) referenced from HAL.o(.rodata._ZTV3HAL)
 <LI><a href="#[88]">HAL::_osDelay(unsigned long)</a> from HAL.o(.text._ZN3HAL8_osDelayEm) referenced from HAL.o(.rodata._ZTV3HAL)
 <LI><a href="#[85]">HAL::~HAL__deallocating()</a> from HAL.o(.text._ZN3HALD0Ev) referenced from HAL.o(.rodata._ZTV3HAL)
 <LI><a href="#[84]">HAL::~HAL__sub_object()</a> from HAL.o(.text._ZN3HALD2Ev) referenced from HAL.o(.rodata._ZTV3HAL)
 <LI><a href="#[92]">LED::Update()</a> from LED.o(.text._ZN3LED6UpdateEv) referenced from LED.o(.rodata._ZTV3LED)
 <LI><a href="#[94]">LED::~LED__deallocating()</a> from LED.o(.text._ZN3LEDD0Ev) referenced from LED.o(.rodata._ZTV3LED)
 <LI><a href="#[93]">LED::~LED__sub_object()</a> from LED.o(.text._ZN3LEDD2Ev) referenced from LED.o(.rodata._ZTV3LED)
 <LI><a href="#[96]">Task::~Task__deallocating()</a> from ChassisTask.o(.text._ZN4TaskD0Ev) referenced from ChassisTask.o(.rodata._ZTV4Task)
 <LI><a href="#[95]">Task::~Task__sub_object()</a> from ChassisTask.o(.text._ZN4TaskD2Ev) referenced from ChassisTask.o(.rodata._ZTV4Task)
 <LI><a href="#[97]">Buzzer::Update()</a> from Buzzer.o(.text._ZN6Buzzer6UpdateEv) referenced from Buzzer.o(.rodata._ZTV6Buzzer)
 <LI><a href="#[99]">Buzzer::~Buzzer__deallocating()</a> from Buzzer.o(.text._ZN6BuzzerD0Ev) referenced from Buzzer.o(.rodata._ZTV6Buzzer)
 <LI><a href="#[98]">Buzzer::~Buzzer__sub_object()</a> from Buzzer.o(.text._ZN6BuzzerD2Ev) referenced from Buzzer.o(.rodata._ZTV6Buzzer)
 <LI><a href="#[a0]">My_hal::_Can_SendDATA(CAN_HandleTypeDef*, unsigned, unsigned char*, unsigned)</a> from My_HAL.o(.text._ZN6My_hal13_Can_SendDATAEP17CAN_HandleTypeDefjPhj) referenced from My_HAL.o(.rodata._ZTV6My_hal)
 <LI><a href="#[9f]">My_hal::_Can_SendREMOTE(CAN_HandleTypeDef*, unsigned, unsigned char*, unsigned)</a> from My_HAL.o(.text._ZN6My_hal15_Can_SendREMOTEEP17CAN_HandleTypeDefjPhj) referenced from My_HAL.o(.rodata._ZTV6My_hal)
 <LI><a href="#[9c]">My_hal::init()</a> from My_HAL.o(.text._ZN6My_hal4initEv) referenced from My_HAL.o(.rodata._ZTV6My_hal)
 <LI><a href="#[9d]">My_hal::_delay(unsigned long)</a> from My_HAL.o(.text._ZN6My_hal6_delayEm) referenced from My_HAL.o(.rodata._ZTV6My_hal)
 <LI><a href="#[a1]">My_hal::_GetTick()</a> from My_HAL.o(.text._ZN6My_hal8_GetTickEv) referenced from My_HAL.o(.rodata._ZTV6My_hal)
 <LI><a href="#[9e]">My_hal::_osDelay(unsigned long)</a> from My_HAL.o(.text._ZN6My_hal8_osDelayEm) referenced from My_HAL.o(.rodata._ZTV6My_hal)
 <LI><a href="#[9b]">My_hal::~My_hal__deallocating()</a> from My_HAL.o(.text._ZN6My_halD0Ev) referenced from My_HAL.o(.rodata._ZTV6My_hal)
 <LI><a href="#[9a]">My_hal::~My_hal__sub_object()</a> from My_HAL.o(.text._ZN6My_halD2Ev) referenced from My_HAL.o(.rodata._ZTV6My_hal)
 <LI><a href="#[a2]">Dji_Motor::ISDir()</a> from Dji_Motor.o(.text._ZN9Dji_Motor5ISDirEv) referenced from Dji_Motor.o(.rodata._ZTV9Dji_Motor)
 <LI><a href="#[a3]">Dji_Motor::Parse(CAN_RxHeaderTypeDef, unsigned char*)</a> from Dji_Motor.o(.text._ZN9Dji_Motor5ParseE19CAN_RxHeaderTypeDefPh) referenced from Dji_Motor.o(.rodata._ZTV9Dji_Motor)
 <LI><a href="#[a5]">IObserver::~IObserver__deallocating()</a> from EvenTask.o(.text._ZN9IObserverD0Ev) referenced from EvenTask.o(.rodata._ZTV9IObserver)
 <LI><a href="#[a4]">IObserver::~IObserver__sub_object()</a> from Buzzer.o(.text._ZN9IObserverD2Ev) referenced from EvenTask.o(.rodata._ZTV9IObserver)
 <LI><a href="#[d2]">libunwind::UnwindCursor&lang;libunwind::LocalAddressSpace, libunwind::Registers_arm&rang;::saveVFPAsX()</a> from libunwind.cpp.o(.text._ZN9libunwind12UnwindCursorINS_17LocalAddressSpaceENS_13Registers_armEE10saveVFPAsXEv) referenced from libunwind.cpp.o(.rodata._ZTVN9libunwind12UnwindCursorINS_17LocalAddressSpaceENS_13Registers_armEEE)
 <LI><a href="#[c9]">libunwind::UnwindCursor&lang;libunwind::LocalAddressSpace, libunwind::Registers_arm&rang;::getFloatReg(int)</a> from libunwind.cpp.o(.text._ZN9libunwind12UnwindCursorINS_17LocalAddressSpaceENS_13Registers_armEE11getFloatRegEi) referenced from libunwind.cpp.o(.rodata._ZTVN9libunwind12UnwindCursorINS_17LocalAddressSpaceENS_13Registers_armEEE)
 <LI><a href="#[ca]">libunwind::UnwindCursor&lang;libunwind::LocalAddressSpace, libunwind::Registers_arm&rang;::setFloatReg(int, unsigned long long)</a> from libunwind.cpp.o(.text._ZN9libunwind12UnwindCursorINS_17LocalAddressSpaceENS_13Registers_armEE11setFloatRegEiy) referenced from libunwind.cpp.o(.rodata._ZTVN9libunwind12UnwindCursorINS_17LocalAddressSpaceENS_13Registers_armEEE)
 <LI><a href="#[ce]">libunwind::UnwindCursor&lang;libunwind::LocalAddressSpace, libunwind::Registers_arm&rang;::isSignalFrame()</a> from libunwind.cpp.o(.text._ZN9libunwind12UnwindCursorINS_17LocalAddressSpaceENS_13Registers_armEE13isSignalFrameEv) referenced from libunwind.cpp.o(.rodata._ZTVN9libunwind12UnwindCursorINS_17LocalAddressSpaceENS_13Registers_armEEE)
 <LI><a href="#[c8]">libunwind::UnwindCursor&lang;libunwind::LocalAddressSpace, libunwind::Registers_arm&rang;::validFloatReg(int)</a> from libunwind.cpp.o(.text._ZN9libunwind12UnwindCursorINS_17LocalAddressSpaceENS_13Registers_armEE13validFloatRegEi) referenced from libunwind.cpp.o(.rodata._ZTVN9libunwind12UnwindCursorINS_17LocalAddressSpaceENS_13Registers_armEEE)
 <LI><a href="#[cf]">libunwind::UnwindCursor&lang;libunwind::LocalAddressSpace, libunwind::Registers_arm&rang;::getFunctionName(char*, unsigned, unsigned*)</a> from libunwind.cpp.o(.text._ZN9libunwind12UnwindCursorINS_17LocalAddressSpaceENS_13Registers_armEE15getFunctionNameEPcjPj) referenced from libunwind.cpp.o(.rodata._ZTVN9libunwind12UnwindCursorINS_17LocalAddressSpaceENS_13Registers_armEEE)
 <LI><a href="#[d1]">libunwind::UnwindCursor&lang;libunwind::LocalAddressSpace, libunwind::Registers_arm&rang;::getRegisterName(int)</a> from libunwind.cpp.o(.text._ZN9libunwind12UnwindCursorINS_17LocalAddressSpaceENS_13Registers_armEE15getRegisterNameEi) referenced from libunwind.cpp.o(.rodata._ZTVN9libunwind12UnwindCursorINS_17LocalAddressSpaceENS_13Registers_armEEE)
 <LI><a href="#[d0]">libunwind::UnwindCursor&lang;libunwind::LocalAddressSpace, libunwind::Registers_arm&rang;::setInfoBasedOnIPRegister(bool)</a> from libunwind.cpp.o(.text._ZN9libunwind12UnwindCursorINS_17LocalAddressSpaceENS_13Registers_armEE24setInfoBasedOnIPRegisterEb) referenced from libunwind.cpp.o(.rodata._ZTVN9libunwind12UnwindCursorINS_17LocalAddressSpaceENS_13Registers_armEEE)
 <LI><a href="#[cb]">libunwind::UnwindCursor&lang;libunwind::LocalAddressSpace, libunwind::Registers_arm&rang;::step()</a> from libunwind.cpp.o(.text._ZN9libunwind12UnwindCursorINS_17LocalAddressSpaceENS_13Registers_armEE4stepEv) referenced from libunwind.cpp.o(.rodata._ZTVN9libunwind12UnwindCursorINS_17LocalAddressSpaceENS_13Registers_armEEE)
 <LI><a href="#[c6]">libunwind::UnwindCursor&lang;libunwind::LocalAddressSpace, libunwind::Registers_arm&rang;::getReg(int)</a> from libunwind.cpp.o(.text._ZN9libunwind12UnwindCursorINS_17LocalAddressSpaceENS_13Registers_armEE6getRegEi) referenced from libunwind.cpp.o(.rodata._ZTVN9libunwind12UnwindCursorINS_17LocalAddressSpaceENS_13Registers_armEEE)
 <LI><a href="#[cd]">libunwind::UnwindCursor&lang;libunwind::LocalAddressSpace, libunwind::Registers_arm&rang;::jumpto()</a> from libunwind.cpp.o(.text._ZN9libunwind12UnwindCursorINS_17LocalAddressSpaceENS_13Registers_armEE6jumptoEv) referenced from libunwind.cpp.o(.rodata._ZTVN9libunwind12UnwindCursorINS_17LocalAddressSpaceENS_13Registers_armEEE)
 <LI><a href="#[c7]">libunwind::UnwindCursor&lang;libunwind::LocalAddressSpace, libunwind::Registers_arm&rang;::setReg(int, unsigned)</a> from libunwind.cpp.o(.text._ZN9libunwind12UnwindCursorINS_17LocalAddressSpaceENS_13Registers_armEE6setRegEij) referenced from libunwind.cpp.o(.rodata._ZTVN9libunwind12UnwindCursorINS_17LocalAddressSpaceENS_13Registers_armEEE)
 <LI><a href="#[cc]">libunwind::UnwindCursor&lang;libunwind::LocalAddressSpace, libunwind::Registers_arm&rang;::getInfo(unw_proc_info_t*)</a> from libunwind.cpp.o(.text._ZN9libunwind12UnwindCursorINS_17LocalAddressSpaceENS_13Registers_armEE7getInfoEP15unw_proc_info_t) referenced from libunwind.cpp.o(.rodata._ZTVN9libunwind12UnwindCursorINS_17LocalAddressSpaceENS_13Registers_armEEE)
 <LI><a href="#[c5]">libunwind::UnwindCursor&lang;libunwind::LocalAddressSpace, libunwind::Registers_arm&rang;::validReg(int)</a> from libunwind.cpp.o(.text._ZN9libunwind12UnwindCursorINS_17LocalAddressSpaceENS_13Registers_armEE8validRegEi) referenced from libunwind.cpp.o(.rodata._ZTVN9libunwind12UnwindCursorINS_17LocalAddressSpaceENS_13Registers_armEEE)
 <LI><a href="#[c4]">libunwind::UnwindCursor&lang;libunwind::LocalAddressSpace, libunwind::Registers_arm&rang;::~UnwindCursor__deallocating()</a> from libunwind.cpp.o(.text._ZN9libunwind12UnwindCursorINS_17LocalAddressSpaceENS_13Registers_armEED0Ev) referenced from libunwind.cpp.o(.rodata._ZTVN9libunwind12UnwindCursorINS_17LocalAddressSpaceENS_13Registers_armEEE)
 <LI><a href="#[c3]">libunwind::AbstractUnwindCursor::~AbstractUnwindCursor__sub_object()</a> from libunwind.cpp.o(.text._ZN9libunwind20AbstractUnwindCursorD2Ev) referenced from libunwind.cpp.o(.rodata._ZTVN9libunwind12UnwindCursorINS_17LocalAddressSpaceENS_13Registers_armEEE)
 <LI><a href="#[aa]">__cxxabiv1::__shim_type_info::noop1() const</a> from private_typeinfo.cpp.o(.text._ZNK10__cxxabiv116__shim_type_info5noop1Ev) referenced from private_typeinfo.cpp.o(.rodata._ZTVN10__cxxabiv117__class_type_infoE)
 <LI><a href="#[aa]">__cxxabiv1::__shim_type_info::noop1() const</a> from private_typeinfo.cpp.o(.text._ZNK10__cxxabiv116__shim_type_info5noop1Ev) referenced from private_typeinfo.cpp.o(.rodata._ZTVN10__cxxabiv120__si_class_type_infoE)
 <LI><a href="#[ab]">__cxxabiv1::__shim_type_info::noop2() const</a> from private_typeinfo.cpp.o(.text._ZNK10__cxxabiv116__shim_type_info5noop2Ev) referenced from private_typeinfo.cpp.o(.rodata._ZTVN10__cxxabiv117__class_type_infoE)
 <LI><a href="#[ab]">__cxxabiv1::__shim_type_info::noop2() const</a> from private_typeinfo.cpp.o(.text._ZNK10__cxxabiv116__shim_type_info5noop2Ev) referenced from private_typeinfo.cpp.o(.rodata._ZTVN10__cxxabiv120__si_class_type_infoE)
 <LI><a href="#[ad]">__cxxabiv1::__class_type_info::search_above_dst(__cxxabiv1::__dynamic_cast_info*, const void*, const void*, int, bool) const</a> from private_typeinfo.cpp.o(.text._ZNK10__cxxabiv117__class_type_info16search_above_dstEPNS_19__dynamic_cast_infoEPKvS4_ib) referenced from private_typeinfo.cpp.o(.rodata._ZTVN10__cxxabiv117__class_type_infoE)
 <LI><a href="#[ae]">__cxxabiv1::__class_type_info::search_below_dst(__cxxabiv1::__dynamic_cast_info*, const void*, int, bool) const</a> from private_typeinfo.cpp.o(.text._ZNK10__cxxabiv117__class_type_info16search_below_dstEPNS_19__dynamic_cast_infoEPKvib) referenced from private_typeinfo.cpp.o(.rodata._ZTVN10__cxxabiv117__class_type_infoE)
 <LI><a href="#[af]">__cxxabiv1::__class_type_info::has_unambiguous_public_base(__cxxabiv1::__dynamic_cast_info*, void*, int) const</a> from private_typeinfo.cpp.o(.text._ZNK10__cxxabiv117__class_type_info27has_unambiguous_public_baseEPNS_19__dynamic_cast_infoEPvi) referenced from private_typeinfo.cpp.o(.rodata._ZTVN10__cxxabiv117__class_type_infoE)
 <LI><a href="#[ac]">__cxxabiv1::__class_type_info::can_catch(const __cxxabiv1::__shim_type_info*, void*&) const</a> from private_typeinfo.cpp.o(.text._ZNK10__cxxabiv117__class_type_info9can_catchEPKNS_16__shim_type_infoERPv) referenced from private_typeinfo.cpp.o(.rodata._ZTVN10__cxxabiv117__class_type_infoE)
 <LI><a href="#[ac]">__cxxabiv1::__class_type_info::can_catch(const __cxxabiv1::__shim_type_info*, void*&) const</a> from private_typeinfo.cpp.o(.text._ZNK10__cxxabiv117__class_type_info9can_catchEPKNS_16__shim_type_infoERPv) referenced from private_typeinfo.cpp.o(.rodata._ZTVN10__cxxabiv120__si_class_type_infoE)
 <LI><a href="#[b1]">__cxxabiv1::__si_class_type_info::search_above_dst(__cxxabiv1::__dynamic_cast_info*, const void*, const void*, int, bool) const</a> from private_typeinfo.cpp.o(.text._ZNK10__cxxabiv120__si_class_type_info16search_above_dstEPNS_19__dynamic_cast_infoEPKvS4_ib) referenced from private_typeinfo.cpp.o(.rodata._ZTVN10__cxxabiv120__si_class_type_infoE)
 <LI><a href="#[b2]">__cxxabiv1::__si_class_type_info::search_below_dst(__cxxabiv1::__dynamic_cast_info*, const void*, int, bool) const</a> from private_typeinfo.cpp.o(.text._ZNK10__cxxabiv120__si_class_type_info16search_below_dstEPNS_19__dynamic_cast_infoEPKvib) referenced from private_typeinfo.cpp.o(.rodata._ZTVN10__cxxabiv120__si_class_type_infoE)
 <LI><a href="#[b3]">__cxxabiv1::__si_class_type_info::has_unambiguous_public_base(__cxxabiv1::__dynamic_cast_info*, void*, int) const</a> from private_typeinfo.cpp.o(.text._ZNK10__cxxabiv120__si_class_type_info27has_unambiguous_public_baseEPNS_19__dynamic_cast_infoEPvi) referenced from private_typeinfo.cpp.o(.rodata._ZTVN10__cxxabiv120__si_class_type_infoE)
 <LI><a href="#[d5]">std::logic_error::what() const</a> from stdlib_stdexcept.cpp.o(.text._ZNKSt11logic_error4whatEv) referenced from stdlib_stdexcept.cpp.o(.rodata._ZTVSt11logic_error)
 <LI><a href="#[d5]">std::logic_error::what() const</a> from stdlib_stdexcept.cpp.o(.text._ZNKSt11logic_error4whatEv) referenced from stdlib_stdexcept.cpp.o(.rodata._ZTVSt12length_error)
 <LI><a href="#[d9]">std::bad_exception::what() const</a> from stdlib_exception.cpp.o(.text._ZNKSt13bad_exception4whatEv) referenced from stdlib_exception.cpp.o(.rodata._ZTVSt13bad_exception)
 <LI><a href="#[db]">std::bad_alloc::what() const</a> from stdlib_exception.cpp.o(.text._ZNKSt9bad_alloc4whatEv) referenced from stdlib_exception.cpp.o(.rodata._ZTVSt9bad_alloc)
 <LI><a href="#[d4]">std::logic_error::~logic_error__deallocating()</a> from stdlib_stdexcept.cpp.o(.text._ZNSt11logic_errorD0Ev) referenced from stdlib_stdexcept.cpp.o(.rodata._ZTVSt11logic_error)
 <LI><a href="#[d3]">std::logic_error::~logic_error__sub_object()</a> from stdlib_stdexcept.cpp.o(.text._ZNSt11logic_errorD2Ev) referenced from stdlib_stdexcept.cpp.o(.rodata._ZTVSt11logic_error)
 <LI><a href="#[d3]">std::logic_error::~logic_error__sub_object()</a> from stdlib_stdexcept.cpp.o(.text._ZNSt11logic_errorD2Ev) referenced from stdlib_stdexcept.cpp.o(.rodata._ZTVSt12length_error)
 <LI><a href="#[d6]">std::length_error::~length_error__deallocating()</a> from stdlib_stdexcept.cpp.o(.text._ZNSt12length_errorD0Ev) referenced from stdlib_stdexcept.cpp.o(.rodata._ZTVSt12length_error)
 <LI><a href="#[6c]">std::length_error::~length_error()</a> from stdlib_stdexcept.cpp.o(.text._ZNSt11logic_errorD2Ev) referenced 2 times from vector.cpp.o(.text._ZNKSt3__120__vector_base_commonILb1EE20__throw_length_errorEv)
 <LI><a href="#[6c]">std::length_error::~length_error()</a> from stdlib_stdexcept.cpp.o(.text._ZNSt11logic_errorD2Ev) referenced 2 times from ChassisTask.o(.text._ZNSt3__114__split_bufferINS_10unique_ptrI4TaskNS_14default_deleteIS2_EEEERNS_9allocatorIS5_EEEC2EjjS8_)
 <LI><a href="#[6c]">std::length_error::~length_error()</a> from stdlib_stdexcept.cpp.o(.text._ZNSt11logic_errorD2Ev) referenced 2 times from EvenTask.o(.text._ZNSt3__14listIP9IObserverNS_9allocatorIS2_EEE9push_backERKS2_)
 <LI><a href="#[d8]">std::bad_exception::~bad_exception__deallocating()</a> from stdlib_exception.cpp.o(.text._ZNSt13bad_exceptionD0Ev) referenced from stdlib_exception.cpp.o(.rodata._ZTVSt13bad_exception)
 <LI><a href="#[6e]">std::bad_exception::~bad_exception()</a> from stdlib_exception.cpp.o(.text._ZNSt9exceptionD2Ev) referenced 2 times from cxa_personality.cpp.o(.text.__cxa_call_unexpected)
 <LI><a href="#[73]">std::__1::unique_ptr&lang;LED, std::__1::default_delete&lang;LED&rang;&rang;::~unique_ptr__sub_object()</a> from EvenTask.o(.text._ZNSt3__110unique_ptrI3LEDNS_14default_deleteIS1_EEED2Ev) referenced 2 times from EvenTask.o(.text.__cxx_global_var_init.3)
 <LI><a href="#[74]">std::__1::unique_ptr&lang;Buzzer, std::__1::default_delete&lang;Buzzer&rang;&rang;::~unique_ptr__sub_object()</a> from EvenTask.o(.text._ZNSt3__110unique_ptrI6BuzzerNS_14default_deleteIS1_EEED2Ev) referenced 2 times from EvenTask.o(.text.__cxx_global_var_init.4)
 <LI><a href="#[da]">std::bad_alloc::~bad_alloc__deallocating()</a> from stdlib_exception.cpp.o(.text._ZNSt9bad_allocD0Ev) referenced from stdlib_exception.cpp.o(.rodata._ZTVSt9bad_alloc)
 <LI><a href="#[6d]">std::bad_alloc::~bad_alloc()</a> from stdlib_exception.cpp.o(.text._ZNSt9exceptionD2Ev) referenced 2 times from new.cpp.o(.text._Znwj)
 <LI><a href="#[6d]">std::bad_alloc::~bad_alloc()</a> from stdlib_exception.cpp.o(.text._ZNSt9exceptionD2Ev) referenced 2 times from new.cpp.o(.text._ZnwjSt11align_val_t)
 <LI><a href="#[d7]">std::exception::~exception__sub_object()</a> from stdlib_exception.cpp.o(.text._ZNSt9exceptionD2Ev) referenced from stdlib_exception.cpp.o(.rodata._ZTVSt13bad_exception)
 <LI><a href="#[d7]">std::exception::~exception__sub_object()</a> from stdlib_exception.cpp.o(.text._ZNSt9exceptionD2Ev) referenced from stdlib_exception.cpp.o(.rodata._ZTVSt9bad_alloc)
 <LI><a href="#[e6]">std::terminate()</a> from cxa_handlers.cpp.o(.text._ZSt9terminatev) referenced from cxa_default_handlers.cpp.o(.data.__cxa_unexpected_handler)
 <LI><a href="#[69]">__aeabi_unwind_cpp_pr0</a> from Unwind-EHABI.cpp.o(.text.__aeabi_unwind_cpp_pr0) referenced 2 times from libunwind.cpp.o(.text._ZN9libunwind12UnwindCursorINS_17LocalAddressSpaceENS_13Registers_armEE23getInfoFromEHABISectionEjRKNS_18UnwindInfoSectionsE)
 <LI><a href="#[6a]">__aeabi_unwind_cpp_pr1</a> from Unwind-EHABI.cpp.o(.text.__aeabi_unwind_cpp_pr1) referenced 2 times from libunwind.cpp.o(.text._ZN9libunwind12UnwindCursorINS_17LocalAddressSpaceENS_13Registers_armEE23getInfoFromEHABISectionEjRKNS_18UnwindInfoSectionsE)
 <LI><a href="#[6b]">__aeabi_unwind_cpp_pr2</a> from Unwind-EHABI.cpp.o(.text.__aeabi_unwind_cpp_pr2) referenced 2 times from libunwind.cpp.o(.text._ZN9libunwind12UnwindCursorINS_17LocalAddressSpaceENS_13Registers_armEE23getInfoFromEHABISectionEjRKNS_18UnwindInfoSectionsE)
 <LI><a href="#[79]">__cxa_pure_virtual</a> from cxa_virtual.cpp.o(.text.__cxa_pure_virtual) referenced from Variable.o(.rodata._ZTV11Wheel_Basic)
 <LI><a href="#[79]">__cxa_pure_virtual</a> from cxa_virtual.cpp.o(.text.__cxa_pure_virtual) referenced from ChassisTask.o(.rodata._ZTV12StateHandler)
 <LI><a href="#[79]">__cxa_pure_virtual</a> from cxa_virtual.cpp.o(.text.__cxa_pure_virtual) referenced 2 times from ChassisTask.o(.rodata._ZTV4Task)
 <LI><a href="#[79]">__cxa_pure_virtual</a> from cxa_virtual.cpp.o(.text.__cxa_pure_virtual) referenced 3 times from EvenTask.o(.rodata._ZTV8ISubject)
 <LI><a href="#[79]">__cxa_pure_virtual</a> from cxa_virtual.cpp.o(.text.__cxa_pure_virtual) referenced 2 times from Dji_Motor.o(.rodata._ZTV8RM_Motor)
 <LI><a href="#[79]">__cxa_pure_virtual</a> from cxa_virtual.cpp.o(.text.__cxa_pure_virtual) referenced from EvenTask.o(.rodata._ZTV9IObserver)
 <LI><a href="#[dc]">__cxx_global_var_init</a> from darw_dynamic.o(.text.__cxx_global_var_init) referenced from darw_dynamic.o(.init_array)
 <LI><a href="#[dd]">__cxx_global_var_init.1</a> from darw_dynamic.o(.text.__cxx_global_var_init.1) referenced from darw_dynamic.o(.init_array)
 <LI><a href="#[de]">__cxx_global_var_init.2</a> from darw_dynamic.o(.text.__cxx_global_var_init.2) referenced from darw_dynamic.o(.init_array)
 <LI><a href="#[78]">__gxx_personality_v0</a> from cxa_personality.cpp.o(.text.__gxx_personality_v0) referenced from ChassisTask.o(.ARM.extab.text._ZN11TaskManager7addTaskI12Chassis_TaskJEEEbDpOT0_)
 <LI><a href="#[78]">__gxx_personality_v0</a> from cxa_personality.cpp.o(.text.__gxx_personality_v0) referenced from ChassisTask.o(.ARM.extab.text._ZN12Chassis_Task11updateStateEv)
 <LI><a href="#[78]">__gxx_personality_v0</a> from cxa_personality.cpp.o(.text.__gxx_personality_v0) referenced from ChassisTask.o(.ARM.extab.text._ZN12Chassis_TaskC2Ev)
 <LI><a href="#[78]">__gxx_personality_v0</a> from cxa_personality.cpp.o(.text.__gxx_personality_v0) referenced from PowerTask.o(.ARM.extab.text._ZN14SGPowerControl11PowerTask_tC2Ev)
 <LI><a href="#[78]">__gxx_personality_v0</a> from cxa_personality.cpp.o(.text.__gxx_personality_v0) referenced from PowerTask.o(.ARM.extab.text._ZN14SGPowerControl13PowerUpData_t5UpRLSEP3PIDR9Dji_Motorff)
 <LI><a href="#[78]">__gxx_personality_v0</a> from cxa_personality.cpp.o(.text.__gxx_personality_v0) referenced from PowerTask.o(.ARM.extab.text._ZN14SGPowerControl13PowerUpData_tC2Ev)
 <LI><a href="#[78]">__gxx_personality_v0</a> from cxa_personality.cpp.o(.text.__gxx_personality_v0) referenced from PowerTask.o(.ARM.extab.text._ZN4Math3RLSILj2EE5resetEv)
 <LI><a href="#[78]">__gxx_personality_v0</a> from cxa_personality.cpp.o(.text.__gxx_personality_v0) referenced from PowerTask.o(.ARM.extab.text._ZN4Math3RLSILj2EE6updateER7MatrixfILi2ELi1EEf)
 <LI><a href="#[78]">__gxx_personality_v0</a> from cxa_personality.cpp.o(.text.__gxx_personality_v0) referenced from PowerTask.o(.ARM.extab.text._ZN4Math3RLSILj2EEC2Eff)
 <LI><a href="#[78]">__gxx_personality_v0</a> from cxa_personality.cpp.o(.text.__gxx_personality_v0) referenced from PowerTask.o(.ARM.extab.text._ZN7MatrixfILi2ELi1EEC2EPf)
 <LI><a href="#[78]">__gxx_personality_v0</a> from cxa_personality.cpp.o(.text.__gxx_personality_v0) referenced from PowerTask.o(.ARM.extab.text._ZN7MatrixfILi2ELi1EEC2ERKS0_)
 <LI><a href="#[78]">__gxx_personality_v0</a> from cxa_personality.cpp.o(.text.__gxx_personality_v0) referenced from PowerTask.o(.ARM.extab.text._ZN7MatrixfILi2ELi2EEC2EPf)
 <LI><a href="#[78]">__gxx_personality_v0</a> from cxa_personality.cpp.o(.text.__gxx_personality_v0) referenced from PowerTask.o(.ARM.extab.text._ZNK7MatrixfILi2ELi1EE5transEv)
 <LI><a href="#[78]">__gxx_personality_v0</a> from cxa_personality.cpp.o(.text.__gxx_personality_v0) referenced from PowerTask.o(.ARM.extab.text._ZNK7MatrixfILi2ELi1EEdvERKf)
 <LI><a href="#[78]">__gxx_personality_v0</a> from cxa_personality.cpp.o(.text.__gxx_personality_v0) referenced from PowerTask.o(.ARM.extab.text._ZNK7MatrixfILi2ELi1EEmlERKf)
 <LI><a href="#[78]">__gxx_personality_v0</a> from cxa_personality.cpp.o(.text.__gxx_personality_v0) referenced from PowerTask.o(.ARM.extab.text._ZNK7MatrixfILi2ELi2EEdvERKf)
 <LI><a href="#[78]">__gxx_personality_v0</a> from cxa_personality.cpp.o(.text.__gxx_personality_v0) referenced from PowerTask.o(.ARM.extab.text._ZNK7MatrixfILi2ELi2EEmiERKS0_)
 <LI><a href="#[78]">__gxx_personality_v0</a> from cxa_personality.cpp.o(.text.__gxx_personality_v0) referenced from PowerTask.o(.ARM.extab.text._ZNK7MatrixfILi2ELi2EEmlERKf)
 <LI><a href="#[78]">__gxx_personality_v0</a> from cxa_personality.cpp.o(.text.__gxx_personality_v0) referenced from vector.cpp.o(.ARM.extab.text._ZNKSt3__120__vector_base_commonILb1EE20__throw_length_errorEv)
 <LI><a href="#[78]">__gxx_personality_v0</a> from cxa_personality.cpp.o(.text.__gxx_personality_v0) referenced from stdexcept.cpp.o(.ARM.extab.text._ZNSt11logic_errorC2EPKc)
 <LI><a href="#[78]">__gxx_personality_v0</a> from cxa_personality.cpp.o(.text.__gxx_personality_v0) referenced from EvenTask.o(.ARM.extab.text._ZNSt3__110__list_impIP9IObserverNS_9allocatorIS2_EEE5clearEv)
 <LI><a href="#[78]">__gxx_personality_v0</a> from cxa_personality.cpp.o(.text.__gxx_personality_v0) referenced from ChassisTask.o(.ARM.extab.text._ZNSt3__113__vector_baseINS_10unique_ptrI4TaskNS_14default_deleteIS2_EEEENS_9allocatorIS5_EEED2Ev)
 <LI><a href="#[78]">__gxx_personality_v0</a> from cxa_personality.cpp.o(.text.__gxx_personality_v0) referenced from ChassisTask.o(.ARM.extab.text._ZNSt3__114__split_bufferINS_10unique_ptrI4TaskNS_14default_deleteIS2_EEEERNS_9allocatorIS5_EEEC2EjjS8_)
 <LI><a href="#[78]">__gxx_personality_v0</a> from cxa_personality.cpp.o(.text.__gxx_personality_v0) referenced from ChassisTask.o(.ARM.extab.text._ZNSt3__114__split_bufferINS_10unique_ptrI4TaskNS_14default_deleteIS2_EEEERNS_9allocatorIS5_EEED2Ev)
 <LI><a href="#[78]">__gxx_personality_v0</a> from cxa_personality.cpp.o(.text.__gxx_personality_v0) referenced from EvenTask.o(.ARM.extab.text._ZNSt3__14listIP9IObserverNS_9allocatorIS2_EEE6removeERKS2_)
 <LI><a href="#[78]">__gxx_personality_v0</a> from cxa_personality.cpp.o(.text.__gxx_personality_v0) referenced from EvenTask.o(.ARM.extab.text._ZNSt3__14listIP9IObserverNS_9allocatorIS2_EEE9push_backERKS2_)
 <LI><a href="#[78]">__gxx_personality_v0</a> from cxa_personality.cpp.o(.text.__gxx_personality_v0) referenced from cxa_handlers.cpp.o(.ARM.extab.text._ZSt11__terminatePFvvE)
 <LI><a href="#[78]">__gxx_personality_v0</a> from cxa_personality.cpp.o(.text.__gxx_personality_v0) referenced from cxa_handlers.cpp.o(.ARM.extab.text._ZSt9terminatev)
 <LI><a href="#[78]">__gxx_personality_v0</a> from cxa_personality.cpp.o(.text.__gxx_personality_v0) referenced from PowerTask.o(.ARM.extab.text._ZmlILi1EE7MatrixfILi1EXT_EERKS0_ILi1ELi2EERKS0_ILi2EXT_EE)
 <LI><a href="#[78]">__gxx_personality_v0</a> from cxa_personality.cpp.o(.text.__gxx_personality_v0) referenced from PowerTask.o(.ARM.extab.text._ZmlILi1EE7MatrixfILi2EXT_EERKS0_ILi2ELi2EERKS1_)
 <LI><a href="#[78]">__gxx_personality_v0</a> from cxa_personality.cpp.o(.text.__gxx_personality_v0) referenced from PowerTask.o(.ARM.extab.text._ZmlILi2EE7MatrixfILi1EXT_EERKS0_ILi1ELi2EERKS0_ILi2EXT_EE)
 <LI><a href="#[78]">__gxx_personality_v0</a> from cxa_personality.cpp.o(.text.__gxx_personality_v0) referenced from PowerTask.o(.ARM.extab.text._ZmlILi2EE7MatrixfILi2EXT_EERKS0_ILi2ELi1EERKS0_ILi1EXT_EE)
 <LI><a href="#[78]">__gxx_personality_v0</a> from cxa_personality.cpp.o(.text.__gxx_personality_v0) referenced from PowerTask.o(.ARM.extab.text._ZmlILi2EE7MatrixfILi2EXT_EERKS0_ILi2ELi2EERKS1_)
 <LI><a href="#[78]">__gxx_personality_v0</a> from cxa_personality.cpp.o(.text.__gxx_personality_v0) referenced from cxa_exception.cpp.o(.ARM.extab.text.__cxa_allocate_exception)
 <LI><a href="#[78]">__gxx_personality_v0</a> from cxa_personality.cpp.o(.text.__gxx_personality_v0) referenced from cxa_exception.cpp.o(.ARM.extab.text.__cxa_begin_catch)
 <LI><a href="#[78]">__gxx_personality_v0</a> from cxa_personality.cpp.o(.text.__gxx_personality_v0) referenced from cxa_exception.cpp.o(.ARM.extab.text.__cxa_begin_cleanup)
 <LI><a href="#[78]">__gxx_personality_v0</a> from cxa_personality.cpp.o(.text.__gxx_personality_v0) referenced from cxa_personality.cpp.o(.ARM.extab.text.__cxa_call_unexpected)
 <LI><a href="#[78]">__gxx_personality_v0</a> from cxa_personality.cpp.o(.text.__gxx_personality_v0) referenced from cxa_exception.cpp.o(.ARM.extab.text.__cxa_decrement_exception_refcount)
 <LI><a href="#[78]">__gxx_personality_v0</a> from cxa_personality.cpp.o(.text.__gxx_personality_v0) referenced from cxa_exception.cpp.o(.ARM.extab.text.__cxa_free_exception)
 <LI><a href="#[78]">__gxx_personality_v0</a> from cxa_personality.cpp.o(.text.__gxx_personality_v0) referenced from darw_dynamic.o(.ARM.extab.text.__cxx_global_var_init)
 <LI><a href="#[78]">__gxx_personality_v0</a> from cxa_personality.cpp.o(.text.__gxx_personality_v0) referenced from EvenTask.o(.ARM.extab.text.__cxx_global_var_init.3)
 <LI><a href="#[78]">__gxx_personality_v0</a> from cxa_personality.cpp.o(.text.__gxx_personality_v0) referenced from EvenTask.o(.ARM.extab.text.__cxx_global_var_init.4)
 <LI><a href="#[5c]">__main</a> from __main.o(!!!main) referenced from startup_stm32f407xx.o(.text)
 <LI><a href="#[e5]">abort</a> from abort.o(.text) referenced from cxa_default_handlers.cpp.o(.data.__cxa_terminate_handler)
 <LI><a href="#[76]">prvIdleTask</a> from tasks.o(.text.prvIdleTask) referenced 2 times from tasks.o(.text.vTaskStartScheduler)
 <LI><a href="#[75]">prvTaskExitError</a> from port.o(.text.prvTaskExitError) referenced 2 times from port.o(.text.pxPortInitialiseStack)
 <LI><a href="#[77]">prvTimerTask</a> from timers.o(.text.prvTimerTask) referenced 2 times from timers.o(.text.xTimerCreateTimerTask)
</UL>
<P>
<H3>
Global Symbols
</H3>
<P><STRONG><a name="[5c]"></a>__main</STRONG> (Thumb, 8 bytes, Stack size 0 bytes, __main.o(!!!main))
<BR><BR>[Calls]<UL><LI><a href="#[ea]">&gt;&gt;</a>&nbsp;&nbsp;&nbsp;__rt_entry
<LI><a href="#[e9]">&gt;&gt;</a>&nbsp;&nbsp;&nbsp;__scatterload
</UL>
<BR>[Address Reference Count : 1]<UL><LI> startup_stm32f407xx.o(.text)
</UL>
<P><STRONG><a name="[e9]"></a>__scatterload</STRONG> (Thumb, 0 bytes, Stack size unknown bytes, __scatter.o(!!!scatter))
<BR><BR>[Called By]<UL><LI><a href="#[5c]">&gt;&gt;</a>&nbsp;&nbsp;&nbsp;__main
</UL>

<P><STRONG><a name="[eb]"></a>__scatterload_rt2</STRONG> (Thumb, 44 bytes, Stack size unknown bytes, __scatter.o(!!!scatter), UNUSED)
<BR><BR>[Calls]<UL><LI><a href="#[ea]">&gt;&gt;</a>&nbsp;&nbsp;&nbsp;__rt_entry
</UL>

<P><STRONG><a name="[3a3]"></a>__scatterload_rt2_thumb_only</STRONG> (Thumb, 0 bytes, Stack size unknown bytes, __scatter.o(!!!scatter), UNUSED)

<P><STRONG><a name="[3a4]"></a>__scatterload_null</STRONG> (Thumb, 0 bytes, Stack size unknown bytes, __scatter.o(!!!scatter), UNUSED)

<P><STRONG><a name="[ec]"></a>__scatterload_copy</STRONG> (Thumb, 26 bytes, Stack size unknown bytes, __scatter_copy.o(!!handler_copy), UNUSED)
<BR><BR>[Calls]<UL><LI><a href="#[ec]">&gt;&gt;</a>&nbsp;&nbsp;&nbsp;__scatterload_copy
</UL>
<BR>[Called By]<UL><LI><a href="#[ec]">&gt;&gt;</a>&nbsp;&nbsp;&nbsp;__scatterload_copy
</UL>

<P><STRONG><a name="[3a5]"></a>__scatterload_zeroinit</STRONG> (Thumb, 28 bytes, Stack size unknown bytes, __scatter_zi.o(!!handler_zi), UNUSED)

<P><STRONG><a name="[f9]"></a>__rt_lib_init</STRONG> (Thumb, 0 bytes, Stack size unknown bytes, libinit.o(.ARM.Collect$$libinit$$00000000))
<BR><BR>[Called By]<UL><LI><a href="#[f8]">&gt;&gt;</a>&nbsp;&nbsp;&nbsp;__rt_entry_li
</UL>

<P><STRONG><a name="[ed]"></a>__rt_lib_init_fp_1</STRONG> (Thumb, 0 bytes, Stack size unknown bytes, libinit2.o(.ARM.Collect$$libinit$$00000001))
<BR><BR>[Calls]<UL><LI><a href="#[ee]">&gt;&gt;</a>&nbsp;&nbsp;&nbsp;_fp_init
</UL>

<P><STRONG><a name="[ef]"></a>__rt_lib_init_heap_2</STRONG> (Thumb, 0 bytes, Stack size unknown bytes, libinit2.o(.ARM.Collect$$libinit$$00000005))
<BR><BR>[Stack]<UL><LI>Max Depth = 64 + Unknown Stack Size
<LI>Call Chain = __rt_lib_init_heap_2 &rArr; _init_alloc &rArr; __rt_SIGRTMEM &rArr; __rt_SIGRTMEM_inner &rArr; __default_signal_display &rArr; _ttywrch
</UL>
<BR>[Calls]<UL><LI><a href="#[f0]">&gt;&gt;</a>&nbsp;&nbsp;&nbsp;_init_alloc
</UL>

<P><STRONG><a name="[3a6]"></a>__rt_lib_init_preinit_1</STRONG> (Thumb, 0 bytes, Stack size unknown bytes, libinit2.o(.ARM.Collect$$libinit$$00000004))

<P><STRONG><a name="[f1]"></a>__rt_lib_init_argv_1</STRONG> (Thumb, 0 bytes, Stack size unknown bytes, libinit2.o(.ARM.Collect$$libinit$$00000026))
<BR><BR>[Stack]<UL><LI>Max Depth = 96 + Unknown Stack Size
<LI>Call Chain = __rt_lib_init_argv_1 &rArr; __ARM_argv_veneer &rArr; __ARM_get_argv &rArr; malloc &rArr; __Heap_Full &rArr; __Heap_ProvideMemory &rArr; free
</UL>
<BR>[Calls]<UL><LI><a href="#[f2]">&gt;&gt;</a>&nbsp;&nbsp;&nbsp;__ARM_argv_veneer
</UL>

<P><STRONG><a name="[3a7]"></a>__rt_lib_init_atexit_1</STRONG> (Thumb, 0 bytes, Stack size unknown bytes, libinit2.o(.ARM.Collect$$libinit$$0000001B))

<P><STRONG><a name="[3a8]"></a>__rt_lib_init_clock_1</STRONG> (Thumb, 0 bytes, Stack size unknown bytes, libinit2.o(.ARM.Collect$$libinit$$00000021))

<P><STRONG><a name="[3a9]"></a>__rt_lib_init_fp_trap_1</STRONG> (Thumb, 0 bytes, Stack size unknown bytes, libinit2.o(.ARM.Collect$$libinit$$0000001F))

<P><STRONG><a name="[3aa]"></a>__rt_lib_init_getenv_1</STRONG> (Thumb, 0 bytes, Stack size unknown bytes, libinit2.o(.ARM.Collect$$libinit$$00000023))

<P><STRONG><a name="[3ab]"></a>__rt_lib_init_heap_1</STRONG> (Thumb, 0 bytes, Stack size unknown bytes, libinit2.o(.ARM.Collect$$libinit$$0000000A))

<P><STRONG><a name="[3ac]"></a>__rt_lib_init_lc_collate_1</STRONG> (Thumb, 0 bytes, Stack size unknown bytes, libinit2.o(.ARM.Collect$$libinit$$00000011))

<P><STRONG><a name="[3ad]"></a>__rt_lib_init_lc_ctype_1</STRONG> (Thumb, 0 bytes, Stack size unknown bytes, libinit2.o(.ARM.Collect$$libinit$$00000013))

<P><STRONG><a name="[3ae]"></a>__rt_lib_init_lc_monetary_1</STRONG> (Thumb, 0 bytes, Stack size unknown bytes, libinit2.o(.ARM.Collect$$libinit$$00000015))

<P><STRONG><a name="[3af]"></a>__rt_lib_init_lc_numeric_1</STRONG> (Thumb, 0 bytes, Stack size unknown bytes, libinit2.o(.ARM.Collect$$libinit$$00000017))

<P><STRONG><a name="[3b0]"></a>__rt_lib_init_lc_time_1</STRONG> (Thumb, 0 bytes, Stack size unknown bytes, libinit2.o(.ARM.Collect$$libinit$$00000019))

<P><STRONG><a name="[3b1]"></a>__rt_lib_init_rand_1</STRONG> (Thumb, 0 bytes, Stack size unknown bytes, libinit2.o(.ARM.Collect$$libinit$$0000000E))

<P><STRONG><a name="[3b2]"></a>__rt_lib_init_signal_1</STRONG> (Thumb, 0 bytes, Stack size unknown bytes, libinit2.o(.ARM.Collect$$libinit$$0000001D))

<P><STRONG><a name="[3b3]"></a>__rt_lib_init_stdio_1</STRONG> (Thumb, 0 bytes, Stack size unknown bytes, libinit2.o(.ARM.Collect$$libinit$$00000025))

<P><STRONG><a name="[3b4]"></a>__rt_lib_init_user_alloc_1</STRONG> (Thumb, 0 bytes, Stack size unknown bytes, libinit2.o(.ARM.Collect$$libinit$$0000000C))

<P><STRONG><a name="[3b5]"></a>__rt_lib_init_alloca_1</STRONG> (Thumb, 0 bytes, Stack size unknown bytes, libinit2.o(.ARM.Collect$$libinit$$0000002E))

<P><STRONG><a name="[f3]"></a>__rt_lib_init_cpp_2</STRONG> (Thumb, 0 bytes, Stack size unknown bytes, libinit2.o(.ARM.Collect$$libinit$$00000031))
<BR><BR>[Stack]<UL><LI>Max Depth = 16 + Unknown Stack Size
<LI>Call Chain = __rt_lib_init_cpp_2 &rArr; __cpp_initialize__aeabi_
</UL>
<BR>[Calls]<UL><LI><a href="#[e8]">&gt;&gt;</a>&nbsp;&nbsp;&nbsp;__cpp_initialize__aeabi_
</UL>

<P><STRONG><a name="[3b6]"></a>__rt_lib_init_exceptions_1</STRONG> (Thumb, 0 bytes, Stack size unknown bytes, libinit2.o(.ARM.Collect$$libinit$$00000030))

<P><STRONG><a name="[3b7]"></a>__rt_lib_init_cpp_1</STRONG> (Thumb, 0 bytes, Stack size unknown bytes, libinit2.o(.ARM.Collect$$libinit$$00000032))

<P><STRONG><a name="[3b8]"></a>__rt_lib_init_return</STRONG> (Thumb, 0 bytes, Stack size unknown bytes, libinit2.o(.ARM.Collect$$libinit$$00000033))

<P><STRONG><a name="[fe]"></a>__rt_lib_shutdown</STRONG> (Thumb, 0 bytes, Stack size unknown bytes, libshutdown.o(.ARM.Collect$$libshutdown$$00000000))
<BR><BR>[Called By]<UL><LI><a href="#[e5]">&gt;&gt;</a>&nbsp;&nbsp;&nbsp;abort
<LI><a href="#[fd]">&gt;&gt;</a>&nbsp;&nbsp;&nbsp;__rt_exit_ls
</UL>

<P><STRONG><a name="[f4]"></a>__rt_lib_shutdown_cpp_2</STRONG> (Thumb, 0 bytes, Stack size unknown bytes, libshutdown2.o(.ARM.Collect$$libshutdown$$00000001))
<BR><BR>[Stack]<UL><LI>Max Depth = 40 + Unknown Stack Size
<LI>Call Chain = __rt_lib_shutdown_cpp_2 &rArr; __cxa_finalize &rArr; free
</UL>
<BR>[Calls]<UL><LI><a href="#[f5]">&gt;&gt;</a>&nbsp;&nbsp;&nbsp;__cxa_finalize
</UL>

<P><STRONG><a name="[3b9]"></a>__rt_lib_shutdown_cpp_1</STRONG> (Thumb, 0 bytes, Stack size unknown bytes, libshutdown2.o(.ARM.Collect$$libshutdown$$00000002))

<P><STRONG><a name="[3ba]"></a>__rt_lib_shutdown_fp_trap_1</STRONG> (Thumb, 0 bytes, Stack size unknown bytes, libshutdown2.o(.ARM.Collect$$libshutdown$$00000007))

<P><STRONG><a name="[3bb]"></a>__rt_lib_shutdown_heap_1</STRONG> (Thumb, 0 bytes, Stack size unknown bytes, libshutdown2.o(.ARM.Collect$$libshutdown$$0000000F))

<P><STRONG><a name="[3bc]"></a>__rt_lib_shutdown_return</STRONG> (Thumb, 0 bytes, Stack size unknown bytes, libshutdown2.o(.ARM.Collect$$libshutdown$$00000010))

<P><STRONG><a name="[3bd]"></a>__rt_lib_shutdown_signal_1</STRONG> (Thumb, 0 bytes, Stack size unknown bytes, libshutdown2.o(.ARM.Collect$$libshutdown$$0000000A))

<P><STRONG><a name="[3be]"></a>__rt_lib_shutdown_stdio_1</STRONG> (Thumb, 0 bytes, Stack size unknown bytes, libshutdown2.o(.ARM.Collect$$libshutdown$$00000004))

<P><STRONG><a name="[3bf]"></a>__rt_lib_shutdown_user_alloc_1</STRONG> (Thumb, 0 bytes, Stack size unknown bytes, libshutdown2.o(.ARM.Collect$$libshutdown$$0000000C))

<P><STRONG><a name="[ea]"></a>__rt_entry</STRONG> (Thumb, 0 bytes, Stack size unknown bytes, __rtentry.o(.ARM.Collect$$rtentry$$00000000))
<BR><BR>[Called By]<UL><LI><a href="#[5c]">&gt;&gt;</a>&nbsp;&nbsp;&nbsp;__main
<LI><a href="#[eb]">&gt;&gt;</a>&nbsp;&nbsp;&nbsp;__scatterload_rt2
</UL>

<P><STRONG><a name="[3c0]"></a>__rt_entry_presh_1</STRONG> (Thumb, 0 bytes, Stack size unknown bytes, __rtentry2.o(.ARM.Collect$$rtentry$$00000002))

<P><STRONG><a name="[f6]"></a>__rt_entry_sh</STRONG> (Thumb, 0 bytes, Stack size unknown bytes, __rtentry4.o(.ARM.Collect$$rtentry$$00000004))
<BR><BR>[Stack]<UL><LI>Max Depth = 8 + Unknown Stack Size
<LI>Call Chain = __rt_entry_sh &rArr; __user_setup_stackheap
</UL>
<BR>[Calls]<UL><LI><a href="#[f7]">&gt;&gt;</a>&nbsp;&nbsp;&nbsp;__user_setup_stackheap
</UL>

<P><STRONG><a name="[f8]"></a>__rt_entry_li</STRONG> (Thumb, 0 bytes, Stack size unknown bytes, __rtentry2.o(.ARM.Collect$$rtentry$$0000000A))
<BR><BR>[Calls]<UL><LI><a href="#[f9]">&gt;&gt;</a>&nbsp;&nbsp;&nbsp;__rt_lib_init
</UL>

<P><STRONG><a name="[3c1]"></a>__rt_entry_postsh_1</STRONG> (Thumb, 0 bytes, Stack size unknown bytes, __rtentry2.o(.ARM.Collect$$rtentry$$00000009))

<P><STRONG><a name="[fa]"></a>__rt_entry_main</STRONG> (Thumb, 0 bytes, Stack size unknown bytes, __rtentry2.o(.ARM.Collect$$rtentry$$0000000D))
<BR><BR>[Stack]<UL><LI>Max Depth = 1208 + Unknown Stack Size
<LI>Call Chain = __rt_entry_main &rArr; main &rArr; Init &rArr; operator new(unsigned) &rArr; __cxa_throw &rArr; _ZN10__cxxabiv1L12failed_throwEPNS_15__cxa_exceptionE &rArr; __cxa_begin_catch &rArr; std::terminate() &rArr; std::__terminate(void(*)()) &rArr;  __cxa_begin_catch (Cycle)
</UL>
<BR>[Calls]<UL><LI><a href="#[fb]">&gt;&gt;</a>&nbsp;&nbsp;&nbsp;main
<LI><a href="#[fc]">&gt;&gt;</a>&nbsp;&nbsp;&nbsp;exit
</UL>

<P><STRONG><a name="[3c2]"></a>__rt_entry_postli_1</STRONG> (Thumb, 0 bytes, Stack size unknown bytes, __rtentry2.o(.ARM.Collect$$rtentry$$0000000C))

<P><STRONG><a name="[120]"></a>__rt_exit</STRONG> (Thumb, 0 bytes, Stack size unknown bytes, rtexit.o(.ARM.Collect$$rtexit$$00000000))
<BR><BR>[Called By]<UL><LI><a href="#[fc]">&gt;&gt;</a>&nbsp;&nbsp;&nbsp;exit
</UL>

<P><STRONG><a name="[fd]"></a>__rt_exit_ls</STRONG> (Thumb, 0 bytes, Stack size unknown bytes, rtexit2.o(.ARM.Collect$$rtexit$$00000003))
<BR><BR>[Calls]<UL><LI><a href="#[fe]">&gt;&gt;</a>&nbsp;&nbsp;&nbsp;__rt_lib_shutdown
</UL>

<P><STRONG><a name="[3c3]"></a>__rt_exit_prels_1</STRONG> (Thumb, 0 bytes, Stack size unknown bytes, rtexit2.o(.ARM.Collect$$rtexit$$00000002))

<P><STRONG><a name="[ff]"></a>__rt_exit_exit</STRONG> (Thumb, 0 bytes, Stack size unknown bytes, rtexit2.o(.ARM.Collect$$rtexit$$00000004))
<BR><BR>[Calls]<UL><LI><a href="#[100]">&gt;&gt;</a>&nbsp;&nbsp;&nbsp;_sys_exit
</UL>

<P><STRONG><a name="[f2]"></a>__ARM_argv_veneer</STRONG> (Thumb, 4 bytes, Stack size 0 bytes, argv_veneer.o(.emb_text))
<BR><BR>[Stack]<UL><LI>Max Depth = 96<LI>Call Chain = __ARM_argv_veneer &rArr; __ARM_get_argv &rArr; malloc &rArr; __Heap_Full &rArr; __Heap_ProvideMemory &rArr; free
</UL>
<BR>[Calls]<UL><LI><a href="#[101]">&gt;&gt;</a>&nbsp;&nbsp;&nbsp;__ARM_get_argv
</UL>
<BR>[Called By]<UL><LI><a href="#[f1]">&gt;&gt;</a>&nbsp;&nbsp;&nbsp;__rt_lib_init_argv_1
</UL>

<P><STRONG><a name="[0]"></a>Reset_Handler</STRONG> (Thumb, 8 bytes, Stack size 0 bytes, startup_stm32f407xx.o(.text))
<BR>[Address Reference Count : 1]<UL><LI> startup_stm32f407xx.o(RESET)
</UL>
<P><STRONG><a name="[1c]"></a>ADC_IRQHandler</STRONG> (Thumb, 0 bytes, Stack size 0 bytes, startup_stm32f407xx.o(.text))
<BR><BR>[Calls]<UL><LI><a href="#[1c]">&gt;&gt;</a>&nbsp;&nbsp;&nbsp;ADC_IRQHandler
</UL>
<BR>[Called By]<UL><LI><a href="#[1c]">&gt;&gt;</a>&nbsp;&nbsp;&nbsp;ADC_IRQHandler
</UL>
<BR>[Address Reference Count : 1]<UL><LI> startup_stm32f407xx.o(RESET)
</UL>
<P><STRONG><a name="[20]"></a>CAN1_SCE_IRQHandler</STRONG> (Thumb, 0 bytes, Stack size 0 bytes, startup_stm32f407xx.o(.text))
<BR>[Address Reference Count : 1]<UL><LI> startup_stm32f407xx.o(RESET)
</UL>
<P><STRONG><a name="[1d]"></a>CAN1_TX_IRQHandler</STRONG> (Thumb, 0 bytes, Stack size 0 bytes, startup_stm32f407xx.o(.text))
<BR>[Address Reference Count : 1]<UL><LI> startup_stm32f407xx.o(RESET)
</UL>
<P><STRONG><a name="[4c]"></a>CAN2_SCE_IRQHandler</STRONG> (Thumb, 0 bytes, Stack size 0 bytes, startup_stm32f407xx.o(.text))
<BR>[Address Reference Count : 1]<UL><LI> startup_stm32f407xx.o(RESET)
</UL>
<P><STRONG><a name="[49]"></a>CAN2_TX_IRQHandler</STRONG> (Thumb, 0 bytes, Stack size 0 bytes, startup_stm32f407xx.o(.text))
<BR>[Address Reference Count : 1]<UL><LI> startup_stm32f407xx.o(RESET)
</UL>
<P><STRONG><a name="[58]"></a>DCMI_IRQHandler</STRONG> (Thumb, 0 bytes, Stack size 0 bytes, startup_stm32f407xx.o(.text))
<BR>[Address Reference Count : 1]<UL><LI> startup_stm32f407xx.o(RESET)
</UL>
<P><STRONG><a name="[15]"></a>DMA1_Stream0_IRQHandler</STRONG> (Thumb, 0 bytes, Stack size 0 bytes, startup_stm32f407xx.o(.text))
<BR>[Address Reference Count : 1]<UL><LI> startup_stm32f407xx.o(RESET)
</UL>
<P><STRONG><a name="[17]"></a>DMA1_Stream2_IRQHandler</STRONG> (Thumb, 0 bytes, Stack size 0 bytes, startup_stm32f407xx.o(.text))
<BR>[Address Reference Count : 1]<UL><LI> startup_stm32f407xx.o(RESET)
</UL>
<P><STRONG><a name="[19]"></a>DMA1_Stream4_IRQHandler</STRONG> (Thumb, 0 bytes, Stack size 0 bytes, startup_stm32f407xx.o(.text))
<BR>[Address Reference Count : 1]<UL><LI> startup_stm32f407xx.o(RESET)
</UL>
<P><STRONG><a name="[1a]"></a>DMA1_Stream5_IRQHandler</STRONG> (Thumb, 0 bytes, Stack size 0 bytes, startup_stm32f407xx.o(.text))
<BR>[Address Reference Count : 1]<UL><LI> startup_stm32f407xx.o(RESET)
</UL>
<P><STRONG><a name="[1b]"></a>DMA1_Stream6_IRQHandler</STRONG> (Thumb, 0 bytes, Stack size 0 bytes, startup_stm32f407xx.o(.text))
<BR>[Address Reference Count : 1]<UL><LI> startup_stm32f407xx.o(RESET)
</UL>
<P><STRONG><a name="[39]"></a>DMA1_Stream7_IRQHandler</STRONG> (Thumb, 0 bytes, Stack size 0 bytes, startup_stm32f407xx.o(.text))
<BR>[Address Reference Count : 1]<UL><LI> startup_stm32f407xx.o(RESET)
</UL>
<P><STRONG><a name="[42]"></a>DMA2_Stream0_IRQHandler</STRONG> (Thumb, 0 bytes, Stack size 0 bytes, startup_stm32f407xx.o(.text))
<BR>[Address Reference Count : 1]<UL><LI> startup_stm32f407xx.o(RESET)
</UL>
<P><STRONG><a name="[45]"></a>DMA2_Stream3_IRQHandler</STRONG> (Thumb, 0 bytes, Stack size 0 bytes, startup_stm32f407xx.o(.text))
<BR>[Address Reference Count : 1]<UL><LI> startup_stm32f407xx.o(RESET)
</UL>
<P><STRONG><a name="[46]"></a>DMA2_Stream4_IRQHandler</STRONG> (Thumb, 0 bytes, Stack size 0 bytes, startup_stm32f407xx.o(.text))
<BR>[Address Reference Count : 1]<UL><LI> startup_stm32f407xx.o(RESET)
</UL>
<P><STRONG><a name="[4e]"></a>DMA2_Stream5_IRQHandler</STRONG> (Thumb, 0 bytes, Stack size 0 bytes, startup_stm32f407xx.o(.text))
<BR>[Address Reference Count : 1]<UL><LI> startup_stm32f407xx.o(RESET)
</UL>
<P><STRONG><a name="[47]"></a>ETH_IRQHandler</STRONG> (Thumb, 0 bytes, Stack size 0 bytes, startup_stm32f407xx.o(.text))
<BR>[Address Reference Count : 1]<UL><LI> startup_stm32f407xx.o(RESET)
</UL>
<P><STRONG><a name="[48]"></a>ETH_WKUP_IRQHandler</STRONG> (Thumb, 0 bytes, Stack size 0 bytes, startup_stm32f407xx.o(.text))
<BR>[Address Reference Count : 1]<UL><LI> startup_stm32f407xx.o(RESET)
</UL>
<P><STRONG><a name="[10]"></a>EXTI0_IRQHandler</STRONG> (Thumb, 0 bytes, Stack size 0 bytes, startup_stm32f407xx.o(.text))
<BR>[Address Reference Count : 1]<UL><LI> startup_stm32f407xx.o(RESET)
</UL>
<P><STRONG><a name="[32]"></a>EXTI15_10_IRQHandler</STRONG> (Thumb, 0 bytes, Stack size 0 bytes, startup_stm32f407xx.o(.text))
<BR>[Address Reference Count : 1]<UL><LI> startup_stm32f407xx.o(RESET)
</UL>
<P><STRONG><a name="[11]"></a>EXTI1_IRQHandler</STRONG> (Thumb, 0 bytes, Stack size 0 bytes, startup_stm32f407xx.o(.text))
<BR>[Address Reference Count : 1]<UL><LI> startup_stm32f407xx.o(RESET)
</UL>
<P><STRONG><a name="[12]"></a>EXTI2_IRQHandler</STRONG> (Thumb, 0 bytes, Stack size 0 bytes, startup_stm32f407xx.o(.text))
<BR>[Address Reference Count : 1]<UL><LI> startup_stm32f407xx.o(RESET)
</UL>
<P><STRONG><a name="[13]"></a>EXTI3_IRQHandler</STRONG> (Thumb, 0 bytes, Stack size 0 bytes, startup_stm32f407xx.o(.text))
<BR>[Address Reference Count : 1]<UL><LI> startup_stm32f407xx.o(RESET)
</UL>
<P><STRONG><a name="[14]"></a>EXTI4_IRQHandler</STRONG> (Thumb, 0 bytes, Stack size 0 bytes, startup_stm32f407xx.o(.text))
<BR>[Address Reference Count : 1]<UL><LI> startup_stm32f407xx.o(RESET)
</UL>
<P><STRONG><a name="[21]"></a>EXTI9_5_IRQHandler</STRONG> (Thumb, 0 bytes, Stack size 0 bytes, startup_stm32f407xx.o(.text))
<BR>[Address Reference Count : 1]<UL><LI> startup_stm32f407xx.o(RESET)
</UL>
<P><STRONG><a name="[e]"></a>FLASH_IRQHandler</STRONG> (Thumb, 0 bytes, Stack size 0 bytes, startup_stm32f407xx.o(.text))
<BR>[Address Reference Count : 1]<UL><LI> startup_stm32f407xx.o(RESET)
</UL>
<P><STRONG><a name="[3a]"></a>FMC_IRQHandler</STRONG> (Thumb, 0 bytes, Stack size 0 bytes, startup_stm32f407xx.o(.text))
<BR>[Address Reference Count : 1]<UL><LI> startup_stm32f407xx.o(RESET)
</UL>
<P><STRONG><a name="[5a]"></a>FPU_IRQHandler</STRONG> (Thumb, 0 bytes, Stack size 0 bytes, startup_stm32f407xx.o(.text))
<BR>[Address Reference Count : 1]<UL><LI> startup_stm32f407xx.o(RESET)
</UL>
<P><STRONG><a name="[59]"></a>HASH_RNG_IRQHandler</STRONG> (Thumb, 0 bytes, Stack size 0 bytes, startup_stm32f407xx.o(.text))
<BR>[Address Reference Count : 1]<UL><LI> startup_stm32f407xx.o(RESET)
</UL>
<P><STRONG><a name="[2a]"></a>I2C1_ER_IRQHandler</STRONG> (Thumb, 0 bytes, Stack size 0 bytes, startup_stm32f407xx.o(.text))
<BR>[Address Reference Count : 1]<UL><LI> startup_stm32f407xx.o(RESET)
</UL>
<P><STRONG><a name="[29]"></a>I2C1_EV_IRQHandler</STRONG> (Thumb, 0 bytes, Stack size 0 bytes, startup_stm32f407xx.o(.text))
<BR>[Address Reference Count : 1]<UL><LI> startup_stm32f407xx.o(RESET)
</UL>
<P><STRONG><a name="[2c]"></a>I2C2_ER_IRQHandler</STRONG> (Thumb, 0 bytes, Stack size 0 bytes, startup_stm32f407xx.o(.text))
<BR>[Address Reference Count : 1]<UL><LI> startup_stm32f407xx.o(RESET)
</UL>
<P><STRONG><a name="[2b]"></a>I2C2_EV_IRQHandler</STRONG> (Thumb, 0 bytes, Stack size 0 bytes, startup_stm32f407xx.o(.text))
<BR>[Address Reference Count : 1]<UL><LI> startup_stm32f407xx.o(RESET)
</UL>
<P><STRONG><a name="[53]"></a>I2C3_ER_IRQHandler</STRONG> (Thumb, 0 bytes, Stack size 0 bytes, startup_stm32f407xx.o(.text))
<BR>[Address Reference Count : 1]<UL><LI> startup_stm32f407xx.o(RESET)
</UL>
<P><STRONG><a name="[52]"></a>I2C3_EV_IRQHandler</STRONG> (Thumb, 0 bytes, Stack size 0 bytes, startup_stm32f407xx.o(.text))
<BR>[Address Reference Count : 1]<UL><LI> startup_stm32f407xx.o(RESET)
</UL>
<P><STRONG><a name="[4d]"></a>OTG_FS_IRQHandler</STRONG> (Thumb, 0 bytes, Stack size 0 bytes, startup_stm32f407xx.o(.text))
<BR>[Address Reference Count : 1]<UL><LI> startup_stm32f407xx.o(RESET)
</UL>
<P><STRONG><a name="[34]"></a>OTG_FS_WKUP_IRQHandler</STRONG> (Thumb, 0 bytes, Stack size 0 bytes, startup_stm32f407xx.o(.text))
<BR>[Address Reference Count : 1]<UL><LI> startup_stm32f407xx.o(RESET)
</UL>
<P><STRONG><a name="[55]"></a>OTG_HS_EP1_IN_IRQHandler</STRONG> (Thumb, 0 bytes, Stack size 0 bytes, startup_stm32f407xx.o(.text))
<BR>[Address Reference Count : 1]<UL><LI> startup_stm32f407xx.o(RESET)
</UL>
<P><STRONG><a name="[54]"></a>OTG_HS_EP1_OUT_IRQHandler</STRONG> (Thumb, 0 bytes, Stack size 0 bytes, startup_stm32f407xx.o(.text))
<BR>[Address Reference Count : 1]<UL><LI> startup_stm32f407xx.o(RESET)
</UL>
<P><STRONG><a name="[57]"></a>OTG_HS_IRQHandler</STRONG> (Thumb, 0 bytes, Stack size 0 bytes, startup_stm32f407xx.o(.text))
<BR>[Address Reference Count : 1]<UL><LI> startup_stm32f407xx.o(RESET)
</UL>
<P><STRONG><a name="[56]"></a>OTG_HS_WKUP_IRQHandler</STRONG> (Thumb, 0 bytes, Stack size 0 bytes, startup_stm32f407xx.o(.text))
<BR>[Address Reference Count : 1]<UL><LI> startup_stm32f407xx.o(RESET)
</UL>
<P><STRONG><a name="[b]"></a>PVD_IRQHandler</STRONG> (Thumb, 0 bytes, Stack size 0 bytes, startup_stm32f407xx.o(.text))
<BR>[Address Reference Count : 1]<UL><LI> startup_stm32f407xx.o(RESET)
</UL>
<P><STRONG><a name="[f]"></a>RCC_IRQHandler</STRONG> (Thumb, 0 bytes, Stack size 0 bytes, startup_stm32f407xx.o(.text))
<BR>[Address Reference Count : 1]<UL><LI> startup_stm32f407xx.o(RESET)
</UL>
<P><STRONG><a name="[33]"></a>RTC_Alarm_IRQHandler</STRONG> (Thumb, 0 bytes, Stack size 0 bytes, startup_stm32f407xx.o(.text))
<BR>[Address Reference Count : 1]<UL><LI> startup_stm32f407xx.o(RESET)
</UL>
<P><STRONG><a name="[d]"></a>RTC_WKUP_IRQHandler</STRONG> (Thumb, 0 bytes, Stack size 0 bytes, startup_stm32f407xx.o(.text))
<BR>[Address Reference Count : 1]<UL><LI> startup_stm32f407xx.o(RESET)
</UL>
<P><STRONG><a name="[3b]"></a>SDIO_IRQHandler</STRONG> (Thumb, 0 bytes, Stack size 0 bytes, startup_stm32f407xx.o(.text))
<BR>[Address Reference Count : 1]<UL><LI> startup_stm32f407xx.o(RESET)
</UL>
<P><STRONG><a name="[2d]"></a>SPI1_IRQHandler</STRONG> (Thumb, 0 bytes, Stack size 0 bytes, startup_stm32f407xx.o(.text))
<BR>[Address Reference Count : 1]<UL><LI> startup_stm32f407xx.o(RESET)
</UL>
<P><STRONG><a name="[2e]"></a>SPI2_IRQHandler</STRONG> (Thumb, 0 bytes, Stack size 0 bytes, startup_stm32f407xx.o(.text))
<BR>[Address Reference Count : 1]<UL><LI> startup_stm32f407xx.o(RESET)
</UL>
<P><STRONG><a name="[3d]"></a>SPI3_IRQHandler</STRONG> (Thumb, 0 bytes, Stack size 0 bytes, startup_stm32f407xx.o(.text))
<BR>[Address Reference Count : 1]<UL><LI> startup_stm32f407xx.o(RESET)
</UL>
<P><STRONG><a name="[c]"></a>TAMP_STAMP_IRQHandler</STRONG> (Thumb, 0 bytes, Stack size 0 bytes, startup_stm32f407xx.o(.text))
<BR>[Address Reference Count : 1]<UL><LI> startup_stm32f407xx.o(RESET)
</UL>
<P><STRONG><a name="[22]"></a>TIM1_BRK_TIM9_IRQHandler</STRONG> (Thumb, 0 bytes, Stack size 0 bytes, startup_stm32f407xx.o(.text))
<BR>[Address Reference Count : 1]<UL><LI> startup_stm32f407xx.o(RESET)
</UL>
<P><STRONG><a name="[25]"></a>TIM1_CC_IRQHandler</STRONG> (Thumb, 0 bytes, Stack size 0 bytes, startup_stm32f407xx.o(.text))
<BR>[Address Reference Count : 1]<UL><LI> startup_stm32f407xx.o(RESET)
</UL>
<P><STRONG><a name="[24]"></a>TIM1_TRG_COM_TIM11_IRQHandler</STRONG> (Thumb, 0 bytes, Stack size 0 bytes, startup_stm32f407xx.o(.text))
<BR>[Address Reference Count : 1]<UL><LI> startup_stm32f407xx.o(RESET)
</UL>
<P><STRONG><a name="[23]"></a>TIM1_UP_TIM10_IRQHandler</STRONG> (Thumb, 0 bytes, Stack size 0 bytes, startup_stm32f407xx.o(.text))
<BR>[Address Reference Count : 1]<UL><LI> startup_stm32f407xx.o(RESET)
</UL>
<P><STRONG><a name="[26]"></a>TIM2_IRQHandler</STRONG> (Thumb, 0 bytes, Stack size 0 bytes, startup_stm32f407xx.o(.text))
<BR>[Address Reference Count : 1]<UL><LI> startup_stm32f407xx.o(RESET)
</UL>
<P><STRONG><a name="[27]"></a>TIM3_IRQHandler</STRONG> (Thumb, 0 bytes, Stack size 0 bytes, startup_stm32f407xx.o(.text))
<BR>[Address Reference Count : 1]<UL><LI> startup_stm32f407xx.o(RESET)
</UL>
<P><STRONG><a name="[28]"></a>TIM4_IRQHandler</STRONG> (Thumb, 0 bytes, Stack size 0 bytes, startup_stm32f407xx.o(.text))
<BR>[Address Reference Count : 1]<UL><LI> startup_stm32f407xx.o(RESET)
</UL>
<P><STRONG><a name="[3c]"></a>TIM5_IRQHandler</STRONG> (Thumb, 0 bytes, Stack size 0 bytes, startup_stm32f407xx.o(.text))
<BR>[Address Reference Count : 1]<UL><LI> startup_stm32f407xx.o(RESET)
</UL>
<P><STRONG><a name="[35]"></a>TIM8_BRK_TIM12_IRQHandler</STRONG> (Thumb, 0 bytes, Stack size 0 bytes, startup_stm32f407xx.o(.text))
<BR>[Address Reference Count : 1]<UL><LI> startup_stm32f407xx.o(RESET)
</UL>
<P><STRONG><a name="[38]"></a>TIM8_CC_IRQHandler</STRONG> (Thumb, 0 bytes, Stack size 0 bytes, startup_stm32f407xx.o(.text))
<BR>[Address Reference Count : 1]<UL><LI> startup_stm32f407xx.o(RESET)
</UL>
<P><STRONG><a name="[37]"></a>TIM8_TRG_COM_TIM14_IRQHandler</STRONG> (Thumb, 0 bytes, Stack size 0 bytes, startup_stm32f407xx.o(.text))
<BR>[Address Reference Count : 1]<UL><LI> startup_stm32f407xx.o(RESET)
</UL>
<P><STRONG><a name="[36]"></a>TIM8_UP_TIM13_IRQHandler</STRONG> (Thumb, 0 bytes, Stack size 0 bytes, startup_stm32f407xx.o(.text))
<BR>[Address Reference Count : 1]<UL><LI> startup_stm32f407xx.o(RESET)
</UL>
<P><STRONG><a name="[3e]"></a>UART4_IRQHandler</STRONG> (Thumb, 0 bytes, Stack size 0 bytes, startup_stm32f407xx.o(.text))
<BR>[Address Reference Count : 1]<UL><LI> startup_stm32f407xx.o(RESET)
</UL>
<P><STRONG><a name="[3f]"></a>UART5_IRQHandler</STRONG> (Thumb, 0 bytes, Stack size 0 bytes, startup_stm32f407xx.o(.text))
<BR>[Address Reference Count : 1]<UL><LI> startup_stm32f407xx.o(RESET)
</UL>
<P><STRONG><a name="[30]"></a>USART2_IRQHandler</STRONG> (Thumb, 0 bytes, Stack size 0 bytes, startup_stm32f407xx.o(.text))
<BR>[Address Reference Count : 1]<UL><LI> startup_stm32f407xx.o(RESET)
</UL>
<P><STRONG><a name="[a]"></a>WWDG_IRQHandler</STRONG> (Thumb, 0 bytes, Stack size 0 bytes, startup_stm32f407xx.o(.text))
<BR>[Address Reference Count : 1]<UL><LI> startup_stm32f407xx.o(RESET)
</UL>
<P><STRONG><a name="[11f]"></a>__user_initial_stackheap</STRONG> (Thumb, 0 bytes, Stack size unknown bytes, startup_stm32f407xx.o(.text))
<BR><BR>[Called By]<UL><LI><a href="#[f7]">&gt;&gt;</a>&nbsp;&nbsp;&nbsp;__user_setup_stackheap
</UL>

<P><STRONG><a name="[15a]"></a>__aeabi_uldivmod</STRONG> (Thumb, 0 bytes, Stack size 48 bytes, lludivv7m.o(.text))
<BR><BR>[Stack]<UL><LI>Max Depth = 48<LI>Call Chain = __aeabi_uldivmod
</UL>
<BR>[Called By]<UL><LI><a href="#[157]">&gt;&gt;</a>&nbsp;&nbsp;&nbsp;HAL_RCC_GetSysClockFreq
<LI><a href="#[183]">&gt;&gt;</a>&nbsp;&nbsp;&nbsp;UART_SetConfig
</UL>

[...]
</UL>

<P><STRONG><a name="[e1]"></a>_GLOBAL__sub_I_ChassisTask.cpp</STRONG> (Thumb, 8 bytes, Stack size 8 bytes, ChassisTask.o(.text._GLOBAL__sub_I_ChassisTask.cpp))
<BR><BR>[Stack]<UL><LI>Max Depth = 96<LI>Call Chain = _GLOBAL__sub_I_ChassisTask.cpp &rArr; __cxx_global_var_init.2 &rArr; __cxa_atexit &rArr; __aeabi_atexit &rArr; malloc &rArr; __Heap_Full &rArr; __Heap_ProvideMemory &rArr; free
</UL>
<BR>[Calls]<UL><LI><a href="#[1ad]">&gt;&gt;</a>&nbsp;&nbsp;&nbsp;__cxx_global_var_init.2
</UL>
<BR>[Address Reference Count : 1]<UL><LI> ChassisTask.o(.init_array)
</UL>
<P><STRONG><a name="[1ad]"></a>__cxx_global_var_init.2</STRONG> (Thumb, 44 bytes, Stack size 16 bytes, ChassisTask.o(.text.__cxx_global_var_init.2))
<BR><BR>[Stack]<UL><LI>Max Depth = 88<LI>Call Chain = __cxx_global_var_init.2 &rArr; __cxa_atexit &rArr; __aeabi_atexit &rArr; malloc &rArr; __Heap_Full &rArr; __Heap_ProvideMemory &rArr; free
</UL>
<BR>[Calls]<UL><LI><a href="#[102]">&gt;&gt;</a>&nbsp;&nbsp;&nbsp;__cxa_atexit
<LI><a href="#[340]">&gt;&gt;</a>&nbsp;&nbsp;&nbsp;TaskManager::TaskManager__sub_object()
</UL>
<BR>[Called By]<UL><LI><a href="#[e1]">&gt;&gt;</a>&nbsp;&nbsp;&nbsp;_GLOBAL__sub_I_ChassisTask.cpp
</UL>

<P><STRONG><a name="[e2]"></a>_GLOBAL__sub_I_CommunicationTask.cpp</STRONG> (Thumb, 8 bytes, Stack size 8 bytes, CommunicationTask.o(.text._GLOBAL__sub_I_CommunicationTask.cpp))
<BR><BR>[Stack]<UL><LI>Max Depth = 20<LI>Call Chain = _GLOBAL__sub_I_CommunicationTask.cpp &rArr; __cxx_global_var_init &rArr; Communicat::Gimbal_to_Chassis::Gimbal_to_Chassis__sub_object()
</UL>
<BR>[Calls]<UL><LI><a href="#[1ae]">&gt;&gt;</a>&nbsp;&nbsp;&nbsp;__cxx_global_var_init
</UL>
<BR>[Address Reference Count : 1]<UL><LI> CommunicationTask.o(.init_array)
</UL>
<P><STRONG><a name="[1fb]"></a>auto Communicat::Gimbal_to_Chassis::Transmit()::$_0::operator ()&lang;Communicat::Gimbal_to_Chassis::Booster&rang;(const T1&) const</STRONG> (Thumb, 34 bytes, Stack size 8 bytes, CommunicationTask.o(.text._ZZN10Communicat17Gimbal_to_Chassis8TransmitEvENK3$_0clINS0_7BoosterEEEDaRKT_))
<BR><BR>[Stack]<UL><LI>Max Depth = 8<LI>Call Chain = auto Communicat::Gimbal_to_Chassis::Transmit()::$_0::operator ()&lang;Communicat::Gimbal_to_Chassis::Booster&rang;(const T1&) const
</UL>
<BR>[Called By]<UL><LI><a href="#[128]">&gt;&gt;</a>&nbsp;&nbsp;&nbsp;Communicat::Gimbal_to_Chassis::Transmit()
</UL>

<P><STRONG><a name="[1ae]"></a>__cxx_global_var_init</STRONG> (Thumb, 16 bytes, Stack size 8 bytes, CommunicationTask.o(.text.__cxx_global_var_init))
<BR><BR>[Stack]<UL><LI>Max Depth = 12<LI>Call Chain = __cxx_global_var_init &rArr; Communicat::Gimbal_to_Chassis::Gimbal_to_Chassis__sub_object()
</UL>
<BR>[Calls]<UL><LI><a href="#[33c]">&gt;&gt;</a>&nbsp;&nbsp;&nbsp;Communicat::Gimbal_to_Chassis::Gimbal_to_Chassis__sub_object()
</UL>
<BR>[Called By]<UL><LI><a href="#[e2]">&gt;&gt;</a>&nbsp;&nbsp;&nbsp;_GLOBAL__sub_I_CommunicationTask.cpp
</UL>

<P><STRONG><a name="[e3]"></a>_GLOBAL__sub_I_EvenTask.cpp</STRONG> (Thumb, 16 bytes, Stack size 8 bytes, EvenTask.o(.text._GLOBAL__sub_I_EvenTask.cpp))
<BR><BR>[Stack]<UL><LI>Max Depth = 1272 + Unknown Stack Size
<LI>Call Chain = _GLOBAL__sub_I_EvenTask.cpp &rArr; __cxx_global_var_init.4 &rArr; operator new(unsigned) &rArr; __cxa_throw &rArr; _ZN10__cxxabiv1L12failed_throwEPNS_15__cxa_exceptionE &rArr; __cxa_begin_catch &rArr; std::terminate() &rArr; std::__terminate(void(*)()) &rArr;  __cxa_begin_catch (Cycle)
</UL>
<BR>[Calls]<UL><LI><a href="#[1b2]">&gt;&gt;</a>&nbsp;&nbsp;&nbsp;__cxx_global_var_init.4
<LI><a href="#[1b1]">&gt;&gt;</a>&nbsp;&nbsp;&nbsp;__cxx_global_var_init.3
<LI><a href="#[1b0]">&gt;&gt;</a>&nbsp;&nbsp;&nbsp;__cxx_global_var_init.2
</UL>
<BR>[Address Reference Count : 1]<UL><LI> EvenTask.o(.init_array)
</UL>
<P><STRONG><a name="[1b0]"></a>__cxx_global_var_init.2</STRONG> (Thumb, 44 bytes, Stack size 16 bytes, EvenTask.o(.text.__cxx_global_var_init.2))
<BR><BR>[Stack]<UL><LI>Max Depth = 128<LI>Call Chain = __cxx_global_var_init.2 &rArr; Dir::Dir__sub_object() &rArr; ISubject::ISubject__sub_object()
</UL>
<BR>[Calls]<UL><LI><a href="#[102]">&gt;&gt;</a>&nbsp;&nbsp;&nbsp;__cxa_atexit
<LI><a href="#[2b7]">&gt;&gt;</a>&nbsp;&nbsp;&nbsp;Dir::Dir__sub_object()
</UL>
<BR>[Called By]<UL><LI><a href="#[e3]">&gt;&gt;</a>&nbsp;&nbsp;&nbsp;_GLOBAL__sub_I_EvenTask.cpp
</UL>

<P><STRONG><a name="[1b1]"></a>__cxx_global_var_init.3</STRONG> (Thumb, 172 bytes, Stack size 96 bytes, EvenTask.o(.text.__cxx_global_var_init.3))
<BR><BR>[Stack]<UL><LI>Max Depth = 1264 + Unknown Stack Size
<LI>Call Chain = __cxx_global_var_init.3 &rArr; operator new(unsigned) &rArr; __cxa_throw &rArr; _ZN10__cxxabiv1L12failed_throwEPNS_15__cxa_exceptionE &rArr; __cxa_begin_catch &rArr; std::terminate() &rArr; std::__terminate(void(*)()) &rArr;  __cxa_begin_catch (Cycle)
</UL>
<BR>[Calls]<UL><LI><a href="#[202]">&gt;&gt;</a>&nbsp;&nbsp;&nbsp;operator delete (void*)
<LI><a href="#[1da]">&gt;&gt;</a>&nbsp;&nbsp;&nbsp;_Unwind_Resume
<LI><a href="#[18d]">&gt;&gt;</a>&nbsp;&nbsp;&nbsp;operator new(unsigned)
<LI><a href="#[102]">&gt;&gt;</a>&nbsp;&nbsp;&nbsp;__cxa_atexit
<LI><a href="#[2c1]">&gt;&gt;</a>&nbsp;&nbsp;&nbsp;LED::LED__sub_object(ISubject*)
</UL>
<BR>[Called By]<UL><LI><a href="#[e3]">&gt;&gt;</a>&nbsp;&nbsp;&nbsp;_GLOBAL__sub_I_EvenTask.cpp
</UL>

<P><STRONG><a name="[1b2]"></a>__cxx_global_var_init.4</STRONG> (Thumb, 172 bytes, Stack size 96 bytes, EvenTask.o(.text.__cxx_global_var_init.4))
<BR><BR>[Stack]<UL><LI>Max Depth = 1264 + Unknown Stack Size
<LI>Call Chain = __cxx_global_var_init.4 &rArr; operator new(unsigned) &rArr; __cxa_throw &rArr; _ZN10__cxxabiv1L12failed_throwEPNS_15__cxa_exceptionE &rArr; __cxa_begin_catch &rArr; std::terminate() &rArr; std::__terminate(void(*)()) &rArr;  __cxa_begin_catch (Cycle)
</UL>
<BR>[Calls]<UL><LI><a href="#[202]">&gt;&gt;</a>&nbsp;&nbsp;&nbsp;operator delete (void*)
<LI><a href="#[1da]">&gt;&gt;</a>&nbsp;&nbsp;&nbsp;_Unwind_Resume
<LI><a href="#[18d]">&gt;&gt;</a>&nbsp;&nbsp;&nbsp;operator new(unsigned)
<LI><a href="#[102]">&gt;&gt;</a>&nbsp;&nbsp;&nbsp;__cxa_atexit
<LI><a href="#[2f2]">&gt;&gt;</a>&nbsp;&nbsp;&nbsp;Buzzer::Buzzer__sub_object(ISubject*)
</UL>
<BR>[Called By]<UL><LI><a href="#[e3]">&gt;&gt;</a>&nbsp;&nbsp;&nbsp;_GLOBAL__sub_I_EvenTask.cpp
</UL>

<P><STRONG><a name="[e4]"></a>_GLOBAL__sub_I_PowerTask.cpp</STRONG> (Thumb, 8 bytes, Stack size 8 bytes, PowerTask.o(.text._GLOBAL__sub_I_PowerTask.cpp))
<BR><BR>[Stack]<UL><LI>Max Depth = 1368 + Unknown Stack Size
<LI>Call Chain = _GLOBAL__sub_I_PowerTask.cpp &rArr; __cxx_global_var_init.2 &rArr; SGPowerControl::PowerTask_t::PowerTask_t__sub_object() &rArr; SGPowerControl::PowerUpData_t::PowerUpData_t__sub_object() &rArr; Math::RLS&lang;(unsigned)2&rang;::RLS__sub_object(float, float) &rArr; Math::RLS&lang;(unsigned)2&rang;::reset() &rArr; Matrixf&lang;(int)2, (int)2&rang;::eye() &rArr; Matrixf&lang;(int)2, (int)2&rang;::Matrixf__sub_object(float*) &rArr; _Unwind_Resume &rArr; _ZL13unwind_phase2P13unw_context_tP12unw_cursor_tP21_Unwind_Control_Blockb &rArr; __unw_init_local &rArr; libunwind::UnwindCursor&lang;libunwind::LocalAddressSpace, libunwind::Registers_arm&rang;::setInfoBasedOnIPRegister(bool) &rArr; libunwind::UnwindCursor&lang;libunwind::LocalAddressSpace, libunwind::Registers_arm&rang;::getInfoFromEHABISection(unsigned, const libunwind::UnwindInfoSections&) &rArr; abort &rArr; __rt_SIGABRT &rArr; __rt_SIGABRT_inner &rArr; __default_signal_display &rArr; _ttywrch
</UL>
<BR>[Calls]<UL><LI><a href="#[1b3]">&gt;&gt;</a>&nbsp;&nbsp;&nbsp;__cxx_global_var_init.2
</UL>
<BR>[Address Reference Count : 1]<UL><LI> PowerTask.o(.init_array)
</UL>
<P><STRONG><a name="[1b3]"></a>__cxx_global_var_init.2</STRONG> (Thumb, 44 bytes, Stack size 16 bytes, PowerTask.o(.text.__cxx_global_var_init.2))
<BR><BR>[Stack]<UL><LI>Max Depth = 1360 + Unknown Stack Size
<LI>Call Chain = __cxx_global_var_init.2 &rArr; SGPowerControl::PowerTask_t::PowerTask_t__sub_object() &rArr; SGPowerControl::PowerUpData_t::PowerUpData_t__sub_object() &rArr; Math::RLS&lang;(unsigned)2&rang;::RLS__sub_object(float, float) &rArr; Math::RLS&lang;(unsigned)2&rang;::reset() &rArr; Matrixf&lang;(int)2, (int)2&rang;::eye() &rArr; Matrixf&lang;(int)2, (int)2&rang;::Matrixf__sub_object(float*) &rArr; _Unwind_Resume &rArr; _ZL13unwind_phase2P13unw_context_tP12unw_cursor_tP21_Unwind_Control_Blockb &rArr; __unw_init_local &rArr; libunwind::UnwindCursor&lang;libunwind::LocalAddressSpace, libunwind::Registers_arm&rang;::setInfoBasedOnIPRegister(bool) &rArr; libunwind::UnwindCursor&lang;libunwind::LocalAddressSpace, libunwind::Registers_arm&rang;::getInfoFromEHABISection(unsigned, const libunwind::UnwindInfoSections&) &rArr; abort &rArr; __rt_SIGABRT &rArr; __rt_SIGABRT_inner &rArr; __default_signal_display &rArr; _ttywrch
</UL>
<BR>[Calls]<UL><LI><a href="#[102]">&gt;&gt;</a>&nbsp;&nbsp;&nbsp;__cxa_atexit
<LI><a href="#[25d]">&gt;&gt;</a>&nbsp;&nbsp;&nbsp;SGPowerControl::PowerTask_t::PowerTask_t__sub_object()
</UL>
<BR>[Called By]<UL><LI><a href="#[e4]">&gt;&gt;</a>&nbsp;&nbsp;&nbsp;_GLOBAL__sub_I_PowerTask.cpp
</UL>

<P><STRONG><a name="[39a]"></a>_dadd1</STRONG> (Thumb, 0 bytes, Stack size unknown bytes, daddsub_clz.o(x$fpl$dadd), UNUSED)
<BR><BR>[Called By]<UL><LI><a href="#[399]">&gt;&gt;</a>&nbsp;&nbsp;&nbsp;_dsub
</UL>

<P><STRONG><a name="[38f]"></a>_dsub1</STRONG> (Thumb, 0 bytes, Stack size unknown bytes, daddsub_clz.o(x$fpl$dsub), UNUSED)
<BR><BR>[Called By]<UL><LI><a href="#[38e]">&gt;&gt;</a>&nbsp;&nbsp;&nbsp;_dadd
</UL>

<P><STRONG><a name="[20c]"></a>_ZN10__cxxabiv1L12failed_throwEPNS_15__cxa_exceptionE</STRONG> (Thumb, 16 bytes, Stack size 8 bytes, cxa_exception.cpp.o(.text._ZN10__cxxabiv1L12failed_throwEPNS_15__cxa_exceptionE))
<BR><BR>[Stack]<UL><LI>Max Depth = 1136 + Unknown Stack Size
<LI>Call Chain = _ZN10__cxxabiv1L12failed_throwEPNS_15__cxa_exceptionE &rArr; __cxa_begin_catch &rArr; std::terminate() &rArr; std::__terminate(void(*)()) &rArr;  __cxa_begin_catch (Cycle)
</UL>
<BR>[Calls]<UL><LI><a href="#[20d]">&gt;&gt;</a>&nbsp;&nbsp;&nbsp;__cxa_begin_catch
<LI><a href="#[20e]">&gt;&gt;</a>&nbsp;&nbsp;&nbsp;std::__terminate(void(*)())
</UL>
<BR>[Called By]<UL><LI><a href="#[31c]">&gt;&gt;</a>&nbsp;&nbsp;&nbsp;__cxa_throw
</UL>

<P><STRONG><a name="[6f]"></a>_ZN10__cxxabiv1L22exception_cleanup_funcE19_Unwind_Reason_CodeP21_Unwind_Control_Block</STRONG> (Thumb, 22 bytes, Stack size 8 bytes, cxa_exception.cpp.o(.text._ZN10__cxxabiv1L22exception_cleanup_funcE19_Unwind_Reason_CodeP21_Unwind_Control_Block))
<BR><BR>[Stack]<UL><LI>Max Depth = 1112 + Unknown Stack Size
<LI>Call Chain = _ZN10__cxxabiv1L22exception_cleanup_funcE19_Unwind_Reason_CodeP21_Unwind_Control_Block &rArr; std::__terminate(void(*)()) &rArr;  __cxa_begin_catch (Cycle)
</UL>
<BR>[Calls]<UL><LI><a href="#[20e]">&gt;&gt;</a>&nbsp;&nbsp;&nbsp;std::__terminate(void(*)())
<LI><a href="#[210]">&gt;&gt;</a>&nbsp;&nbsp;&nbsp;__cxa_decrement_exception_refcount
</UL>
<BR>[Address Reference Count : 1]<UL><LI> cxa_exception.cpp.o(.text.__cxa_throw)
</UL>
<P><STRONG><a name="[e7]"></a>__cxa_end_cleanup_impl</STRONG> (Thumb, 96 bytes, Stack size 8 bytes, cxa_exception.cpp.o(.text.__cxa_end_cleanup_impl), UNUSED, KEPT)
<BR><BR>[Stack]<UL><LI>Max Depth = 1120 + Unknown Stack Size
<LI>Call Chain = __cxa_end_cleanup_impl &rArr; std::terminate() &rArr; std::__terminate(void(*)()) &rArr;  __cxa_begin_catch (Cycle)
</UL>
<BR>[Calls]<UL><LI><a href="#[e6]">&gt;&gt;</a>&nbsp;&nbsp;&nbsp;std::terminate()
<LI><a href="#[334]">&gt;&gt;</a>&nbsp;&nbsp;&nbsp;__cxa_get_globals
</UL>

<P><STRONG><a name="[207]"></a>_ZN10__cxxabiv1L11scan_eh_tabERNS_12_GLOBAL__N_112scan_resultsE14_Unwind_ActionbP21_Unwind_Control_BlockP15_Unwind_Context</STRONG> (Thumb, 908 bytes, Stack size 96 bytes, cxa_personality.cpp.o(.text._ZN10__cxxabiv1L11scan_eh_tabERNS_12_GLOBAL__N_112scan_resultsE14_Unwind_ActionbP21_Unwind_Control_BlockP15_Unwind_Context))
<BR><BR>[Stack]<UL><LI>Max Depth = 160 + Unknown Stack Size
<LI>Call Chain = _ZN10__cxxabiv1L11scan_eh_tabERNS_12_GLOBAL__N_112scan_resultsE14_Unwind_ActionbP21_Unwind_Control_BlockP15_Unwind_Context &rArr; _Unwind_VRS_Get &rArr; abort &rArr; __rt_SIGABRT &rArr; __rt_SIGABRT_inner &rArr; __default_signal_display &rArr; _ttywrch
</UL>
<BR>[Calls]<UL><LI><a href="#[208]">&gt;&gt;</a>&nbsp;&nbsp;&nbsp;__aeabi_memclr8
<LI><a href="#[1db]">&gt;&gt;</a>&nbsp;&nbsp;&nbsp;_Unwind_VRS_Get
<LI><a href="#[1d5]">&gt;&gt;</a>&nbsp;&nbsp;&nbsp;_Unwind_GetRegionStart
<LI><a href="#[1d3]">&gt;&gt;</a>&nbsp;&nbsp;&nbsp;_Unwind_GetLanguageSpecificData
<LI><a href="#[20b]">&gt;&gt;</a>&nbsp;&nbsp;&nbsp;_ZN10__cxxabiv1L24exception_spec_can_catchExPKhhPKNS_16__shim_type_infoEPvP21_Unwind_Control_Block
<LI><a href="#[209]">&gt;&gt;</a>&nbsp;&nbsp;&nbsp;_ZN10__cxxabiv1L18readEncodedPointerEPPKhh
<LI><a href="#[20a]">&gt;&gt;</a>&nbsp;&nbsp;&nbsp;_ZN10__cxxabiv1L14call_terminateEbP21_Unwind_Control_Block
</UL>
<BR>[Called By]<UL><LI><a href="#[78]">&gt;&gt;</a>&nbsp;&nbsp;&nbsp;__gxx_personality_v0
</UL>

<P><STRONG><a name="[20f]"></a>_ZN10__cxxabiv1L13set_registersEP21_Unwind_Control_BlockP15_Unwind_ContextRKNS_12_GLOBAL__N_112scan_resultsE</STRONG> (Thumb, 92 bytes, Stack size 32 bytes, cxa_personality.cpp.o(.text._ZN10__cxxabiv1L13set_registersEP21_Unwind_Control_BlockP15_Unwind_ContextRKNS_12_GLOBAL__N_112scan_resultsE))
<BR><BR>[Stack]<UL><LI>Max Depth = 104 + Unknown Stack Size
<LI>Call Chain = _ZN10__cxxabiv1L13set_registersEP21_Unwind_Control_BlockP15_Unwind_ContextRKNS_12_GLOBAL__N_112scan_resultsE &rArr; _Unwind_VRS_Set &rArr; __unw_set_reg
</UL>
<BR>[Calls]<UL><LI><a href="#[1e2]">&gt;&gt;</a>&nbsp;&nbsp;&nbsp;_Unwind_VRS_Set
<LI><a href="#[1db]">&gt;&gt;</a>&nbsp;&nbsp;&nbsp;_Unwind_VRS_Get
</UL>
<BR>[Called By]<UL><LI><a href="#[78]">&gt;&gt;</a>&nbsp;&nbsp;&nbsp;__gxx_personality_v0
</UL>

<P><STRONG><a name="[20a]"></a>_ZN10__cxxabiv1L14call_terminateEbP21_Unwind_Control_Block</STRONG> (Thumb, 26 bytes, Stack size 16 bytes, cxa_personality.cpp.o(.text._ZN10__cxxabiv1L14call_terminateEbP21_Unwind_Control_Block))
<BR><BR>[Stack]<UL><LI>Max Depth = 16 + In Cycle
<LI>Call Chain = _ZN10__cxxabiv1L14call_terminateEbP21_Unwind_Control_Block &rArr;  __cxa_begin_catch (Cycle)
</UL>
<BR>[Calls]<UL><LI><a href="#[20d]">&gt;&gt;</a>&nbsp;&nbsp;&nbsp;__cxa_begin_catch
<LI><a href="#[e6]">&gt;&gt;</a>&nbsp;&nbsp;&nbsp;std::terminate()
<LI><a href="#[20e]">&gt;&gt;</a>&nbsp;&nbsp;&nbsp;std::__terminate(void(*)())
</UL>
<BR>[Called By]<UL><LI><a href="#[78]">&gt;&gt;</a>&nbsp;&nbsp;&nbsp;__gxx_personality_v0
<LI><a href="#[20b]">&gt;&gt;</a>&nbsp;&nbsp;&nbsp;_ZN10__cxxabiv1L24exception_spec_can_catchExPKhhPKNS_16__shim_type_infoEPvP21_Unwind_Control_Block
<LI><a href="#[207]">&gt;&gt;</a>&nbsp;&nbsp;&nbsp;_ZN10__cxxabiv1L11scan_eh_tabERNS_12_GLOBAL__N_112scan_resultsE14_Unwind_ActionbP21_Unwind_Control_BlockP15_Unwind_Context
<LI><a href="#[333]">&gt;&gt;</a>&nbsp;&nbsp;&nbsp;__cxa_call_unexpected
</UL>

<P><STRONG><a name="[209]"></a>_ZN10__cxxabiv1L18readEncodedPointerEPPKhh</STRONG> (Thumb, 298 bytes, Stack size 16 bytes, cxa_personality.cpp.o(.text._ZN10__cxxabiv1L18readEncodedPointerEPPKhh))
<BR><BR>[Stack]<UL><LI>Max Depth = 64 + Unknown Stack Size
<LI>Call Chain = _ZN10__cxxabiv1L18readEncodedPointerEPPKhh &rArr; abort &rArr; __rt_SIGABRT &rArr; __rt_SIGABRT_inner &rArr; __default_signal_display &rArr; _ttywrch
</UL>
<BR>[Calls]<UL><LI><a href="#[e5]">&gt;&gt;</a>&nbsp;&nbsp;&nbsp;abort
</UL>
<BR>[Called By]<UL><LI><a href="#[207]">&gt;&gt;</a>&nbsp;&nbsp;&nbsp;_ZN10__cxxabiv1L11scan_eh_tabERNS_12_GLOBAL__N_112scan_resultsE14_Unwind_ActionbP21_Unwind_Control_BlockP15_Unwind_Context
<LI><a href="#[333]">&gt;&gt;</a>&nbsp;&nbsp;&nbsp;__cxa_call_unexpected
</UL>

<P><STRONG><a name="[20b]"></a>_ZN10__cxxabiv1L24exception_spec_can_catchExPKhhPKNS_16__shim_type_infoEPvP21_Unwind_Control_Block</STRONG> (Thumb, 66 bytes, Stack size 24 bytes, cxa_personality.cpp.o(.text._ZN10__cxxabiv1L24exception_spec_can_catchExPKhhPKNS_16__shim_type_infoEPvP21_Unwind_Control_Block))
<BR><BR>[Stack]<UL><LI>Max Depth = 40<LI>Call Chain = _ZN10__cxxabiv1L24exception_spec_can_catchExPKhhPKNS_16__shim_type_infoEPvP21_Unwind_Control_Block &rArr; _ZN10__cxxabiv1L14call_terminateEbP21_Unwind_Control_Block &rArr;  __cxa_begin_catch (Cycle)
</UL>
<BR>[Calls]<UL><LI><a href="#[20a]">&gt;&gt;</a>&nbsp;&nbsp;&nbsp;_ZN10__cxxabiv1L14call_terminateEbP21_Unwind_Control_Block
</UL>
<BR>[Called By]<UL><LI><a href="#[207]">&gt;&gt;</a>&nbsp;&nbsp;&nbsp;_ZN10__cxxabiv1L11scan_eh_tabERNS_12_GLOBAL__N_112scan_resultsE14_Unwind_ActionbP21_Unwind_Control_BlockP15_Unwind_Context
<LI><a href="#[333]">&gt;&gt;</a>&nbsp;&nbsp;&nbsp;__cxa_call_unexpected
</UL>

<P><STRONG><a name="[1d9]"></a>_ZL13unwind_phase2P13unw_context_tP12unw_cursor_tP21_Unwind_Control_Blockb</STRONG> (Thumb, 164 bytes, Stack size 80 bytes, Unwind-EHABI.cpp.o(.text._ZL13unwind_phase2P13unw_context_tP12unw_cursor_tP21_Unwind_Control_Blockb))
<BR><BR>[Stack]<UL><LI>Max Depth = 208 + Unknown Stack Size
<LI>Call Chain = _ZL13unwind_phase2P13unw_context_tP12unw_cursor_tP21_Unwind_Control_Blockb &rArr; __unw_init_local &rArr; libunwind::UnwindCursor&lang;libunwind::LocalAddressSpace, libunwind::Registers_arm&rang;::setInfoBasedOnIPRegister(bool) &rArr; libunwind::UnwindCursor&lang;libunwind::LocalAddressSpace, libunwind::Registers_arm&rang;::getInfoFromEHABISection(unsigned, const libunwind::UnwindInfoSections&) &rArr; abort &rArr; __rt_SIGABRT &rArr; __rt_SIGABRT_inner &rArr; __default_signal_display &rArr; _ttywrch
</UL>
<BR>[Calls]<UL><LI><a href="#[e5]">&gt;&gt;</a>&nbsp;&nbsp;&nbsp;abort
<LI><a href="#[1e0]">&gt;&gt;</a>&nbsp;&nbsp;&nbsp;__unw_set_reg
<LI><a href="#[1eb]">&gt;&gt;</a>&nbsp;&nbsp;&nbsp;__unw_resume
<LI><a href="#[1d8]">&gt;&gt;</a>&nbsp;&nbsp;&nbsp;__unw_init_local
<LI><a href="#[1dc]">&gt;&gt;</a>&nbsp;&nbsp;&nbsp;__unw_get_reg
<LI><a href="#[1d4]">&gt;&gt;</a>&nbsp;&nbsp;&nbsp;__unw_get_proc_info
</UL>
<BR>[Called By]<UL><LI><a href="#[1da]">&gt;&gt;</a>&nbsp;&nbsp;&nbsp;_Unwind_Resume
<LI><a href="#[1d6]">&gt;&gt;</a>&nbsp;&nbsp;&nbsp;_Unwind_RaiseException
</UL>

<P><STRONG><a name="[258]"></a>&lang;unnamed namespace 1&rang;::unwindOneFrame(unsigned, _Unwind_Control_Block*, _Unwind_Context*)</STRONG> (Thumb, 60 bytes, Stack size 56 bytes, Unwind-EHABI.cpp.o(.text._ZN12_GLOBAL__N_114unwindOneFrameEjP21_Unwind_Control_BlockP15_Unwind_Context))
<BR><BR>[Stack]<UL><LI>Max Depth = 64<LI>Call Chain = &lang;unnamed namespace 1&rang;::unwindOneFrame(unsigned, _Unwind_Control_Block*, _Unwind_Context*) &rArr; __unw_get_proc_info
</UL>
<BR>[Calls]<UL><LI><a href="#[259]">&gt;&gt;</a>&nbsp;&nbsp;&nbsp;__unw_step
<LI><a href="#[1d4]">&gt;&gt;</a>&nbsp;&nbsp;&nbsp;__unw_get_proc_info
</UL>
<BR>[Called By]<UL><LI><a href="#[69]">&gt;&gt;</a>&nbsp;&nbsp;&nbsp;__aeabi_unwind_cpp_pr0
<LI><a href="#[6a]">&gt;&gt;</a>&nbsp;&nbsp;&nbsp;__aeabi_unwind_cpp_pr1
<LI><a href="#[6b]">&gt;&gt;</a>&nbsp;&nbsp;&nbsp;__aeabi_unwind_cpp_pr2
</UL>

<P><STRONG><a name="[204]"></a>&lang;unnamed namespace 1&rang;::fallback_free(void*)</STRONG> (Thumb, 140 bytes, Stack size 28 bytes, fallback_malloc.cpp.o(.text._ZN12_GLOBAL__N_113fallback_freeEPv))
<BR><BR>[Stack]<UL><LI>Max Depth = 28<LI>Call Chain = &lang;unnamed namespace 1&rang;::fallback_free(void*)
</UL>
<BR>[Called By]<UL><LI><a href="#[203]">&gt;&gt;</a>&nbsp;&nbsp;&nbsp;__cxxabiv1::__aligned_free_with_fallback(void*)
</UL>

<P><STRONG><a name="[206]"></a>&lang;unnamed namespace 1&rang;::fallback_malloc(unsigned)</STRONG> (Thumb, 146 bytes, Stack size 8 bytes, fallback_malloc.cpp.o(.text._ZN12_GLOBAL__N_115fallback_mallocEj))
<BR><BR>[Stack]<UL><LI>Max Depth = 8<LI>Call Chain = &lang;unnamed namespace 1&rang;::fallback_malloc(unsigned)
</UL>
<BR>[Called By]<UL><LI><a href="#[205]">&gt;&gt;</a>&nbsp;&nbsp;&nbsp;__cxxabiv1::__aligned_malloc_with_fallback(unsigned)
</UL>
<P>
<H3>
Undefined Global Symbols
</H3><HR></body></html>
