Component: ARM Compiler 6.14.1 Tool: armlink [5db06d00]

==============================================================================

Section Cross References

    startup_stm32f427xx.o(STACK) refers (Special) to heapauxi.o(.text) for __use_two_region_memory
    startup_stm32f427xx.o(HEAP) refers (Special) to heapauxi.o(.text) for __use_two_region_memory
    startup_stm32f427xx.o(RESET) refers (Special) to heapauxi.o(.text) for __use_two_region_memory
    startup_stm32f427xx.o(RESET) refers to startup_stm32f427xx.o(STACK) for __initial_sp
    startup_stm32f427xx.o(RESET) refers to startup_stm32f427xx.o(.text) for Reset_Handler
    startup_stm32f427xx.o(RESET) refers to stm32f4xx_it.o(.text.NMI_Handler) for NMI_Handler
    startup_stm32f427xx.o(RESET) refers to stm32f4xx_it.o(.text.HardFault_Handler) for HardFault_Handler
    startup_stm32f427xx.o(RESET) refers to stm32f4xx_it.o(.text.MemManage_Handler) for MemManage_Handler
    startup_stm32f427xx.o(RESET) refers to stm32f4xx_it.o(.text.BusFault_Handler) for BusFault_Handler
    startup_stm32f427xx.o(RESET) refers to stm32f4xx_it.o(.text.UsageFault_Handler) for UsageFault_Handler
    startup_stm32f427xx.o(RESET) refers to port.o(.text.SVC_Handler) for SVC_Handler
    startup_stm32f427xx.o(RESET) refers to stm32f4xx_it.o(.text.DebugMon_Handler) for DebugMon_Handler
    startup_stm32f427xx.o(RESET) refers to port.o(.text.PendSV_Handler) for PendSV_Handler
    startup_stm32f427xx.o(RESET) refers to port.o(.text.SysTick_Handler) for SysTick_Handler
    startup_stm32f427xx.o(RESET) refers to stm32f4xx_it.o(.text.DMA1_Stream0_IRQHandler) for DMA1_Stream0_IRQHandler
    startup_stm32f427xx.o(RESET) refers to stm32f4xx_it.o(.text.DMA1_Stream1_IRQHandler) for DMA1_Stream1_IRQHandler
    startup_stm32f427xx.o(RESET) refers to stm32f4xx_it.o(.text.DMA1_Stream3_IRQHandler) for DMA1_Stream3_IRQHandler
    startup_stm32f427xx.o(RESET) refers to stm32f4xx_it.o(.text.DMA1_Stream5_IRQHandler) for DMA1_Stream5_IRQHandler
    startup_stm32f427xx.o(RESET) refers to stm32f4xx_it.o(.text.DMA1_Stream6_IRQHandler) for DMA1_Stream6_IRQHandler
    startup_stm32f427xx.o(RESET) refers to stm32f4xx_it.o(.text.CAN1_RX0_IRQHandler) for CAN1_RX0_IRQHandler
    startup_stm32f427xx.o(RESET) refers to stm32f4xx_it.o(.text.CAN1_RX1_IRQHandler) for CAN1_RX1_IRQHandler
    startup_stm32f427xx.o(RESET) refers to stm32f4xx_it.o(.text.TIM1_UP_TIM10_IRQHandler) for TIM1_UP_TIM10_IRQHandler
    startup_stm32f427xx.o(RESET) refers to stm32f4xx_it.o(.text.USART1_IRQHandler) for USART1_IRQHandler
    startup_stm32f427xx.o(RESET) refers to stm32f4xx_it.o(.text.USART2_IRQHandler) for USART2_IRQHandler
    startup_stm32f427xx.o(RESET) refers to stm32f4xx_it.o(.text.DMA2_Stream1_IRQHandler) for DMA2_Stream1_IRQHandler
    startup_stm32f427xx.o(RESET) refers to stm32f4xx_it.o(.text.DMA2_Stream2_IRQHandler) for DMA2_Stream2_IRQHandler
    startup_stm32f427xx.o(RESET) refers to stm32f4xx_it.o(.text.CAN2_RX0_IRQHandler) for CAN2_RX0_IRQHandler
    startup_stm32f427xx.o(RESET) refers to stm32f4xx_it.o(.text.CAN2_RX1_IRQHandler) for CAN2_RX1_IRQHandler
    startup_stm32f427xx.o(RESET) refers to stm32f4xx_it.o(.text.DMA2_Stream6_IRQHandler) for DMA2_Stream6_IRQHandler
    startup_stm32f427xx.o(RESET) refers to stm32f4xx_it.o(.text.USART6_IRQHandler) for USART6_IRQHandler
    startup_stm32f427xx.o(RESET) refers to stm32f4xx_it.o(.text.UART7_IRQHandler) for UART7_IRQHandler
    startup_stm32f427xx.o(RESET) refers to stm32f4xx_it.o(.text.UART8_IRQHandler) for UART8_IRQHandler
    startup_stm32f427xx.o(.text) refers (Special) to heapauxi.o(.text) for __use_two_region_memory
    startup_stm32f427xx.o(.text) refers to system_stm32f4xx.o(.text.SystemInit) for SystemInit
    startup_stm32f427xx.o(.text) refers to __main.o(!!!main) for __main
    startup_stm32f427xx.o(.text) refers to startup_stm32f427xx.o(HEAP) for Heap_Mem
    startup_stm32f427xx.o(.text) refers to startup_stm32f427xx.o(STACK) for Stack_Mem
    main.o(.text.main) refers to stm32f4xx_hal.o(.text.HAL_Init) for HAL_Init
    main.o(.text.main) refers to main.o(.text.SystemClock_Config) for SystemClock_Config
    main.o(.text.main) refers to gpio.o(.text.MX_GPIO_Init) for MX_GPIO_Init
    main.o(.text.main) refers to dma.o(.text.MX_DMA_Init) for MX_DMA_Init
    main.o(.text.main) refers to can.o(.text.MX_CAN1_Init) for MX_CAN1_Init
    main.o(.text.main) refers to can.o(.text.MX_CAN2_Init) for MX_CAN2_Init
    main.o(.text.main) refers to usart.o(.text.MX_USART1_UART_Init) for MX_USART1_UART_Init
    main.o(.text.main) refers to usart.o(.text.MX_USART6_UART_Init) for MX_USART6_UART_Init
    main.o(.text.main) refers to tim.o(.text.MX_TIM12_Init) for MX_TIM12_Init
    main.o(.text.main) refers to usart.o(.text.MX_UART8_Init) for MX_UART8_Init
    main.o(.text.main) refers to usart.o(.text.MX_UART7_Init) for MX_UART7_Init
    main.o(.text.main) refers to usart.o(.text.MX_USART2_UART_Init) for MX_USART2_UART_Init
[...]
    __aeabi_i2d                              0x08009581   Thumb Code     0  dflt_clz.o(x$fpl$dflt)
    _dflt                                    0x08009581   Thumb Code    46  dflt_clz.o(x$fpl$dflt)
    __aeabi_ui2d                             0x080095af   Thumb Code     0  dflt_clz.o(x$fpl$dfltu)
    _dfltu                                   0x080095af   Thumb Code    38  dflt_clz.o(x$fpl$dfltu)
    __aeabi_cdcmpge                          0x080095d5   Thumb Code     0  dgeqf.o(x$fpl$dgeqf)
    _dcmpge                                  0x080095d5   Thumb Code   120  dgeqf.o(x$fpl$dgeqf)
    __aeabi_cdcmple                          0x0800964d   Thumb Code     0  dleqf.o(x$fpl$dleqf)
    _dcmple                                  0x0800964d   Thumb Code   120  dleqf.o(x$fpl$dleqf)
    __fpl_dcmple_InfNaN                      0x080096af   Thumb Code     0  dleqf.o(x$fpl$dleqf)
    __aeabi_dmul                             0x080096c5   Thumb Code     0  dmul.o(x$fpl$dmul)
    _dmul                                    0x080096c5   Thumb Code   332  dmul.o(x$fpl$dmul)
    __fpl_dnaninf                            0x08009819   Thumb Code   156  dnaninf.o(x$fpl$dnaninf)
    __fpl_dretinf                            0x080098b5   Thumb Code    12  dretinf.o(x$fpl$dretinf)
    __aeabi_dsub                             0x080098c1   Thumb Code     0  daddsub_clz.o(x$fpl$dsub)
    _dsub                                    0x080098c1   Thumb Code   464  daddsub_clz.o(x$fpl$dsub)
    __aeabi_f2d                              0x08009a95   Thumb Code     0  f2d.o(x$fpl$f2d)
    _f2d                                     0x08009a95   Thumb Code    86  f2d.o(x$fpl$f2d)
    __aeabi_dcmpeq                           0x08009aeb   Thumb Code     0  dcmp.o(x$fpl$fcmp)
    _deq                                     0x08009aeb   Thumb Code    14  dcmp.o(x$fpl$fcmp)
    _dneq                                    0x08009af9   Thumb Code    14  dcmp.o(x$fpl$fcmp)
    __aeabi_dcmpgt                           0x08009b07   Thumb Code     0  dcmp.o(x$fpl$fcmp)
    _dgr                                     0x08009b07   Thumb Code    14  dcmp.o(x$fpl$fcmp)
    __aeabi_dcmpge                           0x08009b15   Thumb Code     0  dcmp.o(x$fpl$fcmp)
    _dgeq                                    0x08009b15   Thumb Code    14  dcmp.o(x$fpl$fcmp)
    __aeabi_dcmple                           0x08009b23   Thumb Code     0  dcmp.o(x$fpl$fcmp)
    _dleq                                    0x08009b23   Thumb Code    14  dcmp.o(x$fpl$fcmp)
    __aeabi_dcmplt                           0x08009b31   Thumb Code     0  dcmp.o(x$fpl$fcmp)
    _dls                                     0x08009b31   Thumb Code    14  dcmp.o(x$fpl$fcmp)
    __fpl_fnaninf                            0x08009b3f   Thumb Code   140  fnaninf.o(x$fpl$fnaninf)
    _fp_init                                 0x08009bcb   Thumb Code    26  fpinit.o(x$fpl$fpinit)
    __fplib_config_fpu_vfp                   0x08009be3   Thumb Code     0  fpinit.o(x$fpl$fpinit)
    __fplib_config_pureend_doubles           0x08009be3   Thumb Code     0  fpinit.o(x$fpl$fpinit)
    __fpl_fretinf                            0x08009be5   Thumb Code    10  fretinf.o(x$fpl$fretinf)
    __I$use$fp                               0x08009bee   Number         0  usenofp.o(x$fpl$usenofp)
    AHBPrescTable                            0x08009cc0   Data          16  system_stm32f4xx.o(.rodata.AHBPrescTable)
    APBPrescTable                            0x08009cd0   Data           8  system_stm32f4xx.o(.rodata.APBPrescTable)
    vtable for BSP::IMU::HI12_float          0x08009cd8   Data          16  serivaltask.o(.rodata._ZTVN3BSP3IMU10HI12_floatE)
    vtable for BSP::Motor::DM::J4310<(unsigned char)1> 0x08009ce8   Data          12  motortask.o(.rodata._ZTVN3BSP5Motor2DM5J4310ILh1EEE)
    vtable for BSP::Motor::Dji::GM3508<(unsigned char)3> 0x08009cf4   Data          12  motortask.o(.rodata._ZTVN3BSP5Motor3Dji6GM3508ILh3EEE)
    vtable for BSP::Motor::Dji::GM6020<(unsigned char)1> 0x08009d00   Data          12  motortask.o(.rodata._ZTVN3BSP5Motor3Dji6GM6020ILh1EEE)
    vtable for HAL::CAN::CanBus              0x08009d0c   Data          24  can_bus_impl.o(.rodata._ZTVN3HAL3CAN6CanBusE)
    vtable for HAL::CAN::CanDevice           0x08009d24   Data          44  can_device_impl.o(.rodata._ZTVN3HAL3CAN9CanDeviceE)
    vtable for HAL::UART::UartDevice         0x08009d50   Data          68  uart_device_impl.o(.rodata._ZTVN3HAL4UART10UartDeviceE)
    vtable for HAL::UART::UartBus            0x08009d94   Data          24  uart_bus_impl.o(.rodata._ZTVN3HAL4UART7UartBusE)
    Region$$Table$$Base                      0x08009ec0   Number         0  anon$$obj.o(Region$$Table)
    Region$$Table$$Limit                     0x08009ee0   Number         0  anon$$obj.o(Region$$Table)
    SHT$$INIT_ARRAY$$Base                    0x08009ee0   Number         0  controltask.o(.init_array)
    SHT$$INIT_ARRAY$$Limit                   0x08009ee8   Number         0  init_aeabi.o(.init_array)
    DR16                                     0x20000000   Data          72  serivaltask.o(.data.DR16)
    HI12                                     0x20000048   Data         108  serivaltask.o(.data.HI12)
    SystemCoreClock                          0x200000b4   Data           4  system_stm32f4xx.o(.data.SystemCoreClock)
    k_d                                      0x200000b8   Data           4  motortask.o(.data.k_d)
    k_p                                      0x200000bc   Data           4  motortask.o(.data.k_p)
    pitch_feedback_offset_rad                0x200000c0   Data           4  controltask.o(.data.pitch_feedback_offset_rad)
    pitch_gravity_comp                       0x200000c4   Data          20  motortask.o(.data.pitch_gravity_comp)
    uwTickFreq                               0x200000d8   Data           1  stm32f4xx_hal.o(.data.uwTickFreq)
    uwTickPrio                               0x200000dc   Data           4  stm32f4xx_hal.o(.data.uwTickPrio)
    __libspace_start                         0x200000e8   Data          96  libspace.o(.bss)
    ALGHandle                                0x20000148   Data           4  freertos.o(.bss.ALGHandle)
    __temporary_stack_top$libspace           0x20000148   Data           0  libspace.o(.bss)
    CANHandle                                0x2000014c   Data           4  freertos.o(.bss.CANHandle)
    HI12RX_buffer                            0x20000154   Data          82  serivaltask.o(.bss.HI12RX_buffer)
    Motor3508                                0x200001a8   Data         432  motortask.o(.bss.Motor3508)
    Motor6020                                0x20000358   Data         232  motortask.o(.bss.Motor6020)
    MotorJ4310                               0x20000440   Data         168  motortask.o(.bss.MotorJ4310)
    Rx_pData                                 0x200004e8   Data          19  serivaltask.o(.bss.Rx_pData)
    SERIALHandle                             0x200004fc   Data           4  freertos.o(.bss.SERIALHandle)
    Tx_pData                                 0x20000500   Data          18  serivaltask.o(.bss.Tx_pData)
    __cxa_new_handler                        0x20000638   Data           4  cxa_handlers.cpp.o(.bss.__cxa_new_handler)
    defaultTaskHandle                        0x2000063c   Data           4  freertos.o(.bss.defaultTaskHandle)
    demo_time                                0x20000640   Data           4  serivaltask.o(.bss.demo_time)
    dial_pid                                 0x20000644   Data          64  controltask.o(.bss.dial_pid)
    dr16_rx_buffer                           0x20000684   Data          18  serivaltask.o(.bss.dr16_rx_buffer)
    feedback_data                            0x20000698   Data          16  controltask.o(.bss.feedback_data)
    gimbal_fsm                               0x200006a8   Data         204  controltask.o(.bss.gimbal_fsm)
    gimbal_output                            0x20000774   Data           8  controltask.o(.bss.gimbal_output)
    gimbal_target                            0x2000077c   Data          44  controltask.o(.bss.gimbal_target)
    hcan1                                    0x200007a8   Data          40  can.o(.bss.hcan1)
    hcan2                                    0x200007d0   Data          40  can.o(.bss.hcan2)
    hdma_uart7_rx                            0x200007f8   Data          96  usart.o(.bss.hdma_uart7_rx)
    hdma_uart7_tx                            0x20000858   Data          96  usart.o(.bss.hdma_uart7_tx)
    hdma_uart8_rx                            0x200008b8   Data          96  usart.o(.bss.hdma_uart8_rx)
    hdma_uart8_tx                            0x20000918   Data          96  usart.o(.bss.hdma_uart8_tx)
    hdma_usart1_rx                           0x20000978   Data          96  usart.o(.bss.hdma_usart1_rx)
    hdma_usart2_rx                           0x200009d8   Data          96  usart.o(.bss.hdma_usart2_rx)
    hdma_usart6_rx                           0x20000a38   Data          96  usart.o(.bss.hdma_usart6_rx)
    hdma_usart6_tx                           0x20000a98   Data          96  usart.o(.bss.hdma_usart6_tx)
    htim1                                    0x20000af8   Data          72  stm32f4xx_hal_timebase_tim.o(.bss.htim1)
    htim12                                   0x20000b40   Data          72  tim.o(.bss.htim12)
    huart1                                   0x20000b88   Data          72  usart.o(.bss.huart1)
    huart2                                   0x20000bd0   Data          72  usart.o(.bss.huart2)
    huart6                                   0x20000c18   Data          72  usart.o(.bss.huart6)
    huart7                                   0x20000c60   Data          72  usart.o(.bss.huart7)
    huart8                                   0x20000ca8   Data          72  usart.o(.bss.huart8)
    launch_fsm                               0x20000cf0   Data         204  controltask.o(.bss.launch_fsm)
    launch_output                            0x20000dbc   Data          12  controltask.o(.bss.launch_output)
    mit_pid                                  0x20000dc8   Data          16  motortask.o(.bss.mit_pid)
    pitch_angle_pid                          0x20000dd8   Data          64  controltask.o(.bss.pitch_angle_pid)
    pitch_velocity_pid                       0x20000e18   Data          64  controltask.o(.bss.pitch_velocity_pid)
    pxCurrentTCB                             0x20000e58   Data           4  tasks.o(.bss.pxCurrentTCB)
    rx_frame                                 0x20000ef8   Data          48  serivaltask.o(.bss.rx_frame)
    rx_other                                 0x20000f28   Data           5  serivaltask.o(.bss.rx_other)
    send_str2                                0x20000f30   Data          32  serivaltask.o(.bss.send_str2)
    send_time                                0x20000f50   Data           4  serivaltask.o(.bss.send_time)
    surgewheel_pid                           0x20000f54   Data         128  controltask.o(.bss.surgewheel_pid)
    test_data                                0x20000fd4   Data          20  controltask.o(.bss.test_data)
    tx_frame                                 0x20000fe8   Data          20  serivaltask.o(.bss.tx_frame)
    uwTick                                   0x20004c04   Data           4  stm32f4xx_hal.o(.bss.uwTick)
    vofa_send_t                              0x20004c1c   Data           8  controltask.o(.bss.vofa_send_t)
    yaw_angle_pid                            0x20004f14   Data          64  controltask.o(.bss.yaw_angle_pid)
    yaw_velocity_pid                         0x20004f54   Data          64  controltask.o(.bss.yaw_velocity_pid)



==============================================================================

Memory Map of the image

  Image Entry point : 0x080001ad

  Load Region LR_IROM1 (Base: 0x08000000, Size: 0x00009fd0, Max: 0x00200000, ABSOLUTE)

    Execution Region ER_IROM1 (Exec base: 0x08000000, Load base: 0x08000000, Size: 0x00009ee8, Max: 0x00200000, ABSOLUTE)

    Exec Addr    Load Addr    Size         Type   Attr      Idx    E Section Name        Object

    0x08000000   0x08000000   0x000001ac   Data   RO            3    RESET               startup_stm32f427xx.o
    0x080001ac   0x080001ac   0x00000008   Code   RO         2305  * !!!main             c_w.l(__main.o)
    0x080001b4   0x080001b4   0x00000034   Code   RO         2789    !!!scatter          c_w.l(__scatter.o)
    0x080001e8   0x080001e8   0x0000001a   Code   RO         2791    !!handler_copy      c_w.l(__scatter_copy.o)
    0x08000202   0x08000202   0x00000002   PAD
    0x08000204   0x08000204   0x0000001c   Code   RO         2793    !!handler_zi        c_w.l(__scatter_zi.o)
    0x08000220   0x08000220   0x00000002   Code   RO         2730    .ARM.Collect$$libinit$$00000000  c_w.l(libinit.o)
    0x08000222   0x08000222   0x00000004   Code   RO         2501    .ARM.Collect$$libinit$$00000001  c_w.l(libinit2.o)
    0x08000226   0x08000226   0x00000000   Code   RO         2504    .ARM.Collect$$libinit$$00000004  c_w.l(libinit2.o)
    0x08000226   0x08000226   0x00000008   Code   RO         2505    .ARM.Collect$$libinit$$00000005  c_w.l(libinit2.o)
    0x0800022e   0x0800022e   0x00000000   Code   RO         2507    .ARM.Collect$$libinit$$0000000A  c_w.l(libinit2.o)
    0x0800022e   0x0800022e   0x00000000   Code   RO         2509    .ARM.Collect$$libinit$$0000000C  c_w.l(libinit2.o)
    0x0800022e   0x0800022e   0x00000000   Code   RO         2511    .ARM.Collect$$libinit$$0000000E  c_w.l(libinit2.o)
    0x0800022e   0x0800022e   0x00000000   Code   RO         2514    .ARM.Collect$$libinit$$00000011  c_w.l(libinit2.o)
    0x0800022e   0x0800022e   0x00000000   Code   RO         2516    .ARM.Collect$$libinit$$00000013  c_w.l(libinit2.o)
    0x0800022e   0x0800022e   0x00000000   Code   RO         2518    .ARM.Collect$$libinit$$00000015  c_w.l(libinit2.o)
    0x0800022e   0x0800022e   0x00000000   Code   RO         2520    .ARM.Collect$$libinit$$00000017  c_w.l(libinit2.o)
    0x0800022e   0x0800022e   0x00000000   Code   RO         2522    .ARM.Collect$$libinit$$00000019  c_w.l(libinit2.o)
    0x0800022e   0x0800022e   0x00000000   Code   RO         2524    .ARM.Collect$$libinit$$0000001B  c_w.l(libinit2.o)
    0x0800022e   0x0800022e   0x00000000   Code   RO         2526    .ARM.Collect$$libinit$$0000001D  c_w.l(libinit2.o)
    0x0800022e   0x0800022e   0x00000000   Code   RO         2528    .ARM.Collect$$libinit$$0000001F  c_w.l(libinit2.o)
    0x0800022e   0x0800022e   0x00000000   Code   RO         2530    .ARM.Collect$$libinit$$00000021  c_w.l(libinit2.o)
    0x0800022e   0x0800022e   0x00000000   Code   RO         2532    .ARM.Collect$$libinit$$00000023  c_w.l(libinit2.o)
    0x0800022e   0x0800022e   0x00000000   Code   RO         2534    .ARM.Collect$$libinit$$00000025  c_w.l(libinit2.o)
    0x0800022e   0x0800022e   0x00000000   Code   RO         2538    .ARM.Collect$$libinit$$0000002C  c_w.l(libinit2.o)
    0x0800022e   0x0800022e   0x00000000   Code   RO         2540    .ARM.Collect$$libinit$$0000002E  c_w.l(libinit2.o)
    0x0800022e   0x0800022e   0x00000000   Code   RO         2542    .ARM.Collect$$libinit$$00000030  c_w.l(libinit2.o)
    0x0800022e   0x0800022e   0x00000004   Code   RO         2543    .ARM.Collect$$libinit$$00000031  c_w.l(libinit2.o)
    0x08000232   0x08000232   0x00000000   Code   RO         2544    .ARM.Collect$$libinit$$00000032  c_w.l(libinit2.o)
    0x08000232   0x08000232   0x00000002   Code   RO         2545    .ARM.Collect$$libinit$$00000033  c_w.l(libinit2.o)
    0x08000234   0x08000234   0x00000002   Code   RO         2786    .ARM.Collect$$libshutdown$$00000000  c_w.l(libshutdown.o)
    0x08000236   0x08000236   0x00000006   Code   RO         2731    .ARM.Collect$$libshutdown$$00000001  c_w.l(libshutdown2.o)
    0x0800023c   0x0800023c   0x00000000   Code   RO         2732    .ARM.Collect$$libshutdown$$00000002  c_w.l(libshutdown2.o)
    0x0800023c   0x0800023c   0x00000000   Code   RO         2734    .ARM.Collect$$libshutdown$$00000004  c_w.l(libshutdown2.o)
    0x0800023c   0x0800023c   0x00000000   Code   RO         2737    .ARM.Collect$$libshutdown$$00000007  c_w.l(libshutdown2.o)
    0x0800023c   0x0800023c   0x00000000   Code   RO         2740    .ARM.Collect$$libshutdown$$0000000A  c_w.l(libshutdown2.o)
    0x0800023c   0x0800023c   0x00000000   Code   RO         2742    .ARM.Collect$$libshutdown$$0000000C  c_w.l(libshutdown2.o)
    0x0800023c   0x0800023c   0x00000000   Code   RO         2745    .ARM.Collect$$libshutdown$$0000000F  c_w.l(libshutdown2.o)
    0x0800023c   0x0800023c   0x00000002   Code   RO         2746    .ARM.Collect$$libshutdown$$00000010  c_w.l(libshutdown2.o)
    0x0800023e   0x0800023e   0x00000000   Code   RO         2414    .ARM.Collect$$rtentry$$00000000  c_w.l(__rtentry.o)
    0x0800023e   0x0800023e   0x00000000   Code   RO         2613    .ARM.Collect$$rtentry$$00000002  c_w.l(__rtentry2.o)
    0x0800023e   0x0800023e   0x00000006   Code   RO         2625    .ARM.Collect$$rtentry$$00000004  c_w.l(__rtentry4.o)
    0x08000244   0x08000244   0x00000000   Code   RO         2615    .ARM.Collect$$rtentry$$00000009  c_w.l(__rtentry2.o)
    0x08000244   0x08000244   0x00000004   Code   RO         2616    .ARM.Collect$$rtentry$$0000000A  c_w.l(__rtentry2.o)
    0x08000248   0x08000248   0x00000000   Code   RO         2618    .ARM.Collect$$rtentry$$0000000C  c_w.l(__rtentry2.o)
    0x08000248   0x08000248   0x00000008   Code   RO         2619    .ARM.Collect$$rtentry$$0000000D  c_w.l(__rtentry2.o)
    0x08000250   0x08000250   0x00000002   Code   RO         2751    .ARM.Collect$$rtexit$$00000000  c_w.l(rtexit.o)
    0x08000252   0x08000252   0x00000000   Code   RO         2762    .ARM.Collect$$rtexit$$00000002  c_w.l(rtexit2.o)
    0x08000252   0x08000252   0x00000004   Code   RO         2763    .ARM.Collect$$rtexit$$00000003  c_w.l(rtexit2.o)
    0x08000256   0x08000256   0x00000006   Code   RO         2764    .ARM.Collect$$rtexit$$00000004  c_w.l(rtexit2.o)
    0x0800025c   0x0800025c   0x00000040   Code   RO            4    .text               startup_stm32f427xx.o
    0x0800029c   0x0800029c   0x000000f0   Code   RO         2287    .text               c_w.l(lludivv7m.o)
    0x0800038c   0x0800038c   0x00000016   Code   RO         2289    .text               c_w.l(abort.o)
    0x080003a2   0x080003a2   0x0000000a   Code   RO         2294    .text               c_w.l(cxa_atexit.o)
    0x080003ac   0x080003ac   0x00000044   Code   RO         2301    .text               c_w.l(rt_memclr.o)
    0x080003f0   0x080003f0   0x00000006   Code   RO         2303    .text               c_w.l(heapauxi.o)
    0x080003f6   0x080003f6   0x00000002   PAD
    0x080003f8   0x080003f8   0x00000024   Code   RO         2310    .text               c_w.l(init_aeabi.o)
    0x0800041c   0x0800041c   0x0000000c   Code   RO         2410    .text               c_w.l(sys_exit.o)
    0x08000428   0x08000428   0x0000005e   Code   RO         2423    .text               c_w.l(h1_alloc.o)
    0x08000486   0x08000486   0x0000004e   Code   RO         2425    .text               c_w.l(h1_free.o)
    0x080004d4   0x080004d4   0x00000016   Code   RO         2485    .text               c_w.l(_rserrno.o)
    0x080004ea   0x080004ea   0x0000002e   Code   RO         2490    .text               c_w.l(aeabi_atexit.o)
    0x08000518   0x08000518   0x0000000e   Code   RO         2493    .text               c_w.l(defsig_abrt_outer.o)
    0x08000526   0x08000526   0x0000004e   Code   RO         2499    .text               c_w.l(rt_memclr_w.o)
    0x08000574   0x08000574   0x00000002   Code   RO         2607    .text               c_w.l(use_no_semi.o)
    0x08000576   0x08000576   0x00000000   Code   RO         2611    .text               c_w.l(indicate_semi.o)
    0x08000576   0x08000576   0x00000002   PAD
    0x08000578   0x08000578   0x00000008   Code   RO         2634    .text               c_w.l(rt_heap_descriptor_intlibspace.o)
    0x08000580   0x08000580   0x00000008   Code   RO         2639    .text               c_w.l(rt_ddtor_pointer_addr_intlibspace.o)
    0x08000588   0x08000588   0x00000008   Code   RO         2644    .text               c_w.l(rt_errno_addr_intlibspace.o)
    0x08000590   0x08000590   0x00000004   Code   RO         2646    .text               c_w.l(hguard.o)
    0x08000594   0x08000594   0x0000008a   Code   RO         2648    .text               c_w.l(init_alloc.o)
    0x0800061e   0x0800061e   0x0000000e   Code   RO         2652    .text               c_w.l(h1_init.o)
    0x0800062c   0x0800062c   0x00000042   Code   RO         2664    .text               c_w.l(cxa_finalize.o)
    0x0800066e   0x0800066e   0x0000000a   Code   RO         2667    .text               c_w.l(defsig_exit.o)
    0x08000678   0x08000678   0x00000030   Code   RO         2669    .text               c_w.l(defsig_abrt_inner.o)
    0x080006a8   0x080006a8   0x00000008   Code   RO         2691    .text               c_w.l(libspace.o)
    0x080006b0   0x080006b0   0x0000004a   Code   RO         2694    .text               c_w.l(sys_stackheap_outer.o)
    0x080006fa   0x080006fa   0x00000000   Code   RO         2698    .text               c_w.l(maybetermalloc1.o)
    0x080006fa   0x080006fa   0x00000034   Code   RO         2700    .text               c_w.l(h1_extend.o)
    0x0800072e   0x0800072e   0x00000012   Code   RO         2704    .text               c_w.l(exit.o)
    0x08000740   0x08000740   0x00000032   Code   RO         2708    .text               c_w.l(defsig_general.o)
    0x08000772   0x08000772   0x0000000e   Code   RO         2714    .text               c_w.l(defsig_rtmem_outer.o)
    0x08000780   0x08000780   0x0000000e   Code   RO         2747    .text               c_w.l(sys_wrch.o)
    0x0800078e   0x0800078e   0x00000002   PAD
    0x08000790   0x08000790   0x00000050   Code   RO         2757    .text               c_w.l(defsig_rtmem_inner.o)
    0x080007e0   0x080007e0   0x00000002   Code   RO          147    .text.BusFault_Handler  stm32f4xx_it.o
    0x080007e2   0x080007e2   0x00000002   PAD
    0x080007e4   0x080007e4   0x0000000c   Code   RO          163    .text.CAN1_RX0_IRQHandler  stm32f4xx_it.o
    0x080007f0   0x080007f0   0x0000000c   Code   RO          165    .text.CAN1_RX1_IRQHandler  stm32f4xx_it.o
    0x080007fc   0x080007fc   0x0000000c   Code   RO          177    .text.CAN2_RX0_IRQHandler  stm32f4xx_it.o
    0x08000808   0x08000808   0x0000000c   Code   RO          179    .text.CAN2_RX1_IRQHandler  stm32f4xx_it.o
    0x08000814   0x08000814   0x000000b6   Code   RO         2081    .text.Control       controltask.o
    0x080008ca   0x080008ca   0x00000002   PAD
    0x080008cc   0x080008cc   0x0000000c   Code   RO          153    .text.DMA1_Stream0_IRQHandler  stm32f4xx_it.o
    0x080008d8   0x080008d8   0x0000000c   Code   RO          155    .text.DMA1_Stream1_IRQHandler  stm32f4xx_it.o
    0x080008e4   0x080008e4   0x0000000c   Code   RO          157    .text.DMA1_Stream3_IRQHandler  stm32f4xx_it.o
    0x080008f0   0x080008f0   0x0000000c   Code   RO          159    .text.DMA1_Stream5_IRQHandler  stm32f4xx_it.o
    0x080008fc   0x080008fc   0x0000000c   Code   RO          161    .text.DMA1_Stream6_IRQHandler  stm32f4xx_it.o
    0x08000908   0x08000908   0x0000000c   Code   RO          173    .text.DMA2_Stream1_IRQHandler  stm32f4xx_it.o
    0x08000914   0x08000914   0x0000000c   Code   RO          175    .text.DMA2_Stream2_IRQHandler  stm32f4xx_it.o
    0x08000920   0x08000920   0x0000000c   Code   RO          181    .text.DMA2_Stream6_IRQHandler  stm32f4xx_it.o
    0x0800092c   0x0800092c   0x00000002   Code   RO          151    .text.DebugMon_Handler  stm32f4xx_it.o
    0x0800092e   0x0800092e   0x00000002   PAD
    0x08000930   0x08000930   0x00000006   Code   RO           15    .text.Error_Handler  main.o
    0x08000936   0x08000936   0x00000002   PAD
    0x08000938   0x08000938   0x00000026   Code   RO          573    .text.HAL_CAN_ActivateNotification  stm32f4xx_hal_can.o
    0x0800095e   0x0800095e   0x00000002   PAD
    0x08000960   0x08000960   0x00000092   Code   RO          559    .text.HAL_CAN_AddTxMessage  stm32f4xx_hal_can.o
    0x080009f2   0x080009f2   0x00000002   PAD
    0x080009f4   0x080009f4   0x000000de   Code   RO          549    .text.HAL_CAN_ConfigFilter  stm32f4xx_hal_can.o
    0x08000ad2   0x08000ad2   0x00000002   PAD
    0x08000ad4   0x08000ad4   0x00000002   Code   RO          603    .text.HAL_CAN_ErrorCallback  stm32f4xx_hal_can.o
    0x08000ad6   0x08000ad6   0x00000002   PAD
    0x08000ad8   0x08000ad8   0x00000020   Code   RO          571    .text.HAL_CAN_GetRxFifoFillLevel  stm32f4xx_hal_can.o
    0x08000af8   0x08000af8   0x00000128   Code   RO          569    .text.HAL_CAN_GetRxMessage  stm32f4xx_hal_can.o
    0x08000c20   0x08000c20   0x00000028   Code   RO          563    .text.HAL_CAN_GetTxMailboxesFreeLevel  stm32f4xx_hal_can.o
    0x08000c48   0x08000c48   0x00000242   Code   RO          577    .text.HAL_CAN_IRQHandler  stm32f4xx_hal_can.o
    0x08000e8a   0x08000e8a   0x00000002   PAD
    0x08000e8c   0x08000e8c   0x00000100   Code   RO          539    .text.HAL_CAN_Init  stm32f4xx_hal_can.o
    0x08000f8c   0x08000f8c   0x00000136   Code   RO           65    .text.HAL_CAN_MspInit  can.o
    0x080010c2   0x080010c2   0x00000002   PAD
    0x080010c4   0x080010c4   0x00000002   Code   RO          591    .text.HAL_CAN_RxFifo0FullCallback  stm32f4xx_hal_can.o
    0x080010c6   0x080010c6   0x00000002   PAD
    0x080010c8   0x080010c8   0x00000056   Code   RO         2027    .text.HAL_CAN_RxFifo0MsgPendingCallback  callback.o
    0x0800111e   0x0800111e   0x00000002   PAD
    0x08001120   0x08001120   0x00000002   Code   RO          595    .text.HAL_CAN_RxFifo1FullCallback  stm32f4xx_hal_can.o
    0x08001122   0x08001122   0x00000002   PAD
    0x08001124   0x08001124   0x00000056   Code   RO         2029    .text.HAL_CAN_RxFifo1MsgPendingCallback  callback.o
    0x0800117a   0x0800117a   0x00000002   PAD
    0x0800117c   0x0800117c   0x00000002   Code   RO          599    .text.HAL_CAN_SleepCallback  stm32f4xx_hal_can.o
    0x0800117e   0x0800117e   0x00000002   PAD
    0x08001180   0x08001180   0x0000005a   Code   RO          551    .text.HAL_CAN_Start  stm32f4xx_hal_can.o
    0x080011da   0x080011da   0x00000002   PAD
    0x080011dc   0x080011dc   0x00000002   Code   RO          581    .text.HAL_CAN_TxMailbox0AbortCallback  stm32f4xx_hal_can.o
    0x080011de   0x080011de   0x00000002   PAD
    0x080011e0   0x080011e0   0x00000002   Code   RO          579    .text.HAL_CAN_TxMailbox0CompleteCallback  stm32f4xx_hal_can.o
    0x080011e2   0x080011e2   0x00000002   PAD
    0x080011e4   0x080011e4   0x00000002   Code   RO          585    .text.HAL_CAN_TxMailbox1AbortCallback  stm32f4xx_hal_can.o
    0x080011e6   0x080011e6   0x00000002   PAD
    0x080011e8   0x080011e8   0x00000002   Code   RO          583    .text.HAL_CAN_TxMailbox1CompleteCallback  stm32f4xx_hal_can.o
    0x080011ea   0x080011ea   0x00000002   PAD
    0x080011ec   0x080011ec   0x00000002   Code   RO          589    .text.HAL_CAN_TxMailbox2AbortCallback  stm32f4xx_hal_can.o
    0x080011ee   0x080011ee   0x00000002   PAD
    0x080011f0   0x080011f0   0x00000002   Code   RO          587    .text.HAL_CAN_TxMailbox2CompleteCallback  stm32f4xx_hal_can.o
    0x080011f2   0x080011f2   0x00000002   PAD
    0x080011f4   0x080011f4   0x00000002   Code   RO          601    .text.HAL_CAN_WakeUpFromRxMsgCallback  stm32f4xx_hal_can.o
    0x080011f6   0x080011f6   0x00000002   PAD
    0x080011f8   0x080011f8   0x00000082   Code   RO          789    .text.HAL_DMA_Abort  stm32f4xx_hal_dma.o
    0x0800127a   0x0800127a   0x00000002   PAD
    0x0800127c   0x0800127c   0x00000024   Code   RO          791    .text.HAL_DMA_Abort_IT  stm32f4xx_hal_dma.o
    0x080012a0   0x080012a0   0x000001ba   Code   RO          795    .text.HAL_DMA_IRQHandler  stm32f4xx_hal_dma.o
    0x0800145a   0x0800145a   0x00000002   PAD
    0x0800145c   0x0800145c   0x00000148   Code   RO          781    .text.HAL_DMA_Init  stm32f4xx_hal_dma.o
    0x080015a4   0x080015a4   0x0000009c   Code   RO          787    .text.HAL_DMA_Start_IT  stm32f4xx_hal_dma.o
    0x08001640   0x08001640   0x000001ba   Code   RO          743    .text.HAL_GPIO_Init  stm32f4xx_hal_gpio.o
    0x080017fa   0x080017fa   0x00000002   PAD
    0x080017fc   0x080017fc   0x0000000c   Code   RO          946    .text.HAL_GetTick   stm32f4xx_hal.o
    0x08001808   0x08001808   0x0000001a   Code   RO          944    .text.HAL_IncTick   stm32f4xx_hal.o
    0x08001822   0x08001822   0x00000002   PAD
    0x08001824   0x08001824   0x00000036   Code   RO          934    .text.HAL_Init      stm32f4xx_hal.o
    0x0800185a   0x0800185a   0x00000002   PAD
    0x0800185c   0x0800185c   0x000000a6   Code   RO          205    .text.HAL_InitTick  stm32f4xx_hal_timebase_tim.o
    0x08001902   0x08001902   0x00000002   PAD
    0x08001904   0x08001904   0x00000042   Code   RO          196    .text.HAL_MspInit   stm32f4xx_hal_msp.o
    0x08001946   0x08001946   0x00000002   PAD
    0x08001948   0x08001948   0x00000020   Code   RO          886    .text.HAL_NVIC_EnableIRQ  stm32f4xx_hal_cortex.o
    0x08001968   0x08001968   0x00000056   Code   RO          884    .text.HAL_NVIC_SetPriority  stm32f4xx_hal_cortex.o
    0x080019be   0x080019be   0x00000002   PAD
    0x080019c0   0x080019c0   0x00000020   Code   RO          882    .text.HAL_NVIC_SetPriorityGrouping  stm32f4xx_hal_cortex.o
    0x080019e0   0x080019e0   0x0000007a   Code   RO          868    .text.HAL_PWREx_EnableOverDrive  stm32f4xx_hal_pwr_ex.o
    0x08001a5a   0x08001a5a   0x00000002   PAD
    0x08001a5c   0x08001a5c   0x00000160   Code   RO          623    .text.HAL_RCC_ClockConfig  stm32f4xx_hal_rcc.o
    0x08001bbc   0x08001bbc   0x0000003e   Code   RO          641    .text.HAL_RCC_GetClockConfig  stm32f4xx_hal_rcc.o
    0x08001bfa   0x08001bfa   0x00000002   PAD
    0x08001bfc   0x08001bfc   0x00000026   Code   RO          635    .text.HAL_RCC_GetPCLK1Freq  stm32f4xx_hal_rcc.o
    0x08001c22   0x08001c22   0x00000002   PAD
    0x08001c24   0x08001c24   0x00000026   Code   RO          637    .text.HAL_RCC_GetPCLK2Freq  stm32f4xx_hal_rcc.o
    0x08001c4a   0x08001c4a   0x00000002   PAD
    0x08001c4c   0x08001c4c   0x00000068   Code   RO          625    .text.HAL_RCC_GetSysClockFreq  stm32f4xx_hal_rcc.o
    0x08001cb4   0x08001cb4   0x00000368   Code   RO          621    .text.HAL_RCC_OscConfig  stm32f4xx_hal_rcc.o
    0x0800201c   0x0800201c   0x00000002   Code   RO          525    .text.HAL_TIMEx_BreakCallback  stm32f4xx_hal_tim_ex.o
    0x0800201e   0x0800201e   0x00000002   PAD
    0x08002020   0x08002020   0x00000002   Code   RO          521    .text.HAL_TIMEx_CommutCallback  stm32f4xx_hal_tim_ex.o
    0x08002022   0x08002022   0x00000002   PAD
    0x08002024   0x08002024   0x0000005a   Code   RO          220    .text.HAL_TIM_Base_Init  stm32f4xx_hal_tim.o
    0x0800207e   0x0800207e   0x00000002   PAD
    0x08002080   0x08002080   0x00000002   Code   RO          222    .text.HAL_TIM_Base_MspInit  stm32f4xx_hal_tim.o
    0x08002082   0x08002082   0x00000002   PAD
    0x08002084   0x08002084   0x000000a8   Code   RO          234    .text.HAL_TIM_Base_Start_IT  stm32f4xx_hal_tim.o
    0x0800212c   0x0800212c   0x00000002   Code   RO          356    .text.HAL_TIM_IC_CaptureCallback  stm32f4xx_hal_tim.o
    0x0800212e   0x0800212e   0x00000002   PAD
    0x08002130   0x08002130   0x00000136   Code   RO          354    .text.HAL_TIM_IRQHandler  stm32f4xx_hal_tim.o
    0x08002266   0x08002266   0x00000002   PAD
    0x08002268   0x08002268   0x00000002   Code   RO          358    .text.HAL_TIM_OC_DelayElapsedCallback  stm32f4xx_hal_tim.o
    0x0800226a   0x0800226a   0x00000002   PAD
    0x0800226c   0x0800226c   0x0000021c   Code   RO          374    .text.HAL_TIM_PWM_ConfigChannel  stm32f4xx_hal_tim.o
    0x08002488   0x08002488   0x0000005a   Code   RO          274    .text.HAL_TIM_PWM_Init  stm32f4xx_hal_tim.o
    0x080024e2   0x080024e2   0x00000002   PAD
    0x080024e4   0x080024e4   0x00000036   Code   RO           93    .text.HAL_TIM_PWM_MspInit  tim.o
    0x0800251a   0x0800251a   0x00000002   PAD
    0x0800251c   0x0800251c   0x00000002   Code   RO          360    .text.HAL_TIM_PWM_PulseFinishedCallback  stm32f4xx_hal_tim.o
    0x0800251e   0x0800251e   0x00000002   PAD
    0x08002520   0x08002520   0x00000012   Code   RO           17    .text.HAL_TIM_PeriodElapsedCallback  main.o
    0x08002532   0x08002532   0x00000002   PAD
    0x08002534   0x08002534   0x00000002   Code   RO          364    .text.HAL_TIM_TriggerCallback  stm32f4xx_hal_tim.o
    0x08002536   0x08002536   0x00000002   PAD
    0x08002538   0x08002538   0x000000b2   Code   RO         1077    .text.HAL_UARTEx_ReceiveToIdle_DMA  stm32f4xx_hal_uart.o
    0x080025ea   0x080025ea   0x00000002   PAD
    0x080025ec   0x080025ec   0x000000f2   Code   RO         2023    .text.HAL_UARTEx_RxEventCallback  callback.o
    0x080026de   0x080026de   0x00000002   PAD
    0x080026e0   0x080026e0   0x000000d8   Code   RO         2025    .text.HAL_UART_ErrorCallback  callback.o
    0x080027b8   0x080027b8   0x00000576   Code   RO         1107    .text.HAL_UART_IRQHandler  stm32f4xx_hal_uart.o
    0x08002d2e   0x08002d2e   0x00000002   PAD
    0x08002d30   0x08002d30   0x00000060   Code   RO         1029    .text.HAL_UART_Init  stm32f4xx_hal_uart.o
    0x08002d90   0x08002d90   0x0000042a   Code   RO          116    .text.HAL_UART_MspInit  usart.o
    0x080031ba   0x080031ba   0x00000002   PAD
    0x080031bc   0x080031bc   0x000001f6   Code   RO         1047    .text.HAL_UART_Receive  stm32f4xx_hal_uart.o
    0x080033b2   0x080033b2   0x00000002   PAD
    0x080033b4   0x080033b4   0x00000024   Code   RO         1063    .text.HAL_UART_Receive_DMA  stm32f4xx_hal_uart.o
    0x080033d8   0x080033d8   0x00000052   Code   RO         1051    .text.HAL_UART_Receive_IT  stm32f4xx_hal_uart.o
    0x0800342a   0x0800342a   0x00000002   PAD
    0x0800342c   0x0800342c   0x00000002   Code   RO         1121    .text.HAL_UART_RxCpltCallback  stm32f4xx_hal_uart.o
    0x0800342e   0x0800342e   0x00000002   PAD
    0x08003430   0x08003430   0x00000002   Code   RO         1123    .text.HAL_UART_RxHalfCpltCallback  stm32f4xx_hal_uart.o
    0x08003432   0x08003432   0x00000002   PAD
    0x08003434   0x08003434   0x000000e8   Code   RO         1045    .text.HAL_UART_Transmit  stm32f4xx_hal_uart.o
    0x0800351c   0x0800351c   0x000000e2   Code   RO         1055    .text.HAL_UART_Transmit_DMA  stm32f4xx_hal_uart.o
    0x080035fe   0x080035fe   0x00000002   PAD
    0x08003600   0x08003600   0x00000038   Code   RO         1049    .text.HAL_UART_Transmit_IT  stm32f4xx_hal_uart.o
    0x08003638   0x08003638   0x00000002   Code   RO         1117    .text.HAL_UART_TxCpltCallback  stm32f4xx_hal_uart.o
    0x0800363a   0x0800363a   0x00000002   PAD
    0x0800363c   0x0800363c   0x00000002   Code   RO         1119    .text.HAL_UART_TxHalfCpltCallback  stm32f4xx_hal_uart.o
    0x0800363e   0x0800363e   0x00000002   PAD
    0x08003640   0x08003640   0x00000002   Code   RO          143    .text.HardFault_Handler  stm32f4xx_it.o
    0x08003642   0x08003642   0x00000002   PAD
    0x08003644   0x08003644   0x00000040   Code   RO           61    .text.MX_CAN1_Init  can.o
    0x08003684   0x08003684   0x00000040   Code   RO           63    .text.MX_CAN2_Init  can.o
    0x080036c4   0x080036c4   0x000000bc   Code   RO           80    .text.MX_DMA_Init   dma.o
    0x08003780   0x08003780   0x000000c6   Code   RO           38    .text.MX_FREERTOS_Init  freertos.o
    0x08003846   0x08003846   0x00000002   PAD
    0x08003848   0x08003848   0x00000088   Code   RO           28    .text.MX_GPIO_Init  gpio.o
    0x080038d0   0x080038d0   0x000000b4   Code   RO           89    .text.MX_TIM12_Init  tim.o
    0x08003984   0x08003984   0x0000003c   Code   RO          106    .text.MX_UART7_Init  usart.o
    0x080039c0   0x080039c0   0x0000003c   Code   RO          108    .text.MX_UART8_Init  usart.o
    0x080039fc   0x080039fc   0x00000048   Code   RO          110    .text.MX_USART1_UART_Init  usart.o
    0x08003a44   0x08003a44   0x0000003c   Code   RO          112    .text.MX_USART2_UART_Init  usart.o
    0x08003a80   0x08003a80   0x0000003c   Code   RO          114    .text.MX_USART6_UART_Init  usart.o
    0x08003abc   0x08003abc   0x00000002   Code   RO          145    .text.MemManage_Handler  stm32f4xx_it.o
    0x08003abe   0x08003abe   0x00000002   PAD
    0x08003ac0   0x08003ac0   0x000001a0   Code   RO         2118    .text.Motor         motortask.o
    0x08003c60   0x08003c60   0x00000002   Code   RO          141    .text.NMI_Handler   stm32f4xx_it.o
    0x08003c62   0x08003c62   0x0000000e   PAD
    0x08003c70   0x08003c70   0x00000064   Code   RO         1596    .text.PendSV_Handler  port.o
    0x08003cd4   0x08003cd4   0x0000000c   PAD
    0x08003ce0   0x08003ce0   0x00000024   Code   RO         1580    .text.SVC_Handler   port.o
    0x08003d04   0x08003d04   0x00000158   Code   RO         2202    .text.Serial        serivaltask.o
    0x08003e5c   0x08003e5c   0x00000008   Code   RO           40    .text.StartDefaultTask  freertos.o
    0x08003e64   0x08003e64   0x0000002e   Code   RO         1598    .text.SysTick_Handler  port.o
    0x08003e92   0x08003e92   0x00000002   PAD
    0x08003e94   0x08003e94   0x000000b6   Code   RO           13    .text.SystemClock_Config  main.o
    0x08003f4a   0x08003f4a   0x00000002   PAD
    0x08003f4c   0x08003f4c   0x00000012   Code   RO         1151    .text.SystemInit    system_stm32f4xx.o
    0x08003f5e   0x08003f5e   0x00000002   PAD
    0x08003f60   0x08003f60   0x0000000c   Code   RO          167    .text.TIM1_UP_TIM10_IRQHandler  stm32f4xx_it.o
    0x08003f6c   0x08003f6c   0x0000012c   Code   RO          224    .text.TIM_Base_SetConfig  stm32f4xx_hal_tim.o
    0x08004098   0x08004098   0x0000000c   Code   RO          185    .text.UART7_IRQHandler  stm32f4xx_it.o
    0x080040a4   0x080040a4   0x0000000c   Code   RO          187    .text.UART8_IRQHandler  stm32f4xx_it.o
    0x080040b0   0x080040b0   0x0000000a   Code   RO         1111    .text.UART_DMAAbortOnError  stm32f4xx_hal_uart.o
    0x080040ba   0x080040ba   0x00000002   PAD
    0x080040bc   0x080040bc   0x0000017c   Code   RO         1061    .text.UART_DMAError  stm32f4xx_hal_uart.o
    0x08004238   0x08004238   0x0000015e   Code   RO         1139    .text.UART_DMAReceiveCplt  stm32f4xx_hal_uart.o
    0x08004396   0x08004396   0x00000002   PAD
    0x08004398   0x08004398   0x00000018   Code   RO         1141    .text.UART_DMARxHalfCplt  stm32f4xx_hal_uart.o
    0x080043b0   0x080043b0   0x000000b0   Code   RO         1057    .text.UART_DMATransmitCplt  stm32f4xx_hal_uart.o
    0x08004460   0x08004460   0x00000006   Code   RO         1059    .text.UART_DMATxHalfCplt  stm32f4xx_hal_uart.o
    0x08004466   0x08004466   0x00000002   PAD
    0x08004468   0x08004468   0x000000fa   Code   RO         1109    .text.UART_Receive_IT  stm32f4xx_hal_uart.o
    0x08004562   0x08004562   0x00000002   PAD
    0x08004564   0x08004564   0x000000dc   Code   RO         1033    .text.UART_SetConfig  stm32f4xx_hal_uart.o
    0x08004640   0x08004640   0x00000150   Code   RO         1065    .text.UART_Start_Receive_DMA  stm32f4xx_hal_uart.o
    0x08004790   0x08004790   0x0000000c   Code   RO          169    .text.USART1_IRQHandler  stm32f4xx_it.o
    0x0800479c   0x0800479c   0x0000000c   Code   RO          171    .text.USART2_IRQHandler  stm32f4xx_it.o
    0x080047a8   0x080047a8   0x0000000c   Code   RO          183    .text.USART6_IRQHandler  stm32f4xx_it.o
    0x080047b4   0x080047b4   0x00000002   Code   RO          149    .text.UsageFault_Handler  stm32f4xx_it.o
    0x080047b6   0x080047b6   0x00000002   PAD
    0x080047b8   0x080047b8   0x00000170   Code   RO         2083    .text._GLOBAL__sub_I_ControlTask.cpp  controltask.o
    0x08004928   0x08004928   0x000001f2   Code   RO         2144    .text._GLOBAL__sub_I_MotorTask.cpp  motortask.o
    0x08004b1a   0x08004b1a   0x00000002   PAD
    0x08004b1c   0x08004b1c   0x000000dc   Code   RO         2198    .text._Z10visionsendv  serivaltask.o
    0x08004bf8   0x08004bf8   0x000000f4   Code   RO         2116    .text._Z13MotorTaskInitv  motortask.o
    0x08004cec   0x08004cec   0x0000011c   Code   RO         2061    .text._Z13gimbal_manualv  controltask.o
    0x08004e08   0x08004e08   0x000001a8   Code   RO         2065    .text._Z13gimbal_visionv  controltask.o
    0x08004fb0   0x08004fb0   0x0000023c   Code   RO         2063    .text._Z15gimbal_keyboardv  controltask.o
    0x080051ec   0x080051ec   0x00000118   Code   RO         2077    .text._Z15launch_keyboardv  controltask.o
    0x08005304   0x08005304   0x00000210   Code   RO         2067    .text._Z16main_loop_gimbalhhb  controltask.o
    0x08005514   0x08005514   0x00000344   Code   RO         2079    .text._Z16main_loop_launchhhb  controltask.o
    0x08005858   0x08005858   0x000002b0   Code   RO         2051    .text._Z22get_pitch_feedback_radv  controltask.o
    0x08005b08   0x08005b08   0x0000009c   Code   RO         1662    .text._ZN10Gimbal_FSM11StateUpdateEhhb  finitestatemachine_gimbal.o
    0x08005ba4   0x08005ba4   0x00000068   Code   RO         1658    .text._ZN10Gimbal_FSM4InitEv  finitestatemachine_gimbal.o
    0x08005c0c   0x08005c0c   0x00000084   Code   RO         1690    .text._ZN10Launch_FSM11StateUpdateEhhb  finitestatemachine_launch.o
    0x08005c90   0x08005c90   0x0000007c   Code   RO         1686    .text._ZN10Launch_FSM4InitEv  finitestatemachine_launch.o
    0x08005d0c   0x08005d0c   0x0000014a   Code   RO         1647    .text._ZN3ALG3PID3PID6UpDateEff  pid.o
    0x08005e56   0x08005e56   0x00000002   PAD
    0x08005e58   0x08005e58   0x0000001a   Code   RO         1645    .text._ZN3ALG3PID3PIDC2Effffff  pid.o
    0x08005e72   0x08005e72   0x00000002   PAD
    0x08005e74   0x08005e74   0x0000000c   Code   RO         1749    .text._ZN3BSP11WATCH_STATE10StateWatch10UpdateTimeEv  state_watch.o
    0x08005e80   0x08005e80   0x00000034   Code   RO         1753    .text._ZN3BSP11WATCH_STATE10StateWatch11CheckStatusEv  state_watch.o
    0x08005eb4   0x08005eb4   0x0000000c   Code   RO         1751    .text._ZN3BSP11WATCH_STATE10StateWatch14UpdateLastTimeEv  state_watch.o
    0x08005ec0   0x08005ec0   0x0000004c   Code   RO         1714    .text._ZN3BSP11WATCH_STATE19BuzzerManagerSimple11getInstanceEv  buzzer_manager.o
    0x08005f0c   0x08005f0c   0x00000066   Code   RO         1722    .text._ZN3BSP11WATCH_STATE19BuzzerManagerSimple17requestRemoteRingEv  buzzer_manager.o
    0x08005f72   0x08005f72   0x00000002   PAD
    0x08005f74   0x08005f74   0x0000000a   Code   RO         1718    .text._ZN3BSP11WATCH_STATE19BuzzerManagerSimple4initEv  buzzer_manager.o
    0x08005f7e   0x08005f7e   0x00000002   PAD
    0x08005f80   0x08005f80   0x00000288   Code   RO         1798    .text._ZN3BSP14REMOTE_CONTROL16RemoteController9parseDataEPKh  dt7.o
    0x08006208   0x08006208   0x000000a4   Code   RO         2273    .text._ZN3BSP3IMU10HI12_float10DataUpdateEPht  serivaltask.o
    0x080062ac   0x080062ac   0x00000004   Code   RO         2271    .text._ZN3BSP3IMU10HI12_floatD0Ev  serivaltask.o
    0x080062b0   0x080062b0   0x0000027a   Code   RO         2275    .text._ZN3BSP3IMU8HI12Base6VerifyEPh  serivaltask.o
    0x0800652a   0x0800652a   0x00000002   PAD
    0x0800652c   0x0800652c   0x00000002   Code   RO         2269    .text._ZN3BSP3IMU8HI12BaseD2Ev  serivaltask.o
    0x0800652e   0x0800652e   0x00000002   PAD
    0x08006530   0x08006530   0x00000090   Code   RO         2173    .text._ZN3BSP5Motor2DM11DMMotorBaseILh1EE5ParseERKN3HAL3CAN5FrameE  motortask.o
    0x080065c0   0x080065c0   0x0000011c   Code   RO         2167    .text._ZN3BSP5Motor2DM11DMMotorBaseILh1EE8ctrl_MitEhfffff  motortask.o
    0x080066dc   0x080066dc   0x00000004   PAD
    0x080066e0   0x080066e0   0x000001e8   Code   RO         2175    .text._ZN3BSP5Motor2DM11DMMotorBaseILh1EE9ConfigureEj  motortask.o
    0x080068c8   0x080068c8   0x00000048   Code   RO         2169    .text._ZN3BSP5Motor3Dji12DjiMotorBaseILh1EE5ParseERKN3HAL3CAN5FrameE  motortask.o
    0x08006910   0x08006910   0x00000208   Code   RO         2171    .text._ZN3BSP5Motor3Dji12DjiMotorBaseILh1EE9ConfigureEj  motortask.o
    0x08006b18   0x08006b18   0x000000c8   Code   RO         2177    .text._ZN3BSP5Motor3Dji12DjiMotorBaseILh3EE5ParseERKN3HAL3CAN5FrameE  motortask.o
    0x08006be0   0x08006be0   0x00000208   Code   RO         2179    .text._ZN3BSP5Motor3Dji12DjiMotorBaseILh3EE9ConfigureEj  motortask.o
    0x08006de8   0x08006de8   0x00000004   Code   RO         1889    .text._ZN3HAL3CAN20get_can_bus_instanceEv  can_bus.o
    0x08006dec   0x08006dec   0x0000001c   Code   RO         1829    .text._ZN3HAL3CAN6CanBus10get_deviceENS0_11CanDeviceIdE  can_bus_impl.o
    0x08006e08   0x08006e08   0x000000dc   Code   RO         1821    .text._ZN3HAL3CAN6CanBus8instanceEv  can_bus_impl.o
    0x08006ee4   0x08006ee4   0x0000000e   Code   RO         1845    .text._ZN3HAL3CAN6CanBusD0Ev  can_bus_impl.o
    0x08006ef2   0x08006ef2   0x00000002   PAD
    0x08006ef4   0x08006ef4   0x00000094   Code   RO         1843    .text._ZN3HAL3CAN6CanBusD2Ev  can_bus_impl.o
    0x08006f88   0x08006f88   0x00000188   Code   RO         1867    .text._ZN3HAL3CAN9CanDevice20register_rx_callbackENSt3__18functionIFvRKNS0_5FrameEEEE  can_device_impl.o
    0x08007110   0x08007110   0x00000028   Code   RO         1869    .text._ZN3HAL3CAN9CanDevice20trigger_rx_callbacksERKNS0_5FrameE  can_device_impl.o
    0x08007138   0x08007138   0x00000030   Code   RO         1855    .text._ZN3HAL3CAN9CanDevice4initEv  can_device_impl.o
    0x08007168   0x08007168   0x00000056   Code   RO         1861    .text._ZN3HAL3CAN9CanDevice4sendERKNS0_5FrameE  can_device_impl.o
    0x080071be   0x080071be   0x00000002   PAD
    0x080071c0   0x080071c0   0x00000024   Code   RO         1859    .text._ZN3HAL3CAN9CanDevice5startEv  can_device_impl.o
    0x080071e4   0x080071e4   0x00000064   Code   RO         1863    .text._ZN3HAL3CAN9CanDevice7receiveERNS0_5FrameE  can_device_impl.o
    0x08007248   0x08007248   0x00000028   Code   RO         1853    .text._ZN3HAL3CAN9CanDeviceC2EP17CAN_HandleTypeDefjj  can_device_impl.o
    0x08007270   0x08007270   0x00000050   Code   RO         1881    .text._ZN3HAL3CAN9CanDeviceD0Ev  can_device_impl.o
    0x080072c0   0x080072c0   0x0000004a   Code   RO         1879    .text._ZN3HAL3CAN9CanDeviceD2Ev  can_device_impl.o
    0x0800730a   0x0800730a   0x00000002   PAD
    0x0800730c   0x0800730c   0x0000001e   Code   RO         1970    .text._ZN3HAL4UART10UartDevice11receive_dmaERNS0_4DataE  uart_device_impl.o
    0x0800732a   0x0800732a   0x00000002   PAD
    0x0800732c   0x0800732c   0x00000014   Code   RO         1966    .text._ZN3HAL4UART10UartDevice12receive_byteERh  uart_device_impl.o
    0x08007340   0x08007340   0x0000001e   Code   RO         1968    .text._ZN3HAL4UART10UartDevice12transmit_dmaERKNS0_4DataE  uart_device_impl.o
    0x0800735e   0x0800735e   0x00000002   PAD
    0x08007360   0x08007360   0x00000020   Code   RO         1964    .text._ZN3HAL4UART10UartDevice13transmit_byteEh  uart_device_impl.o
    0x08007380   0x08007380   0x0000002a   Code   RO         1978    .text._ZN3HAL4UART10UartDevice15clear_ore_errorERNS0_4DataE  uart_device_impl.o
    0x080073aa   0x080073aa   0x00000002   PAD
    0x080073ac   0x080073ac   0x0000001e   Code   RO         1972    .text._ZN3HAL4UART10UartDevice16receive_dma_idleERNS0_4DataE  uart_device_impl.o
    0x080073ca   0x080073ca   0x00000002   PAD
    0x080073cc   0x080073cc   0x00000188   Code   RO         1974    .text._ZN3HAL4UART10UartDevice20register_rx_callbackENSt3__18functionIFvRKNS0_4DataEEEE  uart_device_impl.o
    0x08007554   0x08007554   0x00000028   Code   RO         1976    .text._ZN3HAL4UART10UartDevice20trigger_rx_callbacksERKNS0_4DataE  uart_device_impl.o
    0x0800757c   0x0800757c   0x00000002   Code   RO         1956    .text._ZN3HAL4UART10UartDevice4initEv  uart_device_impl.o
    0x0800757e   0x0800757e   0x00000002   PAD
    0x08007580   0x08007580   0x0000000e   Code   RO         1958    .text._ZN3HAL4UART10UartDevice5startEv  uart_device_impl.o
    0x0800758e   0x0800758e   0x00000002   PAD
    0x08007590   0x08007590   0x0000001e   Code   RO         1962    .text._ZN3HAL4UART10UartDevice7receiveERNS0_4DataE  uart_device_impl.o
    0x080075ae   0x080075ae   0x00000002   PAD
    0x080075b0   0x080075b0   0x0000001e   Code   RO         1960    .text._ZN3HAL4UART10UartDevice8transmitERKNS0_4DataE  uart_device_impl.o
    0x080075ce   0x080075ce   0x00000002   PAD
    0x080075d0   0x080075d0   0x0000001a   Code   RO         1954    .text._ZN3HAL4UART10UartDeviceC2EP20__UART_HandleTypeDef  uart_device_impl.o
    0x080075ea   0x080075ea   0x00000002   PAD
    0x080075ec   0x080075ec   0x00000050   Code   RO         1992    .text._ZN3HAL4UART10UartDeviceD0Ev  uart_device_impl.o
    0x0800763c   0x0800763c   0x0000004a   Code   RO         1990    .text._ZN3HAL4UART10UartDeviceD2Ev  uart_device_impl.o
    0x08007686   0x08007686   0x00000002   PAD
    0x08007688   0x08007688   0x00000004   Code   RO         2000    .text._ZN3HAL4UART21get_uart_bus_instanceEv  uart_bus.o
    0x0800768c   0x0800768c   0x0000001c   Code   RO         1930    .text._ZN3HAL4UART7UartBus10get_deviceENS0_12UartDeviceIdE  uart_bus_impl.o
    0x080076a8   0x080076a8   0x00000066   Code   RO         1924    .text._ZN3HAL4UART7UartBus4initEv  uart_bus_impl.o
    0x0800770e   0x0800770e   0x00000002   PAD
    0x08007710   0x08007710   0x000000e8   Code   RO         1922    .text._ZN3HAL4UART7UartBus8instanceEv  uart_bus_impl.o
    0x080077f8   0x080077f8   0x0000000e   Code   RO         1946    .text._ZN3HAL4UART7UartBusD0Ev  uart_bus_impl.o
    0x08007806   0x08007806   0x00000002   PAD
    0x08007808   0x08007808   0x00000144   Code   RO         1944    .text._ZN3HAL4UART7UartBusD2Ev  uart_bus_impl.o
    0x0800794c   0x0800794c   0x00000016   Code   RO         1831    .text._ZNK3HAL3CAN6CanBus10has_deviceENS0_11CanDeviceIdE  can_bus_impl.o
    0x08007962   0x08007962   0x00000002   PAD
    0x08007964   0x08007964   0x00000004   Code   RO         1865    .text._ZNK3HAL3CAN9CanDevice10get_handleEv  can_device_impl.o
    0x08007968   0x08007968   0x00000004   Code   RO         1980    .text._ZNK3HAL4UART10UartDevice10get_handleEv  uart_device_impl.o
    0x0800796c   0x0800796c   0x00000016   Code   RO         1932    .text._ZNK3HAL4UART7UartBus10has_deviceENS0_12UartDeviceIdE  uart_bus_impl.o
    0x08007982   0x08007982   0x00000002   PAD
    0x08007984   0x08007984   0x0000000e   Code   RO         2208    .text._ZNKSt3__110__function6__funcIZ11serivalInitvE3$_0NS_9allocatorIS2_EEFvRKN3HAL4UART4DataEEE7__cloneEPNS0_6__baseISA_EE  serivaltask.o
    0x08007992   0x08007992   0x00000002   PAD
    0x08007994   0x08007994   0x00000016   Code   RO         2206    .text._ZNKSt3__110__function6__funcIZ11serivalInitvE3$_0NS_9allocatorIS2_EEFvRKN3HAL4UART4DataEEE7__cloneEv  serivaltask.o
    0x080079aa   0x080079aa   0x00000002   PAD
    0x080079ac   0x080079ac   0x0000000e   Code   RO         2124    .text._ZNKSt3__110__function6__funcIZ13MotorTaskInitvE3$_0NS_9allocatorIS2_EEFvRKN3HAL3CAN5FrameEEE7__cloneEPNS0_6__baseISA_EE  motortask.o
    0x080079ba   0x080079ba   0x00000002   PAD
    0x080079bc   0x080079bc   0x00000016   Code   RO         2122    .text._ZNKSt3__110__function6__funcIZ13MotorTaskInitvE3$_0NS_9allocatorIS2_EEFvRKN3HAL3CAN5FrameEEE7__cloneEv  motortask.o
    0x080079d2   0x080079d2   0x00000002   PAD
    0x080079d4   0x080079d4   0x0000000e   Code   RO         2136    .text._ZNKSt3__110__function6__funcIZ13MotorTaskInitvE3$_1NS_9allocatorIS2_EEFvRKN3HAL3CAN5FrameEEE7__cloneEPNS0_6__baseISA_EE  motortask.o
    0x080079e2   0x080079e2   0x00000002   PAD
    0x080079e4   0x080079e4   0x00000016   Code   RO         2134    .text._ZNKSt3__110__function6__funcIZ13MotorTaskInitvE3$_1NS_9allocatorIS2_EEFvRKN3HAL3CAN5FrameEEE7__cloneEv  motortask.o
    0x080079fa   0x080079fa   0x00000002   PAD
    0x080079fc   0x080079fc   0x0000000e   Code   RO         2232    .text._ZNKSt3__110__function6__funcIZ13visionreceivevE3$_2NS_9allocatorIS2_EEFvRKN3HAL4UART4DataEEE7__cloneEPNS0_6__baseISA_EE  serivaltask.o
    0x08007a0a   0x08007a0a   0x00000002   PAD
    0x08007a0c   0x08007a0c   0x00000016   Code   RO         2230    .text._ZNKSt3__110__function6__funcIZ13visionreceivevE3$_2NS_9allocatorIS2_EEFvRKN3HAL4UART4DataEEE7__cloneEv  serivaltask.o
    0x08007a22   0x08007a22   0x00000002   PAD
    0x08007a24   0x08007a24   0x0000000e   Code   RO         2220    .text._ZNKSt3__110__function6__funcIZ7ImuInitvE3$_1NS_9allocatorIS2_EEFvRKN3HAL4UART4DataEEE7__cloneEPNS0_6__baseISA_EE  serivaltask.o
    0x08007a32   0x08007a32   0x00000002   PAD
    0x08007a34   0x08007a34   0x00000016   Code   RO         2218    .text._ZNKSt3__110__function6__funcIZ7ImuInitvE3$_1NS_9allocatorIS2_EEFvRKN3HAL4UART4DataEEE7__cloneEv  serivaltask.o
    0x08007a4a   0x08007a4a   0x00000004   Code   RO         2386    .text._ZNKSt3__120__vector_base_commonILb1EE20__throw_length_errorEv  libcpp_w.l(vector.cpp.o)
    0x08007a4e   0x08007a4e   0x00000002   PAD
    0x08007a50   0x08007a50   0x00000002   Code   RO         2181    .text._ZNSt3__110__function6__baseIFvRKN3HAL3CAN5FrameEEED2Ev  motortask.o
    0x08007a52   0x08007a52   0x00000002   PAD
    0x08007a54   0x08007a54   0x00000002   Code   RO         2277    .text._ZNSt3__110__function6__baseIFvRKN3HAL4UART4DataEEED2Ev  serivaltask.o
    0x08007a56   0x08007a56   0x00000002   PAD
    0x08007a58   0x08007a58   0x00000004   Code   RO         2212    .text._ZNSt3__110__function6__funcIZ11serivalInitvE3$_0NS_9allocatorIS2_EEFvRKN3HAL4UART4DataEEE18destroy_deallocateEv  serivaltask.o
    0x08007a5c   0x08007a5c   0x00000002   Code   RO         2210    .text._ZNSt3__110__function6__funcIZ11serivalInitvE3$_0NS_9allocatorIS2_EEFvRKN3HAL4UART4DataEEE7destroyEv  serivaltask.o
    0x08007a5e   0x08007a5e   0x00000002   PAD
    0x08007a60   0x08007a60   0x00000004   Code   RO         2204    .text._ZNSt3__110__function6__funcIZ11serivalInitvE3$_0NS_9allocatorIS2_EEFvRKN3HAL4UART4DataEEED0Ev  serivaltask.o
    0x08007a64   0x08007a64   0x00000024   Code   RO         2214    .text._ZNSt3__110__function6__funcIZ11serivalInitvE3$_0NS_9allocatorIS2_EEFvRKN3HAL4UART4DataEEEclES9_  serivaltask.o
    0x08007a88   0x08007a88   0x00000004   Code   RO         2128    .text._ZNSt3__110__function6__funcIZ13MotorTaskInitvE3$_0NS_9allocatorIS2_EEFvRKN3HAL3CAN5FrameEEE18destroy_deallocateEv  motortask.o
    0x08007a8c   0x08007a8c   0x00000002   Code   RO         2126    .text._ZNSt3__110__function6__funcIZ13MotorTaskInitvE3$_0NS_9allocatorIS2_EEFvRKN3HAL3CAN5FrameEEE7destroyEv  motortask.o
    0x08007a8e   0x08007a8e   0x00000002   PAD
    0x08007a90   0x08007a90   0x00000004   Code   RO         2120    .text._ZNSt3__110__function6__funcIZ13MotorTaskInitvE3$_0NS_9allocatorIS2_EEFvRKN3HAL3CAN5FrameEEED0Ev  motortask.o
    0x08007a94   0x08007a94   0x0000005e   Code   RO         2130    .text._ZNSt3__110__function6__funcIZ13MotorTaskInitvE3$_0NS_9allocatorIS2_EEFvRKN3HAL3CAN5FrameEEEclES9_  motortask.o
    0x08007af2   0x08007af2   0x00000002   PAD
    0x08007af4   0x08007af4   0x00000004   Code   RO         2140    .text._ZNSt3__110__function6__funcIZ13MotorTaskInitvE3$_1NS_9allocatorIS2_EEFvRKN3HAL3CAN5FrameEEE18destroy_deallocateEv  motortask.o
    0x08007af8   0x08007af8   0x00000002   Code   RO         2138    .text._ZNSt3__110__function6__funcIZ13MotorTaskInitvE3$_1NS_9allocatorIS2_EEFvRKN3HAL3CAN5FrameEEE7destroyEv  motortask.o
    0x08007afa   0x08007afa   0x00000002   PAD
    0x08007afc   0x08007afc   0x00000004   Code   RO         2132    .text._ZNSt3__110__function6__funcIZ13MotorTaskInitvE3$_1NS_9allocatorIS2_EEFvRKN3HAL3CAN5FrameEEED0Ev  motortask.o
    0x08007b00   0x08007b00   0x0000000c   Code   RO         2142    .text._ZNSt3__110__function6__funcIZ13MotorTaskInitvE3$_1NS_9allocatorIS2_EEFvRKN3HAL3CAN5FrameEEEclES9_  motortask.o
    0x08007b0c   0x08007b0c   0x00000004   Code   RO         2236    .text._ZNSt3__110__function6__funcIZ13visionreceivevE3$_2NS_9allocatorIS2_EEFvRKN3HAL4UART4DataEEE18destroy_deallocateEv  serivaltask.o
    0x08007b10   0x08007b10   0x00000002   Code   RO         2234    .text._ZNSt3__110__function6__funcIZ13visionreceivevE3$_2NS_9allocatorIS2_EEFvRKN3HAL4UART4DataEEE7destroyEv  serivaltask.o
    0x08007b12   0x08007b12   0x00000002   PAD
    0x08007b14   0x08007b14   0x00000004   Code   RO         2228    .text._ZNSt3__110__function6__funcIZ13visionreceivevE3$_2NS_9allocatorIS2_EEFvRKN3HAL4UART4DataEEED0Ev  serivaltask.o
    0x08007b18   0x08007b18   0x00000100   Code   RO         2238    .text._ZNSt3__110__function6__funcIZ13visionreceivevE3$_2NS_9allocatorIS2_EEFvRKN3HAL4UART4DataEEEclES9_  serivaltask.o
    0x08007c18   0x08007c18   0x00000004   Code   RO         2224    .text._ZNSt3__110__function6__funcIZ7ImuInitvE3$_1NS_9allocatorIS2_EEFvRKN3HAL4UART4DataEEE18destroy_deallocateEv  serivaltask.o
    0x08007c1c   0x08007c1c   0x00000002   Code   RO         2222    .text._ZNSt3__110__function6__funcIZ7ImuInitvE3$_1NS_9allocatorIS2_EEFvRKN3HAL4UART4DataEEE7destroyEv  serivaltask.o
    0x08007c1e   0x08007c1e   0x00000002   PAD
    0x08007c20   0x08007c20   0x00000004   Code   RO         2216    .text._ZNSt3__110__function6__funcIZ7ImuInitvE3$_1NS_9allocatorIS2_EEFvRKN3HAL4UART4DataEEED0Ev  serivaltask.o
    0x08007c24   0x08007c24   0x00000026   Code   RO         2226    .text._ZNSt3__110__function6__funcIZ7ImuInitvE3$_1NS_9allocatorIS2_EEFvRKN3HAL4UART4DataEEEclES9_  serivaltask.o
    0x08007c4a   0x08007c4a   0x0000000c   Code   RO         2584    .text._ZSt15get_new_handlerv  libcppabi_w.l(cxa_handlers.cpp.o)
    0x08007c56   0x08007c56   0x00000004   Code   RO         2348    .text._ZdlPv        libcpp_w.l(new.cpp.o)
    0x08007c5a   0x08007c5a   0x00000002   PAD
    0x08007c5c   0x08007c5c   0x00000026   Code   RO         2340    .text._Znwj         libcpp_w.l(new.cpp.o)
    0x08007c82   0x08007c82   0x00000002   PAD
    0x08007c84   0x08007c84   0x0000005c   Code   RO         2391    .text.__cxa_guard_acquire  libcppabi_w.l(cxa_guard.cpp.o)
    0x08007ce0   0x08007ce0   0x00000008   Code   RO         2393    .text.__cxa_guard_release  libcppabi_w.l(cxa_guard.cpp.o)
    0x08007ce8   0x08007ce8   0x00000004   Code   RO         2566    .text.abort_message  libcppabi_w.l(abort_message.cpp.o)
    0x08007cec   0x08007cec   0x0000003a   Code   RO           11    .text.main          main.o
    0x08007d26   0x08007d26   0x00000002   PAD
    0x08007d28   0x08007d28   0x00000010   Code   RO         1452    .text.osDelay       cmsis_os.o
    0x08007d38   0x08007d38   0x0000000a   Code   RO         1434    .text.osKernelStart  cmsis_os.o
    0x08007d42   0x08007d42   0x00000002   PAD
    0x08007d44   0x08007d44   0x0000005e   Code   RO         1440    .text.osThreadCreate  cmsis_os.o
    0x08007da2   0x08007da2   0x00000002   PAD
    0x08007da4   0x08007da4   0x0000013e   Code   RO         1314    .text.prvAddNewTaskToReadyList  tasks.o
    0x08007ee2   0x08007ee2   0x00000002   PAD
    0x08007ee4   0x08007ee4   0x00000096   Code   RO         1344    .text.prvIdleTask   tasks.o
    0x08007f7a   0x08007f7a   0x00000002   PAD
    0x08007f7c   0x08007f7c   0x00000114   Code   RO         1312    .text.prvInitialiseNewTask  tasks.o
    0x08008090   0x08008090   0x00000028   Code   RO         1588    .text.prvPortStartFirstTask  port.o
    0x080080b8   0x080080b8   0x0000003e   Code   RO         1578    .text.prvTaskExitError  port.o
    0x080080f6   0x080080f6   0x00000002   PAD
    0x080080f8   0x080080f8   0x0000025a   Code   RO         1548    .text.pvPortMalloc  heap_4.o
    0x08008352   0x08008352   0x00000002   PAD
    0x08008354   0x08008354   0x00000028   Code   RO         1576    .text.pxPortInitialiseStack  port.o
    0x0800837c   0x0800837c   0x00000024   Code   RO         1203    .text.uxListRemove  list.o
    0x080083a0   0x080083a0   0x0000001a   Code   RO           36    .text.vApplicationGetIdleTaskMemory  freertos.o
    0x080083ba   0x080083ba   0x00000002   PAD
    0x080083bc   0x080083bc   0x00000016   Code   RO         1195    .text.vListInitialise  list.o
    0x080083d2   0x080083d2   0x00000002   PAD
    0x080083d4   0x080083d4   0x00000006   Code   RO         1197    .text.vListInitialiseItem  list.o
    0x080083da   0x080083da   0x00000002   PAD
    0x080083dc   0x080083dc   0x00000060   Code   RO         1201    .text.vListInsert   list.o
    0x0800843c   0x0800843c   0x0000001c   Code   RO         1199    .text.vListInsertEnd  list.o
    0x08008458   0x08008458   0x00000014   Code   RO         1586    .text.vPortEnableVFP  port.o
    0x0800846c   0x0800846c   0x00000046   Code   RO         1592    .text.vPortEnterCritical  port.o
    0x080084b2   0x080084b2   0x00000002   PAD
    0x080084b4   0x080084b4   0x0000002e   Code   RO         1594    .text.vPortExitCritical  port.o
    0x080084e2   0x080084e2   0x00000002   PAD
    0x080084e4   0x080084e4   0x000000e8   Code   RO         1550    .text.vPortFree     heap_4.o
    0x080085cc   0x080085cc   0x00000034   Code   RO         1584    .text.vPortSetupTimerInterrupt  port.o
    0x08008600   0x08008600   0x000000c2   Code   RO         1320    .text.vTaskDelay    tasks.o
    0x080086c2   0x080086c2   0x00000002   PAD
    0x080086c4   0x080086c4   0x000000e4   Code   RO         1342    .text.vTaskStartScheduler  tasks.o
    0x080087a8   0x080087a8   0x00000010   Code   RO         1322    .text.vTaskSuspendAll  tasks.o
    0x080087b8   0x080087b8   0x00000082   Code   RO         1336    .text.vTaskSwitchContext  tasks.o
    0x0800883a   0x0800883a   0x00000002   PAD
    0x0800883c   0x0800883c   0x0000017e   Code   RO         1582    .text.xPortStartScheduler  port.o
    0x080089ba   0x080089ba   0x00000002   PAD
    0x080089bc   0x080089bc   0x0000005e   Code   RO         1316    .text.xTaskCreate   tasks.o
    0x08008a1a   0x08008a1a   0x00000002   PAD
    0x08008a1c   0x08008a1c   0x00000076   Code   RO         1310    .text.xTaskCreateStatic  tasks.o
    0x08008a92   0x08008a92   0x00000002   PAD
    0x08008a94   0x08008a94   0x00000180   Code   RO         1348    .text.xTaskIncrementTick  tasks.o
    0x08008c14   0x08008c14   0x00000144   Code   RO         1326    .text.xTaskResumeAll  tasks.o
    0x08008d58   0x08008d58   0x00000026   Code   RO         2588    i.__ARM_fpclassifyf  m_wm.l(fpclassifyf.o)
    0x08008d7e   0x08008d7e   0x00000002   PAD
    0x08008d80   0x08008d80   0x00000190   Code   RO         2398    i.__hardfp_sinf     m_wm.l(sinf.o)
    0x08008f10   0x08008f10   0x00000006   Code   RO         2591    i.__mathlib_flt_infnan  m_wm.l(funder.o)
    0x08008f16   0x08008f16   0x00000002   PAD
    0x08008f18   0x08008f18   0x00000010   Code   RO         2593    i.__mathlib_flt_invalid  m_wm.l(funder.o)
    0x08008f28   0x08008f28   0x00000010   Code   RO         2596    i.__mathlib_flt_underflow  m_wm.l(funder.o)
    0x08008f38   0x08008f38   0x00000154   Code   RO         2604    i.__mathlib_rredf2  m_wm.l(rredf.o)
    0x0800908c   0x0800908c   0x00000062   Code   RO         2313    x$fpl$d2f           fz_wm.l(d2f.o)
    0x080090ee   0x080090ee   0x00000002   PAD
    0x080090f0   0x080090f0   0x00000150   Code   RO         2315    x$fpl$dadd          fz_wm.l(daddsub_clz.o)
    0x08009240   0x08009240   0x00000018   Code   RO         2675    x$fpl$dcmpinf       fz_wm.l(dcmpi.o)
    0x08009258   0x08009258   0x000002b0   Code   RO         2324    x$fpl$ddiv          fz_wm.l(ddiv.o)
    0x08009508   0x08009508   0x00000078   Code   RO         2550    x$fpl$deqf          fz_wm.l(deqf.o)
    0x08009580   0x08009580   0x0000002e   Code   RO         2328    x$fpl$dflt          fz_wm.l(dflt_clz.o)
    0x080095ae   0x080095ae   0x00000026   Code   RO         2327    x$fpl$dfltu         fz_wm.l(dflt_clz.o)
    0x080095d4   0x080095d4   0x00000078   Code   RO         2552    x$fpl$dgeqf         fz_wm.l(dgeqf.o)
    0x0800964c   0x0800964c   0x00000078   Code   RO         2554    x$fpl$dleqf         fz_wm.l(dleqf.o)
    0x080096c4   0x080096c4   0x00000154   Code   RO         2333    x$fpl$dmul          fz_wm.l(dmul.o)
    0x08009818   0x08009818   0x0000009c   Code   RO         2556    x$fpl$dnaninf       fz_wm.l(dnaninf.o)
    0x080098b4   0x080098b4   0x0000000c   Code   RO         2558    x$fpl$dretinf       fz_wm.l(dretinf.o)
    0x080098c0   0x080098c0   0x000001d4   Code   RO         2317    x$fpl$dsub          fz_wm.l(daddsub_clz.o)
    0x08009a94   0x08009a94   0x00000056   Code   RO         2335    x$fpl$f2d           fz_wm.l(f2d.o)
    0x08009aea   0x08009aea   0x00000054   Code   RO         2321    x$fpl$fcmp          fz_wm.l(dcmp.o)
    0x08009b3e   0x08009b3e   0x0000008c   Code   RO         2560    x$fpl$fnaninf       fz_wm.l(fnaninf.o)
    0x08009bca   0x08009bca   0x0000001a   Code   RO         2677    x$fpl$fpinit        fz_wm.l(fpinit.o)
    0x08009be4   0x08009be4   0x0000000a   Code   RO         2562    x$fpl$fretinf       fz_wm.l(fretinf.o)
    0x08009bee   0x08009bee   0x00000000   Code   RO         2564    x$fpl$usenofp       fz_wm.l(usenofp.o)
    0x08009bee   0x08009bee   0x00000002   PAD
    0x08009bf0   0x08009bf0   0x00000020   Data   RO         2605    .constdata          m_wm.l(rredf.o)
    0x08009c10   0x08009c10   0x00000008   Data   RO         2031    .rodata..L__const.HAL_UART_ErrorCallback.restart_data  callback.o
    0x08009c18   0x08009c18   0x00000008   Data   RO         2032    .rodata..L__const.HAL_UART_ErrorCallback.restart_data.1  callback.o
    0x08009c20   0x08009c20   0x00000008   Data   RO         2033    .rodata..L__const.HAL_UART_ErrorCallback.restart_data.2  callback.o
    0x08009c28   0x08009c28   0x0000001c   Data   RO           51    .rodata..L__const.MX_FREERTOS_Init.os_thread_def_ALG  freertos.o
    0x08009c44   0x08009c44   0x0000001c   Data   RO           49    .rodata..L__const.MX_FREERTOS_Init.os_thread_def_CAN  freertos.o
    0x08009c60   0x08009c60   0x0000001c   Data   RO           47    .rodata..L__const.MX_FREERTOS_Init.os_thread_def_SERIAL  freertos.o
    0x08009c7c   0x08009c7c   0x0000001c   Data   RO           45    .rodata..L__const.MX_FREERTOS_Init.os_thread_def_defaultTask  freertos.o
    0x08009c98   0x08009c98   0x00000008   Data   RO         2257    .rodata..L__const._Z10visionsendv.uart7_tx_data  serivaltask.o
    0x08009ca0   0x08009ca0   0x00000008   Data   RO         2254    .rodata..L__const._Z11serivalInitv.dr16_rx_data  serivaltask.o
    0x08009ca8   0x08009ca8   0x00000008   Data   RO         2258    .rodata..L__const._Z13visionreceivev.uart7_rx_data  serivaltask.o
    0x08009cb0   0x08009cb0   0x00000008   Data   RO         2256    .rodata..L__const._Z7ImuInitv.uart8_rx_buffer  serivaltask.o
    0x08009cb8   0x08009cb8   0x00000008   Data   RO         2255    .rodata..L__const._Z9vofa_sendffffff.vofa_tx_data  serivaltask.o
    0x08009cc0   0x08009cc0   0x00000010   Data   RO         1156    .rodata.AHBPrescTable  system_stm32f4xx.o
    0x08009cd0   0x08009cd0   0x00000008   Data   RO         1157    .rodata.APBPrescTable  system_stm32f4xx.o
    0x08009cd8   0x08009cd8   0x00000010   Data   RO         2279    .rodata._ZTVN3BSP3IMU10HI12_floatE  serivaltask.o
    0x08009ce8   0x08009ce8   0x0000000c   Data   RO         2184    .rodata._ZTVN3BSP5Motor2DM5J4310ILh1EEE  motortask.o
    0x08009cf4   0x08009cf4   0x0000000c   Data   RO         2185    .rodata._ZTVN3BSP5Motor3Dji6GM3508ILh3EEE  motortask.o
    0x08009d00   0x08009d00   0x0000000c   Data   RO         2183    .rodata._ZTVN3BSP5Motor3Dji6GM6020ILh1EEE  motortask.o
    0x08009d0c   0x08009d0c   0x00000018   Data   RO         1835    .rodata._ZTVN3HAL3CAN6CanBusE  can_bus_impl.o
    0x08009d24   0x08009d24   0x0000002c   Data   RO         1871    .rodata._ZTVN3HAL3CAN9CanDeviceE  can_device_impl.o
    0x08009d50   0x08009d50   0x00000044   Data   RO         1982    .rodata._ZTVN3HAL4UART10UartDeviceE  uart_device_impl.o
    0x08009d94   0x08009d94   0x00000018   Data   RO         1936    .rodata._ZTVN3HAL4UART7UartBusE  uart_bus_impl.o
    0x08009dac   0x08009dac   0x00000024   Data   RO         2259    .rodata._ZTVNSt3__110__function6__funcIZ11serivalInitvE3$_0NS_9allocatorIS2_EEFvRKN3HAL4UART4DataEEEE  serivaltask.o
    0x08009dd0   0x08009dd0   0x00000024   Data   RO         2157    .rodata._ZTVNSt3__110__function6__funcIZ13MotorTaskInitvE3$_0NS_9allocatorIS2_EEFvRKN3HAL3CAN5FrameEEEE  motortask.o
    0x08009df4   0x08009df4   0x00000024   Data   RO         2158    .rodata._ZTVNSt3__110__function6__funcIZ13MotorTaskInitvE3$_1NS_9allocatorIS2_EEFvRKN3HAL3CAN5FrameEEEE  motortask.o
    0x08009e18   0x08009e18   0x00000024   Data   RO         2261    .rodata._ZTVNSt3__110__function6__funcIZ13visionreceivevE3$_2NS_9allocatorIS2_EEFvRKN3HAL4UART4DataEEEE  serivaltask.o
    0x08009e3c   0x08009e3c   0x00000024   Data   RO         2260    .rodata._ZTVNSt3__110__function6__funcIZ7ImuInitvE3$_1NS_9allocatorIS2_EEFvRKN3HAL4UART4DataEEEE  serivaltask.o
    0x08009e60   0x08009e60   0x00000008   Data   RO          805    .rodata.cst8        stm32f4xx_hal_dma.o
    0x08009e68   0x08009e68   0x0000001b   Data   RO           44    .rodata.str1.1      freertos.o
    0x08009e83   0x08009e83   0x0000001c   Data   RO         1672    .rodata.str1.1      finitestatemachine_gimbal.o
    0x08009e9f   0x08009e9f   0x0000001f   Data   RO         1700    .rodata.str1.1      finitestatemachine_launch.o
    0x08009ebe   0x08009ebe   0x00000002   PAD
    0x08009ec0   0x08009ec0   0x00000020   Data   RO         2788    Region$$Table       anon$$obj.o
    0x08009ee0   0x08009ee0   0x00000004   Data   RO         2102    .init_array         controltask.o
    0x08009ee4   0x08009ee0   0x00000004   Data   RO         2159    .init_array         motortask.o
    0x08009ee8   0x08009ee0   0x00000000   Data   RO         2308    .init_array         c_w.l(init_aeabi.o)


    Execution Region RW_IRAM2 (Exec base: 0x10000000, Load base: 0x08009fd0, Size: 0x00000000, Max: 0x00010000, ABSOLUTE)

    **** No section assigned to this execution region ****


    Execution Region RW_IRAM1 (Exec base: 0x20000000, Load base: 0x08009ee8, Size: 0x00005598, Max: 0x00030000, ABSOLUTE)

    Exec Addr    Load Addr    Size         Type   Attr      Idx    E Section Name        Object

    0x20000000   0x08009ee8   0x00000048   Data   RW         2242    .data.DR16          serivaltask.o
    0x20000048   0x08009f30   0x0000006c   Data   RW         2240    .data.HI12          serivaltask.o
    0x200000b4   0x08009f9c   0x00000004   Data   RW         1155    .data.SystemCoreClock  system_stm32f4xx.o
    0x200000b8   0x08009fa0   0x00000004   Data   RW         2152    .data.k_d           motortask.o
    0x200000bc   0x08009fa4   0x00000004   Data   RW         2151    .data.k_p           motortask.o
    0x200000c0   0x08009fa8   0x00000004   Data   RW         2099    .data.pitch_feedback_offset_rad  controltask.o
    0x200000c4   0x08009fac   0x00000014   Data   RW         2150    .data.pitch_gravity_comp  motortask.o
    0x200000d8   0x08009fc0   0x00000001   Data   RW          993    .data.uwTickFreq    stm32f4xx_hal.o
    0x200000d9   0x08009fc1   0x00000003   PAD
    0x200000dc   0x08009fc4   0x00000004   Data   RW          992    .data.uwTickPrio    stm32f4xx_hal.o
    0x200000e0   0x08009fc8   0x00000004   Data   RW         1604    .data.uxCriticalNesting  port.o
    0x200000e4   0x08009fcc   0x00000004   PAD
    0x200000e8        -       0x00000060   Zero   RW         2692    .bss                c_w.l(libspace.o)
    0x20000148        -       0x00000004   Zero   RW           52    .bss.ALGHandle      freertos.o
    0x2000014c        -       0x00000004   Zero   RW           50    .bss.CANHandle      freertos.o
    0x20000150        -       0x00000004   Zero   RW           71    .bss.HAL_RCC_CAN1_CLK_ENABLED  can.o
    0x20000154        -       0x00000052   Zero   RW         2241    .bss.HI12RX_buffer  serivaltask.o
    0x200001a6   0x08009fcc   0x00000002   PAD
    0x200001a8        -       0x000001b0   Zero   RW         2148    .bss.Motor3508      motortask.o
    0x20000358        -       0x000000e8   Zero   RW         2146    .bss.Motor6020      motortask.o
    0x20000440        -       0x000000a8   Zero   RW         2147    .bss.MotorJ4310     motortask.o
    0x200004e8        -       0x00000013   Zero   RW         2246    .bss.Rx_pData       serivaltask.o
    0x200004fb   0x08009fcc   0x00000001   PAD
    0x200004fc        -       0x00000004   Zero   RW           48    .bss.SERIALHandle   freertos.o
    0x20000500        -       0x00000012   Zero   RW         2245    .bss.Tx_pData       serivaltask.o
    0x20000512   0x08009fcc   0x00000002   PAD
    0x20000514        -       0x00000004   Zero   RW         2154    .bss._ZGVZ13MotorTaskInitvE4can1  motortask.o
    0x20000518        -       0x00000004   Zero   RW         2156    .bss._ZGVZ13MotorTaskInitvE4can2  motortask.o
    0x2000051c        -       0x00000004   Zero   RW         1735    .bss._ZGVZN3BSP11WATCH_STATE19BuzzerManagerSimple11getInstanceEvE8instance  buzzer_manager.o
    0x20000520        -       0x00000004   Zero   RW         1834    .bss._ZGVZN3HAL3CAN6CanBus8instanceEvE8instance  can_bus_impl.o
    0x20000524        -       0x00000004   Zero   RW         1935    .bss._ZGVZN3HAL4UART7UartBus8instanceEvE8instance  uart_bus_impl.o
    0x20000528        -       0x00000004   Zero   RW         2153    .bss._ZZ13MotorTaskInitvE4can1  motortask.o
    0x2000052c        -       0x00000004   Zero   RW         2155    .bss._ZZ13MotorTaskInitvE4can2  motortask.o
    0x20000530        -       0x00000001   Zero   RW         2100    .bss._ZZN12_GLOBAL__N_121filter_pitch_feedbackEfE11initialized  controltask.o
    0x20000531   0x08009fcc   0x00000003   PAD
    0x20000534        -       0x00000004   Zero   RW         2101    .bss._ZZN12_GLOBAL__N_121filter_pitch_feedbackEfE14filtered_pitch  controltask.o
    0x20000538        -       0x00000018   Zero   RW         1734    .bss._ZZN3BSP11WATCH_STATE19BuzzerManagerSimple11getInstanceEvE8instance  buzzer_manager.o
    0x20000550        -       0x00000054   Zero   RW         1833    .bss._ZZN3HAL3CAN6CanBus8instanceEvE8instance  can_bus_impl.o
    0x200005a4        -       0x00000094   Zero   RW         1934    .bss._ZZN3HAL4UART7UartBus8instanceEvE8instance  uart_bus_impl.o
    0x20000638        -       0x00000004   Zero   RW         2586    .bss.__cxa_new_handler  libcppabi_w.l(cxa_handlers.cpp.o)
    0x2000063c        -       0x00000004   Zero   RW           46    .bss.defaultTaskHandle  freertos.o
    0x20000640        -       0x00000004   Zero   RW         2247    .bss.demo_time      serivaltask.o
    0x20000644        -       0x00000040   Zero   RW         2091    .bss.dial_pid       controltask.o
    0x20000684        -       0x00000012   Zero   RW         2243    .bss.dr16_rx_buffer  serivaltask.o
    0x20000696   0x08009fcc   0x00000002   PAD
    0x20000698        -       0x00000010   Zero   RW         2098    .bss.feedback_data  controltask.o
    0x200006a8        -       0x000000cc   Zero   RW         2085    .bss.gimbal_fsm     controltask.o
    0x20000774        -       0x00000008   Zero   RW         2094    .bss.gimbal_output  controltask.o
    0x2000077c        -       0x0000002c   Zero   RW         2093    .bss.gimbal_target  controltask.o
    0x200007a8        -       0x00000028   Zero   RW           69    .bss.hcan1          can.o
    0x200007d0        -       0x00000028   Zero   RW           70    .bss.hcan2          can.o
    0x200007f8        -       0x00000060   Zero   RW          125    .bss.hdma_uart7_rx  usart.o
    0x20000858        -       0x00000060   Zero   RW          126    .bss.hdma_uart7_tx  usart.o
    0x200008b8        -       0x00000060   Zero   RW          127    .bss.hdma_uart8_rx  usart.o
    0x20000918        -       0x00000060   Zero   RW          128    .bss.hdma_uart8_tx  usart.o
    0x20000978        -       0x00000060   Zero   RW          129    .bss.hdma_usart1_rx  usart.o
    0x200009d8        -       0x00000060   Zero   RW          130    .bss.hdma_usart2_rx  usart.o
    0x20000a38        -       0x00000060   Zero   RW          131    .bss.hdma_usart6_rx  usart.o
    0x20000a98        -       0x00000060   Zero   RW          132    .bss.hdma_usart6_tx  usart.o
    0x20000af8        -       0x00000048   Zero   RW          211    .bss.htim1          stm32f4xx_hal_timebase_tim.o
    0x20000b40        -       0x00000048   Zero   RW           97    .bss.htim12         tim.o
    0x20000b88        -       0x00000048   Zero   RW          122    .bss.huart1         usart.o
    0x20000bd0        -       0x00000048   Zero   RW          123    .bss.huart2         usart.o
    0x20000c18        -       0x00000048   Zero   RW          124    .bss.huart6         usart.o
    0x20000c60        -       0x00000048   Zero   RW          120    .bss.huart7         usart.o
    0x20000ca8        -       0x00000048   Zero   RW          121    .bss.huart8         usart.o
    0x20000cf0        -       0x000000cc   Zero   RW         2086    .bss.launch_fsm     controltask.o
    0x20000dbc        -       0x0000000c   Zero   RW         2095    .bss.launch_output  controltask.o
    0x20000dc8        -       0x00000010   Zero   RW         2149    .bss.mit_pid        motortask.o
    0x20000dd8        -       0x00000040   Zero   RW         2089    .bss.pitch_angle_pid  controltask.o
    0x20000e18        -       0x00000040   Zero   RW         2090    .bss.pitch_velocity_pid  controltask.o
    0x20000e58        -       0x00000004   Zero   RW         1404    .bss.pxCurrentTCB   tasks.o
    0x20000e5c        -       0x00000004   Zero   RW         1420    .bss.pxDelayedTaskList  tasks.o
    0x20000e60        -       0x00000004   Zero   RW         1560    .bss.pxEnd          heap_4.o
    0x20000e64        -       0x00000004   Zero   RW         1421    .bss.pxOverflowDelayedTaskList  tasks.o
    0x20000e68        -       0x0000008c   Zero   RW         1405    .bss.pxReadyTasksLists  tasks.o
    0x20000ef4   0x08009fcc   0x00000004   PAD
    0x20000ef8        -       0x00000030   Zero   RW         2252    .bss.rx_frame       serivaltask.o
    0x20000f28        -       0x00000005   Zero   RW         2253    .bss.rx_other       serivaltask.o
    0x20000f2d   0x08009fcc   0x00000003   PAD
    0x20000f30        -       0x00000020   Zero   RW         2244    .bss.send_str2      serivaltask.o
    0x20000f50        -       0x00000004   Zero   RW         2248    .bss.send_time      serivaltask.o
    0x20000f54        -       0x00000080   Zero   RW         2092    .bss.surgewheel_pid  controltask.o
    0x20000fd4        -       0x00000014   Zero   RW         2097    .bss.test_data      controltask.o
    0x20000fe8        -       0x00000014   Zero   RW         2251    .bss.tx_frame       serivaltask.o
    0x20000ffc        -       0x00003c00   Zero   RW         1567    .bss.ucHeap         heap_4.o
    0x20004bfc        -       0x00000001   Zero   RW         1602    .bss.ucMaxSysCallPriority  port.o
    0x20004bfd   0x08009fcc   0x00000003   PAD
    0x20004c00        -       0x00000004   Zero   RW         1603    .bss.ulMaxPRIGROUPValue  port.o
    0x20004c04        -       0x00000004   Zero   RW          994    .bss.uwTick         stm32f4xx_hal.o
    0x20004c08        -       0x00000004   Zero   RW         1410    .bss.uxCurrentNumberOfTasks  tasks.o
    0x20004c0c        -       0x00000004   Zero   RW         1409    .bss.uxDeletedTasksWaitingCleanUp  tasks.o
    0x20004c10        -       0x00000004   Zero   RW         1412    .bss.uxSchedulerSuspended  tasks.o
    0x20004c14        -       0x00000004   Zero   RW         1407    .bss.uxTaskNumber   tasks.o
    0x20004c18        -       0x00000004   Zero   RW         1406    .bss.uxTopReadyPriority  tasks.o
    0x20004c1c        -       0x00000008   Zero   RW         2096    .bss.vofa_send_t    controltask.o
    0x20004c24        -       0x00000001   Zero   RW         1561    .bss.xBlockAllocatedBit  heap_4.o
    0x20004c25   0x08009fcc   0x00000003   PAD
    0x20004c28        -       0x00000014   Zero   RW         1423    .bss.xDelayedTaskList1  tasks.o
    0x20004c3c        -       0x00000014   Zero   RW         1424    .bss.xDelayedTaskList2  tasks.o
    0x20004c50        -       0x00000004   Zero   RW         1562    .bss.xFreeBytesRemaining  heap_4.o
    0x20004c54        -       0x00000200   Zero   RW           43    .bss.xIdleStack     freertos.o
    0x20004e54        -       0x00000004   Zero   RW         1415    .bss.xIdleTaskHandle  tasks.o
    0x20004e58        -       0x00000054   Zero   RW           42    .bss.xIdleTaskTCBBuffer  freertos.o
    0x20004eac        -       0x00000004   Zero   RW         1564    .bss.xMinimumEverFreeBytesRemaining  heap_4.o
    0x20004eb0        -       0x00000004   Zero   RW         1416    .bss.xNextTaskUnblockTime  tasks.o
    0x20004eb4        -       0x00000004   Zero   RW         1422    .bss.xNumOfOverflows  tasks.o
    0x20004eb8        -       0x00000004   Zero   RW         1565    .bss.xNumberOfSuccessfulAllocations  heap_4.o
    0x20004ebc        -       0x00000004   Zero   RW         1566    .bss.xNumberOfSuccessfulFrees  heap_4.o
    0x20004ec0        -       0x00000004   Zero   RW         1419    .bss.xPendedTicks   tasks.o
    0x20004ec4        -       0x00000014   Zero   RW         1414    .bss.xPendingReadyList  tasks.o
    0x20004ed8        -       0x00000004   Zero   RW         1411    .bss.xSchedulerRunning  tasks.o
    0x20004edc        -       0x00000008   Zero   RW         1563    .bss.xStart         heap_4.o
    0x20004ee4        -       0x00000014   Zero   RW         1413    .bss.xSuspendedTaskList  tasks.o
    0x20004ef8        -       0x00000014   Zero   RW         1408    .bss.xTasksWaitingTermination  tasks.o
    0x20004f0c        -       0x00000004   Zero   RW         1417    .bss.xTickCount     tasks.o
    0x20004f10        -       0x00000004   Zero   RW         1418    .bss.xYieldPending  tasks.o
    0x20004f14        -       0x00000040   Zero   RW         2087    .bss.yaw_angle_pid  controltask.o
    0x20004f54        -       0x00000040   Zero   RW         2088    .bss.yaw_velocity_pid  controltask.o
    0x20004f94   0x08009fcc   0x00000004   PAD
    0x20004f98        -       0x00000200   Zero   RW            2    HEAP                startup_stm32f427xx.o
    0x20005198        -       0x00000400   Zero   RW            1    STACK               startup_stm32f427xx.o


==============================================================================

Image component sizes


      Code (inc. data)   RO Data    RW Data    ZI Data      Debug   Object Name

       188          0          0          0         28       6958   buzzer_manager.o
       630          0         24          0          0      23141   callback.o
       438          0          0          0         84       6532   can.o
         4          0          0          0          0      19032   can_bus.o
       432          0         24          0         88      48938   can_bus_impl.o
       900          0         44          0          0      71890   can_device_impl.o
       120          0          0          0          0      23239   cmsis_os.o
      4162        234          4          4        969      51009   controltask.o
       188          0          0          0          0       3503   dma.o
       648          4          0          0          0      29911   dt7.o
       260          0         28          0          0       5080   finitestatemachine_gimbal.o
       256          0         31          0          0       5107   finitestatemachine_launch.o
       232          0        139          0        612       2938   freertos.o
       136          0          0          0          0       1562   gpio.o
       834          0          0          0      15389       5520   heap_4.o
       188          0          0          0          0       2309   list.o
       264          0          0          0          0       5914   main.o
      3586        140        112         28        864     106689   motortask.o
       356          0          0          0          0      22123   pid.o
       894         16          0          4          5       4216   port.o
      1838         24        164        180        250     131956   serivaltask.o
        64         26        428          0       1536        840   startup_stm32f427xx.o
        76          0          0          0          0       5690   state_watch.o
        92          0          0          5          4       7652   stm32f4xx_hal.o
      1720          6          0          0          0      12948   stm32f4xx_hal_can.o
       150          0          0          0          0      10711   stm32f4xx_hal_cortex.o
      1092          4          8          0          0       9391   stm32f4xx_hal_dma.o
       442          0          0          0          0       5220   stm32f4xx_hal_gpio.o
        66          0          0          0          0       3508   stm32f4xx_hal_msp.o
       122          0          0          0          0       4523   stm32f4xx_hal_pwr_ex.o
      1466          0          0          0          0       7390   stm32f4xx_hal_rcc.o
      1508          4          0          0          0      54923   stm32f4xx_hal_tim.o
         4          0          0          0          0      20679   stm32f4xx_hal_tim_ex.o
       166          0          0          0         72       7337   stm32f4xx_hal_timebase_tim.o
      4566          0          0          0          0      29652   stm32f4xx_hal_uart.o
       228          0          0          0          0       2335   stm32f4xx_it.o
        18          0         24          4          0       2612   system_stm32f4xx.o
      2232          8          0          0        300      27705   tasks.o
       234          0          0          0         72       5993   tim.o
         4          0          0          0          0      17959   uart_bus.o
       722          0         24          0        152      51834   uart_bus_impl.o
       876          0         68          0          0      74031   uart_device_impl.o
      1378          0          0          0       1128       8619   usart.o

    ----------------------------------------------------------------------
     34064        482       1156        228      21584     949119   Object Totals
         0          0         32          0          0          0   (incl. Generated)
       284         16          2          3         31          0   (incl. Padding)

    ----------------------------------------------------------------------

      Code (inc. data)   RO Data    RW Data    ZI Data      Debug   Library Member Name

         8          0          0          0          0         68   __main.o
         0          0          0          0          0          0   __rtentry.o
        12          0          0          0          0          0   __rtentry2.o
         6          0          0          0          0          0   __rtentry4.o
        52          8          0          0          0          0   __scatter.o
        26          0          0          0          0          0   __scatter_copy.o
        28          0          0          0          0          0   __scatter_zi.o
        22          0          0          0          0        100   _rserrno.o
        22          0          0          0          0         80   abort.o
        46          0          0          0          0         84   aeabi_atexit.o
        10          0          0          0          0         68   cxa_atexit.o
        66          0          0          0          0         84   cxa_finalize.o
        48         34          0          0          0         76   defsig_abrt_inner.o
        14          0          0          0          0         80   defsig_abrt_outer.o
        10          0          0          0          0         68   defsig_exit.o
        50          0          0          0          0         88   defsig_general.o
        80         58          0          0          0         76   defsig_rtmem_inner.o
        14          0          0          0          0         80   defsig_rtmem_outer.o
        18          0          0          0          0         80   exit.o
        94          0          0          0          0         80   h1_alloc.o
        52          0          0          0          0         68   h1_extend.o
        78          0          0          0          0         80   h1_free.o
        14          0          0          0          0         84   h1_init.o
         6          0          0          0          0        152   heapauxi.o
         4          0          0          0          0        136   hguard.o
         0          0          0          0          0          0   indicate_semi.o
        36          8          0          0          0         80   init_aeabi.o
       138          0          0          0          0        168   init_alloc.o
         2          0          0          0          0          0   libinit.o
        18          0          0          0          0          0   libinit2.o
         2          0          0          0          0          0   libshutdown.o
         8          0          0          0          0          0   libshutdown2.o
         8          4          0          0         96         68   libspace.o
       240          0          0          0          0        100   lludivv7m.o
         0          0          0          0          0          0   maybetermalloc1.o
         8          4          0          0          0         68   rt_ddtor_pointer_addr_intlibspace.o
         8          4          0          0          0         68   rt_errno_addr_intlibspace.o
         8          4          0          0          0         68   rt_heap_descriptor_intlibspace.o
        68          0          0          0          0         68   rt_memclr.o
        78          0          0          0          0         80   rt_memclr_w.o
         2          0          0          0          0          0   rtexit.o
        10          0          0          0          0          0   rtexit2.o
        12          4          0          0          0         68   sys_exit.o
        74          0          0          0          0         80   sys_stackheap_outer.o
        14          0          0          0          0         76   sys_wrch.o
         2          0          0          0          0         68   use_no_semi.o
        98          4          0          0          0        140   d2f.o
       804         16          0          0          0        376   daddsub_clz.o
        84          0          0          0          0        244   dcmp.o
        24          0          0          0          0        116   dcmpi.o
       688        140          0          0          0        264   ddiv.o
       120          4          0          0          0        140   deqf.o
        84          0          0          0          0        232   dflt_clz.o
       120          4          0          0          0        140   dgeqf.o
       120          4          0          0          0        140   dleqf.o
       340         12          0          0          0        152   dmul.o
       156          4          0          0          0        140   dnaninf.o
        12          0          0          0          0        116   dretinf.o
        86          4          0          0          0        132   f2d.o
       140          4          0          0          0        132   fnaninf.o
        26          0          0          0          0        116   fpinit.o
        10          0          0          0          0        116   fretinf.o
         0          0          0          0          0          0   usenofp.o
        42          0          0          0          0        380   new.cpp.o
         4          0          0          0          0         68   vector.cpp.o
         4          0          0          0          0         36   abort_message.cpp.o
       100         56          0          0          0         76   cxa_guard.cpp.o
        12          0          0          0          4        148   cxa_handlers.cpp.o
        38          0          0          0          0        116   fpclassifyf.o
        38         12          0          0          0        348   funder.o
       340         24         32          0          0        160   rredf.o
       400         56          0          0          0        212   sinf.o

    ----------------------------------------------------------------------
      5428        472         32          0        100       6932   Library Totals
        22          0          0          0          0          0   (incl. Padding)

    ----------------------------------------------------------------------

      Code (inc. data)   RO Data    RW Data    ZI Data      Debug   Library Name

      1516        128          0          0         96       2692   c_w.l
      2912        196          0          0          0       2696   fz_wm.l
        46          0          0          0          0        448   libcpp_w.l
       116         56          0          0          4        260   libcppabi_w.l
       816         92         32          0          0        836   m_wm.l

    ----------------------------------------------------------------------
      5428        472         32          0        100       6932   Library Totals

    ----------------------------------------------------------------------

==============================================================================


      Code (inc. data)   RO Data    RW Data    ZI Data      Debug   

     39492        954       1188        228      21684     951607   Grand Totals
     39492        954       1188        228      21684     951607   ELF Image Totals
     39492        954       1188        228          0          0   ROM Totals

==============================================================================

    Total RO  Size (Code + RO Data)                40680 (  39.73kB)
    Total RW  Size (RW Data + ZI Data)             21912 (  21.40kB)
    Total ROM Size (Code + RO Data + RW Data)      40908 (  39.95kB)

==============================================================================

