Component: ARM Compiler 6.14.1 Tool: armlink [5db06d00]

==============================================================================

Section Cross References

    can.o(.text) refers to can.o(.bss.hcan1) for hcan1
    can.o(.text) refers to stm32f4xx_hal_can.o(.text) for HAL_CAN_Init
    can.o(.text) refers to main.o(.text) for Error_Handler
    can.o(.text) refers to can.o(.bss.hcan2) for hcan2
    can.o(.text) refers to can.o(.bss.HAL_RCC_CAN1_CLK_ENABLED) for HAL_RCC_CAN1_CLK_ENABLED
    can.o(.text) refers to stm32f4xx_hal_gpio.o(.text) for HAL_GPIO_Init
    can.o(.text) refers to stm32f4xx_hal_cortex.o(.text) for HAL_NVIC_SetPriority
    can.o(.ARM.exidx) refers to can.o(.text) for [Anonymous Symbol]
    dma.o(.text) refers to stm32f4xx_hal_cortex.o(.text) for HAL_NVIC_SetPriority
    dma.o(.ARM.exidx) refers to dma.o(.text) for [Anonymous Symbol]
    freertos.o(.text) refers to freertos.o(.rodata.defaultTask_attributes) for defaultTask_attributes
    freertos.o(.text) refers to cmsis_os2.o(.text) for osThreadNew
    freertos.o(.text) refers to freertos.o(.bss.defaultTaskHandle) for defaultTaskHandle
    freertos.o(.text) refers to freertos.o(.rodata.chassisTask_attributes) for chassisTask_attributes
    freertos.o(.text) refers to freertos.o(.bss.chassisTaskHandle) for chassisTaskHandle
    freertos.o(.text) refers to freertos.o(.rodata.communicationTa_attributes) for communicationTa_attributes
    freertos.o(.text) refers to freertos.o(.bss.communicationTaHandle) for communicationTaHandle
    freertos.o(.text) refers to freertos.o(.rodata.refeeTask_attributes) for refeeTask_attributes
    freertos.o(.text) refers to freertos.o(.bss.refeeTaskHandle) for refeeTaskHandle
    freertos.o(.text) refers to freertos.o(.rodata.rlsTask_attributes) for rlsTask_attributes
    freertos.o(.text) refers to freertos.o(.bss.rlsTaskHandle) for rlsTaskHandle
    freertos.o(.text) refers to freertos.o(.rodata.eventTask_attributes) for eventTask_attributes
    freertos.o(.text) refers to freertos.o(.bss.eventTaskHandle) for eventTaskHandle
    freertos.o(.ARM.exidx) refers to freertos.o(.text) for [Anonymous Symbol]
    freertos.o(.rodata.defaultTask_attributes) refers to freertos.o(.rodata.str1.1) for .L.str
    freertos.o(.rodata.chassisTask_attributes) refers to freertos.o(.rodata.str1.1) for .L.str.1
    freertos.o(.rodata.communicationTa_attributes) refers to freertos.o(.rodata.str1.1) for .L.str.2
    freertos.o(.rodata.refeeTask_attributes) refers to freertos.o(.rodata.str1.1) for .L.str.3
    freertos.o(.rodata.rlsTask_attributes) refers to freertos.o(.rodata.str1.1) for .L.str.4
    freertos.o(.rodata.eventTask_attributes) refers to freertos.o(.rodata.str1.1) for .L.str.5
    gpio.o(.ARM.exidx) refers to gpio.o(.text) for [Anonymous Symbol]
    main.o(.text) refers to stm32f4xx_hal.o(.text) for HAL_Init
    main.o(.text) refers to gpio.o(.text) for MX_GPIO_Init
    main.o(.text) refers to dma.o(.text) for MX_DMA_Init
    main.o(.text) refers to can.o(.text) for MX_CAN1_Init
    main.o(.text) refers to usart.o(.text) for MX_USART1_UART_Init
    main.o(.text) refers to tim.o(.text) for MX_TIM7_Init
    main.o(.text) refers to tim.o(.bss.htim7) for htim7
    main.o(.text) refers to stm32f4xx_hal_tim.o(.text) for HAL_TIM_Base_Start_IT
    main.o(.text) refers to cmsis_os2.o(.text) for osKernelInitialize
    main.o(.text) refers to freertos.o(.text) for MX_FREERTOS_Init
    main.o(.text) refers to rt_memclr_w.o(.text) for __aeabi_memclr4
    main.o(.text) refers to stm32f4xx_hal_rcc.o(.text) for HAL_RCC_OscConfig
    main.o(.ARM.exidx) refers to main.o(.text) for [Anonymous Symbol]
    stm32f4xx_hal_msp.o(.text) refers to stm32f4xx_hal_cortex.o(.text) for HAL_NVIC_SetPriority
    stm32f4xx_hal_msp.o(.ARM.exidx) refers to stm32f4xx_hal_msp.o(.text) for [Anonymous Symbol]
    stm32f4xx_hal_timebase_tim.o(.text) refers to stm32f4xx_hal_rcc.o(.text) for HAL_RCC_GetClockConfig
    stm32f4xx_hal_timebase_tim.o(.text) refers to stm32f4xx_hal_timebase_tim.o(.bss.htim6) for htim6
    stm32f4xx_hal_timebase_tim.o(.text) refers to stm32f4xx_hal_tim.o(.text) for HAL_TIM_Base_Init
    stm32f4xx_hal_timebase_tim.o(.text) refers to stm32f4xx_hal_cortex.o(.text) for HAL_NVIC_EnableIRQ
    stm32f4xx_hal_timebase_tim.o(.text) refers to stm32f4xx_hal.o(.data.uwTickPrio) for uwTickPrio
    stm32f4xx_hal_timebase_tim.o(.ARM.exidx) refers to stm32f4xx_hal_timebase_tim.o(.text) for [Anonymous Symbol]
    stm32f4xx_it.o(.text) refers to usart.o(.bss.hdma_usart3_rx) for hdma_usart3_rx
    stm32f4xx_it.o(.text) refers to stm32f4xx_hal_dma.o(.text) for HAL_DMA_IRQHandler
    stm32f4xx_it.o(.text) refers to usart.o(.bss.hdma_usart3_tx) for hdma_usart3_tx
    stm32f4xx_it.o(.text) refers to can.o(.bss.hcan1) for hcan1
    stm32f4xx_it.o(.text) refers to stm32f4xx_hal_can.o(.text) for HAL_CAN_IRQHandler
    stm32f4xx_it.o(.text) refers to usart.o(.bss.huart1) for huart1
    stm32f4xx_it.o(.text) refers to stm32f4xx_hal_uart.o(.text) for HAL_UART_IRQHandler
    stm32f4xx_it.o(.text) refers to usart.o(.bss.huart3) for huart3
    stm32f4xx_it.o(.text) refers to stm32f4xx_hal_timebase_tim.o(.bss.htim6) for htim6
    stm32f4xx_it.o(.text) refers to stm32f4xx_hal_tim.o(.text) for HAL_TIM_IRQHandler
    stm32f4xx_it.o(.text) refers to tim.o(.bss.htim7) for htim7
    stm32f4xx_it.o(.text) refers to usart.o(.bss.hdma_usart6_rx) for hdma_usart6_rx
    stm32f4xx_it.o(.text) refers to usart.o(.bss.hdma_usart1_rx) for hdma_usart1_rx
    stm32f4xx_it.o(.text) refers to can.o(.bss.hcan2) for hcan2
    stm32f4xx_it.o(.text) refers to usart.o(.bss.hdma_usart6_tx) for hdma_usart6_tx
    stm32f4xx_it.o(.text) refers to usart.o(.bss.hdma_usart1_tx) for hdma_usart1_tx
    stm32f4xx_it.o(.text) refers to usart.o(.bss.huart6) for huart6
    stm32f4xx_it.o(.ARM.exidx) refers to stm32f4xx_it.o(.text) for [Anonymous Symbol]
    system_stm32f4xx.o(.text) refers to system_stm32f4xx.o(.data.SystemCoreClock) for SystemCoreClock
    system_stm32f4xx.o(.text) refers to system_stm32f4xx.o(.rodata.AHBPrescTable) for AHBPrescTable
    system_stm32f4xx.o(.ARM.exidx) refers to system_stm32f4xx.o(.text) for [Anonymous Symbol]
    tim.o(.text) refers to tim.o(.bss.htim4) for htim4
    tim.o(.text) refers to stm32f4xx_hal_tim.o(.text) for HAL_TIM_PWM_Init
    tim.o(.text) refers to main.o(.text) for Error_Handler
    tim.o(.text) refers to stm32f4xx_hal_tim_ex.o(.text) for HAL_TIMEx_MasterConfigSynchronization
    tim.o(.text) refers to stm32f4xx_hal_gpio.o(.text) for HAL_GPIO_Init
    tim.o(.text) refers to tim.o(.bss.htim5) for htim5
    tim.o(.text) refers to tim.o(.bss.htim7) for htim7
    tim.o(.text) refers to stm32f4xx_hal_cortex.o(.text) for HAL_NVIC_SetPriority
    tim.o(.ARM.exidx) refers to tim.o(.text) for [Anonymous Symbol]
    usart.o(.text) refers to usart.o(.bss.huart1) for huart1
    usart.o(.text) refers to stm32f4xx_hal_uart.o(.text) for HAL_UART_Init
    usart.o(.text) refers to main.o(.text) for Error_Handler
    usart.o(.text) refers to usart.o(.bss.huart3) for huart3
    usart.o(.text) refers to usart.o(.bss.huart6) for huart6
    usart.o(.text) refers to stm32f4xx_hal_gpio.o(.text) for HAL_GPIO_Init
    usart.o(.text) refers to usart.o(.bss.hdma_usart1_tx) for hdma_usart1_tx
    usart.o(.text) refers to stm32f4xx_hal_dma.o(.text) for HAL_DMA_Init
    usart.o(.text) refers to usart.o(.bss.hdma_usart1_rx) for hdma_usart1_rx
    usart.o(.text) refers to stm32f4xx_hal_cortex.o(.text) for HAL_NVIC_SetPriority
    usart.o(.text) refers to usart.o(.bss.hdma_usart3_rx) for hdma_usart3_rx
    usart.o(.text) refers to usart.o(.bss.hdma_usart3_tx) for hdma_usart3_tx
    usart.o(.text) refers to usart.o(.bss.hdma_usart6_tx) for hdma_usart6_tx
    usart.o(.text) refers to usart.o(.bss.hdma_usart6_rx) for hdma_usart6_rx
    usart.o(.ARM.exidx) refers to usart.o(.text) for [Anonymous Symbol]
    stm32f4xx_hal.o(.text) refers to stm32f4xx_hal_cortex.o(.text) for HAL_NVIC_SetPriorityGrouping
    stm32f4xx_hal.o(.text) refers to stm32f4xx_hal_timebase_tim.o(.text) for HAL_InitTick
    stm32f4xx_hal.o(.text) refers to stm32f4xx_hal_msp.o(.text) for HAL_MspInit
    stm32f4xx_hal.o(.text) refers to system_stm32f4xx.o(.data.SystemCoreClock) for SystemCoreClock
    stm32f4xx_hal.o(.text) refers to stm32f4xx_hal.o(.data.uwTickFreq) for uwTickFreq
    stm32f4xx_hal.o(.text) refers to stm32f4xx_hal.o(.data.uwTickPrio) for uwTickPrio
    stm32f4xx_hal.o(.text) refers to stm32f4xx_hal.o(.bss.uwTick) for uwTick
    stm32f4xx_hal.o(.ARM.exidx) refers to stm32f4xx_hal.o(.text) for [Anonymous Symbol]
    stm32f4xx_hal_can.o(.text) refers to can.o(.text) for HAL_CAN_MspInit
    stm32f4xx_hal_can.o(.text) refers to stm32f4xx_hal.o(.text) for HAL_GetTick
    stm32f4xx_hal_can.o(.ARM.exidx) refers to stm32f4xx_hal_can.o(.text) for [Anonymous Symbol]
    stm32f4xx_hal_cortex.o(.ARM.exidx) refers to stm32f4xx_hal_cortex.o(.text) for [Anonymous Symbol]
    stm32f4xx_hal_dma.o(.text) refers to stm32f4xx_hal.o(.text) for HAL_GetTick
    stm32f4xx_hal_dma.o(.text) refers to stm32f4xx_hal_dma.o(.rodata.DMA_CalcBaseAndBitshift.flagBitshiftOffset) for DMA_CalcBaseAndBitshift.flagBitshiftOffset
    stm32f4xx_hal_dma.o(.text) refers to system_stm32f4xx.o(.data.SystemCoreClock) for SystemCoreClock
    stm32f4xx_hal_dma.o(.ARM.exidx) refers to stm32f4xx_hal_dma.o(.text) for [Anonymous Symbol]
    stm32f4xx_hal_dma_ex.o(.ARM.exidx) refers to stm32f4xx_hal_dma_ex.o(.text) for [Anonymous Symbol]
    stm32f4xx_hal_exti.o(.ARM.exidx) refers to stm32f4xx_hal_exti.o(.text) for [Anonymous Symbol]
    stm32f4xx_hal_flash.o(.text) refers to stm32f4xx_hal_flash.o(.bss.pFlash) for pFlash
    stm32f4xx_hal_flash.o(.text) refers to stm32f4xx_hal.o(.text) for HAL_GetTick
    stm32f4xx_hal_flash.o(.text) refers to stm32f4xx_hal_flash_ex.o(.text) for FLASH_Erase_Sector
    stm32f4xx_hal_flash.o(.ARM.exidx) refers to stm32f4xx_hal_flash.o(.text) for [Anonymous Symbol]
    stm32f4xx_hal_flash_ex.o(.text) refers to stm32f4xx_hal_flash.o(.bss.pFlash) for pFlash
    stm32f4xx_hal_flash_ex.o(.text) refers to stm32f4xx_hal_flash.o(.text) for FLASH_WaitForLastOperation
    stm32f4xx_hal_flash_ex.o(.ARM.exidx) refers to stm32f4xx_hal_flash_ex.o(.text) for [Anonymous Symbol]
    stm32f4xx_hal_gpio.o(.ARM.exidx) refers to stm32f4xx_hal_gpio.o(.text) for [Anonymous Symbol]
    stm32f4xx_hal_pwr.o(.ARM.exidx) refers to stm32f4xx_hal_pwr.o(.text) for [Anonymous Symbol]
    stm32f4xx_hal_pwr_ex.o(.text) refers to stm32f4xx_hal.o(.text) for HAL_GetTick
    stm32f4xx_hal_pwr_ex.o(.ARM.exidx) refers to stm32f4xx_hal_pwr_ex.o(.text) for [Anonymous Symbol]
    stm32f4xx_hal_rcc.o(.text) refers to stm32f4xx_hal.o(.text) for HAL_GetTick
    stm32f4xx_hal_rcc.o(.text) refers to system_stm32f4xx.o(.rodata.AHBPrescTable) for AHBPrescTable
    stm32f4xx_hal_rcc.o(.text) refers to system_stm32f4xx.o(.data.SystemCoreClock) for SystemCoreClock
    stm32f4xx_hal_rcc.o(.text) refers to stm32f4xx_hal.o(.data.uwTickPrio) for uwTickPrio
    stm32f4xx_hal_rcc.o(.text) refers to stm32f4xx_hal_timebase_tim.o(.text) for HAL_InitTick
    stm32f4xx_hal_rcc.o(.text) refers to lludivv7m.o(.text) for __aeabi_uldivmod
    stm32f4xx_hal_rcc.o(.text) refers to stm32f4xx_hal_gpio.o(.text) for HAL_GPIO_Init
    stm32f4xx_hal_rcc.o(.text) refers to system_stm32f4xx.o(.rodata.APBPrescTable) for APBPrescTable
    stm32f4xx_hal_rcc.o(.ARM.exidx) refers to stm32f4xx_hal_rcc.o(.text) for [Anonymous Symbol]
    stm32f4xx_hal_rcc_ex.o(.text) refers to stm32f4xx_hal.o(.text) for HAL_GetTick
    stm32f4xx_hal_rcc_ex.o(.text) refers to system_stm32f4xx.o(.data.SystemCoreClock) for SystemCoreClock
    stm32f4xx_hal_rcc_ex.o(.text) refers to stm32f4xx_hal.o(.data.uwTickPrio) for uwTickPrio
    stm32f4xx_hal_rcc_ex.o(.text) refers to stm32f4xx_hal_timebase_tim.o(.text) for HAL_InitTick
    stm32f4xx_hal_rcc_ex.o(.ARM.exidx) refers to stm32f4xx_hal_rcc_ex.o(.text) for [Anonymous Symbol]
    stm32f4xx_hal_tim.o(.text) refers to tim.o(.text) for HAL_TIM_Base_MspInit
    stm32f4xx_hal_tim.o(.text) refers to stm32f4xx_hal_dma.o(.text) for HAL_DMA_Start_IT
    stm32f4xx_hal_tim.o(.text) refers to main.o(.text) for HAL_TIM_PeriodElapsedCallback
    stm32f4xx_hal_tim.o(.text) refers to stm32f4xx_hal_tim_ex.o(.text) for HAL_TIMEx_BreakCallback
    stm32f4xx_hal_tim.o(.ARM.exidx) refers to stm32f4xx_hal_tim.o(.text) for [Anonymous Symbol]
    stm32f4xx_hal_tim_ex.o(.text) refers to stm32f4xx_hal_tim.o(.text) for TIM_Base_SetConfig
    stm32f4xx_hal_tim_ex.o(.text) refers to stm32f4xx_hal_dma.o(.text) for HAL_DMA_Start_IT
    stm32f4xx_hal_tim_ex.o(.ARM.exidx) refers to stm32f4xx_hal_tim_ex.o(.text) for [Anonymous Symbol]
    stm32f4xx_hal_uart.o(.text) refers to usart.o(.text) for HAL_UART_MspInit
    stm32f4xx_hal_uart.o(.text) refers to stm32f4xx_hal_rcc.o(.text) for HAL_RCC_GetPCLK2Freq
    stm32f4xx_hal_uart.o(.text) refers to lludivv7m.o(.text) for __aeabi_uldivmod
    stm32f4xx_hal_uart.o(.text) refers to stm32f4xx_hal.o(.text) for HAL_GetTick
    stm32f4xx_hal_uart.o(.text) refers to stm32f4xx_hal_dma.o(.text) for HAL_DMA_Start_IT
    stm32f4xx_hal_uart.o(.ARM.exidx) refers to stm32f4xx_hal_uart.o(.text) for [Anonymous Symbol]
    cmsis_os2.o(.text) refers to tasks.o(.text) for xTaskGetSchedulerState
    cmsis_os2.o(.text) refers to port.o(.text) for xPortSysTickHandler
    cmsis_os2.o(.text) refers to cmsis_os2.o(.bss.KernelState) for KernelState
    cmsis_os2.o(.text) refers to cmsis_os2.o(.rodata.str1.1) for .L.str
    cmsis_os2.o(.text) refers to rt_memcpy_v6.o(.text) for __aeabi_memcpy
    cmsis_os2.o(.text) refers to system_stm32f4xx.o(.data.SystemCoreClock) for SystemCoreClock
    cmsis_os2.o(.text) refers to heap_4.o(.text) for pvPortMalloc
    cmsis_os2.o(.text) refers to timers.o(.text) for xTimerCreateStatic
    cmsis_os2.o(.text) refers to event_groups.o(.text) for xEventGroupCreateStatic
    cmsis_os2.o(.text) refers to queue.o(.text) for xQueueCreateMutexStatic
    cmsis_os2.o(.text) refers to cmsis_os2.o(.bss.vApplicationGetIdleTaskMemory.Idle_TCB) for vApplicationGetIdleTaskMemory.Idle_TCB
    cmsis_os2.o(.text) refers to cmsis_os2.o(.bss.vApplicationGetIdleTaskMemory.Idle_Stack) for vApplicationGetIdleTaskMemory.Idle_Stack
    cmsis_os2.o(.text) refers to cmsis_os2.o(.bss.vApplicationGetTimerTaskMemory.Timer_TCB) for vApplicationGetTimerTaskMemory.Timer_TCB
    cmsis_os2.o(.text) refers to cmsis_os2.o(.bss.vApplicationGetTimerTaskMemory.Timer_Stack) for vApplicationGetTimerTaskMemory.Timer_Stack
    cmsis_os2.o(.ARM.exidx) refers to cmsis_os2.o(.text) for [Anonymous Symbol]
    event_groups.o(.text) refers to list.o(.text) for vListInitialise
    event_groups.o(.text) refers to heap_4.o(.text) for pvPortMalloc
    event_groups.o(.text) refers to tasks.o(.text) for xTaskGetSchedulerState
    event_groups.o(.text) refers to port.o(.text) for vPortEnterCritical
    event_groups.o(.text) refers to timers.o(.text) for xTimerPendFunctionCallFromISR
    event_groups.o(.ARM.exidx) refers to event_groups.o(.text) for [Anonymous Symbol]
    list.o(.ARM.exidx) refers to list.o(.text) for [Anonymous Symbol]
    heap_4.o(.text) refers to tasks.o(.text) for vTaskSuspendAll
    heap_4.o(.text) refers to heap_4.o(.bss.pxEnd) for pxEnd
    heap_4.o(.text) refers to heap_4.o(.bss.xBlockAllocatedBit) for xBlockAllocatedBit
    heap_4.o(.text) refers to heap_4.o(.bss.xFreeBytesRemaining) for xFreeBytesRemaining
    heap_4.o(.text) refers to heap_4.o(.bss.xStart) for xStart
    heap_4.o(.text) refers to heap_4.o(.bss.xMinimumEverFreeBytesRemaining) for xMinimumEverFreeBytesRemaining
    heap_4.o(.text) refers to heap_4.o(.bss.xNumberOfSuccessfulAllocations) for xNumberOfSuccessfulAllocations
    heap_4.o(.text) refers to heap_4.o(.bss.ucHeap) for ucHeap
    heap_4.o(.text) refers to heap_4.o(.bss.xNumberOfSuccessfulFrees) for xNumberOfSuccessfulFrees
    heap_4.o(.text) refers to port.o(.text) for vPortEnterCritical
    heap_4.o(.ARM.exidx) refers to heap_4.o(.text) for [Anonymous Symbol]
    port.o(.text) refers to port.o(.data.uxCriticalNesting) for uxCriticalNesting
    port.o(.text) refers to tasks.o(.bss.pxCurrentTCB) for pxCurrentTCB
    port.o(.text) refers to port.o(.bss.ucMaxSysCallPriority) for ucMaxSysCallPriority
    port.o(.text) refers to port.o(.bss.ulMaxPRIGROUPValue) for ulMaxPRIGROUPValue
    port.o(.text) refers to tasks.o(.text) for vTaskSwitchContext
    port.o(.text) refers to system_stm32f4xx.o(.data.SystemCoreClock) for SystemCoreClock
    port.o(.ARM.exidx) refers to port.o(.text) for [Anonymous Symbol]
    queue.o(.text) refers to port.o(.text) for vPortEnterCritical
    queue.o(.text) refers to tasks.o(.text) for xTaskRemoveFromEventList
    queue.o(.text) refers to list.o(.text) for vListInitialise
    queue.o(.text) refers to heap_4.o(.text) for pvPortMalloc
    queue.o(.text) refers to rt_memcpy_v6.o(.text) for __aeabi_memcpy
    queue.o(.text) refers to queue.o(.bss.xQueueRegistry) for xQueueRegistry
    queue.o(.ARM.exidx) refers to queue.o(.text) for [Anonymous Symbol]
    stream_buffer.o(.text) refers to heap_4.o(.text) for pvPortMalloc
    stream_buffer.o(.text) refers to aeabi_memset.o(.text) for __aeabi_memset
    stream_buffer.o(.text) refers to rt_memclr.o(.text) for __aeabi_memclr
    stream_buffer.o(.text) refers to rt_memclr_w.o(.text) for __aeabi_memclr4
    stream_buffer.o(.text) refers to port.o(.text) for vPortEnterCritical
    stream_buffer.o(.text) refers to tasks.o(.text) for vTaskSetTimeOutState
    stream_buffer.o(.text) refers to rt_memcpy_v6.o(.text) for __aeabi_memcpy
    stream_buffer.o(.ARM.exidx) refers to stream_buffer.o(.text) for [Anonymous Symbol]
    tasks.o(.text) refers to aeabi_memset4.o(.text) for __aeabi_memset4
    tasks.o(.text) refers to list.o(.text) for vListInitialiseItem
    tasks.o(.text) refers to port.o(.text) for pxPortInitialiseStack
    tasks.o(.text) refers to tasks.o(.bss.uxCurrentNumberOfTasks) for uxCurrentNumberOfTasks
    tasks.o(.text) refers to tasks.o(.bss.pxCurrentTCB) for pxCurrentTCB
    tasks.o(.text) refers to tasks.o(.bss.xSchedulerRunning) for xSchedulerRunning
    tasks.o(.text) refers to tasks.o(.bss.uxTaskNumber) for uxTaskNumber
    tasks.o(.text) refers to tasks.o(.bss.uxTopReadyPriority) for uxTopReadyPriority
    tasks.o(.text) refers to tasks.o(.bss.pxReadyTasksLists) for pxReadyTasksLists
    tasks.o(.text) refers to heap_4.o(.text) for pvPortMalloc
    tasks.o(.text) refers to tasks.o(.bss.xTasksWaitingTermination) for xTasksWaitingTermination
    tasks.o(.text) refers to tasks.o(.bss.uxDeletedTasksWaitingCleanUp) for uxDeletedTasksWaitingCleanUp
    tasks.o(.text) refers to tasks.o(.bss.uxSchedulerSuspended) for uxSchedulerSuspended
    tasks.o(.text) refers to tasks.o(.bss.pxDelayedTaskList) for pxDelayedTaskList
    tasks.o(.text) refers to tasks.o(.bss.xNextTaskUnblockTime) for xNextTaskUnblockTime
    tasks.o(.text) refers to tasks.o(.bss.xTickCount) for xTickCount
    tasks.o(.text) refers to tasks.o(.bss.xSuspendedTaskList) for xSuspendedTaskList
    tasks.o(.text) refers to tasks.o(.bss.pxOverflowDelayedTaskList) for pxOverflowDelayedTaskList
    tasks.o(.text) refers to tasks.o(.bss.xPendingReadyList) for xPendingReadyList
    tasks.o(.text) refers to tasks.o(.bss.xYieldPending) for xYieldPending
    tasks.o(.text) refers to tasks.o(.bss.xPendedTicks) for xPendedTicks
    tasks.o(.text) refers to cmsis_os2.o(.text) for vApplicationGetIdleTaskMemory
    tasks.o(.text) refers to tasks.o(.rodata.str1.1) for .L.str
    tasks.o(.text) refers to tasks.o(.bss.xIdleTaskHandle) for xIdleTaskHandle
    tasks.o(.text) refers to timers.o(.text) for xTimerCreateTimerTask
    tasks.o(.text) refers to tasks.o(.bss.xNumOfOverflows) for xNumOfOverflows
    tasks.o(.text) refers to tasks.o(.bss.xDelayedTaskList1) for xDelayedTaskList1
    tasks.o(.text) refers to tasks.o(.bss.xDelayedTaskList2) for xDelayedTaskList2
    tasks.o(.ARM.exidx) refers to tasks.o(.text) for [Anonymous Symbol]
    timers.o(.text) refers to timers.o(.bss.xTimerQueue) for xTimerQueue
    timers.o(.text) refers to cmsis_os2.o(.text) for vApplicationGetTimerTaskMemory
    timers.o(.text) refers to timers.o(.rodata.str1.1) for .L.str
    timers.o(.text) refers to tasks.o(.text) for xTaskCreateStatic
    timers.o(.text) refers to timers.o(.bss.xTimerTaskHandle) for xTimerTaskHandle
    timers.o(.text) refers to port.o(.text) for vPortEnterCritical
    timers.o(.text) refers to timers.o(.bss.xActiveTimerList1) for xActiveTimerList1
    timers.o(.text) refers to list.o(.text) for vListInitialise
    timers.o(.text) refers to timers.o(.bss.xActiveTimerList2) for xActiveTimerList2
    timers.o(.text) refers to timers.o(.bss.pxCurrentTimerList) for pxCurrentTimerList
    timers.o(.text) refers to timers.o(.bss.pxOverflowTimerList) for pxOverflowTimerList
    timers.o(.text) refers to timers.o(.bss.prvCheckForValidListAndQueue.ucStaticTimerQueueStorage) for prvCheckForValidListAndQueue.ucStaticTimerQueueStorage
    timers.o(.text) refers to timers.o(.bss.prvCheckForValidListAndQueue.xStaticTimerQueue) for prvCheckForValidListAndQueue.xStaticTimerQueue
    timers.o(.text) refers to queue.o(.text) for xQueueGenericCreateStatic
    timers.o(.text) refers to heap_4.o(.text) for pvPortMalloc
    timers.o(.text) refers to timers.o(.bss.prvSampleTimeNow.xLastTime) for prvSampleTimeNow.xLastTime
    timers.o(.ARM.exidx) refers to timers.o(.text) for [Anonymous Symbol]
    startup_stm32f407xx.o(STACK) refers (Special) to heapauxi.o(.text) for __use_two_region_memory
    startup_stm32f407xx.o(HEAP) refers (Special) to heapauxi.o(.text) for __use_two_region_memory
    startup_stm32f407xx.o(RESET) refers (Special) to heapauxi.o(.text) for __use_two_region_memory
    startup_stm32f407xx.o(RESET) refers to startup_stm32f407xx.o(STACK) for __initial_sp
    startup_stm32f407xx.o(RESET) refers to startup_stm32f407xx.o(.text) for Reset_Handler
    startup_stm32f407xx.o(RESET) refers to stm32f4xx_it.o(.text) for NMI_Handler
    startup_stm32f407xx.o(RESET) refers to port.o(.text) for SVC_Handler
    startup_stm32f407xx.o(RESET) refers to cmsis_os2.o(.text) for SysTick_Handler
    startup_stm32f407xx.o(.text) refers (Special) to heapauxi.o(.text) for __use_two_region_memory
    startup_stm32f407xx.o(.text) refers to system_stm32f4xx.o(.text) for SystemInit
    startup_stm32f407xx.o(.text) refers to __main.o(!!!main) for __main
    startup_stm32f407xx.o(.text) refers to startup_stm32f407xx.o(HEAP) for Heap_Mem
    startup_stm32f407xx.o(.text) refers to startup_stm32f407xx.o(STACK) for Stack_Mem
    rt_memcpy_v6.o(.text) refers to rt_memcpy_w.o(.text) for __aeabi_memcpy4
    aeabi_memset.o(.text) refers to rt_memclr.o(.text) for _memset
    aeabi_memset4.o(.text) refers to rt_memclr_w.o(.text) for _memset_w
    rt_memclr.o(.text) refers to rt_memclr_w.o(.text) for _memset_w
    __main.o(!!!main) refers to __rtentry.o(.ARM.Collect$$rtentry$$00000000) for __rt_entry
    __rtentry.o(.ARM.Collect$$rtentry$$00000000) refers (Special) to __rtentry2.o(.ARM.Collect$$rtentry$$0000000A) for __rt_entry_li
    __rtentry.o(.ARM.Collect$$rtentry$$00000000) refers (Special) to __rtentry2.o(.ARM.Collect$$rtentry$$0000000D) for __rt_entry_main
    __rtentry.o(.ARM.Collect$$rtentry$$00000000) refers (Special) to __rtentry2.o(.ARM.Collect$$rtentry$$0000000C) for __rt_entry_postli_1
    __rtentry.o(.ARM.Collect$$rtentry$$00000000) refers (Special) to __rtentry2.o(.ARM.Collect$$rtentry$$00000009) for __rt_entry_postsh_1
    __rtentry.o(.ARM.Collect$$rtentry$$00000000) refers (Special) to __rtentry2.o(.ARM.Collect$$rtentry$$00000002) for __rt_entry_presh_1
    __rtentry.o(.ARM.Collect$$rtentry$$00000000) refers (Special) to __rtentry4.o(.ARM.Collect$$rtentry$$00000004) for __rt_entry_sh
    aeabi_ldiv0_sigfpe.o(.text) refers to rt_div0.o(.text) for __rt_div0
    __rtentry2.o(.ARM.Collect$$rtentry$$00000008) refers to boardinit2.o(.text) for _platform_post_stackheap_init
    __rtentry2.o(.ARM.Collect$$rtentry$$0000000A) refers to libinit.o(.ARM.Collect$$libinit$$00000000) for __rt_lib_init
    __rtentry2.o(.ARM.Collect$$rtentry$$0000000B) refers to boardinit3.o(.text) for _platform_post_lib_init
    __rtentry2.o(.ARM.Collect$$rtentry$$0000000D) refers to main.o(.text) for main
    __rtentry2.o(.ARM.Collect$$rtentry$$0000000D) refers to exit.o(.text) for exit
    __rtentry2.o(.ARM.exidx) refers to __rtentry2.o(.ARM.Collect$$rtentry$$00000001) for .ARM.Collect$$rtentry$$00000001
    __rtentry2.o(.ARM.exidx) refers to __rtentry2.o(.ARM.Collect$$rtentry$$00000008) for .ARM.Collect$$rtentry$$00000008
    __rtentry2.o(.ARM.exidx) refers to __rtentry2.o(.ARM.Collect$$rtentry$$0000000A) for .ARM.Collect$$rtentry$$0000000A
    __rtentry2.o(.ARM.exidx) refers to __rtentry2.o(.ARM.Collect$$rtentry$$0000000B) for .ARM.Collect$$rtentry$$0000000B
    __rtentry2.o(.ARM.exidx) refers to __rtentry2.o(.ARM.Collect$$rtentry$$0000000D) for .ARM.Collect$$rtentry$$0000000D
    __rtentry4.o(.ARM.Collect$$rtentry$$00000004) refers to sys_stackheap_outer.o(.text) for __user_setup_stackheap
    __rtentry4.o(.ARM.exidx) refers to __rtentry4.o(.ARM.Collect$$rtentry$$00000004) for .ARM.Collect$$rtentry$$00000004
    rt_div0.o(.text) refers to defsig_fpe_outer.o(.text) for __rt_SIGFPE
    sys_stackheap_outer.o(.text) refers to libspace.o(.text) for __user_perproc_libspace
    sys_stackheap_outer.o(.text) refers to startup_stm32f407xx.o(.text) for __user_initial_stackheap
    exit.o(.text) refers to rtexit.o(.ARM.Collect$$rtexit$$00000000) for __rt_exit
    defsig_fpe_outer.o(.text) refers to defsig_fpe_inner.o(.text) for __rt_SIGFPE_inner
    defsig_fpe_outer.o(.text) refers to defsig_exit.o(.text) for __sig_exit
    defsig_fpe_formal.o(.text) refers to rt_raise.o(.text) for __rt_raise
    libinit.o(.ARM.Collect$$libinit$$00000000) refers (Special) to libinit2.o(.ARM.Collect$$libinit$$0000002E) for __rt_lib_init_alloca_1
    libinit.o(.ARM.Collect$$libinit$$00000000) refers (Special) to libinit2.o(.ARM.Collect$$libinit$$00000027) for __rt_lib_init_argv_1
    libinit.o(.ARM.Collect$$libinit$$00000000) refers (Special) to libinit2.o(.ARM.Collect$$libinit$$0000001B) for __rt_lib_init_atexit_1
    libinit.o(.ARM.Collect$$libinit$$00000000) refers (Special) to libinit2.o(.ARM.Collect$$libinit$$00000021) for __rt_lib_init_clock_1
    libinit.o(.ARM.Collect$$libinit$$00000000) refers (Special) to libinit2.o(.ARM.Collect$$libinit$$00000032) for __rt_lib_init_cpp_1
    libinit.o(.ARM.Collect$$libinit$$00000000) refers (Special) to libinit2.o(.ARM.Collect$$libinit$$00000030) for __rt_lib_init_exceptions_1
    libinit.o(.ARM.Collect$$libinit$$00000000) refers (Special) to libinit2.o(.ARM.Collect$$libinit$$00000001) for __rt_lib_init_fp_1
    libinit.o(.ARM.Collect$$libinit$$00000000) refers (Special) to libinit2.o(.ARM.Collect$$libinit$$0000001F) for __rt_lib_init_fp_trap_1
    libinit.o(.ARM.Collect$$libinit$$00000000) refers (Special) to libinit2.o(.ARM.Collect$$libinit$$00000023) for __rt_lib_init_getenv_1
    libinit.o(.ARM.Collect$$libinit$$00000000) refers (Special) to libinit2.o(.ARM.Collect$$libinit$$0000000A) for __rt_lib_init_heap_1
    libinit.o(.ARM.Collect$$libinit$$00000000) refers (Special) to libinit2.o(.ARM.Collect$$libinit$$00000011) for __rt_lib_init_lc_collate_1
    libinit.o(.ARM.Collect$$libinit$$00000000) refers (Special) to libinit2.o(.ARM.Collect$$libinit$$00000013) for __rt_lib_init_lc_ctype_1
    libinit.o(.ARM.Collect$$libinit$$00000000) refers (Special) to libinit2.o(.ARM.Collect$$libinit$$00000015) for __rt_lib_init_lc_monetary_1
    libinit.o(.ARM.Collect$$libinit$$00000000) refers (Special) to libinit2.o(.ARM.Collect$$libinit$$00000017) for __rt_lib_init_lc_numeric_1
    libinit.o(.ARM.Collect$$libinit$$00000000) refers (Special) to libinit2.o(.ARM.Collect$$libinit$$00000019) for __rt_lib_init_lc_time_1
    libinit.o(.ARM.Collect$$libinit$$00000000) refers (Special) to libinit2.o(.ARM.Collect$$libinit$$00000004) for __rt_lib_init_preinit_1
    libinit.o(.ARM.Collect$$libinit$$00000000) refers (Special) to libinit2.o(.ARM.Collect$$libinit$$0000000E) for __rt_lib_init_rand_1
    libinit.o(.ARM.Collect$$libinit$$00000000) refers (Special) to libinit2.o(.ARM.Collect$$libinit$$00000033) for __rt_lib_init_return
    libinit.o(.ARM.Collect$$libinit$$00000000) refers (Special) to libinit2.o(.ARM.Collect$$libinit$$0000001D) for __rt_lib_init_signal_1
    libinit.o(.ARM.Collect$$libinit$$00000000) refers (Special) to libinit2.o(.ARM.Collect$$libinit$$00000025) for __rt_lib_init_stdio_1
    libinit.o(.ARM.Collect$$libinit$$00000000) refers (Special) to libinit2.o(.ARM.Collect$$libinit$$0000000C) for __rt_lib_init_user_alloc_1
    libspace.o(.text) refers to libspace.o(.bss) for __libspace_start
    rtexit.o(.ARM.Collect$$rtexit$$00000000) refers (Special) to rtexit2.o(.ARM.Collect$$rtexit$$00000004) for __rt_exit_exit
    rtexit.o(.ARM.Collect$$rtexit$$00000000) refers (Special) to rtexit2.o(.ARM.Collect$$rtexit$$00000003) for __rt_exit_ls
    rtexit.o(.ARM.Collect$$rtexit$$00000000) refers (Special) to rtexit2.o(.ARM.Collect$$rtexit$$00000002) for __rt_exit_prels_1
    rtexit.o(.ARM.exidx) refers (Special) to rtexit2.o(.ARM.Collect$$rtexit$$00000004) for __rt_exit_exit
    rtexit.o(.ARM.exidx) refers (Special) to rtexit2.o(.ARM.Collect$$rtexit$$00000003) for __rt_exit_ls
    rtexit.o(.ARM.exidx) refers (Special) to rtexit2.o(.ARM.Collect$$rtexit$$00000002) for __rt_exit_prels_1
    rtexit.o(.ARM.exidx) refers to rtexit.o(.ARM.Collect$$rtexit$$00000000) for .ARM.Collect$$rtexit$$00000000
    rt_raise.o(.text) refers to __raise.o(.text) for __raise
    rt_raise.o(.text) refers to sys_exit.o(.text) for _sys_exit
    defsig_exit.o(.text) refers to sys_exit.o(.text) for _sys_exit
    defsig_fpe_inner.o(.text) refers to defsig_general.o(.text) for __default_signal_display
    libinit2.o(.ARM.Collect$$libinit$$00000001) refers to fpinit.o(x$fpl$fpinit) for _fp_init
    libinit2.o(.ARM.Collect$$libinit$$00000010) refers to libinit2.o(.ARM.Collect$$libinit$$0000000F) for .ARM.Collect$$libinit$$0000000F
    libinit2.o(.ARM.Collect$$libinit$$00000012) refers to libinit2.o(.ARM.Collect$$libinit$$0000000F) for .ARM.Collect$$libinit$$0000000F
    libinit2.o(.ARM.Collect$$libinit$$00000014) refers to libinit2.o(.ARM.Collect$$libinit$$0000000F) for .ARM.Collect$$libinit$$0000000F
    libinit2.o(.ARM.Collect$$libinit$$00000016) refers to libinit2.o(.ARM.Collect$$libinit$$0000000F) for .ARM.Collect$$libinit$$0000000F
    libinit2.o(.ARM.Collect$$libinit$$00000018) refers to libinit2.o(.ARM.Collect$$libinit$$0000000F) for .ARM.Collect$$libinit$$0000000F
    libinit2.o(.ARM.Collect$$libinit$$00000026) refers to argv_veneer.o(.emb_text) for __ARM_argv_veneer
    libinit2.o(.ARM.Collect$$libinit$$00000027) refers to argv_veneer.o(.emb_text) for __ARM_argv_veneer
    sys_exit.o(.text) refers (Special) to use_no_semi.o(.text) for __I$use$semihosting
    sys_exit.o(.text) refers (Special) to indicate_semi.o(.text) for __semihosting_library_function
    sys_exit_hlt.o(.text) refers (Special) to use_no_semi.o(.text) for __I$use$semihosting
    sys_exit_hlt.o(.text) refers (Special) to indicate_semi.o(.text) for __semihosting_library_function
    rtexit2.o(.ARM.Collect$$rtexit$$00000003) refers to libshutdown.o(.ARM.Collect$$libshutdown$$00000000) for __rt_lib_shutdown
    rtexit2.o(.ARM.Collect$$rtexit$$00000004) refers to sys_exit.o(.text) for _sys_exit
    rtexit2.o(.ARM.exidx) refers to rtexit2.o(.ARM.Collect$$rtexit$$00000001) for .ARM.Collect$$rtexit$$00000001
    rtexit2.o(.ARM.exidx) refers to rtexit2.o(.ARM.Collect$$rtexit$$00000003) for .ARM.Collect$$rtexit$$00000003
    rtexit2.o(.ARM.exidx) refers to rtexit2.o(.ARM.Collect$$rtexit$$00000004) for .ARM.Collect$$rtexit$$00000004
    __raise.o(.text) refers to defsig.o(CL$$defsig) for __default_signal_handler
    defsig_general.o(.text) refers to sys_wrch.o(.text) for _ttywrch
    argv_veneer.o(.emb_text) refers to _get_argv_nomalloc.o(.text) for __ARM_get_argv
    sys_wrch.o(.text) refers (Special) to use_no_semi.o(.text) for __I$use$semihosting
    sys_wrch.o(.text) refers (Special) to indicate_semi.o(.text) for __semihosting_library_function
    sys_wrch_hlt.o(.text) refers (Special) to use_no_semi.o(.text) for __I$use$semihosting
    sys_wrch_hlt.o(.text) refers (Special) to indicate_semi.o(.text) for __semihosting_library_function
    defsig.o(CL$$defsig) refers to defsig_fpe_inner.o(.text) for __rt_SIGFPE_inner
    defsig.o(CL$$defsig) refers to defsig_rtmem_inner.o(.text) for __rt_SIGRTMEM_inner
    _get_argv_nomalloc.o(.text) refers (Special) to hrguard.o(.text) for __heap_region$guard
    _get_argv_nomalloc.o(.text) refers to defsig_rtmem_outer.o(.text) for __rt_SIGRTMEM
    _get_argv_nomalloc.o(.text) refers to sys_command.o(.text) for _sys_command_string
    libshutdown.o(.ARM.Collect$$libshutdown$$00000000) refers (Special) to libshutdown2.o(.ARM.Collect$$libshutdown$$00000002) for __rt_lib_shutdown_cpp_1
    libshutdown.o(.ARM.Collect$$libshutdown$$00000000) refers (Special) to libshutdown2.o(.ARM.Collect$$libshutdown$$00000007) for __rt_lib_shutdown_fp_trap_1
    libshutdown.o(.ARM.Collect$$libshutdown$$00000000) refers (Special) to libshutdown2.o(.ARM.Collect$$libshutdown$$0000000F) for __rt_lib_shutdown_heap_1
    libshutdown.o(.ARM.Collect$$libshutdown$$00000000) refers (Special) to libshutdown2.o(.ARM.Collect$$libshutdown$$00000010) for __rt_lib_shutdown_return
    libshutdown.o(.ARM.Collect$$libshutdown$$00000000) refers (Special) to libshutdown2.o(.ARM.Collect$$libshutdown$$0000000A) for __rt_lib_shutdown_signal_1
    libshutdown.o(.ARM.Collect$$libshutdown$$00000000) refers (Special) to libshutdown2.o(.ARM.Collect$$libshutdown$$00000004) for __rt_lib_shutdown_stdio_1
    libshutdown.o(.ARM.Collect$$libshutdown$$00000000) refers (Special) to libshutdown2.o(.ARM.Collect$$libshutdown$$0000000C) for __rt_lib_shutdown_user_alloc_1
    sys_command.o(.text) refers (Special) to use_no_semi.o(.text) for __I$use$semihosting
    sys_command.o(.text) refers (Special) to indicate_semi.o(.text) for __semihosting_library_function
    sys_command_hlt.o(.text) refers (Special) to use_no_semi.o(.text) for __I$use$semihosting
    sys_command_hlt.o(.text) refers (Special) to indicate_semi.o(.text) for __semihosting_library_function
    defsig_abrt_inner.o(.text) refers to defsig_general.o(.text) for __default_signal_display
    defsig_rtred_inner.o(.text) refers to defsig_general.o(.text) for __default_signal_display
    defsig_rtmem_inner.o(.text) refers to defsig_general.o(.text) for __default_signal_display
    defsig_rtmem_outer.o(.text) refers to defsig_rtmem_inner.o(.text) for __rt_SIGRTMEM_inner
    defsig_rtmem_outer.o(.text) refers to defsig_exit.o(.text) for __sig_exit
    defsig_rtmem_formal.o(.text) refers to rt_raise.o(.text) for __rt_raise
    defsig_stak_inner.o(.text) refers to defsig_general.o(.text) for __default_signal_display
    defsig_pvfn_inner.o(.text) refers to defsig_general.o(.text) for __default_signal_display
    defsig_cppl_inner.o(.text) refers to defsig_general.o(.text) for __default_signal_display
    defsig_segv_inner.o(.text) refers to defsig_general.o(.text) for __default_signal_display
    defsig_other.o(.text) refers to defsig_general.o(.text) for __default_signal_display


==============================================================================

Removing Unused input sections from the image.

    Removing can.o(.ARM.exidx), (32 bytes).
    Removing dma.o(.ARM.exidx), (8 bytes).
    Removing freertos.o(.ARM.exidx), (16 bytes).
    Removing gpio.o(.ARM.exidx), (8 bytes).
    Removing main.o(.ARM.exidx), (32 bytes).
    Removing stm32f4xx_hal_msp.o(.ARM.exidx), (8 bytes).
    Removing stm32f4xx_hal_timebase_tim.o(.ARM.exidx), (24 bytes).
    Removing stm32f4xx_it.o(.ARM.exidx), (168 bytes).
    Removing system_stm32f4xx.o(.ARM.exidx), (16 bytes).
    Removing tim.o(.ARM.exidx), (64 bytes).
    Removing usart.o(.ARM.exidx), (40 bytes).
    Removing stm32f4xx_hal.o(.ARM.exidx), (216 bytes).
    Removing stm32f4xx_hal_can.o(.ARM.exidx), (288 bytes).
    Removing stm32f4xx_hal_cortex.o(.ARM.exidx), (280 bytes).
    Removing stm32f4xx_hal_dma.o(.ARM.exidx), (120 bytes).
    Removing stm32f4xx_hal_dma_ex.o(.text), (8494 bytes).
    Removing stm32f4xx_hal_dma_ex.o(.ARM.exidx), (32 bytes).
    Removing stm32f4xx_hal_exti.o(.text), (1128 bytes).
    Removing stm32f4xx_hal_exti.o(.ARM.exidx), (72 bytes).
    Removing stm32f4xx_hal_flash.o(.text), (1628 bytes).
    Removing stm32f4xx_hal_flash.o(.ARM.exidx), (136 bytes).
    Removing stm32f4xx_hal_flash.o(.bss.pFlash), (32 bytes).
    Removing stm32f4xx_hal_flash_ex.o(.text), (1488 bytes).
    Removing stm32f4xx_hal_flash_ex.o(.ARM.exidx), (128 bytes).
    Removing stm32f4xx_hal_flash_ramfunc.o(.text), (0 bytes).
    Removing stm32f4xx_hal_gpio.o(.ARM.exidx), (64 bytes).
    Removing stm32f4xx_hal_pwr.o(.text), (710 bytes).
    Removing stm32f4xx_hal_pwr.o(.ARM.exidx), (136 bytes).
    Removing stm32f4xx_hal_pwr_ex.o(.text), (362 bytes).
    Removing stm32f4xx_hal_pwr_ex.o(.ARM.exidx), (48 bytes).
    Removing stm32f4xx_hal_rcc.o(.ARM.exidx), (112 bytes).
    Removing stm32f4xx_hal_rcc_ex.o(.text), (1580 bytes).
    Removing stm32f4xx_hal_rcc_ex.o(.ARM.exidx), (48 bytes).
    Removing stm32f4xx_hal_tim.o(.ARM.exidx), (952 bytes).
    Removing stm32f4xx_hal_tim_ex.o(.ARM.exidx), (336 bytes).
    Removing stm32f4xx_hal_uart.o(.ARM.exidx), (496 bytes).
    Removing cmsis_os2.o(.ARM.exidx), (664 bytes).
    Removing croutine.o(.text), (0 bytes).
    Removing event_groups.o(.ARM.exidx), (120 bytes).
    Removing list.o(.ARM.exidx), (40 bytes).
    Removing heap_4.o(.ARM.exidx), (64 bytes).
    Removing port.o(.ARM.exidx), (104 bytes).
    Removing queue.o(.ARM.exidx), (320 bytes).
    Removing stream_buffer.o(.text), (3770 bytes).
    Removing stream_buffer.o(.ARM.exidx), (200 bytes).
    Removing tasks.o(.ARM.exidx), (496 bytes).
    Removing timers.o(.ARM.exidx), (216 bytes).

47 unused section(s) (total 25296 bytes) removed from the image.

==============================================================================

Memory Map of the image

  Image Entry point : 0x00000000

  Load Region LR_IROM1 (Base: 0x00800000, Size: 0x00017f60, Max: 0x00100000, ABSOLUTE)

    Execution Region ER_IROM1 (Base: 0x00800000, Size: 0x00017f4c, Max: 0x00100000, ABSOLUTE)

    Base Addr    Size         Type   Attr      Idx    E Section Name        Object

    0x00800000   0x00000188   Data   RO          344    RESET               startup_stm32f407xx.o
    0x00800188   0x00000008   Code   RO          367  * !!!main             c_wu.l(__main.o)
    0x00800190   0x00000002   Code   RO          406    .ARM.Collect$$libinit$$00000000  c_wu.l(libinit.o)
    0x00800192   0x00000004   Code   RO          418    .ARM.Collect$$libinit$$00000001  c_wu.l(libinit2.o)
    0x00800196   0x00000000   Code   RO          421    .ARM.Collect$$libinit$$00000004  c_wu.l(libinit2.o)
    0x00800196   0x00000000   Code   RO          424    .ARM.Collect$$libinit$$0000000A  c_wu.l(libinit2.o)
    0x00800196   0x00000000   Code   RO          426    .ARM.Collect$$libinit$$0000000C  c_wu.l(libinit2.o)
    0x00800196   0x00000000   Code   RO          428    .ARM.Collect$$libinit$$0000000E  c_wu.l(libinit2.o)
    0x00800196   0x00000000   Code   RO          431    .ARM.Collect$$libinit$$00000011  c_wu.l(libinit2.o)
    0x00800196   0x00000000   Code   RO          433    .ARM.Collect$$libinit$$00000013  c_wu.l(libinit2.o)
    0x00800196   0x00000000   Code   RO          435    .ARM.Collect$$libinit$$00000015  c_wu.l(libinit2.o)
    0x00800196   0x00000000   Code   RO          437    .ARM.Collect$$libinit$$00000017  c_wu.l(libinit2.o)
    0x00800196   0x00000000   Code   RO          439    .ARM.Collect$$libinit$$00000019  c_wu.l(libinit2.o)
    0x00800196   0x00000000   Code   RO          441    .ARM.Collect$$libinit$$0000001B  c_wu.l(libinit2.o)
    0x00800196   0x00000000   Code   RO          443    .ARM.Collect$$libinit$$0000001D  c_wu.l(libinit2.o)
    0x00800196   0x00000000   Code   RO          445    .ARM.Collect$$libinit$$0000001F  c_wu.l(libinit2.o)
    0x00800196   0x00000000   Code   RO          447    .ARM.Collect$$libinit$$00000021  c_wu.l(libinit2.o)
    0x00800196   0x00000000   Code   RO          449    .ARM.Collect$$libinit$$00000023  c_wu.l(libinit2.o)
    0x00800196   0x00000000   Code   RO          451    .ARM.Collect$$libinit$$00000025  c_wu.l(libinit2.o)
    0x00800196   0x00000008   Code   RO          453    .ARM.Collect$$libinit$$00000027  c_wu.l(libinit2.o)
    0x0080019e   0x00000000   Code   RO          457    .ARM.Collect$$libinit$$0000002E  c_wu.l(libinit2.o)
    0x0080019e   0x00000000   Code   RO          459    .ARM.Collect$$libinit$$00000030  c_wu.l(libinit2.o)
    0x0080019e   0x00000000   Code   RO          461    .ARM.Collect$$libinit$$00000032  c_wu.l(libinit2.o)
    0x0080019e   0x00000002   Code   RO          462    .ARM.Collect$$libinit$$00000033  c_wu.l(libinit2.o)
    0x008001a0   0x00000002   Code   RO          497    .ARM.Collect$$libshutdown$$00000000  c_wu.l(libshutdown.o)
    0x008001a2   0x00000000   Code   RO          525    .ARM.Collect$$libshutdown$$00000002  c_wu.l(libshutdown2.o)
    0x008001a2   0x00000000   Code   RO          527    .ARM.Collect$$libshutdown$$00000004  c_wu.l(libshutdown2.o)
    0x008001a2   0x00000000   Code   RO          530    .ARM.Collect$$libshutdown$$00000007  c_wu.l(libshutdown2.o)
    0x008001a2   0x00000000   Code   RO          533    .ARM.Collect$$libshutdown$$0000000A  c_wu.l(libshutdown2.o)
    0x008001a2   0x00000000   Code   RO          535    .ARM.Collect$$libshutdown$$0000000C  c_wu.l(libshutdown2.o)
    0x008001a2   0x00000000   Code   RO          538    .ARM.Collect$$libshutdown$$0000000F  c_wu.l(libshutdown2.o)
    0x008001a2   0x00000002   Code   RO          539    .ARM.Collect$$libshutdown$$00000010  c_wu.l(libshutdown2.o)
    0x008001a4   0x00000000   Code   RO          369    .ARM.Collect$$rtentry$$00000000  c_wu.l(__rtentry.o)
    0x008001a4   0x00000000   Code   RO          377    .ARM.Collect$$rtentry$$00000002  c_wu.l(__rtentry2.o)
    0x008001a4   0x00000006   Code   RO          389    .ARM.Collect$$rtentry$$00000004  c_wu.l(__rtentry4.o)
    0x008001aa   0x00000000   Code   RO          379    .ARM.Collect$$rtentry$$00000009  c_wu.l(__rtentry2.o)
    0x008001aa   0x00000004   Code   RO          380    .ARM.Collect$$rtentry$$0000000A  c_wu.l(__rtentry2.o)
    0x008001ae   0x00000000   Code   RO          382    .ARM.Collect$$rtentry$$0000000C  c_wu.l(__rtentry2.o)
    0x008001ae   0x00000008   Code   RO          383    .ARM.Collect$$rtentry$$0000000D  c_wu.l(__rtentry2.o)
    0x008001b6   0x00000002   Code   RO          410    .ARM.Collect$$rtexit$$00000000  c_wu.l(rtexit.o)
    0x008001b8   0x00000000   Code   RO          468    .ARM.Collect$$rtexit$$00000002  c_wu.l(rtexit2.o)
    0x008001b8   0x00000004   Code   RO          469    .ARM.Collect$$rtexit$$00000003  c_wu.l(rtexit2.o)
    0x008001bc   0x00000006   Code   RO          470    .ARM.Collect$$rtexit$$00000004  c_wu.l(rtexit2.o)
    0x008001c2   0x00000002   PAD
    0x008001c4   0x00000004   Code   RO          478    .emb_text           c_wu.l(argv_veneer.o)
    0x008001c8   0x00000308   Code   RO            1    .text               can.o
    0x008004d0   0x000000bc   Code   RO           11    .text               dma.o
    0x0080058c   0x000000de   Code   RO           18    .text               freertos.o
    0x0080066a   0x00000002   PAD
    0x0080066c   0x000000d2   Code   RO           38    .text               gpio.o
    0x0080073e   0x00000002   PAD
    0x00800740   0x00000164   Code   RO           45    .text               main.o
    0x008008a4   0x00000058   Code   RO           52    .text               stm32f4xx_hal_msp.o
    0x008008fc   0x00000118   Code   RO           59    .text               stm32f4xx_hal_timebase_tim.o
    0x00800a14   0x00000108   Code   RO           67    .text               stm32f4xx_it.o
    0x00800b1c   0x00000138   Code   RO           74    .text               system_stm32f4xx.o
    0x00800c54   0x0000044e   Code   RO           84    .text               tim.o
    0x008010a2   0x00000002   PAD
    0x008010a4   0x000005ec   Code   RO           94    .text               usart.o
    0x00801690   0x0000030c   Code   RO          110    .text               stm32f4xx_hal.o
    0x0080199c   0x000010a4   Code   RO          120    .text               stm32f4xx_hal_can.o
    0x00802a40   0x00000586   Code   RO          127    .text               stm32f4xx_hal_cortex.o
    0x00802fc6   0x00000002   PAD
    0x00802fc8   0x00000c74   Code   RO          134    .text               stm32f4xx_hal_dma.o
    0x00803c3c   0x00000724   Code   RO          172    .text               stm32f4xx_hal_gpio.o
    0x00804360   0x00000cea   Code   RO          193    .text               stm32f4xx_hal_rcc.o
    0x0080504a   0x00000002   PAD
    0x0080504c   0x00005df8   Code   RO          207    .text               stm32f4xx_hal_tim.o
    0x0080ae44   0x00002378   Code   RO          214    .text               stm32f4xx_hal_tim_ex.o
    0x0080d1bc   0x00002504   Code   RO          221    .text               stm32f4xx_hal_uart.o
    0x0080f6c0   0x0000240a   Code   RO          228    .text               cmsis_os2.o
    0x00811aca   0x00000002   PAD
    0x00811acc   0x0000071c   Code   RO          242    .text               event_groups.o
    0x008121e8   0x00000130   Code   RO          249    .text               list.o
    0x00812318   0x00000546   Code   RO          256    .text               heap_4.o
    0x0081285e   0x00000002   PAD
    0x00812860   0x000004b0   Code   RO          271    .text               port.o
    0x00812d10   0x0000181e   Code   RO          281    .text               queue.o
    0x0081452e   0x00000002   PAD
    0x00814530   0x0000285a   Code   RO          296    .text               tasks.o
    0x00816d8a   0x00000002   PAD
    0x00816d8c   0x00000b5a   Code   RO          325    .text               timers.o
    0x008178e6   0x00000002   PAD
    0x008178e8   0x00000040   Code   RO          345    .text               startup_stm32f407xx.o
    0x00817928   0x000000f0   Code   RO          353    .text               c_wu.l(lludivv7m.o)
    0x00817a18   0x0000008a   Code   RO          355    .text               c_wu.l(rt_memcpy_v6.o)
    0x00817aa2   0x00000010   Code   RO          359    .text               c_wu.l(aeabi_memset4.o)
    0x00817ab2   0x0000004e   Code   RO          363    .text               c_wu.l(rt_memclr_w.o)
    0x00817b00   0x00000006   Code   RO          365    .text               c_wu.l(heapauxi.o)
    0x00817b06   0x00000064   Code   RO          374    .text               c_wu.l(rt_memcpy_w.o)
    0x00817b6a   0x0000004a   Code   RO          393    .text               c_wu.l(sys_stackheap_outer.o)
    0x00817bb4   0x00000012   Code   RO          395    .text               c_wu.l(exit.o)
    0x00817bc6   0x00000002   PAD
    0x00817bc8   0x00000008   Code   RO          407    .text               c_wu.l(libspace.o)
    0x00817bd0   0x0000000a   Code   RO          414    .text               c_wu.l(defsig_exit.o)
    0x00817bda   0x00000002   PAD
    0x00817bdc   0x0000000c   Code   RO          463    .text               c_wu.l(sys_exit.o)
    0x00817be8   0x00000032   Code   RO          476    .text               c_wu.l(defsig_general.o)
    0x00817c1a   0x0000000e   Code   RO          482    .text               c_wu.l(sys_wrch.o)
    0x00817c28   0x00000002   Code   RO          486    .text               c_wu.l(use_no_semi.o)
    0x00817c2a   0x00000000   Code   RO          488    .text               c_wu.l(indicate_semi.o)
    0x00817c2a   0x0000012e   Code   RO          493    .text               c_wu.l(_get_argv_nomalloc.o)
    0x00817d58   0x00000018   Code   RO          498    .text               c_wu.l(sys_command.o)
    0x00817d70   0x00000004   Code   RO          502    .text               c_wu.l(hrguard.o)
    0x00817d74   0x00000050   Code   RO          508    .text               c_wu.l(defsig_rtmem_inner.o)
    0x00817dc4   0x0000000e   Code   RO          510    .text               c_wu.l(defsig_rtmem_outer.o)
    0x00817dd2   0x0000001a   Code   RO          480    x$fpl$fpinit        fz_wm.l(fpinit.o)
    0x00817dec   0x00000010   Data   RO           77    .rodata.AHBPrescTable  system_stm32f4xx.o
    0x00817dfc   0x00000008   Data   RO           78    .rodata.APBPrescTable  system_stm32f4xx.o
    0x00817e04   0x00000008   Data   RO          136    .rodata.DMA_CalcBaseAndBitshift.flagBitshiftOffset  stm32f4xx_hal_dma.o
    0x00817e0c   0x00000024   Data   RO           22    .rodata.chassisTask_attributes  freertos.o
    0x00817e30   0x00000024   Data   RO           23    .rodata.communicationTa_attributes  freertos.o
    0x00817e54   0x00000024   Data   RO           21    .rodata.defaultTask_attributes  freertos.o
    0x00817e78   0x00000024   Data   RO           26    .rodata.eventTask_attributes  freertos.o
    0x00817e9c   0x00000024   Data   RO           24    .rodata.refeeTask_attributes  freertos.o
    0x00817ec0   0x00000024   Data   RO           25    .rodata.rlsTask_attributes  freertos.o
    0x00817ee4   0x00000044   Data   RO           20    .rodata.str1.1      freertos.o
    0x00817f28   0x00000011   Data   RO          231    .rodata.str1.1      cmsis_os2.o
    0x00817f39   0x00000005   Data   RO          312    .rodata.str1.1      tasks.o
    0x00817f3e   0x0000000d   Data   RO          328    .rodata.str1.1      timers.o
    0x00817f4b   0x00000001   PAD
    0x00817f4c   0x00000000   Data   RO          541    Region$$Table       anon$$obj.o


    Execution Region RW_IRAM1 (Base: 0x20000000, Size: 0x00005538, Max: 0x0001c000, ABSOLUTE)

    Base Addr    Size         Type   Attr      Idx    E Section Name        Object

    0x20000000   0x00000004   Data   RW           76    .data.SystemCoreClock  system_stm32f4xx.o
    0x20000004   0x00000004   Data   RW          113    .data.uwTickFreq    stm32f4xx_hal.o
    0x20000008   0x00000004   Data   RW          112    .data.uwTickPrio    stm32f4xx_hal.o
    0x2000000c   0x00000004   Data   RW          275    .data.uxCriticalNesting  port.o
    0x20000010   0x00000060   Zero   RW          408    .bss                c_wu.l(libspace.o)
    0x20000070   0x00000004   Zero   RW            5    .bss.HAL_RCC_CAN1_CLK_ENABLED  can.o
    0x20000074   0x00000004   Zero   RW          230    .bss.KernelState    cmsis_os2.o
    0x20000078   0x00000004   Zero   RW           28    .bss.chassisTaskHandle  freertos.o
    0x2000007c   0x00000004   Zero   RW           29    .bss.communicationTaHandle  freertos.o
    0x20000080   0x00000004   Zero   RW           27    .bss.defaultTaskHandle  freertos.o
    0x20000084   0x00000004   Zero   RW           32    .bss.eventTaskHandle  freertos.o
    0x20000088   0x00000038   Zero   RW            3    .bss.hcan1          can.o
    0x200000c0   0x00000038   Zero   RW            4    .bss.hcan2          can.o
    0x200000f8   0x00000064   Zero   RW          100    .bss.hdma_usart1_rx  usart.o
    0x2000015c   0x00000064   Zero   RW           99    .bss.hdma_usart1_tx  usart.o
    0x200001c0   0x00000064   Zero   RW          101    .bss.hdma_usart3_rx  usart.o
    0x20000224   0x00000064   Zero   RW          102    .bss.hdma_usart3_tx  usart.o
    0x20000288   0x00000064   Zero   RW          104    .bss.hdma_usart6_rx  usart.o
    0x200002ec   0x00000064   Zero   RW          103    .bss.hdma_usart6_tx  usart.o
    0x20000350   0x00000068   Zero   RW           86    .bss.htim4          tim.o
    0x200003b8   0x00000068   Zero   RW           87    .bss.htim5          tim.o
    0x20000420   0x00000068   Zero   RW           61    .bss.htim6          stm32f4xx_hal_timebase_tim.o
    0x20000488   0x00000068   Zero   RW           88    .bss.htim7          tim.o
    0x200004f0   0x00000050   Zero   RW           96    .bss.huart1         usart.o
    0x20000540   0x00000050   Zero   RW           97    .bss.huart3         usart.o
    0x20000590   0x00000050   Zero   RW           98    .bss.huart6         usart.o
    0x200005e0   0x000000a0   Zero   RW          336    .bss.prvCheckForValidListAndQueue.ucStaticTimerQueueStorage  timers.o
    0x20000680   0x00000050   Zero   RW          335    .bss.prvCheckForValidListAndQueue.xStaticTimerQueue  timers.o
    0x200006d0   0x00000004   Zero   RW          332    .bss.prvSampleTimeNow.xLastTime  timers.o
    0x200006d4   0x00000004   Zero   RW          298    .bss.pxCurrentTCB   tasks.o
    0x200006d8   0x00000004   Zero   RW          330    .bss.pxCurrentTimerList  timers.o
    0x200006dc   0x00000004   Zero   RW          306    .bss.pxDelayedTaskList  tasks.o
    0x200006e0   0x00000004   Zero   RW          258    .bss.pxEnd          heap_4.o
    0x200006e4   0x00000004   Zero   RW          307    .bss.pxOverflowDelayedTaskList  tasks.o
    0x200006e8   0x00000004   Zero   RW          331    .bss.pxOverflowTimerList  timers.o
    0x200006ec   0x00000460   Zero   RW          309    .bss.pxReadyTasksLists  tasks.o
    0x20000b4c   0x00000004   Zero   RW           30    .bss.refeeTaskHandle  freertos.o
    0x20000b50   0x00000004   Zero   RW           31    .bss.rlsTaskHandle  freertos.o
    0x20000b54   0x00003c00   Zero   RW          265    .bss.ucHeap         heap_4.o
    0x20004754   0x00000001   Zero   RW          273    .bss.ucMaxSysCallPriority  port.o
    0x20004755   0x00000003   PAD
    0x20004758   0x00000004   Zero   RW          274    .bss.ulMaxPRIGROUPValue  port.o
    0x2000475c   0x00000004   Zero   RW          114    .bss.uwTick         stm32f4xx_hal.o
    0x20004760   0x00000004   Zero   RW          302    .bss.uxCurrentNumberOfTasks  tasks.o
    0x20004764   0x00000004   Zero   RW          301    .bss.uxDeletedTasksWaitingCleanUp  tasks.o
    0x20004768   0x00000004   Zero   RW          304    .bss.uxSchedulerSuspended  tasks.o
    0x2000476c   0x00000004   Zero   RW          299    .bss.uxTaskNumber   tasks.o
    0x20004770   0x00000004   Zero   RW          310    .bss.uxTopReadyPriority  tasks.o
    0x20004774   0x00000200   Zero   RW          233    .bss.vApplicationGetIdleTaskMemory.Idle_Stack  cmsis_os2.o
    0x20004974   0x0000005c   Zero   RW          232    .bss.vApplicationGetIdleTaskMemory.Idle_TCB  cmsis_os2.o
    0x200049d0   0x00000400   Zero   RW          235    .bss.vApplicationGetTimerTaskMemory.Timer_Stack  cmsis_os2.o
    0x20004dd0   0x0000005c   Zero   RW          234    .bss.vApplicationGetTimerTaskMemory.Timer_TCB  cmsis_os2.o
    0x20004e2c   0x00000014   Zero   RW          333    .bss.xActiveTimerList1  timers.o
    0x20004e40   0x00000014   Zero   RW          334    .bss.xActiveTimerList2  timers.o
    0x20004e54   0x00000004   Zero   RW          259    .bss.xBlockAllocatedBit  heap_4.o
    0x20004e58   0x00000014   Zero   RW          318    .bss.xDelayedTaskList1  tasks.o
    0x20004e6c   0x00000014   Zero   RW          319    .bss.xDelayedTaskList2  tasks.o
    0x20004e80   0x00000004   Zero   RW          260    .bss.xFreeBytesRemaining  heap_4.o
    0x20004e84   0x00000004   Zero   RW          313    .bss.xIdleTaskHandle  tasks.o
    0x20004e88   0x00000004   Zero   RW          262    .bss.xMinimumEverFreeBytesRemaining  heap_4.o
    0x20004e8c   0x00000004   Zero   RW          314    .bss.xNextTaskUnblockTime  tasks.o
    0x20004e90   0x00000004   Zero   RW          317    .bss.xNumOfOverflows  tasks.o
    0x20004e94   0x00000004   Zero   RW          263    .bss.xNumberOfSuccessfulAllocations  heap_4.o
    0x20004e98   0x00000004   Zero   RW          264    .bss.xNumberOfSuccessfulFrees  heap_4.o
    0x20004e9c   0x00000004   Zero   RW          316    .bss.xPendedTicks   tasks.o
    0x20004ea0   0x00000014   Zero   RW          311    .bss.xPendingReadyList  tasks.o
    0x20004eb4   0x00000040   Zero   RW          283    .bss.xQueueRegistry  queue.o
    0x20004ef4   0x00000004   Zero   RW          303    .bss.xSchedulerRunning  tasks.o
    0x20004ef8   0x00000008   Zero   RW          261    .bss.xStart         heap_4.o
    0x20004f00   0x00000014   Zero   RW          308    .bss.xSuspendedTaskList  tasks.o
    0x20004f14   0x00000014   Zero   RW          300    .bss.xTasksWaitingTermination  tasks.o
    0x20004f28   0x00000004   Zero   RW          305    .bss.xTickCount     tasks.o
    0x20004f2c   0x00000004   Zero   RW          327    .bss.xTimerQueue    timers.o
    0x20004f30   0x00000004   Zero   RW          329    .bss.xTimerTaskHandle  timers.o
    0x20004f34   0x00000004   Zero   RW          315    .bss.xYieldPending  tasks.o
    0x20004f38   0x00000200   Zero   RW          343    HEAP                startup_stm32f407xx.o
    0x20005138   0x00000400   Zero   RW          342    STACK               startup_stm32f407xx.o


    Execution Region RW_IRAM2 (Base: 0x2001c000, Size: 0x00000000, Max: 0x00004000, ABSOLUTE)

    **** No section assigned to this execution region ****

