Component: Arm Compiler for Embedded 6.21 Tool: armlink [5ec1fa00]

==============================================================================

Section Cross References

    startup_stm32f407xx.o(STACK) refers (Special) to heapauxi.o(.text) for __use_two_region_memory
    startup_stm32f407xx.o(HEAP) refers (Special) to heapauxi.o(.text) for __use_two_region_memory
    startup_stm32f407xx.o(RESET) refers (Special) to heapauxi.o(.text) for __use_two_region_memory
    startup_stm32f407xx.o(RESET) refers to startup_stm32f407xx.o(STACK) for __initial_sp
    startup_stm32f407xx.o(RESET) refers to startup_stm32f407xx.o(.text) for Reset_Handler
    startup_stm32f407xx.o(RESET) refers to stm32f4xx_it.o(.text.NMI_Handler) for NMI_Handler
    startup_stm32f407xx.o(RESET) refers to stm32f4xx_it.o(.text.HardFault_Handler) for HardFault_Handler
    startup_stm32f407xx.o(RESET) refers to stm32f4xx_it.o(.text.MemManage_Handler) for MemManage_Handler
    startup_stm32f407xx.o(RESET) refers to stm32f4xx_it.o(.text.BusFault_Handler) for BusFault_Handler
    startup_stm32f407xx.o(RESET) refers to stm32f4xx_it.o(.text.UsageFault_Handler) for UsageFault_Handler
    startup_stm32f407xx.o(RESET) refers to port.o(.text.SVC_Handler) for SVC_Handler
    startup_stm32f407xx.o(RESET) refers to stm32f4xx_it.o(.text.DebugMon_Handler) for DebugMon_Handler
    startup_stm32f407xx.o(RESET) refers to port.o(.text.PendSV_Handler) for PendSV_Handler
    startup_stm32f407xx.o(RESET) refers to cmsis_os2.o(.text.SysTick_Handler) for SysTick_Handler
    startup_stm32f407xx.o(RESET) refers to stm32f4xx_it.o(.text.DMA1_Stream1_IRQHandler) for DMA1_Stream1_IRQHandler
    startup_stm32f407xx.o(RESET) refers to stm32f4xx_it.o(.text.DMA1_Stream3_IRQHandler) for DMA1_Stream3_IRQHandler
    startup_stm32f407xx.o(RESET) refers to stm32f4xx_it.o(.text.CAN1_RX0_IRQHandler) for CAN1_RX0_IRQHandler
    startup_stm32f407xx.o(RESET) refers to stm32f4xx_it.o(.text.CAN1_RX1_IRQHandler) for CAN1_RX1_IRQHandler
    startup_stm32f407xx.o(RESET) refers to stm32f4xx_it.o(.text.USART1_IRQHandler) for USART1_IRQHandler
    startup_stm32f407xx.o(RESET) refers to stm32f4xx_it.o(.text.USART3_IRQHandler) for USART3_IRQHandler
    startup_stm32f407xx.o(RESET) refers to stm32f4xx_it.o(.text.TIM6_DAC_IRQHandler) for TIM6_DAC_IRQHandler
    startup_stm32f407xx.o(RESET) refers to stm32f4xx_it.o(.text.TIM7_IRQHandler) for TIM7_IRQHandler
    startup_stm32f407xx.o(RESET) refers to stm32f4xx_it.o(.text.DMA2_Stream1_IRQHandler) for DMA2_Stream1_IRQHandler
    startup_stm32f407xx.o(RESET) refers to stm32f4xx_it.o(.text.DMA2_Stream2_IRQHandler) for DMA2_Stream2_IRQHandler
    startup_stm32f407xx.o(RESET) refers to stm32f4xx_it.o(.text.CAN2_RX0_IRQHandler) for CAN2_RX0_IRQHandler
    startup_stm32f407xx.o(RESET) refers to stm32f4xx_it.o(.text.CAN2_RX1_IRQHandler) for CAN2_RX1_IRQHandler
    startup_stm32f407xx.o(RESET) refers to stm32f4xx_it.o(.text.DMA2_Stream6_IRQHandler) for DMA2_Stream6_IRQHandler
    startup_stm32f407xx.o(RESET) refers to stm32f4xx_it.o(.text.DMA2_Stream7_IRQHandler) for DMA2_Stream7_IRQHandler
    startup_stm32f407xx.o(RESET) refers to stm32f4xx_it.o(.text.USART6_IRQHandler) for USART6_IRQHandler
    startup_stm32f407xx.o(.text) refers (Special) to heapauxi.o(.text) for __use_two_region_memory
    startup_stm32f407xx.o(.text) refers to system_stm32f4xx.o(.text.SystemInit) for SystemInit
    startup_stm32f407xx.o(.text) refers to __main.o(!!!main) for __main
    startup_stm32f407xx.o(.text) refers to startup_stm32f407xx.o(HEAP) for Heap_Mem
    startup_stm32f407xx.o(.text) refers to startup_stm32f407xx.o(STACK) for Stack_Mem
    main.o(.text.main) refers to stm32f4xx_hal.o(.text.HAL_Init) for HAL_Init
    main.o(.text.main) refers to main.o(.text.SystemClock_Config) for SystemClock_Config
    main.o(.text.main) refers to gpio.o(.text.MX_GPIO_Init) for MX_GPIO_Init
    main.o(.text.main) refers to dma.o(.text.MX_DMA_Init) for MX_DMA_Init
    main.o(.text.main) refers to can.o(.text.MX_CAN1_Init) for MX_CAN1_Init
    main.o(.text.main) refers to can.o(.text.MX_CAN2_Init) for MX_CAN2_Init
    main.o(.text.main) refers to usart.o(.text.MX_USART1_UART_Init) for MX_USART1_UART_Init
    main.o(.text.main) refers to usart.o(.text.MX_USART3_UART_Init) for MX_USART3_UART_Init
    main.o(.text.main) refers to usart.o(.text.MX_USART6_UART_Init) for MX_USART6_UART_Init
    main.o(.text.main) refers to tim.o(.text.MX_TIM7_Init) for MX_TIM7_Init
    main.o(.text.main) refers to tim.o(.text.MX_TIM4_Init) for MX_TIM4_Init
    main.o(.text.main) refers to tim.o(.text.MX_TIM5_Init) for MX_TIM5_Init
    main.o(.text.main) refers to tim.o(.bss.htim7) for htim7
    main.o(.text.main) refers to stm32f4xx_hal_tim.o(.text.HAL_TIM_Base_Start_IT) for HAL_TIM_Base_Start_IT
    main.o(.text.main) refers to init.o(.text.Init) for Init
    main.o(.text.main) refers to cmsis_os2.o(.text.osKernelInitialize) for osKernelInitialize
[...]
    0x08002d3a   0x08002d3a   0x00000002   PAD
    0x08002d3c   0x08002d3c   0x00000002   Code   RO          275    .text.HAL_CAN_SleepCallback  stm32f4xx_hal_can.o
    0x08002d3e   0x08002d3e   0x00000002   PAD
    0x08002d40   0x08002d40   0x0000005a   Code   RO          227    .text.HAL_CAN_Start  stm32f4xx_hal_can.o
    0x08002d9a   0x08002d9a   0x00000002   PAD
    0x08002d9c   0x08002d9c   0x00000002   Code   RO          257    .text.HAL_CAN_TxMailbox0AbortCallback  stm32f4xx_hal_can.o
    0x08002d9e   0x08002d9e   0x00000002   PAD
    0x08002da0   0x08002da0   0x00000002   Code   RO          255    .text.HAL_CAN_TxMailbox0CompleteCallback  stm32f4xx_hal_can.o
    0x08002da2   0x08002da2   0x00000002   PAD
    0x08002da4   0x08002da4   0x00000002   Code   RO          261    .text.HAL_CAN_TxMailbox1AbortCallback  stm32f4xx_hal_can.o
    0x08002da6   0x08002da6   0x00000002   PAD
    0x08002da8   0x08002da8   0x00000002   Code   RO          259    .text.HAL_CAN_TxMailbox1CompleteCallback  stm32f4xx_hal_can.o
    0x08002daa   0x08002daa   0x00000002   PAD
    0x08002dac   0x08002dac   0x00000002   Code   RO          265    .text.HAL_CAN_TxMailbox2AbortCallback  stm32f4xx_hal_can.o
    0x08002dae   0x08002dae   0x00000002   PAD
    0x08002db0   0x08002db0   0x00000002   Code   RO          263    .text.HAL_CAN_TxMailbox2CompleteCallback  stm32f4xx_hal_can.o
    0x08002db2   0x08002db2   0x00000002   PAD
    0x08002db4   0x08002db4   0x00000002   Code   RO          277    .text.HAL_CAN_WakeUpFromRxMsgCallback  stm32f4xx_hal_can.o
    0x08002db6   0x08002db6   0x00000002   PAD
    0x08002db8   0x08002db8   0x00000080   Code   RO          451    .text.HAL_DMA_Abort  stm32f4xx_hal_dma.o
    0x08002e38   0x08002e38   0x00000024   Code   RO          453    .text.HAL_DMA_Abort_IT  stm32f4xx_hal_dma.o
    0x08002e5c   0x08002e5c   0x0000018a   Code   RO          457    .text.HAL_DMA_IRQHandler  stm32f4xx_hal_dma.o
    0x08002fe6   0x08002fe6   0x00000002   PAD
    0x08002fe8   0x08002fe8   0x0000013e   Code   RO          443    .text.HAL_DMA_Init  stm32f4xx_hal_dma.o
    0x08003126   0x08003126   0x00000002   PAD
    0x08003128   0x08003128   0x000000a0   Code   RO          449    .text.HAL_DMA_Start_IT  stm32f4xx_hal_dma.o
    0x080031c8   0x080031c8   0x00000198   Code   RO          405    .text.HAL_GPIO_Init  stm32f4xx_hal_gpio.o
    0x08003360   0x08003360   0x0000000c   Code   RO          602    .text.HAL_GetTick   stm32f4xx_hal.o
    0x0800336c   0x0800336c   0x0000001a   Code   RO          600    .text.HAL_IncTick   stm32f4xx_hal.o
    0x08003386   0x08003386   0x00000002   PAD
    0x08003388   0x08003388   0x00000036   Code   RO          590    .text.HAL_Init      stm32f4xx_hal.o
    0x080033be   0x080033be   0x00000002   PAD
    0x080033c0   0x080033c0   0x000000ae   Code   RO          200    .text.HAL_InitTick  stm32f4xx_hal_timebase_tim.o
    0x0800346e   0x0800346e   0x00000002   PAD
    0x08003470   0x08003470   0x00000042   Code   RO          191    .text.HAL_MspInit   stm32f4xx_hal_msp.o
    0x080034b2   0x080034b2   0x00000002   PAD
    0x080034b4   0x080034b4   0x00000020   Code   RO          542    .text.HAL_NVIC_EnableIRQ  stm32f4xx_hal_cortex.o
    0x080034d4   0x080034d4   0x00000056   Code   RO          540    .text.HAL_NVIC_SetPriority  stm32f4xx_hal_cortex.o
    0x0800352a   0x0800352a   0x00000002   PAD
    0x0800352c   0x0800352c   0x00000020   Code   RO          538    .text.HAL_NVIC_SetPriorityGrouping  stm32f4xx_hal_cortex.o
    0x0800354c   0x0800354c   0x00000160   Code   RO          299    .text.HAL_RCC_ClockConfig  stm32f4xx_hal_rcc.o
    0x080036ac   0x080036ac   0x0000003e   Code   RO          317    .text.HAL_RCC_GetClockConfig  stm32f4xx_hal_rcc.o
    0x080036ea   0x080036ea   0x00000002   PAD
    0x080036ec   0x080036ec   0x00000026   Code   RO          311    .text.HAL_RCC_GetPCLK1Freq  stm32f4xx_hal_rcc.o
    0x08003712   0x08003712   0x00000002   PAD
    0x08003714   0x08003714   0x00000026   Code   RO          313    .text.HAL_RCC_GetPCLK2Freq  stm32f4xx_hal_rcc.o
    0x0800373a   0x0800373a   0x00000002   PAD
    0x0800373c   0x0800373c   0x00000068   Code   RO          301    .text.HAL_RCC_GetSysClockFreq  stm32f4xx_hal_rcc.o
    0x080037a4   0x080037a4   0x00000354   Code   RO          297    .text.HAL_RCC_OscConfig  stm32f4xx_hal_rcc.o
    0x08003af8   0x08003af8   0x00000002   Code   RO          986    .text.HAL_TIMEx_BreakCallback  stm32f4xx_hal_tim_ex.o
    0x08003afa   0x08003afa   0x00000002   PAD
    0x08003afc   0x08003afc   0x00000002   Code   RO          982    .text.HAL_TIMEx_CommutCallback  stm32f4xx_hal_tim_ex.o
    0x08003afe   0x08003afe   0x00000002   PAD
    0x08003b00   0x08003b00   0x000000bc   Code   RO          976    .text.HAL_TIMEx_MasterConfigSynchronization  stm32f4xx_hal_tim_ex.o
    0x08003bbc   0x08003bbc   0x0000005a   Code   RO          681    .text.HAL_TIM_Base_Init  stm32f4xx_hal_tim.o
    0x08003c16   0x08003c16   0x00000002   PAD
    0x08003c18   0x08003c18   0x00000074   Code   RO           98    .text.HAL_TIM_Base_MspInit  tim.o
    0x08003c8c   0x08003c8c   0x000000a0   Code   RO          691    .text.HAL_TIM_Base_Start  stm32f4xx_hal_tim.o
    0x08003d2c   0x08003d2c   0x000000a8   Code   RO          695    .text.HAL_TIM_Base_Start_IT  stm32f4xx_hal_tim.o
    0x08003dd4   0x08003dd4   0x000001a2   Code   RO          861    .text.HAL_TIM_ConfigClockSource  stm32f4xx_hal_tim.o
    0x08003f76   0x08003f76   0x00000002   PAD
    0x08003f78   0x08003f78   0x00000002   Code   RO          817    .text.HAL_TIM_IC_CaptureCallback  stm32f4xx_hal_tim.o
    0x08003f7a   0x08003f7a   0x00000002   PAD
    0x08003f7c   0x08003f7c   0x0000014a   Code   RO          815    .text.HAL_TIM_IRQHandler  stm32f4xx_hal_tim.o
    0x080040c6   0x080040c6   0x00000002   PAD
    0x080040c8   0x080040c8   0x0000009e   Code   RO           90    .text.HAL_TIM_MspPostInit  tim.o
    0x08004166   0x08004166   0x00000002   PAD
    0x08004168   0x08004168   0x00000002   Code   RO          819    .text.HAL_TIM_OC_DelayElapsedCallback  stm32f4xx_hal_tim.o
    0x0800416a   0x0800416a   0x00000002   PAD
    0x0800416c   0x0800416c   0x00000216   Code   RO          835    .text.HAL_TIM_PWM_ConfigChannel  stm32f4xx_hal_tim.o
    0x08004382   0x08004382   0x00000002   PAD
    0x08004384   0x08004384   0x0000005a   Code   RO          735    .text.HAL_TIM_PWM_Init  stm32f4xx_hal_tim.o
    0x080043de   0x080043de   0x00000002   PAD
    0x080043e0   0x080043e0   0x00000034   Code   RO           96    .text.HAL_TIM_PWM_MspInit  tim.o
    0x08004414   0x08004414   0x00000002   Code   RO          821    .text.HAL_TIM_PWM_PulseFinishedCallback  stm32f4xx_hal_tim.o
    0x08004416   0x08004416   0x00000002   PAD
    0x08004418   0x08004418   0x00000122   Code   RO          743    .text.HAL_TIM_PWM_Start  stm32f4xx_hal_tim.o
    0x0800453a   0x0800453a   0x00000002   PAD
    0x0800453c   0x0800453c   0x00000024   Code   RO           17    .text.HAL_TIM_PeriodElapsedCallback  main.o
    0x08004560   0x08004560   0x00000002   Code   RO          825    .text.HAL_TIM_TriggerCallback  stm32f4xx_hal_tim.o
    0x08004562   0x08004562   0x00000002   PAD
    0x08004564   0x08004564   0x000000ec   Code   RO         1048    .text.HAL_UARTEx_ReceiveToIdle_DMA  stm32f4xx_hal_uart.o
    0x08004650   0x08004650   0x00000010   Code   RO         2315    .text.HAL_UARTEx_RxEventCallback  callback.o
    0x08004660   0x08004660   0x00000002   Code   RO         1084    .text.HAL_UART_ErrorCallback  stm32f4xx_hal_uart.o
    0x08004662   0x08004662   0x00000002   PAD
    0x08004664   0x08004664   0x00000306   Code   RO         1078    .text.HAL_UART_IRQHandler  stm32f4xx_hal_uart.o
    0x0800496a   0x0800496a   0x00000002   PAD
    0x0800496c   0x0800496c   0x00000060   Code   RO         1000    .text.HAL_UART_Init  stm32f4xx_hal_uart.o
    0x080049cc   0x080049cc   0x00000302   Code   RO          121    .text.HAL_UART_MspInit  usart.o
    0x08004cce   0x08004cce   0x00000002   PAD
    0x08004cd0   0x08004cd0   0x000000b6   Code   RO         1034    .text.HAL_UART_Receive_DMA  stm32f4xx_hal_uart.o
    0x08004d86   0x08004d86   0x00000002   PAD
    0x08004d88   0x08004d88   0x00000054   Code   RO         1022    .text.HAL_UART_Receive_IT  stm32f4xx_hal_uart.o
    0x08004ddc   0x08004ddc   0x0000001c   Code   RO         2317    .text.HAL_UART_RxCpltCallback  callback.o
    0x08004df8   0x08004df8   0x00000002   Code   RO         1094    .text.HAL_UART_RxHalfCpltCallback  stm32f4xx_hal_uart.o
    0x08004dfa   0x08004dfa   0x00000002   PAD
    0x08004dfc   0x08004dfc   0x0000007c   Code   RO         1026    .text.HAL_UART_Transmit_DMA  stm32f4xx_hal_uart.o
    0x08004e78   0x08004e78   0x00000038   Code   RO         1020    .text.HAL_UART_Transmit_IT  stm32f4xx_hal_uart.o
    0x08004eb0   0x08004eb0   0x00000002   Code   RO         1088    .text.HAL_UART_TxCpltCallback  stm32f4xx_hal_uart.o
    0x08004eb2   0x08004eb2   0x00000002   PAD
    0x08004eb4   0x08004eb4   0x00000002   Code   RO         1090    .text.HAL_UART_TxHalfCpltCallback  stm32f4xx_hal_uart.o
    0x08004eb6   0x08004eb6   0x00000002   PAD
    0x08004eb8   0x08004eb8   0x00000002   Code   RO          144    .text.HardFault_Handler  stm32f4xx_it.o
    0x08004eba   0x08004eba   0x00000002   PAD
    0x08004ebc   0x08004ebc   0x00000026   Code   RO         1828    .text.Init          init.o
    0x08004ee2   0x08004ee2   0x00000002   PAD
    0x08004ee4   0x08004ee4   0x00000040   Code   RO           60    .text.MX_CAN1_Init  can.o
    0x08004f24   0x08004f24   0x00000040   Code   RO           62    .text.MX_CAN2_Init  can.o
    0x08004f64   0x08004f64   0x0000009c   Code   RO           79    .text.MX_DMA_Init   dma.o
    0x08005000   0x08005000   0x000000c4   Code   RO           36    .text.MX_FREERTOS_Init  freertos.o
    0x080050c4   0x080050c4   0x00000088   Code   RO           28    .text.MX_GPIO_Init  gpio.o
    0x0800514c   0x0800514c   0x00000092   Code   RO           88    .text.MX_TIM4_Init  tim.o
    0x080051de   0x080051de   0x00000002   PAD
    0x080051e0   0x080051e0   0x000000fe   Code   RO           92    .text.MX_TIM5_Init  tim.o
    0x080052de   0x080052de   0x00000002   PAD
    0x080052e0   0x080052e0   0x00000054   Code   RO           94    .text.MX_TIM7_Init  tim.o
    0x08005334   0x08005334   0x0000003c   Code   RO          115    .text.MX_USART1_UART_Init  usart.o
    0x08005370   0x08005370   0x00000048   Code   RO          117    .text.MX_USART3_UART_Init  usart.o
    0x080053b8   0x080053b8   0x0000003c   Code   RO          119    .text.MX_USART6_UART_Init  usart.o
    0x080053f4   0x080053f4   0x00000002   Code   RO          146    .text.MemManage_Handler  stm32f4xx_it.o
    0x080053f6   0x080053f6   0x00000002   PAD
    0x080053f8   0x080053f8   0x00000002   Code   RO          142    .text.NMI_Handler   stm32f4xx_it.o
    0x080053fa   0x080053fa   0x00000006   PAD
    0x08005400   0x08005400   0x00000064   Code   RO         1722    .text.PendSV_Handler  port.o
    0x08005464   0x08005464   0x000000c8   Code   RO         2462    .text.RLSTask       powertask.o
    0x0800552c   0x0800552c   0x00000030   Code   RO         2450    .text.RefeeTask     refeetask.o
    0x0800555c   0x0800555c   0x00000004   PAD
    0x08005560   0x08005560   0x00000024   Code   RO         1706    .text.SVC_Handler   port.o
    0x08005584   0x08005584   0x00000008   Code   RO           38    .text.StartDefaultTask  freertos.o
    0x0800558c   0x0800558c   0x0000001e   Code   RO         1511    .text.SysTick_Handler  cmsis_os2.o
    0x080055aa   0x080055aa   0x00000002   PAD
    0x080055ac   0x080055ac   0x000000aa   Code   RO           13    .text.SystemClock_Config  main.o
    0x08005656   0x08005656   0x00000002   PAD
    0x08005658   0x08005658   0x00000012   Code   RO         1122    .text.SystemInit    system_stm32f4xx.o
    0x0800566a   0x0800566a   0x00000002   PAD
    0x0800566c   0x0800566c   0x0000000c   Code   RO          166    .text.TIM6_DAC_IRQHandler  stm32f4xx_it.o
    0x08005678   0x08005678   0x0000000c   Code   RO          168    .text.TIM7_IRQHandler  stm32f4xx_it.o
    0x08005684   0x08005684   0x00000134   Code   RO          685    .text.TIM_Base_SetConfig  stm32f4xx_hal_tim.o
    0x080057b8   0x080057b8   0x0000000c   Code   RO         1082    .text.UART_DMAAbortOnError  stm32f4xx_hal_uart.o
    0x080057c4   0x080057c4   0x000000a2   Code   RO         1032    .text.UART_DMAError  stm32f4xx_hal_uart.o
    0x08005866   0x08005866   0x00000002   PAD
    0x08005868   0x08005868   0x00000080   Code   RO         1110    .text.UART_DMAReceiveCplt  stm32f4xx_hal_uart.o
    0x080058e8   0x080058e8   0x00000018   Code   RO         1112    .text.UART_DMARxHalfCplt  stm32f4xx_hal_uart.o
    0x08005900   0x08005900   0x0000003e   Code   RO         1028    .text.UART_DMATransmitCplt  stm32f4xx_hal_uart.o
    0x0800593e   0x0800593e   0x00000002   PAD
    0x08005940   0x08005940   0x00000006   Code   RO         1030    .text.UART_DMATxHalfCplt  stm32f4xx_hal_uart.o
    0x08005946   0x08005946   0x00000002   PAD
    0x08005948   0x08005948   0x000000be   Code   RO         1080    .text.UART_Receive_IT  stm32f4xx_hal_uart.o
    0x08005a06   0x08005a06   0x00000002   PAD
    0x08005a08   0x08005a08   0x000000e8   Code   RO         1004    .text.UART_SetConfig  stm32f4xx_hal_uart.o
    0x08005af0   0x08005af0   0x0000000c   Code   RO          162    .text.USART1_IRQHandler  stm32f4xx_it.o
    0x08005afc   0x08005afc   0x0000000c   Code   RO          164    .text.USART3_IRQHandler  stm32f4xx_it.o
    0x08005b08   0x08005b08   0x0000000c   Code   RO          182    .text.USART6_IRQHandler  stm32f4xx_it.o
    0x08005b14   0x08005b14   0x00000002   Code   RO          150    .text.UsageFault_Handler  stm32f4xx_it.o
    0x08005b16   0x08005b16   0x00000002   PAD
    0x08005b18   0x08005b18   0x00000024   Code   RO         2351    .text._GLOBAL__sub_I_ChassisTask.cpp  chassistask.o
    0x08005b3c   0x08005b3c   0x000000dc   Code   RO         2516    .text._GLOBAL__sub_I_EvenTask.cpp  eventask.o
    0x08005c18   0x08005c18   0x0000000c   Code   RO         2470    .text._GLOBAL__sub_I_PowerTask.cpp  powertask.o
    0x08005c24   0x08005c24   0x000003d2   Code   RO         1949    .text._GLOBAL__sub_I_Variable.cpp  variable.o
    0x08005ff6   0x08005ff6   0x00000002   PAD
    0x08005ff8   0x08005ff8   0x00000066   Code   RO         1839    .text._Z8Can_Initv  bsp_can.o
    0x0800605e   0x0800605e   0x00000002   PAD
    0x08006060   0x08006060   0x00000034   Code   RO         1841    .text._Z8Can_SendP17CAN_HandleTypeDefjPhj  bsp_can.o
    0x08006094   0x08006094   0x00000078   Code   RO         2435    .text._ZN10Communicat17Gimbal_to_Chassis12Data_receiveEP20__UART_HandleTypeDef  communicationtask.o
    0x0800610c   0x0800610c   0x00000010   Code   RO         2433    .text._ZN10Communicat17Gimbal_to_Chassis4InitEv  communicationtask.o
    0x0800611c   0x0800611c   0x00000018   Code   RO         2439    .text._ZN10Communicat17Gimbal_to_Chassis5ISDirEv  communicationtask.o
    0x08006134   0x08006134   0x00000072   Code   RO         1938    .text._ZN10PowerMeter5Meter5ISDirEv  powermeter.o
    0x080061a6   0x080061a6   0x00000002   PAD
    0x080061a8   0x080061a8   0x00000090   Code   RO         1936    .text._ZN10PowerMeter5Meter5ParseE19CAN_RxHeaderTypeDefPh  powermeter.o
    0x08006238   0x08006238   0x0000004a   Code   RO         1934    .text._ZN10PowerMeter5MeterC2EshPNS_10Meter_DataEPh  powermeter.o
    0x08006282   0x08006282   0x00000002   PAD
    0x08006284   0x08006284   0x000000fa   Code   RO         2274    .text._ZN11Class_Slope35TIM_Calculate_PeriodElapsedCallbackEv  alg_slope.o
    0x0800637e   0x0800637e   0x00000002   PAD
    0x08006380   0x08006380   0x00000016   Code   RO         2272    .text._ZN11Class_SlopeC2Eff16Enum_Slope_First  alg_slope.o
    0x08006396   0x08006396   0x00000002   PAD
    0x08006398   0x08006398   0x0000003c   Code   RO         2375    .text._ZN11TaskManagerD2Ev  chassistask.o
    0x080063d4   0x080063d4   0x00000004   PAD
    0x080063d8   0x080063d8   0x000001cc   Code   RO         2345    .text._ZN12Chassis_Task10PID_UpdataEv  chassistask.o
    0x080065a4   0x080065a4   0x000001f0   Code   RO         2347    .text._ZN12Chassis_Task11CAN_SettingEv  chassistask.o
    0x08006794   0x08006794   0x00000004   PAD
    0x08006798   0x08006798   0x000001b8   Code   RO         2419    .text._ZN12Chassis_Task11StopHandler6handleEv  chassistask.o
    0x08006950   0x08006950   0x00000006   Code   RO         2417    .text._ZN12Chassis_Task11StopHandlerD0Ev  chassistask.o
    0x08006956   0x08006956   0x00000002   PAD
    0x08006958   0x08006958   0x0000010c   Code   RO         2337    .text._ZN12Chassis_Task11updateStateEv  chassistask.o
    0x08006a64   0x08006a64   0x00000004   PAD
    0x08006a68   0x08006a68   0x000003a4   Code   RO         2341    .text._ZN12Chassis_Task12Wheel_UpDataEv  chassistask.o
    0x08006e0c   0x08006e0c   0x0000000e   Code   RO         2335    .text._ZN12Chassis_Task12executeStateEv  chassistask.o
    0x08006e1a   0x08006e1a   0x00000006   PAD
    0x08006e20   0x08006e20   0x000001e0   Code   RO         2401    .text._ZN12Chassis_Task13FollowHandler11FllowTargetEv  chassistask.o
    0x08007000   0x08007000   0x00000096   Code   RO         2399    .text._ZN12Chassis_Task13FollowHandler6handleEv  chassistask.o
    0x08007096   0x08007096   0x00000002   PAD
    0x08007098   0x08007098   0x00000006   Code   RO         2397    .text._ZN12Chassis_Task13FollowHandlerD0Ev  chassistask.o
    0x0800709e   0x0800709e   0x00000002   PAD
    0x080070a0   0x080070a0   0x0000029c   Code   RO         2413    .text._ZN12Chassis_Task15KeyBoardHandler11FllowTargetEv  chassistask.o
    0x0800733c   0x0800733c   0x00000096   Code   RO         2411    .text._ZN12Chassis_Task15KeyBoardHandler6handleEv  chassistask.o
    0x080073d2   0x080073d2   0x00000002   PAD
    0x080073d4   0x080073d4   0x00000006   Code   RO         2409    .text._ZN12Chassis_Task15KeyBoardHandlerD0Ev  chassistask.o
    0x080073da   0x080073da   0x00000006   PAD
    0x080073e0   0x080073e0   0x00000170   Code   RO         2407    .text._ZN12Chassis_Task15RotatingHandler14RotatingTargetEv  chassistask.o
    0x08007550   0x08007550   0x00000096   Code   RO         2405    .text._ZN12Chassis_Task15RotatingHandler6handleEv  chassistask.o
    0x080075e6   0x080075e6   0x00000002   PAD
    0x080075e8   0x080075e8   0x00000006   Code   RO         2403    .text._ZN12Chassis_Task15RotatingHandlerD0Ev  chassistask.o
    0x080075ee   0x080075ee   0x00000002   PAD
    0x080075f0   0x080075f0   0x00000130   Code   RO         2395    .text._ZN12Chassis_Task16UniversalHandler15UniversalTargetEv  chassistask.o
    0x08007720   0x08007720   0x00000096   Code   RO         2393    .text._ZN12Chassis_Task16UniversalHandler6handleEv  chassistask.o
    0x080077b6   0x080077b6   0x00000002   PAD
    0x080077b8   0x080077b8   0x00000006   Code   RO         2391    .text._ZN12Chassis_Task16UniversalHandlerD0Ev  chassistask.o
    0x080077be   0x080077be   0x00000002   PAD
    0x080077c0   0x080077c0   0x0000002a   Code   RO         2381    .text._ZN12Chassis_TaskD0Ev  chassistask.o
    0x080077ea   0x080077ea   0x00000002   PAD
    0x080077ec   0x080077ec   0x00000022   Code   RO         2379    .text._ZN12Chassis_TaskD2Ev  chassistask.o
    0x0800780e   0x0800780e   0x00000002   PAD
    0x08007810   0x08007810   0x00000002   Code   RO         2415    .text._ZN12StateHandlerD2Ev  chassistask.o
    0x08007812   0x08007812   0x00000002   PAD
    0x08007814   0x08007814   0x00000110   Code   RO         2487    .text._ZN14SGPowerControl11PowerTask_tC2Ev  powertask.o
    0x08007924   0x08007924   0x0000007c   Code   RO         2466    .text._ZN14SGPowerControl13PowerUpData_t13UpScaleMaxPowEP3PIDR9Dji_Motor  powertask.o
    0x080079a0   0x080079a0   0x00000170   Code   RO         2468    .text._ZN14SGPowerControl13PowerUpData_t15UpCalcMaxTorqueEPfR9Dji_MotorP3PIDff  powertask.o
    0x08007b10   0x08007b10   0x0000021c   Code   RO         2464    .text._ZN14SGPowerControl13PowerUpData_t5UpRLSEP3PIDR9Dji_Motorff  powertask.o
    0x08007d2c   0x08007d2c   0x00000016   Code   RO         2081    .text._ZN16RM_RefereeSystem20RM_RefereeSystemInitEv  rm_refereesystem.o
    0x08007d42   0x08007d42   0x00000002   PAD
    0x08007d44   0x08007d44   0x0000008c   Code   RO         2129    .text._ZN16RM_RefereeSystem21RM_RefereeSystemParseEP20__UART_HandleTypeDef  rm_refereesystem.o
    0x08007dd0   0x08007dd0   0x000000a8   Code   RO         2111    .text._ZN16RM_RefereeSystem22RM_RefereeSystemDeleteEcc  rm_refereesystem.o
    0x08007e78   0x08007e78   0x00000076   Code   RO         2107    .text._ZN16RM_RefereeSystem22RM_RefereeSystemSetIntEPcjijj  rm_refereesystem.o
    0x08007eee   0x08007eee   0x00000002   PAD
    0x08007ef0   0x08007ef0   0x00000014   Code   RO         2091    .text._ZN16RM_RefereeSystem23RM_RefereeSystemClsToopEv  rm_refereesystem.o
    0x08007f04   0x08007f04   0x0000011e   Code   RO         2117    .text._ZN16RM_RefereeSystem23RM_RefereeSystemSendStrENS_29ext_client_custom_character_tE  rm_refereesystem.o
    0x08008022   0x08008022   0x00000002   PAD
    0x08008024   0x08008024   0x0000005e   Code   RO         2095    .text._ZN16RM_RefereeSystem23RM_RefereeSystemSetLineEPcjjjjj  rm_refereesystem.o
    0x08008082   0x08008082   0x00000002   PAD
    0x08008084   0x08008084   0x00000076   Code   RO         2103    .text._ZN16RM_RefereeSystem24RM_RefereeSystemSetArcedEPcjjjjjjj  rm_refereesystem.o
    0x080080fa   0x080080fa   0x00000002   PAD
    0x080080fc   0x080080fc   0x0000000c   Code   RO         2083    .text._ZN16RM_RefereeSystem24RM_RefereeSystemSetColorEi  rm_refereesystem.o
    0x08008108   0x08008108   0x0000000c   Code   RO         2085    .text._ZN16RM_RefereeSystem24RM_RefereeSystemSetWidthEi  rm_refereesystem.o
    0x08008114   0x08008114   0x000000d8   Code   RO         2123    .text._ZN16RM_RefereeSystem25RM_RefereeSystemParseDataEPhi  rm_refereesystem.o
    0x080081ec   0x080081ec   0x000000f4   Code   RO         2115    .text._ZN16RM_RefereeSystem25RM_RefereeSystemSendDataNEPKNS_21graphic_data_struct_tEi  rm_refereesystem.o
    0x080082e0   0x080082e0   0x00000052   Code   RO         2099    .text._ZN16RM_RefereeSystem25RM_RefereeSystemSetCircleEPcjjjj  rm_refereesystem.o
    0x08008332   0x08008332   0x00000002   PAD
    0x08008334   0x08008334   0x0000005c   Code   RO         2097    .text._ZN16RM_RefereeSystem28RM_RefereeSystemSetRectangleEPcjjjjj  rm_refereesystem.o
    0x08008390   0x08008390   0x0000000c   Code   RO         2087    .text._ZN16RM_RefereeSystem29RM_RefereeSystemSetStringSizeEi  rm_refereesystem.o
    0x0800839c   0x0800839c   0x0000000c   Code   RO         2089    .text._ZN16RM_RefereeSystem30RM_RefereeSystemSetOperateTpyeEi  rm_refereesystem.o
    0x080083a8   0x080083a8   0x00000040   Code   RO         2161    .text._ZN19RM_RefereeSystemCRC21Append_CRC8_Check_SumEPhj  rm_refereesystemcrc.o
    0x080083e8   0x080083e8   0x00000048   Code   RO         2159    .text._ZN19RM_RefereeSystemCRC21Verify_CRC8_Check_SumEPhj  rm_refereesystemcrc.o
    0x08008430   0x08008430   0x00000056   Code   RO         2167    .text._ZN19RM_RefereeSystemCRC22Append_CRC16_Check_SumEPhj  rm_refereesystemcrc.o
    0x08008486   0x08008486   0x00000002   PAD
    0x08008488   0x08008488   0x00000068   Code   RO         2165    .text._ZN19RM_RefereeSystemCRC22Verify_CRC16_Check_SumEPhj  rm_refereesystemcrc.o
    0x080084f0   0x080084f0   0x00000334   Code   RO         2260    .text._ZN2SG6UpDateEffff  wheel.o
    0x08008824   0x08008824   0x0000004a   Code   RO         2242    .text._ZN2TD4CalcEf  pid.o
    0x0800886e   0x0800886e   0x00000002   PAD
    0x08008870   0x08008870   0x00000076   Code   RO         2235    .text._ZN2UI18send_graphic_queue14send_delet_allEv  darw_dynamic.o
    0x080088e6   0x080088e6   0x00000002   PAD
    0x080088e8   0x080088e8   0x000000ea   Code   RO         2239    .text._ZN2UI18send_graphic_queue4sendEv  darw_dynamic.o
    0x080089d2   0x080089d2   0x00000002   PAD
    0x080089d4   0x080089d4   0x000000d4   Code   RO         2237    .text._ZN2UI18send_graphic_queue7send_wzEv  darw_dynamic.o
    0x08008aa8   0x08008aa8   0x0000001c   Code   RO         2184    .text._ZN2UI6Static11darw_static4InitEv  darw_static.o
    0x08008ac4   0x08008ac4   0x00000004   PAD
    0x08008ac8   0x08008ac8   0x00000abc   Code   RO         2182    .text._ZN2UI6Static11darw_static9PitchLineEv  darw_static.o
    0x08009584   0x08009584   0x00000004   PAD
    0x08009588   0x08009588   0x00000260   Code   RO         2213    .text._ZN2UI7Dynamic12darw_dynamic11VisionArmorEv  darw_dynamic.o
    0x080097e8   0x080097e8   0x000000dc   Code   RO         2207    .text._ZN2UI7Dynamic12darw_dynamic13setLimitPowerEv  darw_dynamic.o
    0x080098c4   0x080098c4   0x00000004   PAD
    0x080098c8   0x080098c8   0x0000038c   Code   RO         2215    .text._ZN2UI7Dynamic12darw_dynamic7darw_UIEv  darw_dynamic.o
    0x08009c54   0x08009c54   0x00000004   PAD
    0x08009c58   0x08009c58   0x000000fc   Code   RO         2211    .text._ZN2UI7Dynamic12darw_dynamic8curPowerEv  darw_dynamic.o
    0x08009d54   0x08009d54   0x00000004   PAD
    0x08009d58   0x08009d58   0x00000194   Code   RO         2377    .text._ZN3BSP5Power7RM_PM0111PM01SendFunEv  chassistask.o
    0x08009eec   0x08009eec   0x000000f4   Code   RO         2328    .text._ZN3BSP5Power7RM_PM019PM01ParseE19CAN_RxHeaderTypeDefPh  callback.o
    0x08009fe0   0x08009fe0   0x00000108   Code   RO         1867    .text._ZN3BSP6Remote4Dr1612UpdateStatusEv  dbus.o
    0x0800a0e8   0x0800a0e8   0x00000010   Code   RO         1863    .text._ZN3BSP6Remote4Dr164InitEv  dbus.o
    0x0800a0f8   0x0800a0f8   0x00000170   Code   RO         1873    .text._ZN3BSP6Remote4Dr165ISDirEv  dbus.o
    0x0800a268   0x0800a268   0x0000005a   Code   RO         1869    .text._ZN3BSP6Remote4Dr165ParseEP20__UART_HandleTypeDefi  dbus.o
    0x0800a2c2   0x0800a2c2   0x00000002   PAD
    0x0800a2c4   0x0800a2c4   0x00000022   Code   RO         2537    .text._ZN3Dir6AttachEP9IObserver  eventask.o
    0x0800a2e6   0x0800a2e6   0x00000002   PAD
    0x0800a2e8   0x0800a2e8   0x00000012   Code   RO         2539    .text._ZN3Dir6DetachEP9IObserver  eventask.o
    0x0800a2fa   0x0800a2fa   0x00000002   PAD
    0x0800a2fc   0x0800a2fc   0x0000001a   Code   RO         2535    .text._ZN3Dir6NotifyEv  eventask.o
    0x0800a316   0x0800a316   0x00000002   PAD
    0x0800a318   0x0800a318   0x00000108   Code   RO         2498    .text._ZN3Dir7UpEventEv  eventask.o
    0x0800a420   0x0800a420   0x0000002c   Code   RO         1757    .text._ZN3HAL11_floatEqualEff  hal.o
    0x0800a44c   0x0800a44c   0x0000000c   Code   RO         1739    .text._ZN3HAL3getEv  hal.o
    0x0800a458   0x0800a458   0x00000016   Code   RO         1755    .text._ZN3HAL4_sgnEf  hal.o
    0x0800a46e   0x0800a46e   0x00000002   PAD
    0x0800a470   0x0800a470   0x00000004   Code   RO         1749    .text._ZN3HAL5_cosfEf  hal.o
    0x0800a474   0x0800a474   0x00000004   Code   RO         1747    .text._ZN3HAL5_sinfEf  hal.o
    0x0800a478   0x0800a478   0x00000048   Code   RO         1751    .text._ZN3HAL5_sqrtEff  hal.o
    0x0800a4c0   0x0800a4c0   0x00000004   Code   RO         1753    .text._ZN3HAL6_atan2Eff  hal.o
    0x0800a4c4   0x0800a4c4   0x00000022   Code   RO         1743    .text._ZN3HAL6injectEPS_  hal.o
    0x0800a4e6   0x0800a4e6   0x00000002   PAD
    0x0800a4e8   0x0800a4e8   0x00000002   Code   RO         1768    .text._ZN3HALD2Ev   hal.o
    0x0800a4ea   0x0800a4ea   0x00000002   PAD
    0x0800a4ec   0x0800a4ec   0x00000174   Code   RO         2066    .text._ZN3LED12Normal_StateEv  led.o
    0x0800a660   0x0800a660   0x00000092   Code   RO         2062    .text._ZN3LED6UpdateEv  led.o
    0x0800a6f2   0x0800a6f2   0x00000002   PAD
    0x0800a6f4   0x0800a6f4   0x00000006   Code   RO         2078    .text._ZN3LEDD0Ev   led.o
    0x0800a6fa   0x0800a6fa   0x00000002   PAD
    0x0800a6fc   0x0800a6fc   0x00000014   Code   RO         2246    .text._ZN3PID8clearPIDEv  pid.o
    0x0800a710   0x0800a710   0x00000218   Code   RO         2244    .text._ZN3PID9GetPidPosE6Kpid_tddd  pid.o
    0x0800a928   0x0800a928   0x000000ea   Code   RO         2493    .text._ZN4Math3RLSILj2EE5resetEv  powertask.o
    0x0800aa12   0x0800aa12   0x00000002   PAD
    0x0800aa14   0x0800aa14   0x0000023c   Code   RO         2489    .text._ZN4Math3RLSILj2EE6updateER7MatrixfILi2ELi1EEf  powertask.o
    0x0800ac50   0x0800ac50   0x000000d4   Code   RO         2491    .text._ZN4Math3RLSILj2EEC2Eff  powertask.o
    0x0800ad24   0x0800ad24   0x00000106   Code   RO         2033    .text._ZN6Buzzer1BEh  buzzer.o
    0x0800ae2a   0x0800ae2a   0x00000002   PAD
    0x0800ae2c   0x0800ae2c   0x000000f2   Code   RO         2029    .text._ZN6Buzzer6UpdateEv  buzzer.o
    0x0800af1e   0x0800af1e   0x00000002   PAD
    0x0800af20   0x0800af20   0x0000007e   Code   RO         2043    .text._ZN6Buzzer8B_B_B_B_Ev  buzzer.o
    0x0800af9e   0x0800af9e   0x00000002   PAD
    0x0800afa0   0x0800afa0   0x00000006   Code   RO         2059    .text._ZN6BuzzerD0Ev  buzzer.o
    0x0800afa6   0x0800afa6   0x00000002   PAD
    0x0800afa8   0x0800afa8   0x00000032   Code   RO         1805    .text._ZN6My_hal13_Can_SendDATAEP17CAN_HandleTypeDefjPhj  my_hal.o
    0x0800afda   0x0800afda   0x00000002   PAD
    0x0800afdc   0x0800afdc   0x00000034   Code   RO         1807    .text._ZN6My_hal15_Can_SendREMOTEEP17CAN_HandleTypeDefjPhj  my_hal.o
    0x0800b010   0x0800b010   0x0000007e   Code   RO         1824    .text._ZN6My_hal4initEv  my_hal.o
    0x0800b08e   0x0800b08e   0x00000002   PAD
    0x0800b090   0x0800b090   0x00000002   Code   RO         1799    .text._ZN6My_hal6_delayEm  my_hal.o
    0x0800b092   0x0800b092   0x00000002   PAD
    0x0800b094   0x0800b094   0x00000004   Code   RO         1803    .text._ZN6My_hal8_GetTickEv  my_hal.o
    0x0800b098   0x0800b098   0x00000002   Code   RO         1801    .text._ZN6My_hal8_osDelayEm  my_hal.o
    0x0800b09a   0x0800b09a   0x00000002   PAD
    0x0800b09c   0x0800b09c   0x00000006   Code   RO         1822    .text._ZN6My_halD0Ev  my_hal.o
    0x0800b0a2   0x0800b0a2   0x00000002   PAD
    0x0800b0a4   0x0800b0a4   0x000000a4   Code   RO         2248    .text._ZN7FeedTar6UpDataEf  pid.o
    0x0800b148   0x0800b148   0x00000218   Code   RO         2011    .text._ZN7Tools_t10MinPosHelmEffPfff  tools.o
    0x0800b360   0x0800b360   0x00000078   Code   RO         2009    .text._ZN7Tools_t11Round_ErrorEfff  tools.o
    0x0800b3d8   0x0800b3d8   0x00000078   Code   RO         2007    .text._ZN7Tools_t24Zero_crossing_processingEfff  tools.o
    0x0800b450   0x0800b450   0x0000001e   Code   RO         2015    .text._ZN7Tools_t5clampEfff  tools.o
    0x0800b46e   0x0800b46e   0x00000002   PAD
    0x0800b470   0x0800b470   0x00000042   Code   RO         2529    .text._ZN8ISubjectD2Ev  eventask.o
    0x0800b4b2   0x0800b4b2   0x00000002   PAD
    0x0800b4b4   0x0800b4b4   0x00000028   Code   RO         1851    .text._ZN8RM_Motor19_Motor_ID_IDX_BIND_EPhh  bsp_motor.o
    0x0800b4dc   0x0800b4dc   0x0000001e   Code   RO         1853    .text._ZN8RM_Motor26GET_Motor_ID_ADDRESS_BIND_Ei  bsp_motor.o
    0x0800b4fa   0x0800b4fa   0x00000002   PAD
    0x0800b4fc   0x0800b4fc   0x00000014   Code   RO         1890    .text._ZN9Dji_Motor17Send_CAN_MAILBOX0EP17Motor_send_data_tt  dji_motor.o
    0x0800b510   0x0800b510   0x0000002a   Code   RO         1894    .text._ZN9Dji_Motor17Send_CAN_MAILBOX1EP17Motor_send_data_tt  dji_motor.o
    0x0800b53a   0x0800b53a   0x00000002   PAD
    0x0800b53c   0x0800b53c   0x0000007c   Code   RO         1898    .text._ZN9Dji_Motor5ISDirEv  dji_motor.o
    0x0800b5b8   0x0800b5b8   0x00000128   Code   RO         1886    .text._ZN9Dji_Motor5ParseE19CAN_RxHeaderTypeDefPh  dji_motor.o
    0x0800b6e0   0x0800b6e0   0x0000000e   Code   RO         1888    .text._ZN9Dji_Motor6setMSDEP17Motor_send_data_tsi  dji_motor.o
    0x0800b6ee   0x0800b6ee   0x00000002   PAD
    0x0800b6f0   0x0800b6f0   0x00000054   Code   RO         1884    .text._ZN9Dji_MotorC2EshP14Dji_Motor_DataPh  dji_motor.o
    0x0800b744   0x0800b744   0x00000002   Code   RO         2543    .text._ZN9IObserverD0Ev  eventask.o
    0x0800b746   0x0800b746   0x00000002   PAD
    0x0800b748   0x0800b748   0x00000002   Code   RO         2057    .text._ZN9IObserverD2Ev  buzzer.o
    0x0800b74a   0x0800b74a   0x00000002   PAD
    0x0800b74c   0x0800b74c   0x00000010   Code   RO         2385    .text._ZNKSt3__26vectorINS_10unique_ptrI4TaskNS_14default_deleteIS2_EEEENS_9allocatorIS5_EEE20__throw_length_errorB7v180000Ev  chassistask.o
    0x0800b75c   0x0800b75c   0x00000016   Code   RO         2531    .text._ZNSt3__210unique_ptrI3LEDNS_14default_deleteIS1_EEED2B7v180000Ev  eventask.o
    0x0800b772   0x0800b772   0x00000002   PAD
    0x0800b774   0x0800b774   0x00000016   Code   RO         2533    .text._ZNSt3__210unique_ptrI6BuzzerNS_14default_deleteIS1_EEED2B7v180000Ev  eventask.o
    0x0800b78a   0x0800b78a   0x00000002   PAD
    0x0800b78c   0x0800b78c   0x0000000e   Code   RO         2387    .text._ZNSt3__220__throw_length_errorB7v180000EPKc  chassistask.o
    0x0800b79a   0x0800b79a   0x0000001e   Code   RO         2850    .text._ZNSt3__222__libcpp_verbose_abortEPKcz  libcpp_w.l(verbose_abort.cpp.o)
    0x0800b7b8   0x0800b7b8   0x000000c8   Code   RO         2541    .text._ZNSt3__24listIP9IObserverNS_9allocatorIS2_EEE6removeERKS2_  eventask.o
    0x0800b880   0x0800b880   0x000000c8   Code   RO         2383    .text._ZNSt3__26vectorINS_10unique_ptrI4TaskNS_14default_deleteIS2_EEEENS_9allocatorIS5_EEE24__emplace_back_slow_pathIJNS1_I12Chassis_TaskNS3_ISA_EEEEEEEvDpOT_  chassistask.o
    0x0800b948   0x0800b948   0x0000000c   Code   RO         3062    .text._ZSt15get_new_handlerv  libcppabi_w.l(cxa_handlers.cpp.o)
    0x0800b954   0x0800b954   0x00000040   Code   RO         2389    .text._ZSt28__throw_bad_array_new_lengthB7v180000v  chassistask.o
    0x0800b994   0x0800b994   0x00000004   Code   RO         2816    .text._ZdlPv        libcpp_w.l(new.cpp.o)
    0x0800b998   0x0800b998   0x00000004   Code   RO         2820    .text._ZdlPvj       libcpp_w.l(new.cpp.o)
    0x0800b99c   0x0800b99c   0x00000026   Code   RO         2808    .text._Znwj         libcpp_w.l(new.cpp.o)
    0x0800b9c2   0x0800b9c2   0x00000002   PAD
    0x0800b9c4   0x0800b9c4   0x00000028   Code   RO         2863    .text.__cxa_pure_virtual  libcppabi_w.l(cxa_virtual.cpp.o)
    0x0800b9ec   0x0800b9ec   0x0000004c   Code   RO         1817    .text.__cxx_global_var_init  my_hal.o
    0x0800ba38   0x0800ba38   0x00000044   Code   RO         2196    .text.__cxx_global_var_init  darw_static.o
    0x0800ba7c   0x0800ba7c   0x00000050   Code   RO         2201    .text.__cxx_global_var_init.2  darw_static.o
    0x0800bacc   0x0800bacc   0x00000004   Code   RO         3046    .text.abort_message  libcppabi_w.l(abort_message.cpp.o)
    0x0800bad0   0x0800bad0   0x00000098   Code   RO         2549    .text.arm_cos_f32   arm_cortexM4lf_math.lib(arm_cos_f32.o)
    0x0800bb68   0x0800bb68   0x000000ba   Code   RO         2567    .text.arm_mat_add_f32  arm_cortexM4lf_math.lib(arm_mat_add_f32.o)
    0x0800bc22   0x0800bc22   0x00000008   Code   RO         2576    .text.arm_mat_init_f32  arm_cortexM4lf_math.lib(arm_mat_init_f32.o)
    0x0800bc2a   0x0800bc2a   0x00000002   PAD
    0x0800bc2c   0x0800bc2c   0x00000128   Code   RO         2584    .text.arm_mat_mult_f32  arm_cortexM4lf_math.lib(arm_mat_mult_f32.o)
    0x0800bd54   0x0800bd54   0x0000008e   Code   RO         2593    .text.arm_mat_scale_f32  arm_cortexM4lf_math.lib(arm_mat_scale_f32.o)
    0x0800bde2   0x0800bde2   0x00000002   PAD
    0x0800bde4   0x0800bde4   0x000000ba   Code   RO         2602    .text.arm_mat_sub_f32  arm_cortexM4lf_math.lib(arm_mat_sub_f32.o)
    0x0800be9e   0x0800be9e   0x00000002   PAD
    0x0800bea0   0x0800bea0   0x000000a2   Code   RO         2611    .text.arm_mat_trans_f32  arm_cortexM4lf_math.lib(arm_mat_trans_f32.o)
    0x0800bf42   0x0800bf42   0x00000002   PAD
    0x0800bf44   0x0800bf44   0x00000090   Code   RO         2558    .text.arm_sin_f32   arm_cortexM4lf_math.lib(arm_sin_f32.o)
    0x0800bfd4   0x0800bfd4   0x00000052   Code   RO           11    .text.main          main.o
    0x0800c026   0x0800c026   0x00000002   PAD
    0x0800c028   0x0800c028   0x00000020   Code   RO         1571    .text.osDelay       cmsis_os2.o
    0x0800c048   0x0800c048   0x00000028   Code   RO         1513    .text.osKernelInitialize  cmsis_os2.o
    0x0800c070   0x0800c070   0x0000003c   Code   RO         1519    .text.osKernelStart  cmsis_os2.o
    0x0800c0ac   0x0800c0ac   0x000000be   Code   RO         1535    .text.osThreadNew   cmsis_os2.o
    0x0800c16a   0x0800c16a   0x00000002   PAD
    0x0800c16c   0x0800c16c   0x00000084   Code   RO         1329    .text.prvAddCurrentTaskToDelayedList  tasks.o
    0x0800c1f0   0x0800c1f0   0x0000011c   Code   RO         1319    .text.prvAddNewTaskToReadyList  tasks.o
    0x0800c30c   0x0800c30c   0x0000007c   Code   RO         1456    .text.prvCheckForValidListAndQueue  timers.o
    0x0800c388   0x0800c388   0x00000096   Code   RO         1353    .text.prvIdleTask   tasks.o
    0x0800c41e   0x0800c41e   0x00000002   PAD
    0x0800c420   0x0800c420   0x00000028   Code   RO         1714    .text.prvPortStartFirstTask  port.o
    0x0800c448   0x0800c448   0x000000ea   Code   RO         1492    .text.prvSampleTimeNow  timers.o
    0x0800c532   0x0800c532   0x00000002   PAD
    0x0800c534   0x0800c534   0x00000032   Code   RO         1704    .text.prvTaskExitError  port.o
    0x0800c566   0x0800c566   0x00000002   PAD
    0x0800c568   0x0800c568   0x000002b6   Code   RO         1458    .text.prvTimerTask  timers.o
    0x0800c81e   0x0800c81e   0x00000002   PAD
    0x0800c820   0x0800c820   0x00000074   Code   RO         1218    .text.prvUnlockQueue  queue.o
    0x0800c894   0x0800c894   0x0000019c   Code   RO         1674    .text.pvPortMalloc  heap_4.o
    0x0800ca30   0x0800ca30   0x00000024   Code   RO         1702    .text.pxPortInitialiseStack  port.o
    0x0800ca54   0x0800ca54   0x0000002c   Code   RO         2854    .text.unlikely.__cxa_guard_acquire  libcppabi_w.l(cxa_guard.cpp.o)
    0x0800ca80   0x0800ca80   0x00000008   Code   RO         2856    .text.unlikely.__cxa_guard_release  libcppabi_w.l(cxa_guard.cpp.o)
    0x0800ca88   0x0800ca88   0x00000024   Code   RO         1182    .text.uxListRemove  list.o
    0x0800caac   0x0800caac   0x0000001a   Code   RO         1657    .text.vApplicationGetIdleTaskMemory  cmsis_os2.o
    0x0800cac6   0x0800cac6   0x00000002   PAD
    0x0800cac8   0x0800cac8   0x0000001c   Code   RO         1659    .text.vApplicationGetTimerTaskMemory  cmsis_os2.o
    0x0800cae4   0x0800cae4   0x00000016   Code   RO         1174    .text.vListInitialise  list.o
    0x0800cafa   0x0800cafa   0x00000002   PAD
    0x0800cafc   0x0800cafc   0x00000006   Code   RO         1176    .text.vListInitialiseItem  list.o
    0x0800cb02   0x0800cb02   0x00000002   PAD
    0x0800cb04   0x0800cb04   0x0000003a   Code   RO         1180    .text.vListInsert   list.o
    0x0800cb3e   0x0800cb3e   0x00000002   PAD
    0x0800cb40   0x0800cb40   0x0000001c   Code   RO         1178    .text.vListInsertEnd  list.o
    0x0800cb5c   0x0800cb5c   0x00000014   Code   RO         1712    .text.vPortEnableVFP  port.o
    0x0800cb70   0x0800cb70   0x00000046   Code   RO         1718    .text.vPortEnterCritical  port.o
    0x0800cbb6   0x0800cbb6   0x00000002   PAD
    0x0800cbb8   0x0800cbb8   0x0000002e   Code   RO         1720    .text.vPortExitCritical  port.o
    0x0800cbe6   0x0800cbe6   0x00000002   PAD
    0x0800cbe8   0x0800cbe8   0x000000d2   Code   RO         1676    .text.vPortFree     heap_4.o
    0x0800ccba   0x0800ccba   0x00000002   PAD
    0x0800ccbc   0x0800ccbc   0x00000034   Code   RO         1710    .text.vPortSetupTimerInterrupt  port.o
    0x0800ccf0   0x0800ccf0   0x00000028   Code   RO         1252    .text.vQueueAddToRegistry  queue.o
    0x0800cd18   0x0800cd18   0x00000046   Code   RO         1256    .text.vQueueWaitForMessageRestricted  queue.o
    0x0800cd5e   0x0800cd5e   0x00000002   PAD
    0x0800cd60   0x0800cd60   0x000000a6   Code   RO         1333    .text.vTaskDelay    tasks.o
    0x0800ce06   0x0800ce06   0x00000002   PAD
    0x0800ce08   0x0800ce08   0x0000001a   Code   RO         1383    .text.vTaskInternalSetTimeOutState  tasks.o
    0x0800ce22   0x0800ce22   0x00000002   PAD
    0x0800ce24   0x0800ce24   0x0000000e   Code   RO         1387    .text.vTaskMissedYield  tasks.o
    0x0800ce32   0x0800ce32   0x00000002   PAD
    0x0800ce34   0x0800ce34   0x00000036   Code   RO         1371    .text.vTaskPlaceOnEventList  tasks.o
    0x0800ce6a   0x0800ce6a   0x00000002   PAD
    0x0800ce6c   0x0800ce6c   0x0000003e   Code   RO         1375    .text.vTaskPlaceOnEventListRestricted  tasks.o
    0x0800ceaa   0x0800ceaa   0x00000002   PAD
    0x0800ceac   0x0800ceac   0x000000a4   Code   RO         1351    .text.vTaskStartScheduler  tasks.o
    0x0800cf50   0x0800cf50   0x00000010   Code   RO         1327    .text.vTaskSuspendAll  tasks.o
    0x0800cf60   0x0800cf60   0x0000009a   Code   RO         1345    .text.vTaskSwitchContext  tasks.o
    0x0800cffa   0x0800cffa   0x00000002   PAD
    0x0800cffc   0x0800cffc   0x00000132   Code   RO         1708    .text.xPortStartScheduler  port.o
    0x0800d12e   0x0800d12e   0x00000002   PAD
    0x0800d130   0x0800d130   0x0000002e   Code   RO         1724    .text.xPortSysTickHandler  port.o
    0x0800d15e   0x0800d15e   0x00000002   PAD
    0x0800d160   0x0800d160   0x000000da   Code   RO         1194    .text.xQueueGenericCreateStatic  queue.o
    0x0800d23a   0x0800d23a   0x00000002   PAD
    0x0800d23c   0x0800d23c   0x00000212   Code   RO         1208    .text.xQueueGenericSend  queue.o
    0x0800d44e   0x0800d44e   0x00000002   PAD
    0x0800d450   0x0800d450   0x000001a8   Code   RO         1224    .text.xQueueReceive  queue.o
    0x0800d5f8   0x0800d5f8   0x0000008c   Code   RO         1385    .text.xTaskCheckForTimeOut  tasks.o
    0x0800d684   0x0800d684   0x000000dc   Code   RO         1321    .text.xTaskCreate   tasks.o
    0x0800d760   0x0800d760   0x000000e8   Code   RO         1317    .text.xTaskCreateStatic  tasks.o
    0x0800d848   0x0800d848   0x00000026   Code   RO         1399    .text.xTaskGetSchedulerState  tasks.o
    0x0800d86e   0x0800d86e   0x00000002   PAD
    0x0800d870   0x0800d870   0x0000000c   Code   RO         1359    .text.xTaskGetTickCount  tasks.o
    0x0800d87c   0x0800d87c   0x0000016e   Code   RO         1357    .text.xTaskIncrementTick  tasks.o
    0x0800d9ea   0x0800d9ea   0x00000002   PAD
    0x0800d9ec   0x0800d9ec   0x00000092   Code   RO         1403    .text.xTaskPriorityDisinherit  tasks.o
    0x0800da7e   0x0800da7e   0x00000002   PAD
    0x0800da80   0x0800da80   0x0000008e   Code   RO         1377    .text.xTaskRemoveFromEventList  tasks.o
    0x0800db0e   0x0800db0e   0x00000002   PAD
    0x0800db10   0x0800db10   0x00000134   Code   RO         1331    .text.xTaskResumeAll  tasks.o
    0x0800dc44   0x0800dc44   0x00000074   Code   RO         1454    .text.xTimerCreateTimerTask  timers.o
    0x0800dcb8   0x0800dcb8   0x0000003e   Code   RO         3399    CL$$btod_d2e        c_w.l(btod.o)
    0x0800dcf6   0x0800dcf6   0x00000046   Code   RO         3401    CL$$btod_d2e_denorm_low  c_w.l(btod.o)
    0x0800dd3c   0x0800dd3c   0x00000060   Code   RO         3400    CL$$btod_d2e_norm_op1  c_w.l(btod.o)
    0x0800dd9c   0x0800dd9c   0x00000338   Code   RO         3409    CL$$btod_div_common  c_w.l(btod.o)
    0x0800e0d4   0x0800e0d4   0x000000dc   Code   RO         3406    CL$$btod_e2e        c_w.l(btod.o)
    0x0800e1b0   0x0800e1b0   0x0000002a   Code   RO         3403    CL$$btod_ediv       c_w.l(btod.o)
    0x0800e1da   0x0800e1da   0x0000002a   Code   RO         3402    CL$$btod_emul       c_w.l(btod.o)
    0x0800e204   0x0800e204   0x00000244   Code   RO         3408    CL$$btod_mult_common  c_w.l(btod.o)
    0x0800e448   0x0800e448   0x00000030   Code   RO         3446    i.__ARM_fpclassify  m_wm.l(fpclassify.o)
    0x0800e478   0x0800e478   0x00000026   Code   RO         3065    i.__ARM_fpclassifyf  m_wm.l(fpclassifyf.o)
    0x0800e49e   0x0800e49e   0x00000002   PAD
    0x0800e4a0   0x0800e4a0   0x000002ac   Code   RO         2868    i.__hardfp_atan2f   m_wm.l(atan2f.o)
    0x0800e74c   0x0800e74c   0x000000b0   Code   RO         2874    i.__hardfp_fmodf    m_wm.l(fmodf.o)
    0x0800e7fc   0x0800e7fc   0x0000003a   Code   RO         2880    i.__hardfp_sqrtf    m_wm.l(sqrtf.o)
    0x0800e836   0x0800e836   0x00000006   Code   RO         3069    i.__mathlib_flt_infnan2  m_wm.l(funder.o)
    0x0800e83c   0x0800e83c   0x00000010   Code   RO         3070    i.__mathlib_flt_invalid  m_wm.l(funder.o)
    0x0800e84c   0x0800e84c   0x00000010   Code   RO         3073    i.__mathlib_flt_underflow  m_wm.l(funder.o)
    0x0800e85c   0x0800e85c   0x0000000e   Code   RO         3193    i._is_digit         c_w.l(__printf_wp.o)
    0x0800e86a   0x0800e86a   0x0000001c   Code   RO         3310    i.fputc             c_w.l(fputc.o)
    0x0800e886   0x0800e886   0x00000002   PAD
    0x0800e888   0x0800e888   0x0000002c   Code   RO         3430    locale$$code        c_w.l(lc_numeric_c.o)
    0x0800e8b4   0x0800e8b4   0x0000002c   Code   RO         3474    locale$$code        c_w.l(lc_ctype_c.o)
    0x0800e8e0   0x0800e8e0   0x00000062   Code   RO         2775    x$fpl$d2f           fz_wm.l(d2f.o)
    0x0800e942   0x0800e942   0x00000002   PAD
    0x0800e944   0x0800e944   0x00000150   Code   RO         2777    x$fpl$dadd          fz_wm.l(daddsub_clz.o)
    0x0800ea94   0x0800ea94   0x00000018   Code   RO         3241    x$fpl$dcmpinf       fz_wm.l(dcmpi.o)
    0x0800eaac   0x0800eaac   0x000002b4   Code   RO         2786    x$fpl$ddiv          fz_wm.l(ddiv.o)
    0x0800ed60   0x0800ed60   0x00000078   Code   RO         3028    x$fpl$deqf          fz_wm.l(deqf.o)
    0x0800edd8   0x0800edd8   0x0000005e   Code   RO         2789    x$fpl$dfix          fz_wm.l(dfix.o)
    0x0800ee36   0x0800ee36   0x00000002   PAD
    0x0800ee38   0x0800ee38   0x0000005a   Code   RO         2793    x$fpl$dfixu         fz_wm.l(dfixu.o)
    0x0800ee92   0x0800ee92   0x0000002e   Code   RO         2798    x$fpl$dflt          fz_wm.l(dflt_clz.o)
    0x0800eec0   0x0800eec0   0x00000026   Code   RO         2797    x$fpl$dfltu         fz_wm.l(dflt_clz.o)
    0x0800eee6   0x0800eee6   0x00000002   PAD
    0x0800eee8   0x0800eee8   0x00000078   Code   RO         3030    x$fpl$dgeqf         fz_wm.l(dgeqf.o)
    0x0800ef60   0x0800ef60   0x00000078   Code   RO         3032    x$fpl$dleqf         fz_wm.l(dleqf.o)
    0x0800efd8   0x0800efd8   0x00000154   Code   RO         2803    x$fpl$dmul          fz_wm.l(dmul.o)
    0x0800f12c   0x0800f12c   0x0000009c   Code   RO         3034    x$fpl$dnaninf       fz_wm.l(dnaninf.o)
    0x0800f1c8   0x0800f1c8   0x0000000c   Code   RO         3036    x$fpl$dretinf       fz_wm.l(dretinf.o)
    0x0800f1d4   0x0800f1d4   0x000001dc   Code   RO         2779    x$fpl$dsub          fz_wm.l(daddsub_clz.o)
    0x0800f3b0   0x0800f3b0   0x00000056   Code   RO         2805    x$fpl$f2d           fz_wm.l(f2d.o)
    0x0800f406   0x0800f406   0x00000054   Code   RO         2783    x$fpl$fcmp          fz_wm.l(dcmp.o)
    0x0800f45a   0x0800f45a   0x0000008c   Code   RO         3038    x$fpl$fnaninf       fz_wm.l(fnaninf.o)
    0x0800f4e6   0x0800f4e6   0x0000001a   Code   RO         3243    x$fpl$fpinit        fz_wm.l(fpinit.o)
    0x0800f500   0x0800f500   0x000000f4   Code   RO         3040    x$fpl$frem          fz_wm.l(frem_clz.o)
    0x0800f5f4   0x0800f5f4   0x0000000a   Code   RO         3042    x$fpl$fretinf       fz_wm.l(fretinf.o)
    0x0800f5fe   0x0800f5fe   0x00000004   Code   RO         3245    x$fpl$printf1       fz_wm.l(printf1.o)
    0x0800f602   0x0800f602   0x00000004   Code   RO         3247    x$fpl$printf2       fz_wm.l(printf2.o)
    0x0800f606   0x0800f606   0x00000000   Code   RO         3044    x$fpl$usenofp       fz_wm.l(usenofp.o)
    0x0800f606   0x0800f606   0x00000002   PAD
    0x0800f608   0x0800f608   0x00000008   Data   RO         3152    .constdata          c_w.l(_printf_wctomb.o)
    0x0800f610   0x0800f610   0x00000028   Data   RO         3181    .constdata          c_w.l(_printf_hex_int_ll_ptr.o)
    0x0800f638   0x0800f638   0x00000011   Data   RO         3201    .constdata          c_w.l(__printf_flags_ss_wp.o)
    0x0800f649   0x0800f649   0x00000004   Data   RO         3266    .constdata          c_w.l(sys_io_names.o)
    0x0800f64d   0x0800f64d   0x00000004   Data   RO         3267    .constdata          c_w.l(sys_io_names.o)
    0x0800f651   0x0800f651   0x00000004   Data   RO         3268    .constdata          c_w.l(sys_io_names.o)
    0x0800f655   0x0800f655   0x00000026   Data   RO         3298    .constdata          c_w.l(_printf_fp_hex.o)
    0x0800f67b   0x0800f67b   0x00000001   PAD
    0x0800f67c   0x0800f67c   0x00000094   Data   RO         3397    .constdata          c_w.l(bigflt0.o)
    0x0800f710   0x0800f710   0x0000000e   Data   RO         2147    .rodata..Lswitch.table._ZN16RM_RefereeSystem25RM_RefereeSystemSendDataNEPKNS_21graphic_data_struct_tEi  rm_refereesystem.o
    0x0800f71e   0x0800f71e   0x0000000e   Data   RO         2148    .rodata..Lswitch.table._ZN16RM_RefereeSystem25RM_RefereeSystemSendDataNEPKNS_21graphic_data_struct_tEi.1  rm_refereesystem.o
    0x0800f72c   0x0800f72c   0x00000010   Data   RO         1127    .rodata.AHBPrescTable  system_stm32f4xx.o
    0x0800f73c   0x0800f73c   0x00000008   Data   RO         1128    .rodata.APBPrescTable  system_stm32f4xx.o
    0x0800f744   0x0800f744   0x00000200   Data   RO         2171    .rodata._ZN19RM_RefereeSystemCRCL10wCRC_TableE  rm_refereesystemcrc.o
    0x0800f944   0x0800f944   0x00000100   Data   RO         2169    .rodata._ZN19RM_RefereeSystemCRCL8CRC8_TABE  rm_refereesystemcrc.o
    0x0800fa44   0x0800fa44   0x00000018   Data   RO         2357    .rodata._ZTV12Chassis_Task  chassistask.o
    0x0800fa5c   0x0800fa5c   0x0000000c   Data   RO         2263    .rodata._ZTV2SG     wheel.o
    0x0800fa68   0x0800fa68   0x00000014   Data   RO         2545    .rodata._ZTV3Dir    eventask.o
    0x0800fa7c   0x0800fa7c   0x00000014   Data   RO         2070    .rodata._ZTV3LED    led.o
    0x0800fa90   0x0800fa90   0x00000014   Data   RO         2049    .rodata._ZTV6Buzzer  buzzer.o
    0x0800faa4   0x0800faa4   0x00000040   Data   RO         1809    .rodata._ZTV6My_hal  my_hal.o
    0x0800fae4   0x0800fae4   0x00000014   Data   RO         2546    .rodata._ZTV8ISubject  eventask.o
    0x0800faf8   0x0800faf8   0x00000010   Data   RO         1900    .rodata._ZTV9Dji_Motor  dji_motor.o
    0x0800fb08   0x0800fb08   0x00000014   Data   RO         2547    .rodata._ZTV9IObserver  eventask.o
    0x0800fb1c   0x0800fb1c   0x00000010   Data   RO         1940    .rodata._ZTVN10PowerMeter5MeterE  powermeter.o
    0x0800fb2c   0x0800fb2c   0x00000014   Data   RO         2427    .rodata._ZTVN12Chassis_Task11StopHandlerE  chassistask.o
    0x0800fb40   0x0800fb40   0x00000014   Data   RO         2423    .rodata._ZTVN12Chassis_Task13FollowHandlerE  chassistask.o
    0x0800fb54   0x0800fb54   0x00000014   Data   RO         2425    .rodata._ZTVN12Chassis_Task15KeyBoardHandlerE  chassistask.o
    0x0800fb68   0x0800fb68   0x00000014   Data   RO         2424    .rodata._ZTVN12Chassis_Task15RotatingHandlerE  chassistask.o
    0x0800fb7c   0x0800fb7c   0x00000014   Data   RO         2422    .rodata._ZTVN12Chassis_Task16UniversalHandlerE  chassistask.o
    0x0800fb90   0x0800fb90   0x00000024   Data   RO           42    .rodata.chassisTask_attributes  freertos.o
    0x0800fbb4   0x0800fbb4   0x00000024   Data   RO           43    .rodata.communicationTa_attributes  freertos.o
    0x0800fbd8   0x0800fbd8   0x00000008   Data   RO          467    .rodata.cst8        stm32f4xx_hal_dma.o
    0x0800fbe0   0x0800fbe0   0x00000024   Data   RO           41    .rodata.defaultTask_attributes  freertos.o
    0x0800fc04   0x0800fc04   0x00000024   Data   RO           46    .rodata.eventTask_attributes  freertos.o
    0x0800fc28   0x0800fc28   0x00000024   Data   RO           44    .rodata.refeeTask_attributes  freertos.o
    0x0800fc4c   0x0800fc4c   0x00000024   Data   RO           45    .rodata.rlsTask_attributes  freertos.o
    0x0800fc70   0x0800fc70   0x00000804   Data   RO         2732    .rodata.sinTable_f32  arm_cortexM4lf_math.lib(arm_common_tables.o)
    0x08010474   0x08010474   0x00000044   Data   RO           40    .rodata.str1.1      freertos.o
    0x080104b8   0x080104b8   0x00000009   Data   RO         2188    .rodata.str1.1      darw_static.o
    0x080104c1   0x080104c1   0x00000004   Data   RO         2227    .rodata.str1.1      darw_dynamic.o
    0x080104c5   0x080104c5   0x00000042   Data   RO         2366    .rodata.str1.1      chassistask.o
    0x08010507   0x08010507   0x00000093   Data   RO         2860    .rodata.str1.1      libcppabi_w.l(cxa_guard.cpp.o)
    0x0801059a   0x0801059a   0x00000002   PAD
    0x0801059c   0x0801059c   0x00000020   Data   RO         3505    Region$$Table       anon$$obj.o
    0x080105bc   0x080105bc   0x0000001c   Data   RO         3429    locale$$data        c_w.l(lc_numeric_c.o)
    0x080105d8   0x080105d8   0x00000110   Data   RO         3473    locale$$data        c_w.l(lc_ctype_c.o)
    0x080106e8   0x080106e8   0x00000004   Data   RO         1821    .init_array         my_hal.o
    0x080106ec   0x080106e8   0x00000004   Data   RO         1995    .init_array         variable.o
    0x080106f0   0x080106e8   0x00000004   Data   RO         2200    .init_array         darw_static.o
    0x080106f4   0x080106e8   0x00000004   Data   RO         2205    .init_array         darw_static.o
    0x080106f8   0x080106e8   0x00000004   Data   RO         2367    .init_array         chassistask.o
    0x080106fc   0x080106e8   0x00000004   Data   RO         2479    .init_array         powertask.o
    0x08010700   0x080106e8   0x00000004   Data   RO         2521    .init_array         eventask.o
    0x08010704   0x080106e8   0x00000000   Data   RO         2770    .init_array         c_w.l(init_aeabi.o)


    Execution Region RW_IRAM1 (Exec base: 0x20000000, Load base: 0x08010708, Size: 0x00007228, Max: 0x0001c000, ABSOLUTE)

    Exec Addr    Load Addr    Size         Type   Attr      Idx    E Section Name        Object

    0x20000000   0x08010708   0x00000004   Data   RW         2964    .data               c_w.l(stdio_streams.o)
    0x20000004   0x0801070c   0x00000004   Data   RW         2965    .data               c_w.l(stdio_streams.o)
    0x20000008   0x08010710   0x00000004   Data   RW         2966    .data               c_w.l(stdio_streams.o)
    0x2000000c   0x08010714   0x00000038   Data   RW         2441    .data.Gimbal_to_Chassis_Data  communicationtask.o
    0x20000044   0x0801074c   0x00000010   Data   RW         2134    .data.RM_RefereeSystemToop  rm_refereesystem.o
    0x20000054   0x0801075c   0x00000004   Data   RW         1126    .data.SystemCoreClock  system_stm32f4xx.o
    0x20000058   0x08010760   0x00000004   Data   RW         1957    .data._Motor3508_ID_  variable.o
    0x2000005c   0x08010764   0x00000004   Data   RW         1959    .data._Motor6020_ID_  variable.o
    0x20000060   0x08010768   0x00000001   Data   RW         1964    .data._PowerMeter_ID_  variable.o
    0x20000061   0x08010769   0x00000001   PAD
    0x20000062   0x0801076a   0x00000002   Data   RW         2170    .data._ZN19RM_RefereeSystemCRC8CRC_INITE  rm_refereesystemcrc.o
    0x20000064   0x0801076c   0x00000004   Data   RW         2354    .data.tar_vw_angle  chassistask.o
    0x20000068   0x08010770   0x00000001   Data   RW          645    .data.uwTickFreq    stm32f4xx_hal.o
    0x20000069   0x08010771   0x00000003   PAD
    0x2000006c   0x08010774   0x00000004   Data   RW          644    .data.uwTickPrio    stm32f4xx_hal.o
    0x20000070   0x08010778   0x00000004   Data   RW         1730    .data.uxCriticalNesting  port.o
    0x20000074   0x0801077c   0x00000004   PAD
    0x20000078        -       0x00000054   Zero   RW         2961    .bss                c_w.l(stdio_streams.o)
    0x200000cc        -       0x00000054   Zero   RW         2962    .bss                c_w.l(stdio_streams.o)
    0x20000120        -       0x00000054   Zero   RW         2963    .bss                c_w.l(stdio_streams.o)
    0x20000174        -       0x00000060   Zero   RW         3272    .bss                c_w.l(libspace.o)
    0x200001d4        -       0x00000004   Zero   RW         2520    .bss.Buzzer_Event   eventask.o
    0x200001d8        -       0x00000090   Zero   RW         1991    .bss.Chassis_Data   variable.o
    0x20000268        -       0x00000020   Zero   RW         2518    .bss.Dir_Event      eventask.o
    0x20000288        -       0x00000004   Zero   RW           70    .bss.HAL_RCC_CAN1_CLK_ENABLED  can.o
    0x2000028c        -       0x00000001   Zero   RW         1830    .bss.InitFlag       init.o
    0x2000028d   0x0801077c   0x00000003   PAD
    0x20000290        -       0x00000004   Zero   RW         1661    .bss.KernelState    cmsis_os2.o
    0x20000294   0x0801077c   0x00000004   PAD
    0x20000298        -       0x00000018   Zero   RW         1976    .bss.Kpid_3508_vel  variable.o
    0x200002b0        -       0x00000018   Zero   RW         1966    .bss.Kpid_6020_angle  variable.o
    0x200002c8        -       0x00000018   Zero   RW         1968    .bss.Kpid_6020_vel  variable.o
    0x200002e0        -       0x00000018   Zero   RW         1974    .bss.Kpid_vw        variable.o
    0x200002f8        -       0x00000004   Zero   RW         2519    .bss.LED_Event      eventask.o
    0x200002fc        -       0x00000018   Zero   RW         1965    .bss.MeterPower     variable.o
    0x20000314   0x0801077c   0x00000004   PAD
    0x20000318        -       0x00000038   Zero   RW         1960    .bss.Motor2006      variable.o
    0x20000350        -       0x00000038   Zero   RW         1961    .bss.Motor3508      variable.o
    0x20000388        -       0x00000038   Zero   RW         1962    .bss.Motor6020      variable.o
    0x200003c0        -       0x00000250   Zero   RW         2472    .bss.PowerControl   powertask.o
    0x20000610        -       0x00000078   Zero   RW         2135    .bss.RM_RefereeSystemData  rm_refereesystem.o
    0x20000688        -       0x00000001   Zero   RW         2133    .bss.RM_RefereeSystemp8Data  rm_refereesystem.o
    0x20000689   0x0801077c   0x00000003   PAD
    0x2000068c        -       0x0000001c   Zero   RW         2319    .bss.RxHeader       callback.o
    0x200006a8        -       0x00000008   Zero   RW         2320    .bss.RxHeaderData   callback.o
    0x200006b0        -       0x00000004   Zero   RW         1951    .bss.Send_ms        variable.o
    0x200006b4        -       0x00000040   Zero   RW         1990    .bss.Tools          variable.o
    0x200006f4        -       0x00000034   Zero   RW         1978    .bss.Wheel          variable.o
    0x20000728        -       0x00000020   Zero   RW         1963    .bss._MeterPowerData_  variable.o
    0x20000748        -       0x00000038   Zero   RW         1954    .bss._Motor2006_    variable.o
    0x20000780        -       0x00000001   Zero   RW         1955    .bss._Motor2006_ID_  variable.o
    0x20000781   0x0801077c   0x00000003   PAD
    0x20000784        -       0x000000e0   Zero   RW         1956    .bss._Motor3508_    variable.o
    0x20000864        -       0x000000e0   Zero   RW         1958    .bss._Motor6020_    variable.o
    0x20000944        -       0x00000004   Zero   RW         2199    .bss._ZGVN2UI13UI_send_queueE  darw_static.o
    0x20000948        -       0x00000004   Zero   RW         1820    .bss._ZGVN3BSP5Power4pm01E  my_hal.o
    0x2000094c        -       0x00000004   Zero   RW         2204    .bss._ZGVN3BSP8SuperCap3capE  darw_static.o
    0x20000950        -       0x00000680   Zero   RW         2198    .bss._ZN2UI13UI_send_queueE  darw_static.o
    0x20000fd0        -       0x00000001   Zero   RW         2459    .bss._ZN2UI6Static9UI_staticE  refeetask.o
    0x20000fd1        -       0x00000001   Zero   RW         2460    .bss._ZN2UI7Dynamic10UI_dynamicE  refeetask.o
    0x20000fd2   0x0801077c   0x00000002   PAD
    0x20000fd4        -       0x00000060   Zero   RW         1819    .bss._ZN3BSP5Power4pm01E  my_hal.o
    0x20001034   0x0801077c   0x00000004   PAD
    0x20001038        -       0x00000078   Zero   RW         1875    .bss._ZN3BSP6Remote4dr16E  dbus.o
    0x200010b0        -       0x00000030   Zero   RW         2203    .bss._ZN3BSP8SuperCap3capE  darw_static.o
    0x200010e0        -       0x00000004   Zero   RW         1759    .bss._ZN3HAL3halE   hal.o
    0x200010e4        -       0x00000004   Zero   RW         2145    .bss._ZZN16RM_RefereeSystem23RM_RefereeSystemGetDataEhE12RM_pDataSize  rm_refereesystem.o
    0x200010e8        -       0x00000004   Zero   RW         2144    .bss._ZZN16RM_RefereeSystem23RM_RefereeSystemGetDataEhE3idx  rm_refereesystem.o
    0x200010ec        -       0x00000032   Zero   RW         2146    .bss._ZZN16RM_RefereeSystem23RM_RefereeSystemGetDataEhE9RM_pDataS  rm_refereesystem.o
    0x2000111e        -       0x00000001   Zero   RW         2226    .bss._ZZN2UI7Dynamic12darw_dynamic11VisionArmorEvE5is_up  darw_dynamic.o
    0x2000111f   0x0801077c   0x00000001   PAD
    0x20001120        -       0x00000002   Zero   RW         2225    .bss._ZZN2UI7Dynamic12darw_dynamic13setLimitPowerEvE9lastvalue  darw_dynamic.o
    0x20001122        -       0x00000001   Zero   RW         2421    .bss._ZZN3BSP5Power7RM_PM0111PM01SendFunEvE8sendflag  chassistask.o
    0x20001123   0x0801077c   0x00000001   PAD
    0x20001124        -       0x00000004   Zero   RW         3262    .bss.__cxa_new_handler  libcppabi_w.l(cxa_default_handlers.cpp.o)
    0x20001128        -       0x00000004   Zero   RW         2356    .bss.angle          chassistask.o
    0x2000112c        -       0x00000002   Zero   RW         2219    .bss.cap_out        darw_dynamic.o
    0x2000112e   0x0801077c   0x00000002   PAD
    0x20001130        -       0x00000004   Zero   RW           48    .bss.chassisTaskHandle  freertos.o
    0x20001134        -       0x00000004   Zero   RW           49    .bss.communicationTaHandle  freertos.o
    0x20001138        -       0x00000004   Zero   RW           47    .bss.defaultTaskHandle  freertos.o
    0x2000113c        -       0x00000008   Zero   RW         2131    .bss.dirTime        rm_refereesystem.o
    0x20001144        -       0x00000004   Zero   RW           52    .bss.eventTaskHandle  freertos.o
    0x20001148        -       0x0000000d   Zero   RW         2137    .bss.ext_power_heat_data_0x0201  rm_refereesystem.o
    0x20001155   0x0801077c   0x00000003   PAD
    0x20001158        -       0x00000010   Zero   RW         2138    .bss.ext_power_heat_data_0x0202  rm_refereesystem.o
    0x20001168        -       0x000000e0   Zero   RW         1985    .bss.feed_6020      variable.o
    0x20001248        -       0x00000038   Zero   RW         1986    .bss.feed_6020_1    variable.o
    0x20001280        -       0x00000038   Zero   RW         1987    .bss.feed_6020_2    variable.o
    0x200012b8        -       0x00000038   Zero   RW         1988    .bss.feed_6020_3    variable.o
    0x200012f0        -       0x00000038   Zero   RW         1989    .bss.feed_6020_4    variable.o
    0x20001328        -       0x00000028   Zero   RW           68    .bss.hcan1          can.o
    0x20001350        -       0x00000028   Zero   RW           69    .bss.hcan2          can.o
    0x20001378        -       0x00000060   Zero   RW          129    .bss.hdma_usart1_rx  usart.o
    0x200013d8        -       0x00000060   Zero   RW          128    .bss.hdma_usart1_tx  usart.o
    0x20001438        -       0x00000060   Zero   RW          130    .bss.hdma_usart3_rx  usart.o
    0x20001498        -       0x00000060   Zero   RW          131    .bss.hdma_usart3_tx  usart.o
    0x200014f8        -       0x00000060   Zero   RW          133    .bss.hdma_usart6_rx  usart.o
    0x20001558        -       0x00000060   Zero   RW          132    .bss.hdma_usart6_tx  usart.o
    0x200015b8        -       0x00000048   Zero   RW          104    .bss.htim4          tim.o
    0x20001600        -       0x00000048   Zero   RW          105    .bss.htim5          tim.o
    0x20001648        -       0x00000048   Zero   RW          206    .bss.htim6          stm32f4xx_hal_timebase_tim.o
    0x20001690        -       0x00000048   Zero   RW          106    .bss.htim7          tim.o
    0x200016d8        -       0x00000048   Zero   RW          125    .bss.huart1         usart.o
    0x20001720        -       0x00000048   Zero   RW          126    .bss.huart3         usart.o
    0x20001768        -       0x00000048   Zero   RW          127    .bss.huart6         usart.o
    0x200017b0        -       0x00000004   Zero   RW         2361    .bss.hz             chassistask.o
    0x200017b4        -       0x00000001   Zero   RW         2362    .bss.is_sin         chassistask.o
    0x200017b5   0x0801077c   0x00000003   PAD
    0x200017b8        -       0x0000000f   Zero   RW         2139    .bss.map_command_0x0303  rm_refereesystem.o
    0x200017c7   0x0801077c   0x00000001   PAD
    0x200017c8        -       0x00000004   Zero   RW         2360    .bss.ms             chassistask.o
    0x200017cc        -       0x00000008   Zero   RW         1953    .bss.msd_3508_2006  variable.o
    0x200017d4        -       0x00000008   Zero   RW         1952    .bss.msd_6020       variable.o
    0x200017dc   0x0801077c   0x00000004   PAD
    0x200017e0        -       0x00000240   Zero   RW         1967    .bss.pid_angle_String  variable.o
    0x20001a20        -       0x00000240   Zero   RW         1969    .bss.pid_vel_String  variable.o
    0x20001c60        -       0x00000240   Zero   RW         1977    .bss.pid_vel_Wheel  variable.o
    0x20001ea0        -       0x00000090   Zero   RW         1975    .bss.pid_vw         variable.o
    0x20001f30        -       0x00000002   Zero   RW         2363    .bss.pos            chassistask.o
    0x20001f32        -       0x000000a0   Zero   RW         1502    .bss.prvCheckForValidListAndQueue.ucStaticTimerQueueStorage  timers.o
    0x20001fd2   0x0801077c   0x00000002   PAD
    0x20001fd4        -       0x00000050   Zero   RW         1501    .bss.prvCheckForValidListAndQueue.xStaticTimerQueue  timers.o
    0x20002024        -       0x00000004   Zero   RW         1498    .bss.prvSampleTimeNow.xLastTime  timers.o
    0x20002028        -       0x00000004   Zero   RW         1425    .bss.pxCurrentTCB   tasks.o
    0x2000202c        -       0x00000004   Zero   RW         1496    .bss.pxCurrentTimerList  timers.o
    0x20002030        -       0x00000004   Zero   RW         1433    .bss.pxDelayedTaskList  tasks.o
    0x20002034        -       0x00000004   Zero   RW         1686    .bss.pxEnd          heap_4.o
    0x20002038        -       0x00000004   Zero   RW         1434    .bss.pxOverflowDelayedTaskList  tasks.o
    0x2000203c        -       0x00000004   Zero   RW         1497    .bss.pxOverflowTimerList  timers.o
    0x20002040        -       0x00000460   Zero   RW         1436    .bss.pxReadyTasksLists  tasks.o
    0x200024a0        -       0x00000004   Zero   RW           50    .bss.refeeTaskHandle  freertos.o
    0x200024a4        -       0x00000004   Zero   RW           51    .bss.rlsTaskHandle  freertos.o
    0x200024a8        -       0x00000004   Zero   RW         2359    .bss.sin_t          chassistask.o
    0x200024ac        -       0x00000004   Zero   RW         2217    .bss.sin_tick       darw_dynamic.o
    0x200024b0        -       0x0000001c   Zero   RW         1994    .bss.slope_vw       variable.o
    0x200024cc        -       0x0000001c   Zero   RW         1992    .bss.slope_vx       variable.o
    0x200024e8        -       0x0000001c   Zero   RW         1993    .bss.slope_vy       variable.o
    0x20002504        -       0x00000002   Zero   RW         2220    .bss.speed_out      darw_dynamic.o
    0x20002506   0x0801077c   0x00000002   PAD
    0x20002508        -       0x0000001c   Zero   RW         1980    .bss.tar_vw         variable.o
    0x20002524        -       0x0000001c   Zero   RW         1981    .bss.tar_vx         variable.o
    0x20002540        -       0x0000001c   Zero   RW         1982    .bss.tar_vy         variable.o
    0x2000255c        -       0x0000000c   Zero   RW         2353    .bss.taskManager    chassistask.o
    0x20002568        -       0x00000070   Zero   RW         1979    .bss.td_3508_speed  variable.o
    0x200025d8        -       0x0000001c   Zero   RW         1983    .bss.td_FF_Tar      variable.o
    0x200025f4        -       0x00000070   Zero   RW         1984    .bss.td_Power       variable.o
    0x20002664        -       0x00000080   Zero   RW         2140    .bss.tx_buf         rm_refereesystem.o
    0x200026e4        -       0x00003c00   Zero   RW         1693    .bss.ucHeap         heap_4.o
    0x200062e4        -       0x00000001   Zero   RW         1728    .bss.ucMaxSysCallPriority  port.o
    0x200062e5   0x0801077c   0x00000003   PAD
    0x200062e8        -       0x00000018   Zero   RW         1970    .bss.ude_Kpid_angle  variable.o
    0x20006300        -       0x00000018   Zero   RW         1972    .bss.ude_Kpid_vel   variable.o
    0x20006318        -       0x00000090   Zero   RW         1971    .bss.ude_angle_demo  variable.o
    0x200063a8        -       0x00000004   Zero   RW         2364    .bss.ude_tar        chassistask.o
    0x200063ac   0x0801077c   0x00000004   PAD
    0x200063b0        -       0x00000090   Zero   RW         1973    .bss.ude_vel_demo   variable.o
    0x20006440        -       0x00000004   Zero   RW         1729    .bss.ulMaxPRIGROUPValue  port.o
    0x20006444        -       0x00000004   Zero   RW          646    .bss.uwTick         stm32f4xx_hal.o
    0x20006448        -       0x00000004   Zero   RW         1429    .bss.uxCurrentNumberOfTasks  tasks.o
    0x2000644c        -       0x00000004   Zero   RW         1428    .bss.uxDeletedTasksWaitingCleanUp  tasks.o
    0x20006450        -       0x00000004   Zero   RW         1431    .bss.uxSchedulerSuspended  tasks.o
    0x20006454        -       0x00000004   Zero   RW         1426    .bss.uxTaskNumber   tasks.o
    0x20006458        -       0x00000004   Zero   RW         1437    .bss.uxTopReadyPriority  tasks.o
    0x2000645c        -       0x00000200   Zero   RW         1663    .bss.vApplicationGetIdleTaskMemory.Idle_Stack  cmsis_os2.o
    0x2000665c        -       0x0000005c   Zero   RW         1662    .bss.vApplicationGetIdleTaskMemory.Idle_TCB  cmsis_os2.o
    0x200066b8        -       0x00000400   Zero   RW         1665    .bss.vApplicationGetTimerTaskMemory.Timer_Stack  cmsis_os2.o
    0x20006ab8        -       0x0000005c   Zero   RW         1664    .bss.vApplicationGetTimerTaskMemory.Timer_TCB  cmsis_os2.o
    0x20006b14        -       0x00000004   Zero   RW         2224    .bss.vel            darw_dynamic.o
    0x20006b18        -       0x00000014   Zero   RW         1499    .bss.xActiveTimerList1  timers.o
    0x20006b2c        -       0x00000014   Zero   RW         1500    .bss.xActiveTimerList2  timers.o
    0x20006b40        -       0x00000001   Zero   RW         1687    .bss.xBlockAllocatedBit  heap_4.o
    0x20006b41   0x0801077c   0x00000003   PAD
    0x20006b44        -       0x00000014   Zero   RW         1444    .bss.xDelayedTaskList1  tasks.o
    0x20006b58        -       0x00000014   Zero   RW         1445    .bss.xDelayedTaskList2  tasks.o
    0x20006b6c        -       0x00000004   Zero   RW         1688    .bss.xFreeBytesRemaining  heap_4.o
    0x20006b70        -       0x00000004   Zero   RW         1439    .bss.xIdleTaskHandle  tasks.o
    0x20006b74        -       0x00000004   Zero   RW         1690    .bss.xMinimumEverFreeBytesRemaining  heap_4.o
    0x20006b78        -       0x00000004   Zero   RW         1440    .bss.xNextTaskUnblockTime  tasks.o
    0x20006b7c        -       0x00000004   Zero   RW         1443    .bss.xNumOfOverflows  tasks.o
    0x20006b80        -       0x00000004   Zero   RW         1691    .bss.xNumberOfSuccessfulAllocations  heap_4.o
    0x20006b84        -       0x00000004   Zero   RW         1692    .bss.xNumberOfSuccessfulFrees  heap_4.o
    0x20006b88        -       0x00000004   Zero   RW         1442    .bss.xPendedTicks   tasks.o
    0x20006b8c        -       0x00000014   Zero   RW         1438    .bss.xPendingReadyList  tasks.o
    0x20006ba0        -       0x00000040   Zero   RW         1258    .bss.xQueueRegistry  queue.o
    0x20006be0        -       0x00000004   Zero   RW         1430    .bss.xSchedulerRunning  tasks.o
    0x20006be4        -       0x00000008   Zero   RW         1689    .bss.xStart         heap_4.o
    0x20006bec        -       0x00000014   Zero   RW         1435    .bss.xSuspendedTaskList  tasks.o
    0x20006c00        -       0x00000014   Zero   RW         1427    .bss.xTasksWaitingTermination  tasks.o
    0x20006c14        -       0x00000004   Zero   RW         1432    .bss.xTickCount     tasks.o
    0x20006c18        -       0x00000004   Zero   RW         1494    .bss.xTimerQueue    timers.o
    0x20006c1c        -       0x00000004   Zero   RW         1495    .bss.xTimerTaskHandle  timers.o
    0x20006c20        -       0x00000004   Zero   RW         1441    .bss.xYieldPending  tasks.o
    0x20006c24        -       0x00000002   Zero   RW         2221    .bss.yaw_e_rad      darw_dynamic.o
    0x20006c26   0x0801077c   0x00000002   PAD
    0x20006c28        -       0x00000200   Zero   RW            2    HEAP                startup_stm32f407xx.o
    0x20006e28        -       0x00000400   Zero   RW            1    STACK               startup_stm32f407xx.o


    Execution Region RW_IRAM2 (Exec base: 0x2001c000, Load base: 0x08010780, Size: 0x00000000, Max: 0x00004000, ABSOLUTE)

    **** No section assigned to this execution region ****


==============================================================================

Image component sizes


      Code (inc. data)   RO Data    RW Data    ZI Data      Debug   Object Name

       272          0          0          0          0      15575   alg_slope.o
       154          0          0          0          0      26687   bsp_can.o
        70          0          0          0          0      14906   bsp_motor.o
       638          4         20          0          0      34101   buzzer.o
       584         16          0          0         36      32567   callback.o
       462          0          0          0         84       6569   can.o
      6086        278        194          4         36     140738   chassistask.o
       406          0          0          0       1724      41281   cmsis_os2.o
       246          0          0         56          0      33435   communicationtask.o
      2552        172          4          0         17      42713   darw_dynamic.o
      2924        256         17          0       1720      42783   darw_static.o
       738         32          0          0        120      27871   dbus.o
       580          0         16          0          0      32608   dji_motor.o
       156          0          0          0          0       3473   dma.o
       932          0         64          0         40      80309   eventask.o
       204          0        284          0         24       3281   freertos.o
       136          0          0          0          0       1497   gpio.o
       198         12          0          0          4      29754   hal.o
       622          0          0          0      15389       5005   heap_4.o
        38          0          0          0          1      26019   init.o
       524          4         20          0          0      29604   led.o
       150          0          0          0          0       2177   list.o
       294          0          0          0          0       6183   main.o
       318          0         68          0        100      32859   my_hal.o
       794          8          0          0          0      15785   pid.o
       802         16          0          4          5       4037   port.o
       332          4         16          0          0      29050   powermeter.o
      2534         44          4          0        592      53385   powertask.o
      1398          0          0          0         64      24117   queue.o
        48          0          0          0          2      18733   refeetask.o
      1648          0         28         16        359      35077   rm_refereesystem.o
       326          0        768          2          0      17745   rm_refereesystemcrc.o
        64         26        392          0       1536        848   startup_stm32f407xx.o
        92          0          0          5          4       7257   stm32f4xx_hal.o
      1664          6          0          0          0      13468   stm32f4xx_hal_can.o
       150          0          0          0          0      10715   stm32f4xx_hal_cortex.o
      1036          4          8          0          0       9759   stm32f4xx_hal_dma.o
       408          0          0          0          0       5022   stm32f4xx_hal_gpio.o
        66          0          0          0          0       3495   stm32f4xx_hal_msp.o
      1446          0          0          0          0       7250   stm32f4xx_hal_rcc.o
      2396          4          0          0          0      56334   stm32f4xx_hal_tim.o
       192          0          0          0          0      21483   stm32f4xx_hal_tim_ex.o
       174          0          0          0         72       7169   stm32f4xx_hal_timebase_tim.o
      2376          0          0          0          0      27031   stm32f4xx_hal_uart.o
       192          0          0          0          0       8298   stm32f4xx_it.o
        18          0         24          4          0       2607   system_stm32f4xx.o
      2826          8          0          0       1280      37325   tasks.o
       810          0          0          0        216       9315   tim.o
      1168         26          0          0        300      17009   timers.o
       806         32          0          0          0      18655   tools.o
       962          0          0          0        792       8056   usart.o
       978          0          4          9       4181      38076   variable.o
       820         36         12          0          0      28794   wheel.o

    ----------------------------------------------------------------------
     46166       1008       1975        104      28756    1247890   Object Totals
         0          0         32          0          0          0   (incl. Generated)
       356         20          0          4         58          0   (incl. Padding)

    ----------------------------------------------------------------------

      Code (inc. data)   RO Data    RW Data    ZI Data      Debug   Library Member Name

         0          0       2052          0          0       6294   arm_common_tables.o
       152         12          0          0          0       1104   arm_cos_f32.o
       186          0          0          0          0       1797   arm_mat_add_f32.o
         8          0          0          0          0        841   arm_mat_init_f32.o
       296          4          0          0          0       2300   arm_mat_mult_f32.o
       142          0          0          0          0       1672   arm_mat_scale_f32.o
       186          0          0          0          0       1795   arm_mat_sub_f32.o
       162          0          0          0          0       1865   arm_mat_trans_f32.o
       144         12          0          0          0       1092   arm_sin_f32.o
         8          0          0          0          0         68   __main.o
       392          4         17          0          0         92   __printf_flags_ss_wp.o
        14          0          0          0          0         68   __printf_wp.o
         0          0          0          0          0          0   __rtentry.o
        12          0          0          0          0          0   __rtentry2.o
         6          0          0          0          0          0   __rtentry4.o
        94          8          0          0          0          0   __scatter.o
        26          0          0          0          0          0   __scatter_copy.o
        28          0          0          0          0          0   __scatter_zi.o
        72          0          0          0          0         96   _c16rtomb.o
         6          0          0          0          0          0   _printf_a.o
         6          0          0          0          0          0   _printf_c.o
        44          0          0          0          0        108   _printf_char.o
        48          6          0          0          0         96   _printf_char_common.o
        36          4          0          0          0         80   _printf_char_file.o
        40          0          0          0          0         68   _printf_charcount.o
         6          0          0          0          0          0   _printf_d.o
       120         16          0          0          0         92   _printf_dec.o
         6          0          0          0          0          0   _printf_e.o
         6          0          0          0          0          0   _printf_f.o
      1052          0          0          0          0        148   _printf_fp_dec.o
       764          8         38          0          0        100   _printf_fp_hex.o
       128         16          0          0          0         84   _printf_fp_infnan.o
         6          0          0          0          0          0   _printf_g.o
       148          4         40          0          0        160   _printf_hex_int_ll_ptr.o
         6          0          0          0          0          0   _printf_i.o
       178          0          0          0          0         88   _printf_intcommon.o
        10          0          0          0          0          0   _printf_l.o
         6          0          0          0          0          0   _printf_lc.o
        10          0          0          0          0          0   _printf_ll.o
         6          0          0          0          0          0   _printf_lld.o
         6          0          0          0          0          0   _printf_lli.o
         6          0          0          0          0          0   _printf_llo.o
         6          0          0          0          0          0   _printf_llu.o
         6          0          0          0          0          0   _printf_llx.o
       124         16          0          0          0         92   _printf_longlong_dec.o
         6          0          0          0          0          0   _printf_ls.o
         6          0          0          0          0          0   _printf_n.o
         6          0          0          0          0          0   _printf_o.o
       112          8          0          0          0        124   _printf_oct_int_ll.o
         6          0          0          0          0          0   _printf_p.o
        78          0          0          0          0        108   _printf_pad.o
         0          0          0          0          0          0   _printf_percent.o
         4          0          0          0          0          0   _printf_percent_end.o
         6          0          0          0          0          0   _printf_s.o
        82          0          0          0          0         80   _printf_str.o
        36          0          0          0          0         84   _printf_truncate.o
         6          0          0          0          0          0   _printf_u.o
        44          0          0          0          0        108   _printf_wchar.o
       188          6          8          0          0         92   _printf_wctomb.o
         6          0          0          0          0          0   _printf_x.o
        22          0          0          0          0        100   _rserrno.o
        22          0          0          0          0         80   abort.o
        46          0          0          0          0         84   aeabi_atexit.o
        16          0          0          0          0         68   aeabi_memset4.o
       228          4        148          0          0         96   bigflt0.o
      1936        128          0          0          0        668   btod.o
        10          0          0          0          0         68   cxa_atexit.o
        66          0          0          0          0         84   cxa_finalize.o
        48         34          0          0          0         76   defsig_abrt_inner.o
        14          0          0          0          0         80   defsig_abrt_outer.o
        10          0          0          0          0         68   defsig_exit.o
        50          0          0          0          0         88   defsig_general.o
        80         58          0          0          0         76   defsig_rtmem_inner.o
        14          0          0          0          0         80   defsig_rtmem_outer.o
        52         38          0          0          0         76   defsig_rtred_inner.o
        14          0          0          0          0         80   defsig_rtred_outer.o
        18          0          0          0          0         80   exit.o
        76          0          0          0          0         88   fclose.o
         8          0          0          0          0         68   ferror.o
       482          0          0          0          0         92   flsbuf.o
       240          6          0          0          0        128   fopen.o
        28          0          0          0          0         68   fputc.o
       248          6          0          0          0         84   fseek.o
        66          0          0          0          0         76   ftell.o
        94          0          0          0          0         80   h1_alloc.o
        52          0          0          0          0         68   h1_extend.o
        78          0          0          0          0         80   h1_free.o
        12          0          0          0          0         84   h1_init.o
         6          0          0          0          0        152   heapauxi.o
         4          0          0          0          0        136   hguard.o
         0          0          0          0          0          0   indicate_semi.o
        44          8          0          0          0         80   init_aeabi.o
       138          0          0          0          0        168   init_alloc.o
       312         46          0          0          0        112   initio.o
        44         10        272          0          0         76   lc_ctype_c.o
        44         10         28          0          0         76   lc_numeric_c.o
         2          0          0          0          0          0   libinit.o
        50          0          0          0          0          0   libinit2.o
         2          0          0          0          0          0   libshutdown.o
        12          0          0          0          0          0   libshutdown2.o
         8          4          0          0         96         68   libspace.o
       138          0          0          0          0         80   lludiv10.o
       240          0          0          0          0        100   lludivv7m.o
         0          0          0          0          0          0   maybetermalloc1.o
        16          4          0          0          0         76   rt_ctype_table.o
         8          4          0          0          0         68   rt_ddtor_pointer_addr_intlibspace.o
         8          4          0          0          0         68   rt_errno_addr_intlibspace.o
         8          4          0          0          0         68   rt_heap_descriptor_intlibspace.o
         8          4          0          0          0         68   rt_locale_intlibspace.o
        68          0          0          0          0         68   rt_memclr.o
        78          0          0          0          0         80   rt_memclr_w.o
       138          0          0          0          0         68   rt_memcpy_v6.o
       100          0          0          0          0         80   rt_memcpy_w.o
       132          0          0          0          0         68   rt_memmove_v6.o
       122          0          0          0          0         80   rt_memmove_w.o
         2          0          0          0          0          0   rtexit.o
        10          0          0          0          0          0   rtexit2.o
        70          0          0          0          0         80   setvbuf.o
       264          6          0          0          0        160   stdio.o
         0          0          0         12        252          0   stdio_streams.o
       124          0          0          0          0         88   strcmpv7em.o
        62          0          0          0          0         76   strlen.o
        12          4          0          0          0         68   sys_exit.o
       102          0          0          0          0        240   sys_io.o
         0          0         12          0          0          0   sys_io_names.o
        74          0          0          0          0         80   sys_stackheap_outer.o
        14          0          0          0          0         76   sys_wrch.o
         2          0          0          0          0         68   use_no_semi.o
        10          0          0          0          0         68   vfprintf.o
        98          4          0          0          0        140   d2f.o
       812         16          0          0          0        392   daddsub_clz.o
        84          0          0          0          0        244   dcmp.o
        24          0          0          0          0        116   dcmpi.o
       692        140          0          0          0        264   ddiv.o
       120          4          0          0          0        140   deqf.o
        94          4          0          0          0        140   dfix.o
        90          4          0          0          0        140   dfixu.o
        84          0          0          0          0        232   dflt_clz.o
       120          4          0          0          0        140   dgeqf.o
       120          4          0          0          0        140   dleqf.o
       340         12          0          0          0        152   dmul.o
       156          4          0          0          0        140   dnaninf.o
        12          0          0          0          0        116   dretinf.o
        86          4          0          0          0        132   f2d.o
       140          4          0          0          0        132   fnaninf.o
        26          0          0          0          0        116   fpinit.o
       244          8          0          0          0        132   frem_clz.o
        10          0          0          0          0        116   fretinf.o
         4          0          0          0          0        116   printf1.o
         4          0          0          0          0        116   printf2.o
         0          0          0          0          0          0   usenofp.o
        46          0          0          0          0        364   new.cpp.o
        30          0          0          0          0         40   verbose_abort.cpp.o
         4          0          0          0          0         36   abort_message.cpp.o
         0          0          0          0          4          0   cxa_default_handlers.cpp.o
        52          0        147          0          0         76   cxa_guard.cpp.o
        12          0          0          0          0        132   cxa_handlers.cpp.o
        40         32          0          0          0         52   cxa_virtual.cpp.o
       684         90          0          0          0        208   atan2f.o
       176          0          0          0          0        168   fmodf.o
        48          0          0          0          0        124   fpclassify.o
        38          0          0          0          0        116   fpclassifyf.o
        38         12          0          0          0        348   funder.o
        58          0          0          0          0        136   sqrtf.o

    ----------------------------------------------------------------------
     16426        852       2765         12        352      31664   Library Totals
        40          0          3          0          0          0   (incl. Padding)

    ----------------------------------------------------------------------

      Code (inc. data)   RO Data    RW Data    ZI Data      Debug   Library Name

      1276         28       2052          0          0      18760   arm_cortexM4lf_math.lib
     10524        478        563         12        348       7748   c_w.l
      3360        212          0          0          0       3356   fz_wm.l
        76          0          0          0          0        404   libcpp_w.l
       108         32        147          0          4        296   libcppabi_w.l
      1042        102          0          0          0       1100   m_wm.l

    ----------------------------------------------------------------------
     16426        852       2765         12        352      31664   Library Totals

    ----------------------------------------------------------------------

==============================================================================


      Code (inc. data)   RO Data    RW Data    ZI Data      Debug   

     62592       1860       4740        116      29108    1271102   Grand Totals
     62592       1860       4740        116      29108    1271102   ELF Image Totals
     62592       1860       4740        116          0          0   ROM Totals

==============================================================================

    Total RO  Size (Code + RO Data)                67332 (  65.75kB)
    Total RW  Size (RW Data + ZI Data)             29224 (  28.54kB)
    Total ROM Size (Code + RO Data + RW Data)      67448 (  65.87kB)

==============================================================================

